<html>
<body>
<pre>
<h1>礦ision Build Log</h1>
<h2>Tool Versions:</h2>
IDE-Version: μVision V5.21.1.0
Copyright (C) 2016 ARM Ltd and ARM Germany GmbH. All rights reserved.
License Information: li shuliang.li, byxlk, LIC=1WSII-TLNND-16RQV-PFCAX-Q06QR-VQNXH
 
Tool Versions:
Toolchain:       MDK-ARM Professional  Version: 5.21a
Toolchain Path:  C:\Keil_v521a\ARM\ARMCC\Bin
C Compiler:      Armcc.exe V5.06 update 3 (build 300)
Assembler:       Armasm.exe V5.06 update 3 (build 300)
Linker/Locator:  ArmLink.exe V5.06 update 3 (build 300)
Library Manager: ArmAr.exe V5.06 update 3 (build 300)
Hex Converter:   FromElf.exe V5.06 update 3 (build 300)
CPU DLL:         SARMCM3.DLL V5.21a
Dialog DLL:      DCM.DLL V1.13.8.0
Target DLL:      STLink\ST-LINKIII-KEIL_SWO.dll V2.0.18.0
Dialog DLL:      TCM.DLL V1.14.14.0
 
<h2>Project:</h2>
H:\BluetoothSoundBox\Project_BtSB\Btsb_Vip_Project\Compiler\BtsbApp\btsbapp.uvprojx
Project File Date:  04/12/2017

<h2>Output:</h2>
*** Using Compiler 'V5.06 update 3 (build 300)', folder: 'C:\Keil_v521a\ARM\ARMCC\Bin'
Rebuild target 'BTSBAPP'
compiling finsh_init.c...
compiling finsh_error.c...
compiling finsh_heap.c...
compiling cmd.c...
compiling finsh_node.c...
compiling finsh_compiler.c...
compiling finsh_parser.c...
compiling finsh_ops.c...
compiling finsh_vm.c...
compiling finsh_token.c...
compiling finsh_var.c...
compiling symbol.c...
compiling shell.c...
compiling dfs.c...
compiling application.c...
compiling startup.c...
compiling dfs_fs.c...
compiling dfs_file.c...
compiling dfs_posix.c...
compiling dfs_elm.c...
compiling clock.c...
compiling idle.c...
compiling cc936.c...
compiling device.c...
compiling irq.c...
compiling mempool.c...
compiling object.c...
compiling ipc.c...
compiling mem.c...
compiling kservice.c...
compiling ff.c...
compiling scheduler.c...
compiling timer.c...
compiling thread.c...
assembling startup_stm32f2xx.s...
assembling context_rvds.S...
compiling cpuport.c...
compiling backtrace.c...
compiling board.c...
compiling serial.c...
compiling system_stm32f2xx.c...
compiling div0.c...
compiling stm32f2xx_it.c...
compiling rtc.c...
compiling usart.c...
compiling showmem.c...
compiling stm32f2xx_cryp_des.c...
compiling stm32f2xx_crc.c...
compiling misc.c...
compiling stm32f2xx_cryp.c...
compiling stm32f2xx_adc.c...
compiling stm32f2xx_can.c...
compiling stm32f2xx_cryp_aes.c...
compiling stm32f2xx_dac.c...
compiling stm32f2xx_dbgmcu.c...
compiling stm32f2xx_cryp_tdes.c...
compiling stm32f2xx_exti.c...
compiling stm32f2xx_dcmi.c...
compiling stm32f2xx_flash.c...
compiling stm32f2xx_dma.c...
compiling stm32f2xx_gpio.c...
compiling stm32f2xx_iwdg.c...
compiling stm32f2xx_hash.c...
compiling stm32f2xx_hash_sha1.c...
compiling stm32f2xx_hash_md5.c...
compiling stm32f2xx_i2c.c...
compiling stm32f2xx_fsmc.c...
compiling stm32f2xx_pwr.c...
compiling stm32f2xx_rng.c...
compiling stm32f2xx_spi.c...
compiling stm32f2xx_syscfg.c...
compiling stm32f2xx_sdio.c...
compiling stm32f2xx_rcc.c...
compiling stm32f2xx_rtc.c...
compiling stm32f2xx_wwdg.c...
compiling stm32f2xx_usart.c...
compiling stm32f2xx_tim.c...
linking...
Program Size: Code=74016 RO-data=5872 RW-data=828 ZI-data=11052  
FromELF: creating hex file...
After Build - User command #1: C:\Keil_v521a\ARM\ARMCC\bin\fromelf.exe --bin -o ./Objects/btsbapp.bin ./Objects/btsbapp.axf
After Build - User command #2: H:\BluetoothSoundBox\Project_BtSB\Btsb_Vip_Project\Compiler\DelTempFile_CopyHex.bat
找不到 H:\BluetoothSoundBox\Project_BtSB\Btsb_Vip_Project\Compiler\BtsbApp\Listings\*.i
找不到 H:\BluetoothSoundBox\Project_BtSB\Btsb_Vip_Project\Compiler\BtsbApp\Listings\*.txt
H:\BluetoothSoundBox\Project_BtSB\Btsb_Vip_Project\Compiler\BtsbApp>copy Objects\btsbapp.hex ..\..\output_btsbapp.hex 
已复制         1 个文件。
H:\BluetoothSoundBox\Project_BtSB\Btsb_Vip_Project\Compiler\BtsbApp>dir ..\..\output_btsbapp.hex 
 驱动器 H 中的卷没有标签。
 卷的序列号是 0005-6791
 H:\BluetoothSoundBox\Project_BtSB\Btsb_Vip_Project 的目录
2017/04/12  01:10           225,375 output_btsbapp.hex
               1 个文件        225,375 字节
               0 个目录 54,279,688,192 可用字节
H:\BluetoothSoundBox\Project_BtSB\Btsb_Vip_Project\Compiler\BtsbApp>copy Objects\btsbapp.bin ..\..\output_btsbapp.bin 
已复制         1 个文件。
H:\BluetoothSoundBox\Project_BtSB\Btsb_Vip_Project\Compiler\BtsbApp>dir ..\..\output_btsbapp.bin 
 驱动器 H 中的卷没有标签。
 卷的序列号是 0005-6791
 H:\BluetoothSoundBox\Project_BtSB\Btsb_Vip_Project 的目录
2017/04/12  01:10            80,108 output_btsbapp.bin
               1 个文件         80,108 字节
               0 个目录 54,279,688,192 可用字节
".\Objects\btsbapp.axf" - 0 Error(s), 0 Warning(s).

<h2>Collection of Component include folders:</h2>
  H:\BluetoothSoundBox\Project_BtSB\Btsb_Vip_Project\Compiler\BtsbApp\RTE
  C:\Keil_v521a\ARM\PACK\Keil\STM32F2xx_DFP\2.6.0\Drivers\CMSIS\Device\ST\STM32F2xx\Include

<h2>Collection of Component Files used:</h2>
Build Time Elapsed:  00:00:10
</pre>
</body>
</html>
