<!doctype html public "-//w3c//dtd html 4.0 transitional//en">
<html><head>
<title>Static Call Graph - [.\Objects\btsbapp.axf]</title></head>
<body><HR>
<H1>Static Call Graph for image .\Objects\btsbapp.axf</H1><HR>
<BR><P>#&#060CALLGRAPH&#062# ARM Linker, 5060300: Last Updated: Wed Apr 12 01:10:41 2017
<BR><P>
<H3>Maximum Stack Usage =        824 bytes + Unknown(Cycles, Untraceable Function Pointers)</H3><H3>
Call chain for Maximum Stack Depth:</H3>
copy &rArr; copydir &rArr;  copydir (Cycle)
<P>
<H3>
Mutually Recursive functions
</H3> <LI><a href="#[141]">rt_assert_handler</a>&nbsp;&nbsp;&nbsp;&rArr;&nbsp;&nbsp;&nbsp;<a href="#[c7]">rt_kprintf</a><BR>
 <LI><a href="#[dd]">rt_exit_critical</a>&nbsp;&nbsp;&nbsp;&rArr;&nbsp;&nbsp;&nbsp;<a href="#[203]">rt_schedule</a><BR>
 <LI><a href="#[116]">proc_assign_expr</a>&nbsp;&nbsp;&nbsp;&rArr;&nbsp;&nbsp;&nbsp;<a href="#[116]">proc_assign_expr</a><BR>
 <LI><a href="#[11d]">proc_cast_expr</a>&nbsp;&nbsp;&nbsp;&rArr;&nbsp;&nbsp;&nbsp;<a href="#[11d]">proc_cast_expr</a><BR>
 <LI><a href="#[11c]">proc_unary_expr</a>&nbsp;&nbsp;&nbsp;&rArr;&nbsp;&nbsp;&nbsp;<a href="#[11d]">proc_cast_expr</a><BR>
 <LI><a href="#[11a]">proc_primary_expr</a>&nbsp;&nbsp;&nbsp;&rArr;&nbsp;&nbsp;&nbsp;<a href="#[118]">proc_expr</a><BR>
 <LI><a href="#[115]">proc_param_list</a>&nbsp;&nbsp;&nbsp;&rArr;&nbsp;&nbsp;&nbsp;<a href="#[116]">proc_assign_expr</a><BR>
 <LI><a href="#[f6]">finsh_type_check</a>&nbsp;&nbsp;&nbsp;&rArr;&nbsp;&nbsp;&nbsp;<a href="#[f6]">finsh_type_check</a><BR>
 <LI><a href="#[f4]">finsh_compile</a>&nbsp;&nbsp;&nbsp;&rArr;&nbsp;&nbsp;&nbsp;<a href="#[f4]">finsh_compile</a><BR>
 <LI><a href="#[174]">copydir</a>&nbsp;&nbsp;&nbsp;&rArr;&nbsp;&nbsp;&nbsp;<a href="#[174]">copydir</a><BR>
 <LI><a href="#[1c]">ADC_IRQHandler</a>&nbsp;&nbsp;&nbsp;&rArr;&nbsp;&nbsp;&nbsp;<a href="#[1c]">ADC_IRQHandler</a><BR>
</UL>
<P>
<H3>
Function Pointers
</H3><UL>
 <LI><a href="#[1c]">ADC_IRQHandler</a> from startup_stm32f2xx.o(.text) referenced from startup_stm32f2xx.o(RESET)
 <LI><a href="#[4]">BusFault_Handler</a> from stm32f2xx_it.o(.text) referenced from startup_stm32f2xx.o(RESET)
 <LI><a href="#[1e]">CAN1_RX0_IRQHandler</a> from startup_stm32f2xx.o(.text) referenced from startup_stm32f2xx.o(RESET)
 <LI><a href="#[1f]">CAN1_RX1_IRQHandler</a> from startup_stm32f2xx.o(.text) referenced from startup_stm32f2xx.o(RESET)
 <LI><a href="#[20]">CAN1_SCE_IRQHandler</a> from startup_stm32f2xx.o(.text) referenced from startup_stm32f2xx.o(RESET)
 <LI><a href="#[1d]">CAN1_TX_IRQHandler</a> from startup_stm32f2xx.o(.text) referenced from startup_stm32f2xx.o(RESET)
 <LI><a href="#[4a]">CAN2_RX0_IRQHandler</a> from startup_stm32f2xx.o(.text) referenced from startup_stm32f2xx.o(RESET)
 <LI><a href="#[4b]">CAN2_RX1_IRQHandler</a> from startup_stm32f2xx.o(.text) referenced from startup_stm32f2xx.o(RESET)
 <LI><a href="#[4c]">CAN2_SCE_IRQHandler</a> from startup_stm32f2xx.o(.text) referenced from startup_stm32f2xx.o(RESET)
 <LI><a href="#[49]">CAN2_TX_IRQHandler</a> from startup_stm32f2xx.o(.text) referenced from startup_stm32f2xx.o(RESET)
 <LI><a href="#[59]">CRYP_IRQHandler</a> from startup_stm32f2xx.o(.text) referenced from startup_stm32f2xx.o(RESET)
 <LI><a href="#[58]">DCMI_IRQHandler</a> from startup_stm32f2xx.o(.text) referenced from startup_stm32f2xx.o(RESET)
 <LI><a href="#[15]">DMA1_Stream0_IRQHandler</a> from startup_stm32f2xx.o(.text) referenced from startup_stm32f2xx.o(RESET)
 <LI><a href="#[16]">DMA1_Stream1_IRQHandler</a> from startup_stm32f2xx.o(.text) referenced from startup_stm32f2xx.o(RESET)
 <LI><a href="#[17]">DMA1_Stream2_IRQHandler</a> from startup_stm32f2xx.o(.text) referenced from startup_stm32f2xx.o(RESET)
 <LI><a href="#[18]">DMA1_Stream3_IRQHandler</a> from startup_stm32f2xx.o(.text) referenced from startup_stm32f2xx.o(RESET)
 <LI><a href="#[19]">DMA1_Stream4_IRQHandler</a> from startup_stm32f2xx.o(.text) referenced from startup_stm32f2xx.o(RESET)
 <LI><a href="#[1a]">DMA1_Stream5_IRQHandler</a> from startup_stm32f2xx.o(.text) referenced from startup_stm32f2xx.o(RESET)
 <LI><a href="#[1b]">DMA1_Stream6_IRQHandler</a> from startup_stm32f2xx.o(.text) referenced from startup_stm32f2xx.o(RESET)
 <LI><a href="#[39]">DMA1_Stream7_IRQHandler</a> from startup_stm32f2xx.o(.text) referenced from startup_stm32f2xx.o(RESET)
 <LI><a href="#[42]">DMA2_Stream0_IRQHandler</a> from startup_stm32f2xx.o(.text) referenced from startup_stm32f2xx.o(RESET)
 <LI><a href="#[43]">DMA2_Stream1_IRQHandler</a> from startup_stm32f2xx.o(.text) referenced from startup_stm32f2xx.o(RESET)
 <LI><a href="#[44]">DMA2_Stream2_IRQHandler</a> from startup_stm32f2xx.o(.text) referenced from startup_stm32f2xx.o(RESET)
 <LI><a href="#[45]">DMA2_Stream3_IRQHandler</a> from startup_stm32f2xx.o(.text) referenced from startup_stm32f2xx.o(RESET)
 <LI><a href="#[46]">DMA2_Stream4_IRQHandler</a> from startup_stm32f2xx.o(.text) referenced from startup_stm32f2xx.o(RESET)
 <LI><a href="#[4e]">DMA2_Stream5_IRQHandler</a> from startup_stm32f2xx.o(.text) referenced from startup_stm32f2xx.o(RESET)
 <LI><a href="#[4f]">DMA2_Stream6_IRQHandler</a> from startup_stm32f2xx.o(.text) referenced from startup_stm32f2xx.o(RESET)
 <LI><a href="#[50]">DMA2_Stream7_IRQHandler</a> from startup_stm32f2xx.o(.text) referenced from startup_stm32f2xx.o(RESET)
 <LI><a href="#[7]">DebugMon_Handler</a> from stm32f2xx_it.o(.text) referenced from startup_stm32f2xx.o(RESET)
 <LI><a href="#[47]">ETH_IRQHandler</a> from startup_stm32f2xx.o(.text) referenced from startup_stm32f2xx.o(RESET)
 <LI><a href="#[48]">ETH_WKUP_IRQHandler</a> from startup_stm32f2xx.o(.text) referenced from startup_stm32f2xx.o(RESET)
 <LI><a href="#[10]">EXTI0_IRQHandler</a> from startup_stm32f2xx.o(.text) referenced from startup_stm32f2xx.o(RESET)
 <LI><a href="#[32]">EXTI15_10_IRQHandler</a> from startup_stm32f2xx.o(.text) referenced from startup_stm32f2xx.o(RESET)
 <LI><a href="#[11]">EXTI1_IRQHandler</a> from startup_stm32f2xx.o(.text) referenced from startup_stm32f2xx.o(RESET)
 <LI><a href="#[12]">EXTI2_IRQHandler</a> from startup_stm32f2xx.o(.text) referenced from startup_stm32f2xx.o(RESET)
 <LI><a href="#[13]">EXTI3_IRQHandler</a> from startup_stm32f2xx.o(.text) referenced from startup_stm32f2xx.o(RESET)
 <LI><a href="#[14]">EXTI4_IRQHandler</a> from startup_stm32f2xx.o(.text) referenced from startup_stm32f2xx.o(RESET)
 <LI><a href="#[21]">EXTI9_5_IRQHandler</a> from startup_stm32f2xx.o(.text) referenced from startup_stm32f2xx.o(RESET)
 <LI><a href="#[e]">FLASH_IRQHandler</a> from startup_stm32f2xx.o(.text) referenced from startup_stm32f2xx.o(RESET)
 <LI><a href="#[3a]">FSMC_IRQHandler</a> from startup_stm32f2xx.o(.text) referenced from startup_stm32f2xx.o(RESET)
 <LI><a href="#[5a]">HASH_RNG_IRQHandler</a> from startup_stm32f2xx.o(.text) referenced from startup_stm32f2xx.o(RESET)
 <LI><a href="#[2]">HardFault_Handler</a> from context_rvds.o(.text) referenced from startup_stm32f2xx.o(RESET)
 <LI><a href="#[2a]">I2C1_ER_IRQHandler</a> from startup_stm32f2xx.o(.text) referenced from startup_stm32f2xx.o(RESET)
 <LI><a href="#[29]">I2C1_EV_IRQHandler</a> from startup_stm32f2xx.o(.text) referenced from startup_stm32f2xx.o(RESET)
 <LI><a href="#[2c]">I2C2_ER_IRQHandler</a> from startup_stm32f2xx.o(.text) referenced from startup_stm32f2xx.o(RESET)
 <LI><a href="#[2b]">I2C2_EV_IRQHandler</a> from startup_stm32f2xx.o(.text) referenced from startup_stm32f2xx.o(RESET)
 <LI><a href="#[53]">I2C3_ER_IRQHandler</a> from startup_stm32f2xx.o(.text) referenced from startup_stm32f2xx.o(RESET)
 <LI><a href="#[52]">I2C3_EV_IRQHandler</a> from startup_stm32f2xx.o(.text) referenced from startup_stm32f2xx.o(RESET)
 <LI><a href="#[3]">MemManage_Handler</a> from stm32f2xx_it.o(.text) referenced from startup_stm32f2xx.o(RESET)
 <LI><a href="#[1]">NMI_Handler</a> from stm32f2xx_it.o(.text) referenced from startup_stm32f2xx.o(RESET)
 <LI><a href="#[6a]">OP_add_byte</a> from finsh_ops.o(.text) referenced from finsh_ops.o(.constdata)
 <LI><a href="#[6c]">OP_add_dword</a> from finsh_ops.o(.text) referenced from finsh_ops.o(.constdata)
 <LI><a href="#[6b]">OP_add_word</a> from finsh_ops.o(.text) referenced from finsh_ops.o(.constdata)
 <LI><a href="#[79]">OP_and_byte</a> from finsh_ops.o(.text) referenced from finsh_ops.o(.constdata)
 <LI><a href="#[7b]">OP_and_dword</a> from finsh_ops.o(.text) referenced from finsh_ops.o(.constdata)
 <LI><a href="#[7a]">OP_and_word</a> from finsh_ops.o(.text) referenced from finsh_ops.o(.constdata)
 <LI><a href="#[82]">OP_bw_byte</a> from finsh_ops.o(.text) referenced from finsh_ops.o(.constdata)
 <LI><a href="#[84]">OP_bw_dword</a> from finsh_ops.o(.text) referenced from finsh_ops.o(.constdata)
 <LI><a href="#[83]">OP_bw_word</a> from finsh_ops.o(.text) referenced from finsh_ops.o(.constdata)
 <LI><a href="#[95]">OP_call</a> from finsh_ops.o(.text) referenced from finsh_ops.o(.constdata)
 <LI><a href="#[70]">OP_div_byte</a> from finsh_ops.o(.text) referenced from finsh_ops.o(.constdata)
 <LI><a href="#[72]">OP_div_dword</a> from finsh_ops.o(.text) referenced from finsh_ops.o(.constdata)
 <LI><a href="#[71]">OP_div_word</a> from finsh_ops.o(.text) referenced from finsh_ops.o(.constdata)
 <LI><a href="#[8b]">OP_ld_byte</a> from finsh_ops.o(.text) referenced from finsh_ops.o(.constdata)
 <LI><a href="#[8d]">OP_ld_dword</a> from finsh_ops.o(.text) referenced from finsh_ops.o(.constdata)
 <LI><a href="#[8e]">OP_ld_value_byte</a> from finsh_ops.o(.text) referenced from finsh_ops.o(.constdata)
 <LI><a href="#[96]">OP_ld_value_byte_stack</a> from finsh_ops.o(.text) referenced from finsh_ops.o(.constdata)
 <LI><a href="#[90]">OP_ld_value_dword</a> from finsh_ops.o(.text) referenced from finsh_ops.o(.constdata)
 <LI><a href="#[98]">OP_ld_value_dword_stack</a> from finsh_ops.o(.text) referenced from finsh_ops.o(.constdata)
 <LI><a href="#[8f]">OP_ld_value_word</a> from finsh_ops.o(.text) referenced from finsh_ops.o(.constdata)
 <LI><a href="#[97]">OP_ld_value_word_stack</a> from finsh_ops.o(.text) referenced from finsh_ops.o(.constdata)
 <LI><a href="#[8c]">OP_ld_word</a> from finsh_ops.o(.text) referenced from finsh_ops.o(.constdata)
 <LI><a href="#[73]">OP_mod_byte</a> from finsh_ops.o(.text) referenced from finsh_ops.o(.constdata)
 <LI><a href="#[75]">OP_mod_dword</a> from finsh_ops.o(.text) referenced from finsh_ops.o(.constdata)
 <LI><a href="#[74]">OP_mod_word</a> from finsh_ops.o(.text) referenced from finsh_ops.o(.constdata)
 <LI><a href="#[76]">OP_mul_byte</a> from finsh_ops.o(.text) referenced from finsh_ops.o(.constdata)
 <LI><a href="#[78]">OP_mul_dword</a> from finsh_ops.o(.text) referenced from finsh_ops.o(.constdata)
 <LI><a href="#[77]">OP_mul_word</a> from finsh_ops.o(.text) referenced from finsh_ops.o(.constdata)
 <LI><a href="#[69]">OP_no_op</a> from finsh_ops.o(.text) referenced from finsh_ops.o(.constdata)
 <LI><a href="#[7c]">OP_or_byte</a> from finsh_ops.o(.text) referenced from finsh_ops.o(.constdata)
 <LI><a href="#[7e]">OP_or_dword</a> from finsh_ops.o(.text) referenced from finsh_ops.o(.constdata)
 <LI><a href="#[7d]">OP_or_word</a> from finsh_ops.o(.text) referenced from finsh_ops.o(.constdata)
 <LI><a href="#[94]">OP_pop</a> from finsh_ops.o(.text) referenced from finsh_ops.o(.constdata)
 <LI><a href="#[85]">OP_shl_byte</a> from finsh_ops.o(.text) referenced from finsh_ops.o(.constdata)
 <LI><a href="#[87]">OP_shl_dword</a> from finsh_ops.o(.text) referenced from finsh_ops.o(.constdata)
 <LI><a href="#[86]">OP_shl_word</a> from finsh_ops.o(.text) referenced from finsh_ops.o(.constdata)
 <LI><a href="#[88]">OP_shr_byte</a> from finsh_ops.o(.text) referenced from finsh_ops.o(.constdata)
 <LI><a href="#[8a]">OP_shr_dword</a> from finsh_ops.o(.text) referenced from finsh_ops.o(.constdata)
 <LI><a href="#[89]">OP_shr_word</a> from finsh_ops.o(.text) referenced from finsh_ops.o(.constdata)
 <LI><a href="#[91]">OP_st_byte</a> from finsh_ops.o(.text) referenced from finsh_ops.o(.constdata)
 <LI><a href="#[93]">OP_st_dword</a> from finsh_ops.o(.text) referenced from finsh_ops.o(.constdata)
 <LI><a href="#[92]">OP_st_word</a> from finsh_ops.o(.text) referenced from finsh_ops.o(.constdata)
 <LI><a href="#[6d]">OP_sub_byte</a> from finsh_ops.o(.text) referenced from finsh_ops.o(.constdata)
 <LI><a href="#[6f]">OP_sub_dword</a> from finsh_ops.o(.text) referenced from finsh_ops.o(.constdata)
 <LI><a href="#[6e]">OP_sub_word</a> from finsh_ops.o(.text) referenced from finsh_ops.o(.constdata)
 <LI><a href="#[7f]">OP_xor_byte</a> from finsh_ops.o(.text) referenced from finsh_ops.o(.constdata)
 <LI><a href="#[81]">OP_xor_dword</a> from finsh_ops.o(.text) referenced from finsh_ops.o(.constdata)
 <LI><a href="#[80]">OP_xor_word</a> from finsh_ops.o(.text) referenced from finsh_ops.o(.constdata)
 <LI><a href="#[4d]">OTG_FS_IRQHandler</a> from startup_stm32f2xx.o(.text) referenced from startup_stm32f2xx.o(RESET)
 <LI><a href="#[34]">OTG_FS_WKUP_IRQHandler</a> from startup_stm32f2xx.o(.text) referenced from startup_stm32f2xx.o(RESET)
 <LI><a href="#[55]">OTG_HS_EP1_IN_IRQHandler</a> from startup_stm32f2xx.o(.text) referenced from startup_stm32f2xx.o(RESET)
 <LI><a href="#[54]">OTG_HS_EP1_OUT_IRQHandler</a> from startup_stm32f2xx.o(.text) referenced from startup_stm32f2xx.o(RESET)
 <LI><a href="#[57]">OTG_HS_IRQHandler</a> from startup_stm32f2xx.o(.text) referenced from startup_stm32f2xx.o(RESET)
 <LI><a href="#[56]">OTG_HS_WKUP_IRQHandler</a> from startup_stm32f2xx.o(.text) referenced from startup_stm32f2xx.o(RESET)
 <LI><a href="#[b]">PVD_IRQHandler</a> from startup_stm32f2xx.o(.text) referenced from startup_stm32f2xx.o(RESET)
 <LI><a href="#[8]">PendSV_Handler</a> from context_rvds.o(.text) referenced from startup_stm32f2xx.o(RESET)
 <LI><a href="#[f]">RCC_IRQHandler</a> from startup_stm32f2xx.o(.text) referenced from startup_stm32f2xx.o(RESET)
 <LI><a href="#[33]">RTC_Alarm_IRQHandler</a> from startup_stm32f2xx.o(.text) referenced from startup_stm32f2xx.o(RESET)
 <LI><a href="#[d]">RTC_WKUP_IRQHandler</a> from startup_stm32f2xx.o(.text) referenced from startup_stm32f2xx.o(RESET)
 <LI><a href="#[0]">Reset_Handler</a> from startup_stm32f2xx.o(.text) referenced from startup_stm32f2xx.o(RESET)
 <LI><a href="#[3b]">SDIO_IRQHandler</a> from startup_stm32f2xx.o(.text) referenced from startup_stm32f2xx.o(RESET)
 <LI><a href="#[2d]">SPI1_IRQHandler</a> from startup_stm32f2xx.o(.text) referenced from startup_stm32f2xx.o(RESET)
 <LI><a href="#[2e]">SPI2_IRQHandler</a> from startup_stm32f2xx.o(.text) referenced from startup_stm32f2xx.o(RESET)
 <LI><a href="#[3d]">SPI3_IRQHandler</a> from startup_stm32f2xx.o(.text) referenced from startup_stm32f2xx.o(RESET)
 <LI><a href="#[6]">SVC_Handler</a> from stm32f2xx_it.o(.text) referenced from startup_stm32f2xx.o(RESET)
 <LI><a href="#[9]">SysTick_Handler</a> from board.o(.text) referenced from startup_stm32f2xx.o(RESET)
 <LI><a href="#[67]">SystemInit</a> from system_stm32f2xx.o(.text) referenced from startup_stm32f2xx.o(.text)
 <LI><a href="#[c]">TAMP_STAMP_IRQHandler</a> from startup_stm32f2xx.o(.text) referenced from startup_stm32f2xx.o(RESET)
 <LI><a href="#[22]">TIM1_BRK_TIM9_IRQHandler</a> from startup_stm32f2xx.o(.text) referenced from startup_stm32f2xx.o(RESET)
 <LI><a href="#[25]">TIM1_CC_IRQHandler</a> from startup_stm32f2xx.o(.text) referenced from startup_stm32f2xx.o(RESET)
 <LI><a href="#[24]">TIM1_TRG_COM_TIM11_IRQHandler</a> from startup_stm32f2xx.o(.text) referenced from startup_stm32f2xx.o(RESET)
 <LI><a href="#[23]">TIM1_UP_TIM10_IRQHandler</a> from startup_stm32f2xx.o(.text) referenced from startup_stm32f2xx.o(RESET)
 <LI><a href="#[26]">TIM2_IRQHandler</a> from startup_stm32f2xx.o(.text) referenced from startup_stm32f2xx.o(RESET)
 <LI><a href="#[27]">TIM3_IRQHandler</a> from startup_stm32f2xx.o(.text) referenced from startup_stm32f2xx.o(RESET)
 <LI><a href="#[28]">TIM4_IRQHandler</a> from startup_stm32f2xx.o(.text) referenced from startup_stm32f2xx.o(RESET)
 <LI><a href="#[3c]">TIM5_IRQHandler</a> from startup_stm32f2xx.o(.text) referenced from startup_stm32f2xx.o(RESET)
 <LI><a href="#[40]">TIM6_DAC_IRQHandler</a> from startup_stm32f2xx.o(.text) referenced from startup_stm32f2xx.o(RESET)
 <LI><a href="#[41]">TIM7_IRQHandler</a> from startup_stm32f2xx.o(.text) referenced from startup_stm32f2xx.o(RESET)
 <LI><a href="#[35]">TIM8_BRK_TIM12_IRQHandler</a> from startup_stm32f2xx.o(.text) referenced from startup_stm32f2xx.o(RESET)
 <LI><a href="#[38]">TIM8_CC_IRQHandler</a> from startup_stm32f2xx.o(.text) referenced from startup_stm32f2xx.o(RESET)
 <LI><a href="#[37]">TIM8_TRG_COM_TIM14_IRQHandler</a> from startup_stm32f2xx.o(.text) referenced from startup_stm32f2xx.o(RESET)
 <LI><a href="#[36]">TIM8_UP_TIM13_IRQHandler</a> from startup_stm32f2xx.o(.text) referenced from startup_stm32f2xx.o(RESET)
 <LI><a href="#[3e]">UART4_IRQHandler</a> from startup_stm32f2xx.o(.text) referenced from startup_stm32f2xx.o(RESET)
 <LI><a href="#[3f]">UART5_IRQHandler</a> from startup_stm32f2xx.o(.text) referenced from startup_stm32f2xx.o(RESET)
 <LI><a href="#[2f]">USART1_IRQHandler</a> from usart.o(.text) referenced from startup_stm32f2xx.o(RESET)
 <LI><a href="#[30]">USART2_IRQHandler</a> from startup_stm32f2xx.o(.text) referenced from startup_stm32f2xx.o(RESET)
 <LI><a href="#[31]">USART3_IRQHandler</a> from startup_stm32f2xx.o(.text) referenced from startup_stm32f2xx.o(RESET)
 <LI><a href="#[51]">USART6_IRQHandler</a> from startup_stm32f2xx.o(.text) referenced from startup_stm32f2xx.o(RESET)
 <LI><a href="#[5]">UsageFault_Handler</a> from stm32f2xx_it.o(.text) referenced from startup_stm32f2xx.o(RESET)
 <LI><a href="#[a]">WWDG_IRQHandler</a> from startup_stm32f2xx.o(.text) referenced from startup_stm32f2xx.o(RESET)
 <LI><a href="#[68]">__main</a> from entry.o(.ARM.Collect$$$$00000000) referenced from startup_stm32f2xx.o(.text)
 <LI><a href="#[b7]">cat</a> from dfs_file.o(.text) referenced from dfs_file.o(FSymTab)
 <LI><a href="#[bc]">chdir</a> from dfs_posix.o(.text) referenced from dfs_posix.o(FSymTab)
 <LI><a href="#[b8]">copy</a> from dfs_file.o(.text) referenced from dfs_file.o(FSymTab)
 <LI><a href="#[ba]">df</a> from dfs_fs.o(.text) referenced from dfs_fs.o(FSymTab)
 <LI><a href="#[9e]">dfs_elm_close</a> from dfs_elm.o(.text) referenced from dfs_elm.o(.constdata)
 <LI><a href="#[a2]">dfs_elm_flush</a> from dfs_elm.o(.text) referenced from dfs_elm.o(.constdata)
 <LI><a href="#[a4]">dfs_elm_getdents</a> from dfs_elm.o(.text) referenced from dfs_elm.o(.constdata)
 <LI><a href="#[9f]">dfs_elm_ioctl</a> from dfs_elm.o(.text) referenced from dfs_elm.o(.constdata)
 <LI><a href="#[a3]">dfs_elm_lseek</a> from dfs_elm.o(.text) referenced from dfs_elm.o(.constdata)
 <LI><a href="#[9b]">dfs_elm_mkfs</a> from dfs_elm.o(.text) referenced from dfs_elm.o(.constdata)
 <LI><a href="#[99]">dfs_elm_mount</a> from dfs_elm.o(.text) referenced from dfs_elm.o(.constdata)
 <LI><a href="#[9d]">dfs_elm_open</a> from dfs_elm.o(.text) referenced from dfs_elm.o(.constdata)
 <LI><a href="#[a0]">dfs_elm_read</a> from dfs_elm.o(.text) referenced from dfs_elm.o(.constdata)
 <LI><a href="#[a7]">dfs_elm_rename</a> from dfs_elm.o(.text) referenced from dfs_elm.o(.constdata)
 <LI><a href="#[a6]">dfs_elm_stat</a> from dfs_elm.o(.text) referenced from dfs_elm.o(.constdata)
 <LI><a href="#[9c]">dfs_elm_statfs</a> from dfs_elm.o(.text) referenced from dfs_elm.o(.constdata)
 <LI><a href="#[a5]">dfs_elm_unlink</a> from dfs_elm.o(.text) referenced from dfs_elm.o(.constdata)
 <LI><a href="#[9a]">dfs_elm_unmount</a> from dfs_elm.o(.text) referenced from dfs_elm.o(.constdata)
 <LI><a href="#[a1]">dfs_elm_write</a> from dfs_elm.o(.text) referenced from dfs_elm.o(.constdata)
 <LI><a href="#[5c]">finsh_rx_ind</a> from shell.o(.text) referenced from shell.o(.text)
 <LI><a href="#[153]">finsh_thread_entry</a> from shell.o(.text) referenced from shell.o(.text)
 <LI><a href="#[a8]">hello</a> from cmd.o(.text) referenced from cmd.o(FSymTab)
 <LI><a href="#[b4]">list</a> from cmd.o(.text) referenced from cmd.o(FSymTab)
 <LI><a href="#[c0]">list_date</a> from rtc.o(.text) referenced from rtc.o(FSymTab)
 <LI><a href="#[b3]">list_device</a> from cmd.o(.text) referenced from cmd.o(FSymTab)
 <LI><a href="#[ac]">list_event</a> from cmd.o(.text) referenced from cmd.o(FSymTab)
 <LI><a href="#[ae]">list_mailbox</a> from cmd.o(.text) referenced from cmd.o(FSymTab)
 <LI><a href="#[bd]">list_mem</a> from mem.o(.text) referenced from mem.o(FSymTab)
 <LI><a href="#[b0]">list_memheap</a> from cmd.o(.text) referenced from cmd.o(FSymTab)
 <LI><a href="#[b1]">list_mempool</a> from cmd.o(.text) referenced from cmd.o(FSymTab)
 <LI><a href="#[af]">list_msgqueue</a> from cmd.o(.text) referenced from cmd.o(FSymTab)
 <LI><a href="#[ad]">list_mutex</a> from cmd.o(.text) referenced from cmd.o(FSymTab)
 <LI><a href="#[ab]">list_sem</a> from cmd.o(.text) referenced from cmd.o(FSymTab)
 <LI><a href="#[aa]">list_thread</a> from cmd.o(.text) referenced from cmd.o(FSymTab)
 <LI><a href="#[b2]">list_timer</a> from cmd.o(.text) referenced from cmd.o(FSymTab)
 <LI><a href="#[b5]">ls</a> from dfs_file.o(.text) referenced from dfs_file.o(FSymTab)
 <LI><a href="#[5b]">main</a> from startup.o(.text) referenced from entry9a.o(.ARM.Collect$$$$0000000B)
 <LI><a href="#[bb]">mkdir</a> from dfs_posix.o(.text) referenced from dfs_posix.o(FSymTab)
 <LI><a href="#[b9]">mkfs</a> from dfs_fs.o(.text) referenced from dfs_fs.o(FSymTab)
 <LI><a href="#[b6]">rm</a> from dfs_file.o(.text) referenced from dfs_file.o(FSymTab)
 <LI><a href="#[c3]">rt_init_thread_entry</a> from application.o(.text) referenced from application.o(.text)
 <LI><a href="#[60]">rt_rtc_control</a> from rtc.o(.text) referenced from rtc.o(.text)
 <LI><a href="#[5e]">rt_rtc_open</a> from rtc.o(.text) referenced from rtc.o(.text)
 <LI><a href="#[5f]">rt_rtc_read</a> from rtc.o(.text) referenced from rtc.o(.text)
 <LI><a href="#[63]">rt_serial_close</a> from serial.o(.text) referenced from serial.o(.text)
 <LI><a href="#[66]">rt_serial_control</a> from serial.o(.text) referenced from serial.o(.text)
 <LI><a href="#[61]">rt_serial_init</a> from serial.o(.text) referenced from serial.o(.text)
 <LI><a href="#[62]">rt_serial_open</a> from serial.o(.text) referenced from serial.o(.text)
 <LI><a href="#[64]">rt_serial_read</a> from serial.o(.text) referenced from serial.o(.text)
 <LI><a href="#[65]">rt_serial_write</a> from serial.o(.text) referenced from serial.o(.text)
 <LI><a href="#[248]">rt_thread_exit</a> from thread.o(.text) referenced from thread.o(.text)
 <LI><a href="#[5d]">rt_thread_idle_entry</a> from idle.o(.text) referenced from idle.o(.text)
 <LI><a href="#[24b]">rt_thread_timeout</a> from thread.o(.text) referenced from thread.o(.text)
 <LI><a href="#[be]">set_date</a> from rtc.o(.text) referenced from rtc.o(FSymTab)
 <LI><a href="#[bf]">set_time</a> from rtc.o(.text) referenced from rtc.o(FSymTab)
 <LI><a href="#[a9]">version</a> from cmd.o(.text) referenced from cmd.o(FSymTab)
</UL>
<P>
<H3>
Global Symbols
</H3>
<P><STRONG><a name="[68]"></a>__main</STRONG> (Thumb, 0 bytes, Stack size unknown bytes, entry.o(.ARM.Collect$$$$00000000))
<BR>[Address Reference Count : 1]<UL><LI> startup_stm32f2xx.o(.text)
</UL>
<P><STRONG><a name="[2ae]"></a>_main_stk</STRONG> (Thumb, 0 bytes, Stack size unknown bytes, entry2.o(.ARM.Collect$$$$00000001))

<P><STRONG><a name="[c1]"></a>_main_scatterload</STRONG> (Thumb, 0 bytes, Stack size unknown bytes, entry5.o(.ARM.Collect$$$$00000004))
<BR><BR>[Calls]<UL><LI><a href="#[c2]">&gt;&gt;</a>&nbsp;&nbsp;&nbsp;__scatterload
</UL>

<P><STRONG><a name="[2ac]"></a>__main_after_scatterload</STRONG> (Thumb, 0 bytes, Stack size unknown bytes, entry5.o(.ARM.Collect$$$$00000004))
<BR><BR>[Called By]<UL><LI><a href="#[c2]">&gt;&gt;</a>&nbsp;&nbsp;&nbsp;__scatterload
</UL>

<P><STRONG><a name="[2af]"></a>_main_clock</STRONG> (Thumb, 0 bytes, Stack size unknown bytes, entry7b.o(.ARM.Collect$$$$00000008))

<P><STRONG><a name="[2b0]"></a>_main_cpp_init</STRONG> (Thumb, 0 bytes, Stack size unknown bytes, entry8b.o(.ARM.Collect$$$$0000000A))

<P><STRONG><a name="[2b1]"></a>_main_init</STRONG> (Thumb, 0 bytes, Stack size unknown bytes, entry9a.o(.ARM.Collect$$$$0000000B))

<P><STRONG><a name="[2b2]"></a>__rt_final_cpp</STRONG> (Thumb, 0 bytes, Stack size unknown bytes, entry10a.o(.ARM.Collect$$$$0000000D))

<P><STRONG><a name="[2b3]"></a>__rt_final_exit</STRONG> (Thumb, 0 bytes, Stack size unknown bytes, entry11a.o(.ARM.Collect$$$$0000000F))

<P><STRONG><a name="[c3]"></a>rt_init_thread_entry</STRONG> (Thumb, 46 bytes, Stack size 16 bytes, application.o(.text))
<BR><BR>[Stack]<UL><LI>Max Depth = 528<LI>Call Chain = rt_init_thread_entry &rArr; dfs_mount &rArr; dfs_file_open &rArr; dfs_normalize_path &rArr; rt_strdup &rArr; rt_malloc &rArr; rt_sem_take &rArr; rt_schedule &rArr; _rt_scheduler_stack_check &rArr; list_thread &rArr; _list_thread &rArr; object_split &rArr; rt_kprintf &rArr; rt_vsnprintf &rArr; print_number
</UL>
<BR>[Calls]<UL><LI><a href="#[c7]">&gt;&gt;</a>&nbsp;&nbsp;&nbsp;rt_kprintf
<LI><a href="#[c5]">&gt;&gt;</a>&nbsp;&nbsp;&nbsp;elm_init
<LI><a href="#[c6]">&gt;&gt;</a>&nbsp;&nbsp;&nbsp;dfs_mount
<LI><a href="#[c4]">&gt;&gt;</a>&nbsp;&nbsp;&nbsp;dfs_init
</UL>
<BR>[Address Reference Count : 1]<UL><LI> application.o(.text)
</UL>
<P><STRONG><a name="[c8]"></a>rt_application_init</STRONG> (Thumb, 40 bytes, Stack size 16 bytes, application.o(.text))
<BR><BR>[Stack]<UL><LI>Max Depth = 440<LI>Call Chain = rt_application_init &rArr; rt_thread_create &rArr; rt_object_allocate &rArr; rt_malloc &rArr; rt_sem_take &rArr; rt_schedule &rArr; _rt_scheduler_stack_check &rArr; list_thread &rArr; _list_thread &rArr; object_split &rArr; rt_kprintf &rArr; rt_vsnprintf &rArr; print_number
</UL>
<BR>[Calls]<UL><LI><a href="#[ca]">&gt;&gt;</a>&nbsp;&nbsp;&nbsp;rt_thread_startup
<LI><a href="#[c9]">&gt;&gt;</a>&nbsp;&nbsp;&nbsp;rt_thread_create
</UL>
<BR>[Called By]<UL><LI><a href="#[cb]">&gt;&gt;</a>&nbsp;&nbsp;&nbsp;rtthread_startup
</UL>

<P><STRONG><a name="[cb]"></a>rtthread_startup</STRONG> (Thumb, 66 bytes, Stack size 8 bytes, startup.o(.text))
<BR><BR>[Stack]<UL><LI>Max Depth = 448<LI>Call Chain = rtthread_startup &rArr; rt_application_init &rArr; rt_thread_create &rArr; rt_object_allocate &rArr; rt_malloc &rArr; rt_sem_take &rArr; rt_schedule &rArr; _rt_scheduler_stack_check &rArr; list_thread &rArr; _list_thread &rArr; object_split &rArr; rt_kprintf &rArr; rt_vsnprintf &rArr; print_number
</UL>
<BR>[Calls]<UL><LI><a href="#[d7]">&gt;&gt;</a>&nbsp;&nbsp;&nbsp;rt_thread_idle_init
<LI><a href="#[d6]">&gt;&gt;</a>&nbsp;&nbsp;&nbsp;rt_system_timer_thread_init
<LI><a href="#[d0]">&gt;&gt;</a>&nbsp;&nbsp;&nbsp;rt_system_timer_init
<LI><a href="#[ce]">&gt;&gt;</a>&nbsp;&nbsp;&nbsp;rt_system_tick_init
<LI><a href="#[d8]">&gt;&gt;</a>&nbsp;&nbsp;&nbsp;rt_system_scheduler_start
<LI><a href="#[d2]">&gt;&gt;</a>&nbsp;&nbsp;&nbsp;rt_system_scheduler_init
<LI><a href="#[cf]">&gt;&gt;</a>&nbsp;&nbsp;&nbsp;rt_system_object_init
<LI><a href="#[d1]">&gt;&gt;</a>&nbsp;&nbsp;&nbsp;rt_system_heap_init
<LI><a href="#[cd]">&gt;&gt;</a>&nbsp;&nbsp;&nbsp;rt_show_version
<LI><a href="#[d3]">&gt;&gt;</a>&nbsp;&nbsp;&nbsp;rt_hw_rtc_init
<LI><a href="#[cc]">&gt;&gt;</a>&nbsp;&nbsp;&nbsp;rt_hw_board_init
<LI><a href="#[d4]">&gt;&gt;</a>&nbsp;&nbsp;&nbsp;finsh_system_init
<LI><a href="#[d5]">&gt;&gt;</a>&nbsp;&nbsp;&nbsp;finsh_set_device
<LI><a href="#[c8]">&gt;&gt;</a>&nbsp;&nbsp;&nbsp;rt_application_init
</UL>
<BR>[Called By]<UL><LI><a href="#[5b]">&gt;&gt;</a>&nbsp;&nbsp;&nbsp;main
</UL>

<P><STRONG><a name="[5b]"></a>main</STRONG> (Thumb, 14 bytes, Stack size 8 bytes, startup.o(.text))
<BR><BR>[Stack]<UL><LI>Max Depth = 456<LI>Call Chain = main &rArr; rtthread_startup &rArr; rt_application_init &rArr; rt_thread_create &rArr; rt_object_allocate &rArr; rt_malloc &rArr; rt_sem_take &rArr; rt_schedule &rArr; _rt_scheduler_stack_check &rArr; list_thread &rArr; _list_thread &rArr; object_split &rArr; rt_kprintf &rArr; rt_vsnprintf &rArr; print_number
</UL>
<BR>[Calls]<UL><LI><a href="#[d9]">&gt;&gt;</a>&nbsp;&nbsp;&nbsp;rt_hw_interrupt_disable
<LI><a href="#[cb]">&gt;&gt;</a>&nbsp;&nbsp;&nbsp;rtthread_startup
</UL>
<BR>[Address Reference Count : 1]<UL><LI> entry9a.o(.ARM.Collect$$$$0000000B)
</UL>
<P><STRONG><a name="[a8]"></a>hello</STRONG> (Thumb, 12 bytes, Stack size 8 bytes, cmd.o(.text))
<BR><BR>[Stack]<UL><LI>Max Depth = 184<LI>Call Chain = hello &rArr; rt_kprintf &rArr; rt_vsnprintf &rArr; print_number
</UL>
<BR>[Calls]<UL><LI><a href="#[c7]">&gt;&gt;</a>&nbsp;&nbsp;&nbsp;rt_kprintf
</UL>
<BR>[Address Reference Count : 1]<UL><LI> cmd.o(FSymTab)
</UL>
<P><STRONG><a name="[a9]"></a>version</STRONG> (Thumb, 10 bytes, Stack size 8 bytes, cmd.o(.text))
<BR><BR>[Stack]<UL><LI>Max Depth = 192<LI>Call Chain = version &rArr; rt_show_version &rArr; rt_kprintf &rArr; rt_vsnprintf &rArr; print_number
</UL>
<BR>[Calls]<UL><LI><a href="#[cd]">&gt;&gt;</a>&nbsp;&nbsp;&nbsp;rt_show_version
</UL>
<BR>[Address Reference Count : 1]<UL><LI> cmd.o(FSymTab)
</UL>
<P><STRONG><a name="[aa]"></a>list_thread</STRONG> (Thumb, 10 bytes, Stack size 8 bytes, cmd.o(.text))
<BR><BR>[Stack]<UL><LI>Max Depth = 232<LI>Call Chain = list_thread &rArr; _list_thread &rArr; object_split &rArr; rt_kprintf &rArr; rt_vsnprintf &rArr; print_number
</UL>
<BR>[Calls]<UL><LI><a href="#[de]">&gt;&gt;</a>&nbsp;&nbsp;&nbsp;_list_thread
</UL>
<BR>[Called By]<UL><LI><a href="#[240]">&gt;&gt;</a>&nbsp;&nbsp;&nbsp;_rt_scheduler_stack_check
<LI><a href="#[28d]">&gt;&gt;</a>&nbsp;&nbsp;&nbsp;rt_hw_hard_fault_exception
</UL>
<BR>[Address Reference Count : 1]<UL><LI> cmd.o(FSymTab)
</UL>
<P><STRONG><a name="[ab]"></a>list_sem</STRONG> (Thumb, 12 bytes, Stack size 8 bytes, cmd.o(.text))
<BR><BR>[Stack]<UL><LI>Max Depth = 232<LI>Call Chain = list_sem &rArr; _list_sem &rArr; show_wait_queue &rArr; rt_kprintf &rArr; rt_vsnprintf &rArr; print_number
</UL>
<BR>[Calls]<UL><LI><a href="#[e1]">&gt;&gt;</a>&nbsp;&nbsp;&nbsp;_list_sem
</UL>
<BR>[Address Reference Count : 1]<UL><LI> cmd.o(FSymTab)
</UL>
<P><STRONG><a name="[ac]"></a>list_event</STRONG> (Thumb, 12 bytes, Stack size 8 bytes, cmd.o(.text))
<BR><BR>[Stack]<UL><LI>Max Depth = 232<LI>Call Chain = list_event &rArr; _list_event &rArr; show_wait_queue &rArr; rt_kprintf &rArr; rt_vsnprintf &rArr; print_number
</UL>
<BR>[Calls]<UL><LI><a href="#[e4]">&gt;&gt;</a>&nbsp;&nbsp;&nbsp;_list_event
</UL>
<BR>[Address Reference Count : 1]<UL><LI> cmd.o(FSymTab)
</UL>
<P><STRONG><a name="[ad]"></a>list_mutex</STRONG> (Thumb, 12 bytes, Stack size 8 bytes, cmd.o(.text))
<BR><BR>[Stack]<UL><LI>Max Depth = 232<LI>Call Chain = list_mutex &rArr; _list_mutex &rArr; object_split &rArr; rt_kprintf &rArr; rt_vsnprintf &rArr; print_number
</UL>
<BR>[Calls]<UL><LI><a href="#[e5]">&gt;&gt;</a>&nbsp;&nbsp;&nbsp;_list_mutex
</UL>
<BR>[Address Reference Count : 1]<UL><LI> cmd.o(FSymTab)
</UL>
<P><STRONG><a name="[ae]"></a>list_mailbox</STRONG> (Thumb, 12 bytes, Stack size 8 bytes, cmd.o(.text))
<BR><BR>[Stack]<UL><LI>Max Depth = 248<LI>Call Chain = list_mailbox &rArr; _list_mailbox &rArr; show_wait_queue &rArr; rt_kprintf &rArr; rt_vsnprintf &rArr; print_number
</UL>
<BR>[Calls]<UL><LI><a href="#[e6]">&gt;&gt;</a>&nbsp;&nbsp;&nbsp;_list_mailbox
</UL>
<BR>[Address Reference Count : 1]<UL><LI> cmd.o(FSymTab)
</UL>
<P><STRONG><a name="[af]"></a>list_msgqueue</STRONG> (Thumb, 10 bytes, Stack size 8 bytes, cmd.o(.text))
<BR><BR>[Stack]<UL><LI>Max Depth = 240<LI>Call Chain = list_msgqueue &rArr; _list_msgqueue &rArr; show_wait_queue &rArr; rt_kprintf &rArr; rt_vsnprintf &rArr; print_number
</UL>
<BR>[Calls]<UL><LI><a href="#[e7]">&gt;&gt;</a>&nbsp;&nbsp;&nbsp;_list_msgqueue
</UL>
<BR>[Address Reference Count : 1]<UL><LI> cmd.o(FSymTab)
</UL>
<P><STRONG><a name="[b0]"></a>list_memheap</STRONG> (Thumb, 12 bytes, Stack size 8 bytes, cmd.o(.text))
<BR><BR>[Stack]<UL><LI>Max Depth = 224<LI>Call Chain = list_memheap &rArr; _list_memheap &rArr; object_split &rArr; rt_kprintf &rArr; rt_vsnprintf &rArr; print_number
</UL>
<BR>[Calls]<UL><LI><a href="#[e8]">&gt;&gt;</a>&nbsp;&nbsp;&nbsp;_list_memheap
</UL>
<BR>[Address Reference Count : 1]<UL><LI> cmd.o(FSymTab)
</UL>
<P><STRONG><a name="[b1]"></a>list_mempool</STRONG> (Thumb, 12 bytes, Stack size 8 bytes, cmd.o(.text))
<BR><BR>[Stack]<UL><LI>Max Depth = 240<LI>Call Chain = list_mempool &rArr; _list_mempool &rArr; show_wait_queue &rArr; rt_kprintf &rArr; rt_vsnprintf &rArr; print_number
</UL>
<BR>[Calls]<UL><LI><a href="#[e9]">&gt;&gt;</a>&nbsp;&nbsp;&nbsp;_list_mempool
</UL>
<BR>[Address Reference Count : 1]<UL><LI> cmd.o(FSymTab)
</UL>
<P><STRONG><a name="[b2]"></a>list_timer</STRONG> (Thumb, 12 bytes, Stack size 8 bytes, cmd.o(.text))
<BR><BR>[Stack]<UL><LI>Max Depth = 224<LI>Call Chain = list_timer &rArr; _list_timer &rArr; object_split &rArr; rt_kprintf &rArr; rt_vsnprintf &rArr; print_number
</UL>
<BR>[Calls]<UL><LI><a href="#[ea]">&gt;&gt;</a>&nbsp;&nbsp;&nbsp;_list_timer
</UL>
<BR>[Address Reference Count : 1]<UL><LI> cmd.o(FSymTab)
</UL>
<P><STRONG><a name="[b3]"></a>list_device</STRONG> (Thumb, 12 bytes, Stack size 8 bytes, cmd.o(.text))
<BR><BR>[Stack]<UL><LI>Max Depth = 312<LI>Call Chain = list_device &rArr; _list_device &rArr; object_split &rArr; rt_kprintf &rArr; rt_vsnprintf &rArr; print_number
</UL>
<BR>[Calls]<UL><LI><a href="#[ec]">&gt;&gt;</a>&nbsp;&nbsp;&nbsp;_list_device
</UL>
<BR>[Address Reference Count : 1]<UL><LI> cmd.o(FSymTab)
</UL>
<P><STRONG><a name="[b4]"></a>list</STRONG> (Thumb, 126 bytes, Stack size 16 bytes, cmd.o(.text))
<BR><BR>[Stack]<UL><LI>Max Depth = 192<LI>Call Chain = list &rArr; rt_kprintf &rArr; rt_vsnprintf &rArr; print_number
</UL>
<BR>[Calls]<UL><LI><a href="#[c7]">&gt;&gt;</a>&nbsp;&nbsp;&nbsp;rt_kprintf
<LI><a href="#[ee]">&gt;&gt;</a>&nbsp;&nbsp;&nbsp;strncmp
</UL>
<BR>[Address Reference Count : 1]<UL><LI> cmd.o(FSymTab)
</UL>
<P><STRONG><a name="[ef]"></a>list_prefix</STRONG> (Thumb, 1130 bytes, Stack size 40 bytes, cmd.o(.text))
<BR><BR>[Stack]<UL><LI>Max Depth = 216<LI>Call Chain = list_prefix &rArr; rt_kprintf &rArr; rt_vsnprintf &rArr; print_number
</UL>
<BR>[Calls]<UL><LI><a href="#[f3]">&gt;&gt;</a>&nbsp;&nbsp;&nbsp;rt_strncpy
<LI><a href="#[f2]">&gt;&gt;</a>&nbsp;&nbsp;&nbsp;str_common
<LI><a href="#[f0]">&gt;&gt;</a>&nbsp;&nbsp;&nbsp;str_is_prefix
<LI><a href="#[c7]">&gt;&gt;</a>&nbsp;&nbsp;&nbsp;rt_kprintf
<LI><a href="#[f1]">&gt;&gt;</a>&nbsp;&nbsp;&nbsp;strlen
</UL>
<BR>[Called By]<UL><LI><a href="#[14a]">&gt;&gt;</a>&nbsp;&nbsp;&nbsp;shell_auto_complete
</UL>

<P><STRONG><a name="[f7]"></a>finsh_compiler_run</STRONG> (Thumb, 88 bytes, Stack size 16 bytes, finsh_compiler.o(.text))
<BR><BR>[Stack]<UL><LI>Max Depth = 32<LI>Call Chain = finsh_compiler_run &rArr; finsh_type_check &rArr;  finsh_type_check (Cycle)
</UL>
<BR>[Calls]<UL><LI><a href="#[f6]">&gt;&gt;</a>&nbsp;&nbsp;&nbsp;finsh_type_check
<LI><a href="#[f4]">&gt;&gt;</a>&nbsp;&nbsp;&nbsp;finsh_compile
<LI><a href="#[f8]">&gt;&gt;</a>&nbsp;&nbsp;&nbsp;__aeabi_memclr
</UL>
<BR>[Called By]<UL><LI><a href="#[14b]">&gt;&gt;</a>&nbsp;&nbsp;&nbsp;finsh_run_line
</UL>

<P><STRONG><a name="[106]"></a>finsh_error_init</STRONG> (Thumb, 8 bytes, Stack size 0 bytes, finsh_error.o(.text))
<BR><BR>[Called By]<UL><LI><a href="#[108]">&gt;&gt;</a>&nbsp;&nbsp;&nbsp;finsh_reset
<LI><a href="#[107]">&gt;&gt;</a>&nbsp;&nbsp;&nbsp;finsh_flush
<LI><a href="#[102]">&gt;&gt;</a>&nbsp;&nbsp;&nbsp;finsh_init
</UL>

<P><STRONG><a name="[f5]"></a>finsh_error_set</STRONG> (Thumb, 10 bytes, Stack size 0 bytes, finsh_error.o(.text))
<BR><BR>[Called By]<UL><LI><a href="#[136]">&gt;&gt;</a>&nbsp;&nbsp;&nbsp;token_run
<LI><a href="#[130]">&gt;&gt;</a>&nbsp;&nbsp;&nbsp;token_proc_char
<LI><a href="#[12f]">&gt;&gt;</a>&nbsp;&nbsp;&nbsp;token_proc_string
<LI><a href="#[127]">&gt;&gt;</a>&nbsp;&nbsp;&nbsp;proc_expr_statement
<LI><a href="#[125]">&gt;&gt;</a>&nbsp;&nbsp;&nbsp;proc_variable_decl
<LI><a href="#[124]">&gt;&gt;</a>&nbsp;&nbsp;&nbsp;proc_inclusive_or_expr
<LI><a href="#[123]">&gt;&gt;</a>&nbsp;&nbsp;&nbsp;proc_exclusive_or_expr
<LI><a href="#[122]">&gt;&gt;</a>&nbsp;&nbsp;&nbsp;proc_and_expr
<LI><a href="#[121]">&gt;&gt;</a>&nbsp;&nbsp;&nbsp;proc_shift_expr
<LI><a href="#[120]">&gt;&gt;</a>&nbsp;&nbsp;&nbsp;proc_additive_expr
<LI><a href="#[11f]">&gt;&gt;</a>&nbsp;&nbsp;&nbsp;proc_multiplicative_expr
<LI><a href="#[11d]">&gt;&gt;</a>&nbsp;&nbsp;&nbsp;proc_cast_expr
<LI><a href="#[11e]">&gt;&gt;</a>&nbsp;&nbsp;&nbsp;proc_type
<LI><a href="#[11b]">&gt;&gt;</a>&nbsp;&nbsp;&nbsp;proc_postfix_expr
<LI><a href="#[11a]">&gt;&gt;</a>&nbsp;&nbsp;&nbsp;proc_primary_expr
<LI><a href="#[119]">&gt;&gt;</a>&nbsp;&nbsp;&nbsp;proc_identifier
<LI><a href="#[115]">&gt;&gt;</a>&nbsp;&nbsp;&nbsp;proc_param_list
<LI><a href="#[114]">&gt;&gt;</a>&nbsp;&nbsp;&nbsp;make_sys_node
<LI><a href="#[113]">&gt;&gt;</a>&nbsp;&nbsp;&nbsp;finsh_node_new_ptr
<LI><a href="#[111]">&gt;&gt;</a>&nbsp;&nbsp;&nbsp;finsh_node_new_string
<LI><a href="#[110]">&gt;&gt;</a>&nbsp;&nbsp;&nbsp;finsh_node_new_long
<LI><a href="#[10f]">&gt;&gt;</a>&nbsp;&nbsp;&nbsp;finsh_node_new_int
<LI><a href="#[10e]">&gt;&gt;</a>&nbsp;&nbsp;&nbsp;finsh_node_new_char
<LI><a href="#[109]">&gt;&gt;</a>&nbsp;&nbsp;&nbsp;finsh_node_new_id
<LI><a href="#[f6]">&gt;&gt;</a>&nbsp;&nbsp;&nbsp;finsh_type_check
<LI><a href="#[f4]">&gt;&gt;</a>&nbsp;&nbsp;&nbsp;finsh_compile
</UL>

<P><STRONG><a name="[14c]"></a>finsh_errno</STRONG> (Thumb, 6 bytes, Stack size 0 bytes, finsh_error.o(.text))
<BR><BR>[Called By]<UL><LI><a href="#[14b]">&gt;&gt;</a>&nbsp;&nbsp;&nbsp;finsh_run_line
</UL>

<P><STRONG><a name="[14d]"></a>finsh_error_string</STRONG> (Thumb, 10 bytes, Stack size 0 bytes, finsh_error.o(.text))
<BR><BR>[Called By]<UL><LI><a href="#[14b]">&gt;&gt;</a>&nbsp;&nbsp;&nbsp;finsh_run_line
</UL>

<P><STRONG><a name="[f9]"></a>finsh_heap_init</STRONG> (Thumb, 36 bytes, Stack size 8 bytes, finsh_heap.o(.text))
<BR><BR>[Stack]<UL><LI>Max Depth = 8<LI>Call Chain = finsh_heap_init
</UL>
<BR>[Calls]<UL><LI><a href="#[fa]">&gt;&gt;</a>&nbsp;&nbsp;&nbsp;__aeabi_memclr4
</UL>
<BR>[Called By]<UL><LI><a href="#[108]">&gt;&gt;</a>&nbsp;&nbsp;&nbsp;finsh_reset
<LI><a href="#[102]">&gt;&gt;</a>&nbsp;&nbsp;&nbsp;finsh_init
</UL>

<P><STRONG><a name="[fb]"></a>finsh_heap_free</STRONG> (Thumb, 34 bytes, Stack size 16 bytes, finsh_heap.o(.text))
<BR><BR>[Stack]<UL><LI>Max Depth = 28<LI>Call Chain = finsh_heap_free &rArr; finsh_block_merge
</UL>
<BR>[Calls]<UL><LI><a href="#[fe]">&gt;&gt;</a>&nbsp;&nbsp;&nbsp;finsh_block_merge
<LI><a href="#[fc]">&gt;&gt;</a>&nbsp;&nbsp;&nbsp;finsh_block_remove
<LI><a href="#[fd]">&gt;&gt;</a>&nbsp;&nbsp;&nbsp;finsh_block_insert
</UL>
<BR>[Called By]<UL><LI><a href="#[ff]">&gt;&gt;</a>&nbsp;&nbsp;&nbsp;finsh_heap_gc
</UL>

<P><STRONG><a name="[100]"></a>finsh_heap_allocate</STRONG> (Thumb, 106 bytes, Stack size 16 bytes, finsh_heap.o(.text))
<BR><BR>[Stack]<UL><LI>Max Depth = 60<LI>Call Chain = finsh_heap_allocate &rArr; finsh_heap_gc &rArr; finsh_heap_free &rArr; finsh_block_merge
</UL>
<BR>[Calls]<UL><LI><a href="#[ff]">&gt;&gt;</a>&nbsp;&nbsp;&nbsp;finsh_heap_gc
<LI><a href="#[101]">&gt;&gt;</a>&nbsp;&nbsp;&nbsp;finsh_block_split
<LI><a href="#[fc]">&gt;&gt;</a>&nbsp;&nbsp;&nbsp;finsh_block_remove
<LI><a href="#[fd]">&gt;&gt;</a>&nbsp;&nbsp;&nbsp;finsh_block_insert
<LI><a href="#[fa]">&gt;&gt;</a>&nbsp;&nbsp;&nbsp;__aeabi_memclr4
</UL>
<BR>[Called By]<UL><LI><a href="#[111]">&gt;&gt;</a>&nbsp;&nbsp;&nbsp;finsh_node_new_string
</UL>

<P><STRONG><a name="[102]"></a>finsh_init</STRONG> (Thumb, 30 bytes, Stack size 8 bytes, finsh_init.o(.text))
<BR><BR>[Stack]<UL><LI>Max Depth = 16<LI>Call Chain = finsh_init &rArr; finsh_var_init
</UL>
<BR>[Calls]<UL><LI><a href="#[105]">&gt;&gt;</a>&nbsp;&nbsp;&nbsp;finsh_var_init
<LI><a href="#[103]">&gt;&gt;</a>&nbsp;&nbsp;&nbsp;finsh_parser_init
<LI><a href="#[104]">&gt;&gt;</a>&nbsp;&nbsp;&nbsp;finsh_node_init
<LI><a href="#[f9]">&gt;&gt;</a>&nbsp;&nbsp;&nbsp;finsh_heap_init
<LI><a href="#[106]">&gt;&gt;</a>&nbsp;&nbsp;&nbsp;finsh_error_init
</UL>
<BR>[Called By]<UL><LI><a href="#[153]">&gt;&gt;</a>&nbsp;&nbsp;&nbsp;finsh_thread_entry
</UL>

<P><STRONG><a name="[14f]"></a>finsh_stack_bottom</STRONG> (Thumb, 6 bytes, Stack size 0 bytes, finsh_init.o(.text))
<BR><BR>[Called By]<UL><LI><a href="#[14b]">&gt;&gt;</a>&nbsp;&nbsp;&nbsp;finsh_run_line
</UL>

<P><STRONG><a name="[107]"></a>finsh_flush</STRONG> (Thumb, 22 bytes, Stack size 8 bytes, finsh_init.o(.text))
<BR><BR>[Stack]<UL><LI>Max Depth = 16<LI>Call Chain = finsh_flush &rArr; finsh_parser_init
</UL>
<BR>[Calls]<UL><LI><a href="#[103]">&gt;&gt;</a>&nbsp;&nbsp;&nbsp;finsh_parser_init
<LI><a href="#[104]">&gt;&gt;</a>&nbsp;&nbsp;&nbsp;finsh_node_init
<LI><a href="#[106]">&gt;&gt;</a>&nbsp;&nbsp;&nbsp;finsh_error_init
</UL>
<BR>[Called By]<UL><LI><a href="#[14b]">&gt;&gt;</a>&nbsp;&nbsp;&nbsp;finsh_run_line
</UL>

<P><STRONG><a name="[108]"></a>finsh_reset</STRONG> (Thumb, 24 bytes, Stack size 8 bytes, finsh_init.o(.text), UNUSED)
<BR><BR>[Calls]<UL><LI><a href="#[105]">&gt;&gt;</a>&nbsp;&nbsp;&nbsp;finsh_var_init
<LI><a href="#[104]">&gt;&gt;</a>&nbsp;&nbsp;&nbsp;finsh_node_init
<LI><a href="#[f9]">&gt;&gt;</a>&nbsp;&nbsp;&nbsp;finsh_heap_init
<LI><a href="#[106]">&gt;&gt;</a>&nbsp;&nbsp;&nbsp;finsh_error_init
</UL>

<P><STRONG><a name="[104]"></a>finsh_node_init</STRONG> (Thumb, 16 bytes, Stack size 8 bytes, finsh_node.o(.text))
<BR><BR>[Stack]<UL><LI>Max Depth = 8<LI>Call Chain = finsh_node_init
</UL>
<BR>[Calls]<UL><LI><a href="#[fa]">&gt;&gt;</a>&nbsp;&nbsp;&nbsp;__aeabi_memclr4
</UL>
<BR>[Called By]<UL><LI><a href="#[108]">&gt;&gt;</a>&nbsp;&nbsp;&nbsp;finsh_reset
<LI><a href="#[107]">&gt;&gt;</a>&nbsp;&nbsp;&nbsp;finsh_flush
<LI><a href="#[102]">&gt;&gt;</a>&nbsp;&nbsp;&nbsp;finsh_init
</UL>

<P><STRONG><a name="[10d]"></a>finsh_node_allocate</STRONG> (Thumb, 56 bytes, Stack size 0 bytes, finsh_node.o(.text))
<BR><BR>[Called By]<UL><LI><a href="#[114]">&gt;&gt;</a>&nbsp;&nbsp;&nbsp;make_sys_node
<LI><a href="#[113]">&gt;&gt;</a>&nbsp;&nbsp;&nbsp;finsh_node_new_ptr
<LI><a href="#[111]">&gt;&gt;</a>&nbsp;&nbsp;&nbsp;finsh_node_new_string
<LI><a href="#[110]">&gt;&gt;</a>&nbsp;&nbsp;&nbsp;finsh_node_new_long
<LI><a href="#[10f]">&gt;&gt;</a>&nbsp;&nbsp;&nbsp;finsh_node_new_int
<LI><a href="#[10e]">&gt;&gt;</a>&nbsp;&nbsp;&nbsp;finsh_node_new_char
<LI><a href="#[109]">&gt;&gt;</a>&nbsp;&nbsp;&nbsp;finsh_node_new_id
</UL>

<P><STRONG><a name="[109]"></a>finsh_node_new_id</STRONG> (Thumb, 118 bytes, Stack size 24 bytes, finsh_node.o(.text))
<BR><BR>[Stack]<UL><LI>Max Depth = 60<LI>Call Chain = finsh_node_new_id &rArr; finsh_sysvar_lookup &rArr; strncmp
</UL>
<BR>[Calls]<UL><LI><a href="#[10a]">&gt;&gt;</a>&nbsp;&nbsp;&nbsp;finsh_var_lookup
<LI><a href="#[10b]">&gt;&gt;</a>&nbsp;&nbsp;&nbsp;finsh_sysvar_lookup
<LI><a href="#[10c]">&gt;&gt;</a>&nbsp;&nbsp;&nbsp;finsh_syscall_lookup
<LI><a href="#[10d]">&gt;&gt;</a>&nbsp;&nbsp;&nbsp;finsh_node_allocate
<LI><a href="#[f5]">&gt;&gt;</a>&nbsp;&nbsp;&nbsp;finsh_error_set
</UL>
<BR>[Called By]<UL><LI><a href="#[125]">&gt;&gt;</a>&nbsp;&nbsp;&nbsp;proc_variable_decl
<LI><a href="#[11a]">&gt;&gt;</a>&nbsp;&nbsp;&nbsp;proc_primary_expr
</UL>

<P><STRONG><a name="[10e]"></a>finsh_node_new_char</STRONG> (Thumb, 30 bytes, Stack size 16 bytes, finsh_node.o(.text))
<BR><BR>[Stack]<UL><LI>Max Depth = 16<LI>Call Chain = finsh_node_new_char
</UL>
<BR>[Calls]<UL><LI><a href="#[10d]">&gt;&gt;</a>&nbsp;&nbsp;&nbsp;finsh_node_allocate
<LI><a href="#[f5]">&gt;&gt;</a>&nbsp;&nbsp;&nbsp;finsh_error_set
</UL>
<BR>[Called By]<UL><LI><a href="#[11a]">&gt;&gt;</a>&nbsp;&nbsp;&nbsp;proc_primary_expr
</UL>

<P><STRONG><a name="[10f]"></a>finsh_node_new_int</STRONG> (Thumb, 30 bytes, Stack size 16 bytes, finsh_node.o(.text))
<BR><BR>[Stack]<UL><LI>Max Depth = 16<LI>Call Chain = finsh_node_new_int
</UL>
<BR>[Calls]<UL><LI><a href="#[10d]">&gt;&gt;</a>&nbsp;&nbsp;&nbsp;finsh_node_allocate
<LI><a href="#[f5]">&gt;&gt;</a>&nbsp;&nbsp;&nbsp;finsh_error_set
</UL>
<BR>[Called By]<UL><LI><a href="#[11a]">&gt;&gt;</a>&nbsp;&nbsp;&nbsp;proc_primary_expr
</UL>

<P><STRONG><a name="[110]"></a>finsh_node_new_long</STRONG> (Thumb, 30 bytes, Stack size 16 bytes, finsh_node.o(.text))
<BR><BR>[Stack]<UL><LI>Max Depth = 16<LI>Call Chain = finsh_node_new_long
</UL>
<BR>[Calls]<UL><LI><a href="#[10d]">&gt;&gt;</a>&nbsp;&nbsp;&nbsp;finsh_node_allocate
<LI><a href="#[f5]">&gt;&gt;</a>&nbsp;&nbsp;&nbsp;finsh_error_set
</UL>
<BR>[Called By]<UL><LI><a href="#[11c]">&gt;&gt;</a>&nbsp;&nbsp;&nbsp;proc_unary_expr
<LI><a href="#[11a]">&gt;&gt;</a>&nbsp;&nbsp;&nbsp;proc_primary_expr
</UL>

<P><STRONG><a name="[111]"></a>finsh_node_new_string</STRONG> (Thumb, 74 bytes, Stack size 16 bytes, finsh_node.o(.text))
<BR><BR>[Stack]<UL><LI>Max Depth = 76<LI>Call Chain = finsh_node_new_string &rArr; finsh_heap_allocate &rArr; finsh_heap_gc &rArr; finsh_heap_free &rArr; finsh_block_merge
</UL>
<BR>[Calls]<UL><LI><a href="#[10d]">&gt;&gt;</a>&nbsp;&nbsp;&nbsp;finsh_node_allocate
<LI><a href="#[100]">&gt;&gt;</a>&nbsp;&nbsp;&nbsp;finsh_heap_allocate
<LI><a href="#[f5]">&gt;&gt;</a>&nbsp;&nbsp;&nbsp;finsh_error_set
<LI><a href="#[f1]">&gt;&gt;</a>&nbsp;&nbsp;&nbsp;strlen
<LI><a href="#[112]">&gt;&gt;</a>&nbsp;&nbsp;&nbsp;strncpy
</UL>
<BR>[Called By]<UL><LI><a href="#[11a]">&gt;&gt;</a>&nbsp;&nbsp;&nbsp;proc_primary_expr
</UL>

<P><STRONG><a name="[113]"></a>finsh_node_new_ptr</STRONG> (Thumb, 30 bytes, Stack size 16 bytes, finsh_node.o(.text))
<BR><BR>[Stack]<UL><LI>Max Depth = 16<LI>Call Chain = finsh_node_new_ptr
</UL>
<BR>[Calls]<UL><LI><a href="#[10d]">&gt;&gt;</a>&nbsp;&nbsp;&nbsp;finsh_node_allocate
<LI><a href="#[f5]">&gt;&gt;</a>&nbsp;&nbsp;&nbsp;finsh_error_set
</UL>
<BR>[Called By]<UL><LI><a href="#[11a]">&gt;&gt;</a>&nbsp;&nbsp;&nbsp;proc_primary_expr
</UL>

<P><STRONG><a name="[69]"></a>OP_no_op</STRONG> (Thumb, 2 bytes, Stack size 0 bytes, finsh_ops.o(.text))
<BR>[Address Reference Count : 1]<UL><LI> finsh_ops.o(.constdata)
</UL>
<P><STRONG><a name="[6a]"></a>OP_add_byte</STRONG> (Thumb, 42 bytes, Stack size 0 bytes, finsh_ops.o(.text))
<BR>[Address Reference Count : 1]<UL><LI> finsh_ops.o(.constdata)
</UL>
<P><STRONG><a name="[6b]"></a>OP_add_word</STRONG> (Thumb, 44 bytes, Stack size 0 bytes, finsh_ops.o(.text))
<BR>[Address Reference Count : 1]<UL><LI> finsh_ops.o(.constdata)
</UL>
<P><STRONG><a name="[6c]"></a>OP_add_dword</STRONG> (Thumb, 42 bytes, Stack size 0 bytes, finsh_ops.o(.text))
<BR>[Address Reference Count : 1]<UL><LI> finsh_ops.o(.constdata)
</UL>
<P><STRONG><a name="[6d]"></a>OP_sub_byte</STRONG> (Thumb, 42 bytes, Stack size 0 bytes, finsh_ops.o(.text))
<BR>[Address Reference Count : 1]<UL><LI> finsh_ops.o(.constdata)
</UL>
<P><STRONG><a name="[6e]"></a>OP_sub_word</STRONG> (Thumb, 44 bytes, Stack size 0 bytes, finsh_ops.o(.text))
<BR>[Address Reference Count : 1]<UL><LI> finsh_ops.o(.constdata)
</UL>
<P><STRONG><a name="[6f]"></a>OP_sub_dword</STRONG> (Thumb, 42 bytes, Stack size 0 bytes, finsh_ops.o(.text))
<BR>[Address Reference Count : 1]<UL><LI> finsh_ops.o(.constdata)
</UL>
<P><STRONG><a name="[70]"></a>OP_div_byte</STRONG> (Thumb, 44 bytes, Stack size 0 bytes, finsh_ops.o(.text))
<BR>[Address Reference Count : 1]<UL><LI> finsh_ops.o(.constdata)
</UL>
<P><STRONG><a name="[71]"></a>OP_div_word</STRONG> (Thumb, 46 bytes, Stack size 0 bytes, finsh_ops.o(.text))
<BR>[Address Reference Count : 1]<UL><LI> finsh_ops.o(.constdata)
</UL>
<P><STRONG><a name="[72]"></a>OP_div_dword</STRONG> (Thumb, 44 bytes, Stack size 0 bytes, finsh_ops.o(.text))
<BR>[Address Reference Count : 1]<UL><LI> finsh_ops.o(.constdata)
</UL>
<P><STRONG><a name="[73]"></a>OP_mod_byte</STRONG> (Thumb, 48 bytes, Stack size 0 bytes, finsh_ops.o(.text))
<BR>[Address Reference Count : 1]<UL><LI> finsh_ops.o(.constdata)
</UL>
<P><STRONG><a name="[74]"></a>OP_mod_word</STRONG> (Thumb, 48 bytes, Stack size 0 bytes, finsh_ops.o(.text))
<BR>[Address Reference Count : 1]<UL><LI> finsh_ops.o(.constdata)
</UL>
<P><STRONG><a name="[75]"></a>OP_mod_dword</STRONG> (Thumb, 48 bytes, Stack size 0 bytes, finsh_ops.o(.text))
<BR>[Address Reference Count : 1]<UL><LI> finsh_ops.o(.constdata)
</UL>
<P><STRONG><a name="[76]"></a>OP_mul_byte</STRONG> (Thumb, 42 bytes, Stack size 0 bytes, finsh_ops.o(.text))
<BR>[Address Reference Count : 1]<UL><LI> finsh_ops.o(.constdata)
</UL>
<P><STRONG><a name="[77]"></a>OP_mul_word</STRONG> (Thumb, 44 bytes, Stack size 0 bytes, finsh_ops.o(.text))
<BR>[Address Reference Count : 1]<UL><LI> finsh_ops.o(.constdata)
</UL>
<P><STRONG><a name="[78]"></a>OP_mul_dword</STRONG> (Thumb, 42 bytes, Stack size 0 bytes, finsh_ops.o(.text))
<BR>[Address Reference Count : 1]<UL><LI> finsh_ops.o(.constdata)
</UL>
<P><STRONG><a name="[79]"></a>OP_and_byte</STRONG> (Thumb, 42 bytes, Stack size 0 bytes, finsh_ops.o(.text))
<BR>[Address Reference Count : 1]<UL><LI> finsh_ops.o(.constdata)
</UL>
<P><STRONG><a name="[7a]"></a>OP_and_word</STRONG> (Thumb, 42 bytes, Stack size 0 bytes, finsh_ops.o(.text))
<BR>[Address Reference Count : 1]<UL><LI> finsh_ops.o(.constdata)
</UL>
<P><STRONG><a name="[7b]"></a>OP_and_dword</STRONG> (Thumb, 42 bytes, Stack size 0 bytes, finsh_ops.o(.text))
<BR>[Address Reference Count : 1]<UL><LI> finsh_ops.o(.constdata)
</UL>
<P><STRONG><a name="[7c]"></a>OP_or_byte</STRONG> (Thumb, 42 bytes, Stack size 0 bytes, finsh_ops.o(.text))
<BR>[Address Reference Count : 1]<UL><LI> finsh_ops.o(.constdata)
</UL>
<P><STRONG><a name="[7d]"></a>OP_or_word</STRONG> (Thumb, 42 bytes, Stack size 0 bytes, finsh_ops.o(.text))
<BR>[Address Reference Count : 1]<UL><LI> finsh_ops.o(.constdata)
</UL>
<P><STRONG><a name="[7e]"></a>OP_or_dword</STRONG> (Thumb, 42 bytes, Stack size 0 bytes, finsh_ops.o(.text))
<BR>[Address Reference Count : 1]<UL><LI> finsh_ops.o(.constdata)
</UL>
<P><STRONG><a name="[7f]"></a>OP_xor_byte</STRONG> (Thumb, 42 bytes, Stack size 0 bytes, finsh_ops.o(.text))
<BR>[Address Reference Count : 1]<UL><LI> finsh_ops.o(.constdata)
</UL>
<P><STRONG><a name="[80]"></a>OP_xor_word</STRONG> (Thumb, 46 bytes, Stack size 0 bytes, finsh_ops.o(.text))
<BR>[Address Reference Count : 1]<UL><LI> finsh_ops.o(.constdata)
</UL>
<P><STRONG><a name="[81]"></a>OP_xor_dword</STRONG> (Thumb, 42 bytes, Stack size 0 bytes, finsh_ops.o(.text))
<BR>[Address Reference Count : 1]<UL><LI> finsh_ops.o(.constdata)
</UL>
<P><STRONG><a name="[82]"></a>OP_bw_byte</STRONG> (Thumb, 20 bytes, Stack size 0 bytes, finsh_ops.o(.text))
<BR>[Address Reference Count : 1]<UL><LI> finsh_ops.o(.constdata)
</UL>
<P><STRONG><a name="[83]"></a>OP_bw_word</STRONG> (Thumb, 20 bytes, Stack size 0 bytes, finsh_ops.o(.text))
<BR>[Address Reference Count : 1]<UL><LI> finsh_ops.o(.constdata)
</UL>
<P><STRONG><a name="[84]"></a>OP_bw_dword</STRONG> (Thumb, 20 bytes, Stack size 0 bytes, finsh_ops.o(.text))
<BR>[Address Reference Count : 1]<UL><LI> finsh_ops.o(.constdata)
</UL>
<P><STRONG><a name="[85]"></a>OP_shl_byte</STRONG> (Thumb, 42 bytes, Stack size 0 bytes, finsh_ops.o(.text))
<BR>[Address Reference Count : 1]<UL><LI> finsh_ops.o(.constdata)
</UL>
<P><STRONG><a name="[86]"></a>OP_shl_word</STRONG> (Thumb, 44 bytes, Stack size 0 bytes, finsh_ops.o(.text))
<BR>[Address Reference Count : 1]<UL><LI> finsh_ops.o(.constdata)
</UL>
<P><STRONG><a name="[87]"></a>OP_shl_dword</STRONG> (Thumb, 42 bytes, Stack size 0 bytes, finsh_ops.o(.text))
<BR>[Address Reference Count : 1]<UL><LI> finsh_ops.o(.constdata)
</UL>
<P><STRONG><a name="[88]"></a>OP_shr_byte</STRONG> (Thumb, 42 bytes, Stack size 0 bytes, finsh_ops.o(.text))
<BR>[Address Reference Count : 1]<UL><LI> finsh_ops.o(.constdata)
</UL>
<P><STRONG><a name="[89]"></a>OP_shr_word</STRONG> (Thumb, 42 bytes, Stack size 0 bytes, finsh_ops.o(.text))
<BR>[Address Reference Count : 1]<UL><LI> finsh_ops.o(.constdata)
</UL>
<P><STRONG><a name="[8a]"></a>OP_shr_dword</STRONG> (Thumb, 42 bytes, Stack size 0 bytes, finsh_ops.o(.text))
<BR>[Address Reference Count : 1]<UL><LI> finsh_ops.o(.constdata)
</UL>
<P><STRONG><a name="[8b]"></a>OP_ld_byte</STRONG> (Thumb, 34 bytes, Stack size 0 bytes, finsh_ops.o(.text))
<BR>[Address Reference Count : 1]<UL><LI> finsh_ops.o(.constdata)
</UL>
<P><STRONG><a name="[8c]"></a>OP_ld_word</STRONG> (Thumb, 46 bytes, Stack size 0 bytes, finsh_ops.o(.text))
<BR>[Address Reference Count : 1]<UL><LI> finsh_ops.o(.constdata)
</UL>
<P><STRONG><a name="[8d]"></a>OP_ld_dword</STRONG> (Thumb, 64 bytes, Stack size 0 bytes, finsh_ops.o(.text))
<BR>[Address Reference Count : 1]<UL><LI> finsh_ops.o(.constdata)
</UL>
<P><STRONG><a name="[8e]"></a>OP_ld_value_byte</STRONG> (Thumb, 66 bytes, Stack size 0 bytes, finsh_ops.o(.text))
<BR>[Address Reference Count : 1]<UL><LI> finsh_ops.o(.constdata)
</UL>
<P><STRONG><a name="[96]"></a>OP_ld_value_byte_stack</STRONG> (Thumb, 20 bytes, Stack size 0 bytes, finsh_ops.o(.text))
<BR>[Address Reference Count : 1]<UL><LI> finsh_ops.o(.constdata)
</UL>
<P><STRONG><a name="[8f]"></a>OP_ld_value_word</STRONG> (Thumb, 66 bytes, Stack size 0 bytes, finsh_ops.o(.text))
<BR>[Address Reference Count : 1]<UL><LI> finsh_ops.o(.constdata)
</UL>
<P><STRONG><a name="[97]"></a>OP_ld_value_word_stack</STRONG> (Thumb, 20 bytes, Stack size 0 bytes, finsh_ops.o(.text))
<BR>[Address Reference Count : 1]<UL><LI> finsh_ops.o(.constdata)
</UL>
<P><STRONG><a name="[90]"></a>OP_ld_value_dword</STRONG> (Thumb, 66 bytes, Stack size 0 bytes, finsh_ops.o(.text))
<BR>[Address Reference Count : 1]<UL><LI> finsh_ops.o(.constdata)
</UL>
<P><STRONG><a name="[98]"></a>OP_ld_value_dword_stack</STRONG> (Thumb, 20 bytes, Stack size 0 bytes, finsh_ops.o(.text))
<BR>[Address Reference Count : 1]<UL><LI> finsh_ops.o(.constdata)
</UL>
<P><STRONG><a name="[91]"></a>OP_st_byte</STRONG> (Thumb, 30 bytes, Stack size 0 bytes, finsh_ops.o(.text))
<BR>[Address Reference Count : 1]<UL><LI> finsh_ops.o(.constdata)
</UL>
<P><STRONG><a name="[92]"></a>OP_st_word</STRONG> (Thumb, 30 bytes, Stack size 0 bytes, finsh_ops.o(.text))
<BR>[Address Reference Count : 1]<UL><LI> finsh_ops.o(.constdata)
</UL>
<P><STRONG><a name="[93]"></a>OP_st_dword</STRONG> (Thumb, 30 bytes, Stack size 0 bytes, finsh_ops.o(.text))
<BR>[Address Reference Count : 1]<UL><LI> finsh_ops.o(.constdata)
</UL>
<P><STRONG><a name="[94]"></a>OP_pop</STRONG> (Thumb, 12 bytes, Stack size 0 bytes, finsh_ops.o(.text))
<BR>[Address Reference Count : 1]<UL><LI> finsh_ops.o(.constdata)
</UL>
<P><STRONG><a name="[95]"></a>OP_call</STRONG> (Thumb, 906 bytes, Stack size 152 bytes, finsh_ops.o(.text))
<BR><BR>[Stack]<UL><LI>Max Depth = 152<LI>Call Chain = OP_call
</UL>
<BR>[Address Reference Count : 1]<UL><LI> finsh_ops.o(.constdata)
</UL>
<P><STRONG><a name="[128]"></a>finsh_parser_run</STRONG> (Thumb, 220 bytes, Stack size 24 bytes, finsh_parser.o(.text))
<BR><BR>[Stack]<UL><LI>Max Depth = 600<LI>Call Chain = finsh_parser_run &rArr; proc_variable_decl &rArr; proc_assign_expr &rArr;  proc_assign_expr (Cycle)
</UL>
<BR>[Calls]<UL><LI><a href="#[117]">&gt;&gt;</a>&nbsp;&nbsp;&nbsp;finsh_token_token
<LI><a href="#[129]">&gt;&gt;</a>&nbsp;&nbsp;&nbsp;finsh_token_init
<LI><a href="#[127]">&gt;&gt;</a>&nbsp;&nbsp;&nbsp;proc_expr_statement
<LI><a href="#[125]">&gt;&gt;</a>&nbsp;&nbsp;&nbsp;proc_variable_decl
</UL>
<BR>[Called By]<UL><LI><a href="#[14b]">&gt;&gt;</a>&nbsp;&nbsp;&nbsp;finsh_run_line
</UL>

<P><STRONG><a name="[103]"></a>finsh_parser_init</STRONG> (Thumb, 16 bytes, Stack size 8 bytes, finsh_parser.o(.text))
<BR><BR>[Stack]<UL><LI>Max Depth = 8<LI>Call Chain = finsh_parser_init
</UL>
<BR>[Calls]<UL><LI><a href="#[fa]">&gt;&gt;</a>&nbsp;&nbsp;&nbsp;__aeabi_memclr4
</UL>
<BR>[Called By]<UL><LI><a href="#[107]">&gt;&gt;</a>&nbsp;&nbsp;&nbsp;finsh_flush
<LI><a href="#[102]">&gt;&gt;</a>&nbsp;&nbsp;&nbsp;finsh_init
</UL>

<P><STRONG><a name="[129]"></a>finsh_token_init</STRONG> (Thumb, 20 bytes, Stack size 16 bytes, finsh_token.o(.text))
<BR><BR>[Stack]<UL><LI>Max Depth = 16<LI>Call Chain = finsh_token_init
</UL>
<BR>[Calls]<UL><LI><a href="#[fa]">&gt;&gt;</a>&nbsp;&nbsp;&nbsp;__aeabi_memclr4
</UL>
<BR>[Called By]<UL><LI><a href="#[128]">&gt;&gt;</a>&nbsp;&nbsp;&nbsp;finsh_parser_run
</UL>

<P><STRONG><a name="[134]"></a>token_get_string</STRONG> (Thumb, 120 bytes, Stack size 24 bytes, finsh_token.o(.text))
<BR><BR>[Stack]<UL><LI>Max Depth = 32<LI>Call Chain = token_get_string &rArr; token_next_char
</UL>
<BR>[Calls]<UL><LI><a href="#[12a]">&gt;&gt;</a>&nbsp;&nbsp;&nbsp;token_next_char
<LI><a href="#[12c]">&gt;&gt;</a>&nbsp;&nbsp;&nbsp;token_prev_char
</UL>
<BR>[Called By]<UL><LI><a href="#[136]">&gt;&gt;</a>&nbsp;&nbsp;&nbsp;token_run
</UL>

<P><STRONG><a name="[117]"></a>finsh_token_token</STRONG> (Thumb, 24 bytes, Stack size 8 bytes, finsh_token.o(.text))
<BR><BR>[Stack]<UL><LI>Max Depth = 224<LI>Call Chain = finsh_token_token &rArr; token_run &rArr; token_proc_number &rArr; token_spec_number
</UL>
<BR>[Calls]<UL><LI><a href="#[136]">&gt;&gt;</a>&nbsp;&nbsp;&nbsp;token_run
</UL>
<BR>[Called By]<UL><LI><a href="#[128]">&gt;&gt;</a>&nbsp;&nbsp;&nbsp;finsh_parser_run
<LI><a href="#[127]">&gt;&gt;</a>&nbsp;&nbsp;&nbsp;proc_expr_statement
<LI><a href="#[125]">&gt;&gt;</a>&nbsp;&nbsp;&nbsp;proc_variable_decl
<LI><a href="#[116]">&gt;&gt;</a>&nbsp;&nbsp;&nbsp;proc_assign_expr
<LI><a href="#[124]">&gt;&gt;</a>&nbsp;&nbsp;&nbsp;proc_inclusive_or_expr
<LI><a href="#[123]">&gt;&gt;</a>&nbsp;&nbsp;&nbsp;proc_exclusive_or_expr
<LI><a href="#[122]">&gt;&gt;</a>&nbsp;&nbsp;&nbsp;proc_and_expr
<LI><a href="#[121]">&gt;&gt;</a>&nbsp;&nbsp;&nbsp;proc_shift_expr
<LI><a href="#[120]">&gt;&gt;</a>&nbsp;&nbsp;&nbsp;proc_additive_expr
<LI><a href="#[11f]">&gt;&gt;</a>&nbsp;&nbsp;&nbsp;proc_multiplicative_expr
<LI><a href="#[11d]">&gt;&gt;</a>&nbsp;&nbsp;&nbsp;proc_cast_expr
<LI><a href="#[11e]">&gt;&gt;</a>&nbsp;&nbsp;&nbsp;proc_type
<LI><a href="#[11c]">&gt;&gt;</a>&nbsp;&nbsp;&nbsp;proc_unary_expr
<LI><a href="#[11b]">&gt;&gt;</a>&nbsp;&nbsp;&nbsp;proc_postfix_expr
<LI><a href="#[11a]">&gt;&gt;</a>&nbsp;&nbsp;&nbsp;proc_primary_expr
<LI><a href="#[119]">&gt;&gt;</a>&nbsp;&nbsp;&nbsp;proc_identifier
<LI><a href="#[115]">&gt;&gt;</a>&nbsp;&nbsp;&nbsp;proc_param_list
</UL>

<P><STRONG><a name="[137]"></a>finsh_token_get_token</STRONG> (Thumb, 20 bytes, Stack size 16 bytes, finsh_token.o(.text), UNUSED)
<BR><BR>[Calls]<UL><LI><a href="#[112]">&gt;&gt;</a>&nbsp;&nbsp;&nbsp;strncpy
</UL>

<P><STRONG><a name="[105]"></a>finsh_var_init</STRONG> (Thumb, 14 bytes, Stack size 8 bytes, finsh_var.o(.text))
<BR><BR>[Stack]<UL><LI>Max Depth = 8<LI>Call Chain = finsh_var_init
</UL>
<BR>[Calls]<UL><LI><a href="#[fa]">&gt;&gt;</a>&nbsp;&nbsp;&nbsp;__aeabi_memclr4
</UL>
<BR>[Called By]<UL><LI><a href="#[108]">&gt;&gt;</a>&nbsp;&nbsp;&nbsp;finsh_reset
<LI><a href="#[102]">&gt;&gt;</a>&nbsp;&nbsp;&nbsp;finsh_init
</UL>

<P><STRONG><a name="[126]"></a>finsh_var_insert</STRONG> (Thumb, 114 bytes, Stack size 24 bytes, finsh_var.o(.text))
<BR><BR>[Stack]<UL><LI>Max Depth = 36<LI>Call Chain = finsh_var_insert &rArr; strncmp
</UL>
<BR>[Calls]<UL><LI><a href="#[ee]">&gt;&gt;</a>&nbsp;&nbsp;&nbsp;strncmp
<LI><a href="#[112]">&gt;&gt;</a>&nbsp;&nbsp;&nbsp;strncpy
</UL>
<BR>[Called By]<UL><LI><a href="#[125]">&gt;&gt;</a>&nbsp;&nbsp;&nbsp;proc_variable_decl
</UL>

<P><STRONG><a name="[138]"></a>finsh_var_delete</STRONG> (Thumb, 68 bytes, Stack size 16 bytes, finsh_var.o(.text), UNUSED)
<BR><BR>[Calls]<UL><LI><a href="#[ee]">&gt;&gt;</a>&nbsp;&nbsp;&nbsp;strncmp
<LI><a href="#[fa]">&gt;&gt;</a>&nbsp;&nbsp;&nbsp;__aeabi_memclr4
</UL>

<P><STRONG><a name="[10a]"></a>finsh_var_lookup</STRONG> (Thumb, 58 bytes, Stack size 16 bytes, finsh_var.o(.text))
<BR><BR>[Stack]<UL><LI>Max Depth = 28<LI>Call Chain = finsh_var_lookup &rArr; strncmp
</UL>
<BR>[Calls]<UL><LI><a href="#[ee]">&gt;&gt;</a>&nbsp;&nbsp;&nbsp;strncmp
</UL>
<BR>[Called By]<UL><LI><a href="#[109]">&gt;&gt;</a>&nbsp;&nbsp;&nbsp;finsh_node_new_id
</UL>

<P><STRONG><a name="[139]"></a>finsh_sysvar_append</STRONG> (Thumb, 62 bytes, Stack size 24 bytes, finsh_var.o(.text), UNUSED)
<BR><BR>[Calls]<UL><LI><a href="#[13b]">&gt;&gt;</a>&nbsp;&nbsp;&nbsp;rt_strdup
<LI><a href="#[13a]">&gt;&gt;</a>&nbsp;&nbsp;&nbsp;rt_malloc
</UL>

<P><STRONG><a name="[10b]"></a>finsh_sysvar_lookup</STRONG> (Thumb, 78 bytes, Stack size 24 bytes, finsh_var.o(.text))
<BR><BR>[Stack]<UL><LI>Max Depth = 36<LI>Call Chain = finsh_sysvar_lookup &rArr; strncmp
</UL>
<BR>[Calls]<UL><LI><a href="#[ee]">&gt;&gt;</a>&nbsp;&nbsp;&nbsp;strncmp
<LI><a href="#[133]">&gt;&gt;</a>&nbsp;&nbsp;&nbsp;strcmp
<LI><a href="#[f1]">&gt;&gt;</a>&nbsp;&nbsp;&nbsp;strlen
</UL>
<BR>[Called By]<UL><LI><a href="#[109]">&gt;&gt;</a>&nbsp;&nbsp;&nbsp;finsh_node_new_id
</UL>

<P><STRONG><a name="[14e]"></a>finsh_vm_run</STRONG> (Thumb, 62 bytes, Stack size 8 bytes, finsh_vm.o(.text))
<BR><BR>[Stack]<UL><LI>Max Depth = 8<LI>Call Chain = finsh_vm_run
</UL>
<BR>[Called By]<UL><LI><a href="#[14b]">&gt;&gt;</a>&nbsp;&nbsp;&nbsp;finsh_run_line
</UL>

<P><STRONG><a name="[13c]"></a>finsh_syscall_append</STRONG> (Thumb, 54 bytes, Stack size 16 bytes, finsh_vm.o(.text), UNUSED)
<BR><BR>[Calls]<UL><LI><a href="#[13b]">&gt;&gt;</a>&nbsp;&nbsp;&nbsp;rt_strdup
<LI><a href="#[13a]">&gt;&gt;</a>&nbsp;&nbsp;&nbsp;rt_malloc
</UL>

<P><STRONG><a name="[10c]"></a>finsh_syscall_lookup</STRONG> (Thumb, 78 bytes, Stack size 24 bytes, finsh_vm.o(.text))
<BR><BR>[Stack]<UL><LI>Max Depth = 36<LI>Call Chain = finsh_syscall_lookup &rArr; strncmp
</UL>
<BR>[Calls]<UL><LI><a href="#[ee]">&gt;&gt;</a>&nbsp;&nbsp;&nbsp;strncmp
<LI><a href="#[133]">&gt;&gt;</a>&nbsp;&nbsp;&nbsp;strcmp
<LI><a href="#[f1]">&gt;&gt;</a>&nbsp;&nbsp;&nbsp;strlen
</UL>
<BR>[Called By]<UL><LI><a href="#[109]">&gt;&gt;</a>&nbsp;&nbsp;&nbsp;finsh_node_new_id
</UL>

<P><STRONG><a name="[13d]"></a>finsh_get_prompt</STRONG> (Thumb, 50 bytes, Stack size 16 bytes, shell.o(.text))
<BR><BR>[Stack]<UL><LI>Max Depth = 48<LI>Call Chain = finsh_get_prompt &rArr; getcwd &rArr; rt_strncpy
</UL>
<BR>[Calls]<UL><LI><a href="#[13f]">&gt;&gt;</a>&nbsp;&nbsp;&nbsp;getcwd
<LI><a href="#[dc]">&gt;&gt;</a>&nbsp;&nbsp;&nbsp;rt_strlen
<LI><a href="#[13e]">&gt;&gt;</a>&nbsp;&nbsp;&nbsp;strcpy
<LI><a href="#[140]">&gt;&gt;</a>&nbsp;&nbsp;&nbsp;strcat
</UL>
<BR>[Called By]<UL><LI><a href="#[153]">&gt;&gt;</a>&nbsp;&nbsp;&nbsp;finsh_thread_entry
<LI><a href="#[150]">&gt;&gt;</a>&nbsp;&nbsp;&nbsp;shell_handle_history
<LI><a href="#[14a]">&gt;&gt;</a>&nbsp;&nbsp;&nbsp;shell_auto_complete
</UL>

<P><STRONG><a name="[d5]"></a>finsh_set_device</STRONG> (Thumb, 156 bytes, Stack size 16 bytes, shell.o(.text))
<BR><BR>[Stack]<UL><LI>Max Depth = 208<LI>Call Chain = finsh_set_device &rArr; rt_device_open &rArr; rt_kprintf &rArr; rt_vsnprintf &rArr; print_number
</UL>
<BR>[Calls]<UL><LI><a href="#[146]">&gt;&gt;</a>&nbsp;&nbsp;&nbsp;rt_device_set_rx_indicate
<LI><a href="#[144]">&gt;&gt;</a>&nbsp;&nbsp;&nbsp;rt_device_open
<LI><a href="#[143]">&gt;&gt;</a>&nbsp;&nbsp;&nbsp;rt_device_find
<LI><a href="#[145]">&gt;&gt;</a>&nbsp;&nbsp;&nbsp;rt_device_close
<LI><a href="#[141]">&gt;&gt;</a>&nbsp;&nbsp;&nbsp;rt_assert_handler
<LI><a href="#[c7]">&gt;&gt;</a>&nbsp;&nbsp;&nbsp;rt_kprintf
<LI><a href="#[fa]">&gt;&gt;</a>&nbsp;&nbsp;&nbsp;__aeabi_memclr4
</UL>
<BR>[Called By]<UL><LI><a href="#[cb]">&gt;&gt;</a>&nbsp;&nbsp;&nbsp;rtthread_startup
</UL>

<P><STRONG><a name="[147]"></a>finsh_get_device</STRONG> (Thumb, 28 bytes, Stack size 8 bytes, shell.o(.text), UNUSED)
<BR><BR>[Calls]<UL><LI><a href="#[141]">&gt;&gt;</a>&nbsp;&nbsp;&nbsp;rt_assert_handler
</UL>

<P><STRONG><a name="[148]"></a>finsh_set_echo</STRONG> (Thumb, 28 bytes, Stack size 8 bytes, shell.o(.text), UNUSED)
<BR><BR>[Calls]<UL><LI><a href="#[141]">&gt;&gt;</a>&nbsp;&nbsp;&nbsp;rt_assert_handler
</UL>

<P><STRONG><a name="[149]"></a>finsh_get_echo</STRONG> (Thumb, 30 bytes, Stack size 8 bytes, shell.o(.text), UNUSED)
<BR><BR>[Calls]<UL><LI><a href="#[141]">&gt;&gt;</a>&nbsp;&nbsp;&nbsp;rt_assert_handler
</UL>

<P><STRONG><a name="[14b]"></a>finsh_run_line</STRONG> (Thumb, 162 bytes, Stack size 32 bytes, shell.o(.text))
<BR><BR>[Stack]<UL><LI>Max Depth = 632<LI>Call Chain = finsh_run_line &rArr; finsh_parser_run &rArr; proc_variable_decl &rArr; proc_assign_expr &rArr;  proc_assign_expr (Cycle)
</UL>
<BR>[Calls]<UL><LI><a href="#[14e]">&gt;&gt;</a>&nbsp;&nbsp;&nbsp;finsh_vm_run
<LI><a href="#[128]">&gt;&gt;</a>&nbsp;&nbsp;&nbsp;finsh_parser_run
<LI><a href="#[107]">&gt;&gt;</a>&nbsp;&nbsp;&nbsp;finsh_flush
<LI><a href="#[14f]">&gt;&gt;</a>&nbsp;&nbsp;&nbsp;finsh_stack_bottom
<LI><a href="#[14d]">&gt;&gt;</a>&nbsp;&nbsp;&nbsp;finsh_error_string
<LI><a href="#[14c]">&gt;&gt;</a>&nbsp;&nbsp;&nbsp;finsh_errno
<LI><a href="#[f7]">&gt;&gt;</a>&nbsp;&nbsp;&nbsp;finsh_compiler_run
<LI><a href="#[c7]">&gt;&gt;</a>&nbsp;&nbsp;&nbsp;rt_kprintf
</UL>
<BR>[Called By]<UL><LI><a href="#[153]">&gt;&gt;</a>&nbsp;&nbsp;&nbsp;finsh_thread_entry
</UL>

<P><STRONG><a name="[153]"></a>finsh_thread_entry</STRONG> (Thumb, 1644 bytes, Stack size 16 bytes, shell.o(.text))
<BR><BR>[Stack]<UL><LI>Max Depth = 648<LI>Call Chain = finsh_thread_entry &rArr; finsh_run_line &rArr; finsh_parser_run &rArr; proc_variable_decl &rArr; proc_assign_expr &rArr;  proc_assign_expr (Cycle)
</UL>
<BR>[Calls]<UL><LI><a href="#[155]">&gt;&gt;</a>&nbsp;&nbsp;&nbsp;rt_sem_take
<LI><a href="#[157]">&gt;&gt;</a>&nbsp;&nbsp;&nbsp;rt_memmove
<LI><a href="#[146]">&gt;&gt;</a>&nbsp;&nbsp;&nbsp;rt_device_set_rx_indicate
<LI><a href="#[156]">&gt;&gt;</a>&nbsp;&nbsp;&nbsp;rt_device_read
<LI><a href="#[144]">&gt;&gt;</a>&nbsp;&nbsp;&nbsp;rt_device_open
<LI><a href="#[154]">&gt;&gt;</a>&nbsp;&nbsp;&nbsp;rt_console_get_device
<LI><a href="#[141]">&gt;&gt;</a>&nbsp;&nbsp;&nbsp;rt_assert_handler
<LI><a href="#[14b]">&gt;&gt;</a>&nbsp;&nbsp;&nbsp;finsh_run_line
<LI><a href="#[13d]">&gt;&gt;</a>&nbsp;&nbsp;&nbsp;finsh_get_prompt
<LI><a href="#[151]">&gt;&gt;</a>&nbsp;&nbsp;&nbsp;shell_push_history
<LI><a href="#[150]">&gt;&gt;</a>&nbsp;&nbsp;&nbsp;shell_handle_history
<LI><a href="#[14a]">&gt;&gt;</a>&nbsp;&nbsp;&nbsp;shell_auto_complete
<LI><a href="#[102]">&gt;&gt;</a>&nbsp;&nbsp;&nbsp;finsh_init
<LI><a href="#[c7]">&gt;&gt;</a>&nbsp;&nbsp;&nbsp;rt_kprintf
<LI><a href="#[f1]">&gt;&gt;</a>&nbsp;&nbsp;&nbsp;strlen
<LI><a href="#[fa]">&gt;&gt;</a>&nbsp;&nbsp;&nbsp;__aeabi_memclr4
<LI><a href="#[152]">&gt;&gt;</a>&nbsp;&nbsp;&nbsp;__aeabi_memcpy
</UL>
<BR>[Address Reference Count : 1]<UL><LI> shell.o(.text)
</UL>
<P><STRONG><a name="[158]"></a>finsh_system_function_init</STRONG> (Thumb, 10 bytes, Stack size 0 bytes, shell.o(.text))
<BR><BR>[Called By]<UL><LI><a href="#[d4]">&gt;&gt;</a>&nbsp;&nbsp;&nbsp;finsh_system_init
</UL>

<P><STRONG><a name="[159]"></a>finsh_system_var_init</STRONG> (Thumb, 10 bytes, Stack size 0 bytes, shell.o(.text))
<BR><BR>[Called By]<UL><LI><a href="#[d4]">&gt;&gt;</a>&nbsp;&nbsp;&nbsp;finsh_system_init
</UL>

<P><STRONG><a name="[d4]"></a>finsh_system_init</STRONG> (Thumb, 122 bytes, Stack size 24 bytes, shell.o(.text))
<BR><BR>[Stack]<UL><LI>Max Depth = 360<LI>Call Chain = finsh_system_init &rArr; rt_malloc &rArr; rt_sem_take &rArr; rt_schedule &rArr; _rt_scheduler_stack_check &rArr; list_thread &rArr; _list_thread &rArr; object_split &rArr; rt_kprintf &rArr; rt_vsnprintf &rArr; print_number
</UL>
<BR>[Calls]<UL><LI><a href="#[15b]">&gt;&gt;</a>&nbsp;&nbsp;&nbsp;rt_thread_init
<LI><a href="#[15a]">&gt;&gt;</a>&nbsp;&nbsp;&nbsp;rt_sem_init
<LI><a href="#[159]">&gt;&gt;</a>&nbsp;&nbsp;&nbsp;finsh_system_var_init
<LI><a href="#[158]">&gt;&gt;</a>&nbsp;&nbsp;&nbsp;finsh_system_function_init
<LI><a href="#[13a]">&gt;&gt;</a>&nbsp;&nbsp;&nbsp;rt_malloc
<LI><a href="#[ca]">&gt;&gt;</a>&nbsp;&nbsp;&nbsp;rt_thread_startup
<LI><a href="#[c7]">&gt;&gt;</a>&nbsp;&nbsp;&nbsp;rt_kprintf
<LI><a href="#[fa]">&gt;&gt;</a>&nbsp;&nbsp;&nbsp;__aeabi_memclr4
</UL>
<BR>[Called By]<UL><LI><a href="#[cb]">&gt;&gt;</a>&nbsp;&nbsp;&nbsp;rtthread_startup
</UL>

<P><STRONG><a name="[c4]"></a>dfs_init</STRONG> (Thumb, 64 bytes, Stack size 8 bytes, dfs.o(.text))
<BR><BR>[Stack]<UL><LI>Max Depth = 64<LI>Call Chain = dfs_init &rArr; rt_mutex_init &rArr; rt_object_init &rArr; rt_strncpy
</UL>
<BR>[Calls]<UL><LI><a href="#[15d]">&gt;&gt;</a>&nbsp;&nbsp;&nbsp;rt_mutex_init
<LI><a href="#[15c]">&gt;&gt;</a>&nbsp;&nbsp;&nbsp;rt_memset
</UL>
<BR>[Called By]<UL><LI><a href="#[c3]">&gt;&gt;</a>&nbsp;&nbsp;&nbsp;rt_init_thread_entry
</UL>

<P><STRONG><a name="[15e]"></a>dfs_lock</STRONG> (Thumb, 28 bytes, Stack size 8 bytes, dfs.o(.text))
<BR><BR>[Stack]<UL><LI>Max Depth = 344<LI>Call Chain = dfs_lock &rArr; rt_mutex_take &rArr; rt_thread_control &rArr; rt_thread_startup &rArr; rt_schedule &rArr; _rt_scheduler_stack_check &rArr; list_thread &rArr; _list_thread &rArr; object_split &rArr; rt_kprintf &rArr; rt_vsnprintf &rArr; print_number
</UL>
<BR>[Calls]<UL><LI><a href="#[15f]">&gt;&gt;</a>&nbsp;&nbsp;&nbsp;rt_mutex_take
<LI><a href="#[141]">&gt;&gt;</a>&nbsp;&nbsp;&nbsp;rt_assert_handler
</UL>
<BR>[Called By]<UL><LI><a href="#[169]">&gt;&gt;</a>&nbsp;&nbsp;&nbsp;dfs_filesystem_lookup
<LI><a href="#[168]">&gt;&gt;</a>&nbsp;&nbsp;&nbsp;fd_is_open
<LI><a href="#[164]">&gt;&gt;</a>&nbsp;&nbsp;&nbsp;fd_put
<LI><a href="#[163]">&gt;&gt;</a>&nbsp;&nbsp;&nbsp;fd_get
<LI><a href="#[162]">&gt;&gt;</a>&nbsp;&nbsp;&nbsp;fd_new
<LI><a href="#[c6]">&gt;&gt;</a>&nbsp;&nbsp;&nbsp;dfs_mount
<LI><a href="#[bc]">&gt;&gt;</a>&nbsp;&nbsp;&nbsp;chdir
<LI><a href="#[17c]">&gt;&gt;</a>&nbsp;&nbsp;&nbsp;dfs_mkfs
<LI><a href="#[17b]">&gt;&gt;</a>&nbsp;&nbsp;&nbsp;dfs_unmount
<LI><a href="#[178]">&gt;&gt;</a>&nbsp;&nbsp;&nbsp;dfs_filesystem_get_mounted_path
<LI><a href="#[177]">&gt;&gt;</a>&nbsp;&nbsp;&nbsp;dfs_register
</UL>

<P><STRONG><a name="[160]"></a>dfs_unlock</STRONG> (Thumb, 10 bytes, Stack size 8 bytes, dfs.o(.text))
<BR><BR>[Stack]<UL><LI>Max Depth = 344<LI>Call Chain = dfs_unlock &rArr; rt_mutex_release &rArr; rt_thread_control &rArr; rt_thread_startup &rArr; rt_schedule &rArr; _rt_scheduler_stack_check &rArr; list_thread &rArr; _list_thread &rArr; object_split &rArr; rt_kprintf &rArr; rt_vsnprintf &rArr; print_number
</UL>
<BR>[Calls]<UL><LI><a href="#[161]">&gt;&gt;</a>&nbsp;&nbsp;&nbsp;rt_mutex_release
</UL>
<BR>[Called By]<UL><LI><a href="#[169]">&gt;&gt;</a>&nbsp;&nbsp;&nbsp;dfs_filesystem_lookup
<LI><a href="#[168]">&gt;&gt;</a>&nbsp;&nbsp;&nbsp;fd_is_open
<LI><a href="#[164]">&gt;&gt;</a>&nbsp;&nbsp;&nbsp;fd_put
<LI><a href="#[163]">&gt;&gt;</a>&nbsp;&nbsp;&nbsp;fd_get
<LI><a href="#[162]">&gt;&gt;</a>&nbsp;&nbsp;&nbsp;fd_new
<LI><a href="#[c6]">&gt;&gt;</a>&nbsp;&nbsp;&nbsp;dfs_mount
<LI><a href="#[bc]">&gt;&gt;</a>&nbsp;&nbsp;&nbsp;chdir
<LI><a href="#[17c]">&gt;&gt;</a>&nbsp;&nbsp;&nbsp;dfs_mkfs
<LI><a href="#[17b]">&gt;&gt;</a>&nbsp;&nbsp;&nbsp;dfs_unmount
<LI><a href="#[178]">&gt;&gt;</a>&nbsp;&nbsp;&nbsp;dfs_filesystem_get_mounted_path
<LI><a href="#[177]">&gt;&gt;</a>&nbsp;&nbsp;&nbsp;dfs_register
</UL>

<P><STRONG><a name="[162]"></a>fd_new</STRONG> (Thumb, 62 bytes, Stack size 16 bytes, dfs.o(.text))
<BR><BR>[Stack]<UL><LI>Max Depth = 360<LI>Call Chain = fd_new &rArr; dfs_unlock &rArr; rt_mutex_release &rArr; rt_thread_control &rArr; rt_thread_startup &rArr; rt_schedule &rArr; _rt_scheduler_stack_check &rArr; list_thread &rArr; _list_thread &rArr; object_split &rArr; rt_kprintf &rArr; rt_vsnprintf &rArr; print_number
</UL>
<BR>[Calls]<UL><LI><a href="#[160]">&gt;&gt;</a>&nbsp;&nbsp;&nbsp;dfs_unlock
<LI><a href="#[15e]">&gt;&gt;</a>&nbsp;&nbsp;&nbsp;dfs_lock
</UL>
<BR>[Called By]<UL><LI><a href="#[18e]">&gt;&gt;</a>&nbsp;&nbsp;&nbsp;opendir
<LI><a href="#[17e]">&gt;&gt;</a>&nbsp;&nbsp;&nbsp;open
<LI><a href="#[bb]">&gt;&gt;</a>&nbsp;&nbsp;&nbsp;mkdir
</UL>

<P><STRONG><a name="[163]"></a>fd_get</STRONG> (Thumb, 58 bytes, Stack size 16 bytes, dfs.o(.text))
<BR><BR>[Stack]<UL><LI>Max Depth = 360<LI>Call Chain = fd_get &rArr; dfs_unlock &rArr; rt_mutex_release &rArr; rt_thread_control &rArr; rt_thread_startup &rArr; rt_schedule &rArr; _rt_scheduler_stack_check &rArr; list_thread &rArr; _list_thread &rArr; object_split &rArr; rt_kprintf &rArr; rt_vsnprintf &rArr; print_number
</UL>
<BR>[Calls]<UL><LI><a href="#[160]">&gt;&gt;</a>&nbsp;&nbsp;&nbsp;dfs_unlock
<LI><a href="#[15e]">&gt;&gt;</a>&nbsp;&nbsp;&nbsp;dfs_lock
</UL>
<BR>[Called By]<UL><LI><a href="#[193]">&gt;&gt;</a>&nbsp;&nbsp;&nbsp;closedir
<LI><a href="#[192]">&gt;&gt;</a>&nbsp;&nbsp;&nbsp;rewinddir
<LI><a href="#[191]">&gt;&gt;</a>&nbsp;&nbsp;&nbsp;seekdir
<LI><a href="#[190]">&gt;&gt;</a>&nbsp;&nbsp;&nbsp;telldir
<LI><a href="#[18f]">&gt;&gt;</a>&nbsp;&nbsp;&nbsp;readdir
<LI><a href="#[18e]">&gt;&gt;</a>&nbsp;&nbsp;&nbsp;opendir
<LI><a href="#[18a]">&gt;&gt;</a>&nbsp;&nbsp;&nbsp;ioctl
<LI><a href="#[188]">&gt;&gt;</a>&nbsp;&nbsp;&nbsp;fsync
<LI><a href="#[187]">&gt;&gt;</a>&nbsp;&nbsp;&nbsp;fstat
<LI><a href="#[182]">&gt;&gt;</a>&nbsp;&nbsp;&nbsp;lseek
<LI><a href="#[181]">&gt;&gt;</a>&nbsp;&nbsp;&nbsp;write
<LI><a href="#[180]">&gt;&gt;</a>&nbsp;&nbsp;&nbsp;read
<LI><a href="#[17f]">&gt;&gt;</a>&nbsp;&nbsp;&nbsp;close
<LI><a href="#[17e]">&gt;&gt;</a>&nbsp;&nbsp;&nbsp;open
<LI><a href="#[bb]">&gt;&gt;</a>&nbsp;&nbsp;&nbsp;mkdir
</UL>

<P><STRONG><a name="[164]"></a>fd_put</STRONG> (Thumb, 46 bytes, Stack size 8 bytes, dfs.o(.text))
<BR><BR>[Stack]<UL><LI>Max Depth = 352<LI>Call Chain = fd_put &rArr; dfs_unlock &rArr; rt_mutex_release &rArr; rt_thread_control &rArr; rt_thread_startup &rArr; rt_schedule &rArr; _rt_scheduler_stack_check &rArr; list_thread &rArr; _list_thread &rArr; object_split &rArr; rt_kprintf &rArr; rt_vsnprintf &rArr; print_number
</UL>
<BR>[Calls]<UL><LI><a href="#[15c]">&gt;&gt;</a>&nbsp;&nbsp;&nbsp;rt_memset
<LI><a href="#[160]">&gt;&gt;</a>&nbsp;&nbsp;&nbsp;dfs_unlock
<LI><a href="#[15e]">&gt;&gt;</a>&nbsp;&nbsp;&nbsp;dfs_lock
<LI><a href="#[141]">&gt;&gt;</a>&nbsp;&nbsp;&nbsp;rt_assert_handler
</UL>
<BR>[Called By]<UL><LI><a href="#[193]">&gt;&gt;</a>&nbsp;&nbsp;&nbsp;closedir
<LI><a href="#[192]">&gt;&gt;</a>&nbsp;&nbsp;&nbsp;rewinddir
<LI><a href="#[191]">&gt;&gt;</a>&nbsp;&nbsp;&nbsp;seekdir
<LI><a href="#[190]">&gt;&gt;</a>&nbsp;&nbsp;&nbsp;telldir
<LI><a href="#[18f]">&gt;&gt;</a>&nbsp;&nbsp;&nbsp;readdir
<LI><a href="#[18e]">&gt;&gt;</a>&nbsp;&nbsp;&nbsp;opendir
<LI><a href="#[18a]">&gt;&gt;</a>&nbsp;&nbsp;&nbsp;ioctl
<LI><a href="#[188]">&gt;&gt;</a>&nbsp;&nbsp;&nbsp;fsync
<LI><a href="#[187]">&gt;&gt;</a>&nbsp;&nbsp;&nbsp;fstat
<LI><a href="#[182]">&gt;&gt;</a>&nbsp;&nbsp;&nbsp;lseek
<LI><a href="#[181]">&gt;&gt;</a>&nbsp;&nbsp;&nbsp;write
<LI><a href="#[180]">&gt;&gt;</a>&nbsp;&nbsp;&nbsp;read
<LI><a href="#[17f]">&gt;&gt;</a>&nbsp;&nbsp;&nbsp;close
<LI><a href="#[17e]">&gt;&gt;</a>&nbsp;&nbsp;&nbsp;open
<LI><a href="#[bb]">&gt;&gt;</a>&nbsp;&nbsp;&nbsp;mkdir
</UL>

<P><STRONG><a name="[165]"></a>dfs_normalize_path</STRONG> (Thumb, 328 bytes, Stack size 40 bytes, dfs.o(.text))
<BR><BR>[Stack]<UL><LI>Max Depth = 392<LI>Call Chain = dfs_normalize_path &rArr; rt_strdup &rArr; rt_malloc &rArr; rt_sem_take &rArr; rt_schedule &rArr; _rt_scheduler_stack_check &rArr; list_thread &rArr; _list_thread &rArr; object_split &rArr; rt_kprintf &rArr; rt_vsnprintf &rArr; print_number
</UL>
<BR>[Calls]<UL><LI><a href="#[166]">&gt;&gt;</a>&nbsp;&nbsp;&nbsp;rt_snprintf
<LI><a href="#[167]">&gt;&gt;</a>&nbsp;&nbsp;&nbsp;rt_free
<LI><a href="#[141]">&gt;&gt;</a>&nbsp;&nbsp;&nbsp;rt_assert_handler
<LI><a href="#[13b]">&gt;&gt;</a>&nbsp;&nbsp;&nbsp;rt_strdup
<LI><a href="#[13a]">&gt;&gt;</a>&nbsp;&nbsp;&nbsp;rt_malloc
<LI><a href="#[f1]">&gt;&gt;</a>&nbsp;&nbsp;&nbsp;strlen
</UL>
<BR>[Called By]<UL><LI><a href="#[16b]">&gt;&gt;</a>&nbsp;&nbsp;&nbsp;dfs_file_open
<LI><a href="#[174]">&gt;&gt;</a>&nbsp;&nbsp;&nbsp;copydir
<LI><a href="#[168]">&gt;&gt;</a>&nbsp;&nbsp;&nbsp;fd_is_open
<LI><a href="#[c6]">&gt;&gt;</a>&nbsp;&nbsp;&nbsp;dfs_mount
<LI><a href="#[bc]">&gt;&gt;</a>&nbsp;&nbsp;&nbsp;chdir
<LI><a href="#[17b]">&gt;&gt;</a>&nbsp;&nbsp;&nbsp;dfs_unmount
<LI><a href="#[b8]">&gt;&gt;</a>&nbsp;&nbsp;&nbsp;copy
<LI><a href="#[b5]">&gt;&gt;</a>&nbsp;&nbsp;&nbsp;ls
<LI><a href="#[16f]">&gt;&gt;</a>&nbsp;&nbsp;&nbsp;dfs_file_rename
<LI><a href="#[16e]">&gt;&gt;</a>&nbsp;&nbsp;&nbsp;dfs_file_stat
<LI><a href="#[16d]">&gt;&gt;</a>&nbsp;&nbsp;&nbsp;dfs_file_unlink
</UL>

<P><STRONG><a name="[168]"></a>fd_is_open</STRONG> (Thumb, 148 bytes, Stack size 32 bytes, dfs.o(.text))
<BR><BR>[Stack]<UL><LI>Max Depth = 424<LI>Call Chain = fd_is_open &rArr; dfs_normalize_path &rArr; rt_strdup &rArr; rt_malloc &rArr; rt_sem_take &rArr; rt_schedule &rArr; _rt_scheduler_stack_check &rArr; list_thread &rArr; _list_thread &rArr; object_split &rArr; rt_kprintf &rArr; rt_vsnprintf &rArr; print_number
</UL>
<BR>[Calls]<UL><LI><a href="#[167]">&gt;&gt;</a>&nbsp;&nbsp;&nbsp;rt_free
<LI><a href="#[169]">&gt;&gt;</a>&nbsp;&nbsp;&nbsp;dfs_filesystem_lookup
<LI><a href="#[165]">&gt;&gt;</a>&nbsp;&nbsp;&nbsp;dfs_normalize_path
<LI><a href="#[160]">&gt;&gt;</a>&nbsp;&nbsp;&nbsp;dfs_unlock
<LI><a href="#[15e]">&gt;&gt;</a>&nbsp;&nbsp;&nbsp;dfs_lock
<LI><a href="#[133]">&gt;&gt;</a>&nbsp;&nbsp;&nbsp;strcmp
<LI><a href="#[f1]">&gt;&gt;</a>&nbsp;&nbsp;&nbsp;strlen
</UL>
<BR>[Called By]<UL><LI><a href="#[16d]">&gt;&gt;</a>&nbsp;&nbsp;&nbsp;dfs_file_unlink
</UL>

<P><STRONG><a name="[16a]"></a>dfs_subdir</STRONG> (Thumb, 56 bytes, Stack size 24 bytes, dfs.o(.text))
<BR><BR>[Stack]<UL><LI>Max Depth = 24<LI>Call Chain = dfs_subdir
</UL>
<BR>[Calls]<UL><LI><a href="#[f1]">&gt;&gt;</a>&nbsp;&nbsp;&nbsp;strlen
</UL>
<BR>[Called By]<UL><LI><a href="#[16b]">&gt;&gt;</a>&nbsp;&nbsp;&nbsp;dfs_file_open
<LI><a href="#[16f]">&gt;&gt;</a>&nbsp;&nbsp;&nbsp;dfs_file_rename
<LI><a href="#[16e]">&gt;&gt;</a>&nbsp;&nbsp;&nbsp;dfs_file_stat
<LI><a href="#[16d]">&gt;&gt;</a>&nbsp;&nbsp;&nbsp;dfs_file_unlink
</UL>

<P><STRONG><a name="[16b]"></a>dfs_file_open</STRONG> (Thumb, 208 bytes, Stack size 32 bytes, dfs_file.o(.text))
<BR><BR>[Stack]<UL><LI>Max Depth = 424<LI>Call Chain = dfs_file_open &rArr; dfs_normalize_path &rArr; rt_strdup &rArr; rt_malloc &rArr; rt_sem_take &rArr; rt_schedule &rArr; _rt_scheduler_stack_check &rArr; list_thread &rArr; _list_thread &rArr; object_split &rArr; rt_kprintf &rArr; rt_vsnprintf &rArr; print_number
</UL>
<BR>[Calls]<UL><LI><a href="#[167]">&gt;&gt;</a>&nbsp;&nbsp;&nbsp;rt_free
<LI><a href="#[169]">&gt;&gt;</a>&nbsp;&nbsp;&nbsp;dfs_filesystem_lookup
<LI><a href="#[16a]">&gt;&gt;</a>&nbsp;&nbsp;&nbsp;dfs_subdir
<LI><a href="#[165]">&gt;&gt;</a>&nbsp;&nbsp;&nbsp;dfs_normalize_path
<LI><a href="#[13b]">&gt;&gt;</a>&nbsp;&nbsp;&nbsp;rt_strdup
</UL>
<BR>[Called By]<UL><LI><a href="#[174]">&gt;&gt;</a>&nbsp;&nbsp;&nbsp;copydir
<LI><a href="#[172]">&gt;&gt;</a>&nbsp;&nbsp;&nbsp;copyfile
<LI><a href="#[c6]">&gt;&gt;</a>&nbsp;&nbsp;&nbsp;dfs_mount
<LI><a href="#[18e]">&gt;&gt;</a>&nbsp;&nbsp;&nbsp;opendir
<LI><a href="#[17e]">&gt;&gt;</a>&nbsp;&nbsp;&nbsp;open
<LI><a href="#[bb]">&gt;&gt;</a>&nbsp;&nbsp;&nbsp;mkdir
<LI><a href="#[b7]">&gt;&gt;</a>&nbsp;&nbsp;&nbsp;cat
<LI><a href="#[b5]">&gt;&gt;</a>&nbsp;&nbsp;&nbsp;ls
</UL>

<P><STRONG><a name="[16c]"></a>dfs_file_close</STRONG> (Thumb, 50 bytes, Stack size 16 bytes, dfs_file.o(.text))
<BR><BR>[Stack]<UL><LI>Max Depth = 336<LI>Call Chain = dfs_file_close &rArr; rt_free &rArr; rt_sem_take &rArr; rt_schedule &rArr; _rt_scheduler_stack_check &rArr; list_thread &rArr; _list_thread &rArr; object_split &rArr; rt_kprintf &rArr; rt_vsnprintf &rArr; print_number
</UL>
<BR>[Calls]<UL><LI><a href="#[167]">&gt;&gt;</a>&nbsp;&nbsp;&nbsp;rt_free
</UL>
<BR>[Called By]<UL><LI><a href="#[174]">&gt;&gt;</a>&nbsp;&nbsp;&nbsp;copydir
<LI><a href="#[172]">&gt;&gt;</a>&nbsp;&nbsp;&nbsp;copyfile
<LI><a href="#[c6]">&gt;&gt;</a>&nbsp;&nbsp;&nbsp;dfs_mount
<LI><a href="#[193]">&gt;&gt;</a>&nbsp;&nbsp;&nbsp;closedir
<LI><a href="#[18e]">&gt;&gt;</a>&nbsp;&nbsp;&nbsp;opendir
<LI><a href="#[17f]">&gt;&gt;</a>&nbsp;&nbsp;&nbsp;close
<LI><a href="#[bb]">&gt;&gt;</a>&nbsp;&nbsp;&nbsp;mkdir
<LI><a href="#[b7]">&gt;&gt;</a>&nbsp;&nbsp;&nbsp;cat
<LI><a href="#[b5]">&gt;&gt;</a>&nbsp;&nbsp;&nbsp;ls
</UL>

[...]
<LI><a href="#[1fa]">&gt;&gt;</a>&nbsp;&nbsp;&nbsp;rt_thread_resume
<LI><a href="#[1fb]">&gt;&gt;</a>&nbsp;&nbsp;&nbsp;rt_list_isempty
<LI><a href="#[1e5]">&gt;&gt;</a>&nbsp;&nbsp;&nbsp;rt_hw_interrupt_enable
</UL>
<BR>[Called By]<UL><LI><a href="#[221]">&gt;&gt;</a>&nbsp;&nbsp;&nbsp;rt_mq_control
<LI><a href="#[21b]">&gt;&gt;</a>&nbsp;&nbsp;&nbsp;rt_mq_delete
<LI><a href="#[21a]">&gt;&gt;</a>&nbsp;&nbsp;&nbsp;rt_mq_detach
<LI><a href="#[218]">&gt;&gt;</a>&nbsp;&nbsp;&nbsp;rt_mb_control
<LI><a href="#[214]">&gt;&gt;</a>&nbsp;&nbsp;&nbsp;rt_mb_delete
<LI><a href="#[212]">&gt;&gt;</a>&nbsp;&nbsp;&nbsp;rt_mb_detach
<LI><a href="#[20f]">&gt;&gt;</a>&nbsp;&nbsp;&nbsp;rt_event_control
<LI><a href="#[20c]">&gt;&gt;</a>&nbsp;&nbsp;&nbsp;rt_event_delete
<LI><a href="#[20a]">&gt;&gt;</a>&nbsp;&nbsp;&nbsp;rt_event_detach
<LI><a href="#[207]">&gt;&gt;</a>&nbsp;&nbsp;&nbsp;rt_mutex_detach
<LI><a href="#[206]">&gt;&gt;</a>&nbsp;&nbsp;&nbsp;rt_sem_control
<LI><a href="#[200]">&gt;&gt;</a>&nbsp;&nbsp;&nbsp;rt_sem_delete
<LI><a href="#[1fd]">&gt;&gt;</a>&nbsp;&nbsp;&nbsp;rt_sem_detach
<LI><a href="#[1b1]">&gt;&gt;</a>&nbsp;&nbsp;&nbsp;rt_mutex_delete
</UL>

<P><STRONG><a name="[211]"></a>rt_list_init</STRONG> (Thumb, 6 bytes, Stack size 0 bytes, ipc.o(.text))
<BR><BR>[Called By]<UL><LI><a href="#[213]">&gt;&gt;</a>&nbsp;&nbsp;&nbsp;rt_mb_create
<LI><a href="#[210]">&gt;&gt;</a>&nbsp;&nbsp;&nbsp;rt_mb_init
<LI><a href="#[1fc]">&gt;&gt;</a>&nbsp;&nbsp;&nbsp;rt_ipc_object_init
</UL>

<P><STRONG><a name="[1fb]"></a>rt_list_isempty</STRONG> (Thumb, 16 bytes, Stack size 0 bytes, ipc.o(.text))
<BR><BR>[Called By]<UL><LI><a href="#[161]">&gt;&gt;</a>&nbsp;&nbsp;&nbsp;rt_mutex_release
<LI><a href="#[142]">&gt;&gt;</a>&nbsp;&nbsp;&nbsp;rt_sem_release
<LI><a href="#[21f]">&gt;&gt;</a>&nbsp;&nbsp;&nbsp;rt_mq_urgent
<LI><a href="#[21d]">&gt;&gt;</a>&nbsp;&nbsp;&nbsp;rt_mq_send
<LI><a href="#[217]">&gt;&gt;</a>&nbsp;&nbsp;&nbsp;rt_mb_recv
<LI><a href="#[215]">&gt;&gt;</a>&nbsp;&nbsp;&nbsp;rt_mb_send_wait
<LI><a href="#[20d]">&gt;&gt;</a>&nbsp;&nbsp;&nbsp;rt_event_send
<LI><a href="#[1f9]">&gt;&gt;</a>&nbsp;&nbsp;&nbsp;rt_ipc_list_resume_all
</UL>

<P><STRONG><a name="[1fc]"></a>rt_ipc_object_init</STRONG> (Thumb, 16 bytes, Stack size 8 bytes, ipc.o(.text))
<BR><BR>[Stack]<UL><LI>Max Depth = 8<LI>Call Chain = rt_ipc_object_init
</UL>
<BR>[Calls]<UL><LI><a href="#[211]">&gt;&gt;</a>&nbsp;&nbsp;&nbsp;rt_list_init
</UL>
<BR>[Called By]<UL><LI><a href="#[15d]">&gt;&gt;</a>&nbsp;&nbsp;&nbsp;rt_mutex_init
<LI><a href="#[15a]">&gt;&gt;</a>&nbsp;&nbsp;&nbsp;rt_sem_init
<LI><a href="#[21c]">&gt;&gt;</a>&nbsp;&nbsp;&nbsp;rt_mq_create
<LI><a href="#[219]">&gt;&gt;</a>&nbsp;&nbsp;&nbsp;rt_mq_init
<LI><a href="#[213]">&gt;&gt;</a>&nbsp;&nbsp;&nbsp;rt_mb_create
<LI><a href="#[210]">&gt;&gt;</a>&nbsp;&nbsp;&nbsp;rt_mb_init
<LI><a href="#[20b]">&gt;&gt;</a>&nbsp;&nbsp;&nbsp;rt_event_create
<LI><a href="#[209]">&gt;&gt;</a>&nbsp;&nbsp;&nbsp;rt_event_init
<LI><a href="#[1fe]">&gt;&gt;</a>&nbsp;&nbsp;&nbsp;rt_sem_create
<LI><a href="#[1af]">&gt;&gt;</a>&nbsp;&nbsp;&nbsp;rt_mutex_create
</UL>

<P><STRONG><a name="[205]"></a>rt_ipc_list_resume</STRONG> (Thumb, 24 bytes, Stack size 16 bytes, ipc.o(.text))
<BR><BR>[Stack]<UL><LI>Max Depth = 72<LI>Call Chain = rt_ipc_list_resume &rArr; rt_thread_resume &rArr; rt_timer_stop &rArr; rt_assert_handler &rArr;  rt_kprintf (Cycle)
</UL>
<BR>[Calls]<UL><LI><a href="#[1fa]">&gt;&gt;</a>&nbsp;&nbsp;&nbsp;rt_thread_resume
</UL>
<BR>[Called By]<UL><LI><a href="#[161]">&gt;&gt;</a>&nbsp;&nbsp;&nbsp;rt_mutex_release
<LI><a href="#[142]">&gt;&gt;</a>&nbsp;&nbsp;&nbsp;rt_sem_release
<LI><a href="#[21f]">&gt;&gt;</a>&nbsp;&nbsp;&nbsp;rt_mq_urgent
<LI><a href="#[21d]">&gt;&gt;</a>&nbsp;&nbsp;&nbsp;rt_mq_send
<LI><a href="#[217]">&gt;&gt;</a>&nbsp;&nbsp;&nbsp;rt_mb_recv
<LI><a href="#[215]">&gt;&gt;</a>&nbsp;&nbsp;&nbsp;rt_mb_send_wait
</UL>

<P><STRONG><a name="[22a]"></a>print_number</STRONG> (Thumb, 400 bytes, Stack size 56 bytes, kservice.o(.text))
<BR><BR>[Stack]<UL><LI>Max Depth = 56<LI>Call Chain = print_number
</UL>
<BR>[Called By]<UL><LI><a href="#[228]">&gt;&gt;</a>&nbsp;&nbsp;&nbsp;rt_vsnprintf
</UL>

<P><STRONG><a name="[229]"></a>skip_atoi</STRONG> (Thumb, 38 bytes, Stack size 0 bytes, kservice.o(.text))
<BR><BR>[Called By]<UL><LI><a href="#[228]">&gt;&gt;</a>&nbsp;&nbsp;&nbsp;rt_vsnprintf
</UL>

<P><STRONG><a name="[232]"></a>plug_holes</STRONG> (Thumb, 160 bytes, Stack size 16 bytes, mem.o(.text))
<BR><BR>[Stack]<UL><LI>Max Depth = 40<LI>Call Chain = plug_holes &rArr; rt_assert_handler &rArr;  rt_kprintf (Cycle)
</UL>
<BR>[Calls]<UL><LI><a href="#[141]">&gt;&gt;</a>&nbsp;&nbsp;&nbsp;rt_assert_handler
</UL>
<BR>[Called By]<UL><LI><a href="#[167]">&gt;&gt;</a>&nbsp;&nbsp;&nbsp;rt_free
<LI><a href="#[233]">&gt;&gt;</a>&nbsp;&nbsp;&nbsp;rt_realloc
</UL>

<P><STRONG><a name="[236]"></a>rt_list_init</STRONG> (Thumb, 6 bytes, Stack size 0 bytes, mempool.o(.text))
<BR><BR>[Called By]<UL><LI><a href="#[239]">&gt;&gt;</a>&nbsp;&nbsp;&nbsp;rt_mp_create
<LI><a href="#[235]">&gt;&gt;</a>&nbsp;&nbsp;&nbsp;rt_mp_init
</UL>

<P><STRONG><a name="[238]"></a>rt_list_isempty</STRONG> (Thumb, 16 bytes, Stack size 0 bytes, mempool.o(.text), UNUSED)
<BR><BR>[Called By]<UL><LI><a href="#[23a]">&gt;&gt;</a>&nbsp;&nbsp;&nbsp;rt_mp_delete
<LI><a href="#[237]">&gt;&gt;</a>&nbsp;&nbsp;&nbsp;rt_mp_detach
</UL>

<P><STRONG><a name="[23d]"></a>rt_list_insert_after</STRONG> (Thumb, 14 bytes, Stack size 0 bytes, object.o(.text))
<BR><BR>[Called By]<UL><LI><a href="#[1ff]">&gt;&gt;</a>&nbsp;&nbsp;&nbsp;rt_object_allocate
<LI><a href="#[1ec]">&gt;&gt;</a>&nbsp;&nbsp;&nbsp;rt_object_init
</UL>

<P><STRONG><a name="[23e]"></a>rt_list_remove</STRONG> (Thumb, 18 bytes, Stack size 0 bytes, object.o(.text))
<BR><BR>[Called By]<UL><LI><a href="#[1f5]">&gt;&gt;</a>&nbsp;&nbsp;&nbsp;rt_object_delete
<LI><a href="#[1ee]">&gt;&gt;</a>&nbsp;&nbsp;&nbsp;rt_object_detach
</UL>

<P><STRONG><a name="[240]"></a>_rt_scheduler_stack_check</STRONG> (Thumb, 90 bytes, Stack size 16 bytes, scheduler.o(.text))
<BR><BR>[Stack]<UL><LI>Max Depth = 248<LI>Call Chain = _rt_scheduler_stack_check &rArr; list_thread &rArr; _list_thread &rArr; object_split &rArr; rt_kprintf &rArr; rt_vsnprintf &rArr; print_number
</UL>
<BR>[Calls]<UL><LI><a href="#[141]">&gt;&gt;</a>&nbsp;&nbsp;&nbsp;rt_assert_handler
<LI><a href="#[aa]">&gt;&gt;</a>&nbsp;&nbsp;&nbsp;list_thread
<LI><a href="#[d9]">&gt;&gt;</a>&nbsp;&nbsp;&nbsp;rt_hw_interrupt_disable
<LI><a href="#[c7]">&gt;&gt;</a>&nbsp;&nbsp;&nbsp;rt_kprintf
</UL>
<BR>[Called By]<UL><LI><a href="#[203]">&gt;&gt;</a>&nbsp;&nbsp;&nbsp;rt_schedule
</UL>

<P><STRONG><a name="[241]"></a>rt_list_init</STRONG> (Thumb, 6 bytes, Stack size 0 bytes, scheduler.o(.text))
<BR><BR>[Called By]<UL><LI><a href="#[d2]">&gt;&gt;</a>&nbsp;&nbsp;&nbsp;rt_system_scheduler_init
</UL>

<P><STRONG><a name="[24a]"></a>rt_list_insert_after</STRONG> (Thumb, 14 bytes, Stack size 0 bytes, thread.o(.text))
<BR><BR>[Called By]<UL><LI><a href="#[252]">&gt;&gt;</a>&nbsp;&nbsp;&nbsp;rt_thread_delete
<LI><a href="#[251]">&gt;&gt;</a>&nbsp;&nbsp;&nbsp;rt_thread_detach
<LI><a href="#[248]">&gt;&gt;</a>&nbsp;&nbsp;&nbsp;rt_thread_exit
</UL>

<P><STRONG><a name="[24c]"></a>rt_list_remove</STRONG> (Thumb, 18 bytes, Stack size 0 bytes, thread.o(.text))
<BR><BR>[Called By]<UL><LI><a href="#[24b]">&gt;&gt;</a>&nbsp;&nbsp;&nbsp;rt_thread_timeout
<LI><a href="#[1fa]">&gt;&gt;</a>&nbsp;&nbsp;&nbsp;rt_thread_resume
<LI><a href="#[1e8]">&gt;&gt;</a>&nbsp;&nbsp;&nbsp;rt_thread_yield
</UL>

<P><STRONG><a name="[24d]"></a>_rt_thread_init</STRONG> (Thumb, 158 bytes, Stack size 48 bytes, thread.o(.text))
<BR><BR>[Stack]<UL><LI>Max Depth = 120<LI>Call Chain = _rt_thread_init &rArr; rt_timer_init &rArr; rt_object_init &rArr; rt_strncpy
</UL>
<BR>[Calls]<UL><LI><a href="#[15c]">&gt;&gt;</a>&nbsp;&nbsp;&nbsp;rt_memset
<LI><a href="#[141]">&gt;&gt;</a>&nbsp;&nbsp;&nbsp;rt_assert_handler
<LI><a href="#[24f]">&gt;&gt;</a>&nbsp;&nbsp;&nbsp;rt_timer_init
<LI><a href="#[24e]">&gt;&gt;</a>&nbsp;&nbsp;&nbsp;rt_hw_stack_init
</UL>
<BR>[Called By]<UL><LI><a href="#[15b]">&gt;&gt;</a>&nbsp;&nbsp;&nbsp;rt_thread_init
<LI><a href="#[c9]">&gt;&gt;</a>&nbsp;&nbsp;&nbsp;rt_thread_create
</UL>

<P><STRONG><a name="[25d]"></a>rt_list_insert_after</STRONG> (Thumb, 14 bytes, Stack size 0 bytes, timer.o(.text))
<BR><BR>[Called By]<UL><LI><a href="#[202]">&gt;&gt;</a>&nbsp;&nbsp;&nbsp;rt_timer_start
</UL>

<P><STRONG><a name="[256]"></a>_rt_timer_init</STRONG> (Thumb, 66 bytes, Stack size 32 bytes, timer.o(.text))
<BR><BR>[Stack]<UL><LI>Max Depth = 32<LI>Call Chain = _rt_timer_init
</UL>
<BR>[Calls]<UL><LI><a href="#[257]">&gt;&gt;</a>&nbsp;&nbsp;&nbsp;rt_list_init
</UL>
<BR>[Called By]<UL><LI><a href="#[25b]">&gt;&gt;</a>&nbsp;&nbsp;&nbsp;rt_timer_create
<LI><a href="#[24f]">&gt;&gt;</a>&nbsp;&nbsp;&nbsp;rt_timer_init
</UL>

<P><STRONG><a name="[258]"></a>rt_timer_list_next_timeout</STRONG> (Thumb, 28 bytes, Stack size 16 bytes, timer.o(.text), UNUSED)
<BR><BR>[Calls]<UL><LI><a href="#[259]">&gt;&gt;</a>&nbsp;&nbsp;&nbsp;rt_list_isempty
</UL>
<BR>[Called By]<UL><LI><a href="#[25e]">&gt;&gt;</a>&nbsp;&nbsp;&nbsp;rt_timer_next_timeout_tick
</UL>

<P><STRONG><a name="[25a]"></a>_rt_timer_remove</STRONG> (Thumb, 46 bytes, Stack size 8 bytes, timer.o(.text))
<BR><BR>[Stack]<UL><LI>Max Depth = 8<LI>Call Chain = _rt_timer_remove
</UL>
<BR>[Called By]<UL><LI><a href="#[25c]">&gt;&gt;</a>&nbsp;&nbsp;&nbsp;rt_timer_delete
<LI><a href="#[250]">&gt;&gt;</a>&nbsp;&nbsp;&nbsp;rt_timer_stop
<LI><a href="#[249]">&gt;&gt;</a>&nbsp;&nbsp;&nbsp;rt_timer_detach
<LI><a href="#[202]">&gt;&gt;</a>&nbsp;&nbsp;&nbsp;rt_timer_start
<LI><a href="#[1e9]">&gt;&gt;</a>&nbsp;&nbsp;&nbsp;rt_timer_check
</UL>

<P><STRONG><a name="[257]"></a>rt_list_init</STRONG> (Thumb, 106 bytes, Stack size 0 bytes, timer.o(.text))
<BR><BR>[Called By]<UL><LI><a href="#[d0]">&gt;&gt;</a>&nbsp;&nbsp;&nbsp;rt_system_timer_init
<LI><a href="#[256]">&gt;&gt;</a>&nbsp;&nbsp;&nbsp;_rt_timer_init
</UL>

<P><STRONG><a name="[259]"></a>rt_list_isempty</STRONG> (Thumb, 16 bytes, Stack size 0 bytes, timer.o(.text))
<BR><BR>[Called By]<UL><LI><a href="#[258]">&gt;&gt;</a>&nbsp;&nbsp;&nbsp;rt_timer_list_next_timeout
<LI><a href="#[1e9]">&gt;&gt;</a>&nbsp;&nbsp;&nbsp;rt_timer_check
</UL>

<P><STRONG><a name="[267]"></a>rt_mktime</STRONG> (Thumb, 100 bytes, Stack size 12 bytes, rtc.o(.text))
<BR><BR>[Stack]<UL><LI>Max Depth = 12<LI>Call Chain = rt_mktime
</UL>
<BR>[Called By]<UL><LI><a href="#[60]">&gt;&gt;</a>&nbsp;&nbsp;&nbsp;rt_rtc_control
</UL>

<P><STRONG><a name="[5e]"></a>rt_rtc_open</STRONG> (Thumb, 6 bytes, Stack size 0 bytes, rtc.o(.text))
<BR>[Address Reference Count : 1]<UL><LI> rtc.o(.text)
</UL>
<P><STRONG><a name="[5f]"></a>rt_rtc_read</STRONG> (Thumb, 8 bytes, Stack size 8 bytes, rtc.o(.text))
<BR><BR>[Stack]<UL><LI>Max Depth = 8<LI>Call Chain = rt_rtc_read
</UL>
<BR>[Address Reference Count : 1]<UL><LI> rtc.o(.text)
</UL>
<P><STRONG><a name="[60]"></a>rt_rtc_control</STRONG> (Thumb, 200 bytes, Stack size 72 bytes, rtc.o(.text))
<BR><BR>[Stack]<UL><LI>Max Depth = 104<LI>Call Chain = rt_rtc_control &rArr; RTC_SetTime &rArr; RTC_WaitForSynchro
</UL>
<BR>[Calls]<UL><LI><a href="#[141]">&gt;&gt;</a>&nbsp;&nbsp;&nbsp;rt_assert_handler
<LI><a href="#[26d]">&gt;&gt;</a>&nbsp;&nbsp;&nbsp;RTC_WriteBackupRegister
<LI><a href="#[26b]">&gt;&gt;</a>&nbsp;&nbsp;&nbsp;RTC_SetTime
<LI><a href="#[26c]">&gt;&gt;</a>&nbsp;&nbsp;&nbsp;RTC_SetDate
<LI><a href="#[265]">&gt;&gt;</a>&nbsp;&nbsp;&nbsp;RTC_GetTime
<LI><a href="#[266]">&gt;&gt;</a>&nbsp;&nbsp;&nbsp;RTC_GetDate
<LI><a href="#[268]">&gt;&gt;</a>&nbsp;&nbsp;&nbsp;RCC_APB1PeriphClockCmd
<LI><a href="#[269]">&gt;&gt;</a>&nbsp;&nbsp;&nbsp;PWR_BackupAccessCmd
<LI><a href="#[267]">&gt;&gt;</a>&nbsp;&nbsp;&nbsp;rt_mktime
<LI><a href="#[26a]">&gt;&gt;</a>&nbsp;&nbsp;&nbsp;localtime
</UL>
<BR>[Called By]<UL><LI><a href="#[bf]">&gt;&gt;</a>&nbsp;&nbsp;&nbsp;set_time
<LI><a href="#[be]">&gt;&gt;</a>&nbsp;&nbsp;&nbsp;set_date
</UL>
<BR>[Address Reference Count : 1]<UL><LI> rtc.o(.text)
</UL>
<P><STRONG><a name="[61]"></a>rt_serial_init</STRONG> (Thumb, 120 bytes, Stack size 16 bytes, serial.o(.text))
<BR><BR>[Stack]<UL><LI>Max Depth = 88<LI>Call Chain = rt_serial_init &rArr; rt_mp_init &rArr; rt_object_init &rArr; rt_strncpy
</UL>
<BR>[Calls]<UL><LI><a href="#[15c]">&gt;&gt;</a>&nbsp;&nbsp;&nbsp;rt_memset
<LI><a href="#[141]">&gt;&gt;</a>&nbsp;&nbsp;&nbsp;rt_assert_handler
<LI><a href="#[235]">&gt;&gt;</a>&nbsp;&nbsp;&nbsp;rt_mp_init
<LI><a href="#[278]">&gt;&gt;</a>&nbsp;&nbsp;&nbsp;USART_Cmd
</UL>
<BR>[Address Reference Count : 1]<UL><LI> serial.o(.text)
</UL>
<P><STRONG><a name="[62]"></a>rt_serial_open</STRONG> (Thumb, 6 bytes, Stack size 0 bytes, serial.o(.text))
<BR>[Address Reference Count : 1]<UL><LI> serial.o(.text)
</UL>
<P><STRONG><a name="[63]"></a>rt_serial_close</STRONG> (Thumb, 6 bytes, Stack size 0 bytes, serial.o(.text))
<BR>[Address Reference Count : 1]<UL><LI> serial.o(.text)
</UL>
<P><STRONG><a name="[64]"></a>rt_serial_read</STRONG> (Thumb, 158 bytes, Stack size 40 bytes, serial.o(.text))
<BR><BR>[Stack]<UL><LI>Max Depth = 56<LI>Call Chain = rt_serial_read &rArr; rt_set_errno
</UL>
<BR>[Calls]<UL><LI><a href="#[d9]">&gt;&gt;</a>&nbsp;&nbsp;&nbsp;rt_hw_interrupt_disable
<LI><a href="#[1e5]">&gt;&gt;</a>&nbsp;&nbsp;&nbsp;rt_hw_interrupt_enable
<LI><a href="#[17a]">&gt;&gt;</a>&nbsp;&nbsp;&nbsp;rt_set_errno
</UL>
<BR>[Address Reference Count : 1]<UL><LI> serial.o(.text)
</UL>
<P><STRONG><a name="[279]"></a>rt_serial_enable_dma</STRONG> (Thumb, 42 bytes, Stack size 16 bytes, serial.o(.text))
<BR><BR>[Stack]<UL><LI>Max Depth = 40<LI>Call Chain = rt_serial_enable_dma &rArr; rt_assert_handler &rArr;  rt_kprintf (Cycle)
</UL>
<BR>[Calls]<UL><LI><a href="#[141]">&gt;&gt;</a>&nbsp;&nbsp;&nbsp;rt_assert_handler
<LI><a href="#[27a]">&gt;&gt;</a>&nbsp;&nbsp;&nbsp;DMA_Cmd
</UL>
<BR>[Called By]<UL><LI><a href="#[65]">&gt;&gt;</a>&nbsp;&nbsp;&nbsp;rt_serial_write
<LI><a href="#[27f]">&gt;&gt;</a>&nbsp;&nbsp;&nbsp;rt_hw_serial_dma_tx_isr
</UL>

<P><STRONG><a name="[65]"></a>rt_serial_write</STRONG> (Thumb, 266 bytes, Stack size 40 bytes, serial.o(.text))
<BR><BR>[Stack]<UL><LI>Max Depth = 352<LI>Call Chain = rt_serial_write &rArr; rt_mp_alloc &rArr; rt_schedule &rArr; _rt_scheduler_stack_check &rArr; list_thread &rArr; _list_thread &rArr; object_split &rArr; rt_kprintf &rArr; rt_vsnprintf &rArr; print_number
</UL>
<BR>[Calls]<UL><LI><a href="#[141]">&gt;&gt;</a>&nbsp;&nbsp;&nbsp;rt_assert_handler
<LI><a href="#[d9]">&gt;&gt;</a>&nbsp;&nbsp;&nbsp;rt_hw_interrupt_disable
<LI><a href="#[279]">&gt;&gt;</a>&nbsp;&nbsp;&nbsp;rt_serial_enable_dma
<LI><a href="#[23b]">&gt;&gt;</a>&nbsp;&nbsp;&nbsp;rt_mp_alloc
<LI><a href="#[1e5]">&gt;&gt;</a>&nbsp;&nbsp;&nbsp;rt_hw_interrupt_enable
<LI><a href="#[17a]">&gt;&gt;</a>&nbsp;&nbsp;&nbsp;rt_set_errno
</UL>
<BR>[Address Reference Count : 1]<UL><LI> serial.o(.text)
</UL>
<P><STRONG><a name="[66]"></a>rt_serial_control</STRONG> (Thumb, 78 bytes, Stack size 24 bytes, serial.o(.text))
<BR><BR>[Stack]<UL><LI>Max Depth = 48<LI>Call Chain = rt_serial_control &rArr; rt_assert_handler &rArr;  rt_kprintf (Cycle)
</UL>
<BR>[Calls]<UL><LI><a href="#[141]">&gt;&gt;</a>&nbsp;&nbsp;&nbsp;rt_assert_handler
<LI><a href="#[278]">&gt;&gt;</a>&nbsp;&nbsp;&nbsp;USART_Cmd
</UL>
<BR>[Address Reference Count : 1]<UL><LI> serial.o(.text)
</UL>
<P><STRONG><a name="[280]"></a>RCC_Configuration</STRONG> (Thumb, 20 bytes, Stack size 8 bytes, usart.o(.text))
<BR><BR>[Stack]<UL><LI>Max Depth = 8<LI>Call Chain = RCC_Configuration
</UL>
<BR>[Calls]<UL><LI><a href="#[282]">&gt;&gt;</a>&nbsp;&nbsp;&nbsp;RCC_APB2PeriphClockCmd
<LI><a href="#[281]">&gt;&gt;</a>&nbsp;&nbsp;&nbsp;RCC_AHB1PeriphClockCmd
</UL>
<BR>[Called By]<UL><LI><a href="#[264]">&gt;&gt;</a>&nbsp;&nbsp;&nbsp;rt_hw_usart_init
</UL>

<P><STRONG><a name="[283]"></a>GPIO_Configuration</STRONG> (Thumb, 60 bytes, Stack size 16 bytes, usart.o(.text))
<BR><BR>[Stack]<UL><LI>Max Depth = 36<LI>Call Chain = GPIO_Configuration &rArr; GPIO_PinAFConfig
</UL>
<BR>[Calls]<UL><LI><a href="#[285]">&gt;&gt;</a>&nbsp;&nbsp;&nbsp;GPIO_PinAFConfig
<LI><a href="#[284]">&gt;&gt;</a>&nbsp;&nbsp;&nbsp;GPIO_Init
</UL>
<BR>[Called By]<UL><LI><a href="#[264]">&gt;&gt;</a>&nbsp;&nbsp;&nbsp;rt_hw_usart_init
</UL>

<P><STRONG><a name="[286]"></a>NVIC_Configuration</STRONG> (Thumb, 32 bytes, Stack size 8 bytes, usart.o(.text))
<BR><BR>[Stack]<UL><LI>Max Depth = 24<LI>Call Chain = NVIC_Configuration &rArr; NVIC_Init
</UL>
<BR>[Calls]<UL><LI><a href="#[287]">&gt;&gt;</a>&nbsp;&nbsp;&nbsp;NVIC_Init
</UL>
<BR>[Called By]<UL><LI><a href="#[264]">&gt;&gt;</a>&nbsp;&nbsp;&nbsp;rt_hw_usart_init
</UL>

<P><STRONG><a name="[28c]"></a>SetSysClock</STRONG> (Thumb, 362 bytes, Stack size 16 bytes, system_stm32f2xx.o(.text))
<BR><BR>[Stack]<UL><LI>Max Depth = 16<LI>Call Chain = SetSysClock
</UL>
<BR>[Called By]<UL><LI><a href="#[67]">&gt;&gt;</a>&nbsp;&nbsp;&nbsp;SystemInit
</UL>

<P><STRONG><a name="[28e]"></a>usage_fault_track</STRONG> (Thumb, 122 bytes, Stack size 8 bytes, cpuport.o(.text))
<BR><BR>[Stack]<UL><LI>Max Depth = 184<LI>Call Chain = usage_fault_track &rArr; rt_kprintf &rArr; rt_vsnprintf &rArr; print_number
</UL>
<BR>[Calls]<UL><LI><a href="#[c7]">&gt;&gt;</a>&nbsp;&nbsp;&nbsp;rt_kprintf
</UL>
<BR>[Called By]<UL><LI><a href="#[291]">&gt;&gt;</a>&nbsp;&nbsp;&nbsp;hard_fault_track
</UL>

<P><STRONG><a name="[28f]"></a>bus_fault_track</STRONG> (Thumb, 144 bytes, Stack size 8 bytes, cpuport.o(.text))
<BR><BR>[Stack]<UL><LI>Max Depth = 184<LI>Call Chain = bus_fault_track &rArr; rt_kprintf &rArr; rt_vsnprintf &rArr; print_number
</UL>
<BR>[Calls]<UL><LI><a href="#[c7]">&gt;&gt;</a>&nbsp;&nbsp;&nbsp;rt_kprintf
</UL>
<BR>[Called By]<UL><LI><a href="#[291]">&gt;&gt;</a>&nbsp;&nbsp;&nbsp;hard_fault_track
</UL>

<P><STRONG><a name="[290]"></a>mem_manage_fault_track</STRONG> (Thumb, 126 bytes, Stack size 8 bytes, cpuport.o(.text))
<BR><BR>[Stack]<UL><LI>Max Depth = 184<LI>Call Chain = mem_manage_fault_track &rArr; rt_kprintf &rArr; rt_vsnprintf &rArr; print_number
</UL>
<BR>[Calls]<UL><LI><a href="#[c7]">&gt;&gt;</a>&nbsp;&nbsp;&nbsp;rt_kprintf
</UL>
<BR>[Called By]<UL><LI><a href="#[291]">&gt;&gt;</a>&nbsp;&nbsp;&nbsp;hard_fault_track
</UL>

<P><STRONG><a name="[291]"></a>hard_fault_track</STRONG> (Thumb, 86 bytes, Stack size 8 bytes, cpuport.o(.text))
<BR><BR>[Stack]<UL><LI>Max Depth = 192<LI>Call Chain = hard_fault_track &rArr; mem_manage_fault_track &rArr; rt_kprintf &rArr; rt_vsnprintf &rArr; print_number
</UL>
<BR>[Calls]<UL><LI><a href="#[c7]">&gt;&gt;</a>&nbsp;&nbsp;&nbsp;rt_kprintf
<LI><a href="#[290]">&gt;&gt;</a>&nbsp;&nbsp;&nbsp;mem_manage_fault_track
<LI><a href="#[28f]">&gt;&gt;</a>&nbsp;&nbsp;&nbsp;bus_fault_track
<LI><a href="#[28e]">&gt;&gt;</a>&nbsp;&nbsp;&nbsp;usage_fault_track
</UL>
<BR>[Called By]<UL><LI><a href="#[28d]">&gt;&gt;</a>&nbsp;&nbsp;&nbsp;rt_hw_hard_fault_exception
</UL>

<P><STRONG><a name="[29d]"></a>RTC_ByteToBcd2</STRONG> (Thumb, 28 bytes, Stack size 0 bytes, stm32f2xx_rtc.o(.text))
<BR><BR>[Called By]<UL><LI><a href="#[26b]">&gt;&gt;</a>&nbsp;&nbsp;&nbsp;RTC_SetTime
<LI><a href="#[26c]">&gt;&gt;</a>&nbsp;&nbsp;&nbsp;RTC_SetDate
<LI><a href="#[29e]">&gt;&gt;</a>&nbsp;&nbsp;&nbsp;RTC_SetAlarm
</UL>

<P><STRONG><a name="[29c]"></a>RTC_Bcd2ToByte</STRONG> (Thumb, 22 bytes, Stack size 0 bytes, stm32f2xx_rtc.o(.text))
<BR><BR>[Called By]<UL><LI><a href="#[26b]">&gt;&gt;</a>&nbsp;&nbsp;&nbsp;RTC_SetTime
<LI><a href="#[26c]">&gt;&gt;</a>&nbsp;&nbsp;&nbsp;RTC_SetDate
<LI><a href="#[265]">&gt;&gt;</a>&nbsp;&nbsp;&nbsp;RTC_GetTime
<LI><a href="#[266]">&gt;&gt;</a>&nbsp;&nbsp;&nbsp;RTC_GetDate
<LI><a href="#[2a2]">&gt;&gt;</a>&nbsp;&nbsp;&nbsp;RTC_GetTimeStamp
<LI><a href="#[29f]">&gt;&gt;</a>&nbsp;&nbsp;&nbsp;RTC_GetAlarm
<LI><a href="#[29e]">&gt;&gt;</a>&nbsp;&nbsp;&nbsp;RTC_SetAlarm
</UL>
<P>
<H3>
Undefined Global Symbols
</H3><HR></body></html>
