Component: ARM Compiler 5.06 update 3 (build 300) Tool: armlink [4d35c9]

==============================================================================

Section Cross References

    system_stm32f2xx.o(i.SystemCoreClockUpdate) refers to system_stm32f2xx.o(.data) for SystemCoreClock
    system_stm32f2xx.o(i.SystemInit) refers to system_stm32f2xx.o(i.SetSysClock) for SetSysClock
    stm32f2xx_adc.o(i.ADC_DeInit) refers to stm32f2xx_rcc.o(i.RCC_APB2PeriphResetCmd) for RCC_APB2PeriphResetCmd
    stm32f2xx_flash.o(i.FLASH_EraseAllSectors) refers to stm32f2xx_flash.o(i.FLASH_WaitForLastOperation) for FLASH_WaitForLastOperation
    stm32f2xx_flash.o(i.FLASH_EraseSector) refers to stm32f2xx_flash.o(i.FLASH_WaitForLastOperation) for FLASH_WaitForLastOperation
    stm32f2xx_flash.o(i.FLASH_OB_Launch) refers to stm32f2xx_flash.o(i.FLASH_WaitForLastOperation) for FLASH_WaitForLastOperation
    stm32f2xx_flash.o(i.FLASH_OB_RDPConfig) refers to stm32f2xx_flash.o(i.FLASH_WaitForLastOperation) for FLASH_WaitForLastOperation
    stm32f2xx_flash.o(i.FLASH_OB_UserConfig) refers to stm32f2xx_flash.o(i.FLASH_WaitForLastOperation) for FLASH_WaitForLastOperation
    stm32f2xx_flash.o(i.FLASH_OB_WRPConfig) refers to stm32f2xx_flash.o(i.FLASH_WaitForLastOperation) for FLASH_WaitForLastOperation
    stm32f2xx_flash.o(i.FLASH_ProgramByte) refers to stm32f2xx_flash.o(i.FLASH_WaitForLastOperation) for FLASH_WaitForLastOperation
    stm32f2xx_flash.o(i.FLASH_ProgramDoubleWord) refers to stm32f2xx_flash.o(i.FLASH_WaitForLastOperation) for FLASH_WaitForLastOperation
    stm32f2xx_flash.o(i.FLASH_ProgramHalfWord) refers to stm32f2xx_flash.o(i.FLASH_WaitForLastOperation) for FLASH_WaitForLastOperation
    stm32f2xx_flash.o(i.FLASH_ProgramWord) refers to stm32f2xx_flash.o(i.FLASH_WaitForLastOperation) for FLASH_WaitForLastOperation
    stm32f2xx_flash.o(i.FLASH_WaitForLastOperation) refers to stm32f2xx_flash.o(i.FLASH_GetStatus) for FLASH_GetStatus
    stm32f2xx_gpio.o(i.GPIO_DeInit) refers to stm32f2xx_rcc.o(i.RCC_AHB1PeriphResetCmd) for RCC_AHB1PeriphResetCmd
    stm32f2xx_pwr.o(i.PWR_DeInit) refers to stm32f2xx_rcc.o(i.RCC_APB1PeriphResetCmd) for RCC_APB1PeriphResetCmd
    stm32f2xx_rcc.o(i.RCC_GetClocksFreq) refers to stm32f2xx_rcc.o(.data) for APBAHBPrescTable
    stm32f2xx_rcc.o(i.RCC_WaitForHSEStartUp) refers to stm32f2xx_rcc.o(i.RCC_GetFlagStatus) for RCC_GetFlagStatus
    stm32f2xx_rtc.o(i.RTC_CoarseCalibCmd) refers to stm32f2xx_rtc.o(i.RTC_EnterInitMode) for RTC_EnterInitMode
    stm32f2xx_rtc.o(i.RTC_CoarseCalibCmd) refers to stm32f2xx_rtc.o(i.RTC_ExitInitMode) for RTC_ExitInitMode
    stm32f2xx_rtc.o(i.RTC_CoarseCalibConfig) refers to stm32f2xx_rtc.o(i.RTC_EnterInitMode) for RTC_EnterInitMode
    stm32f2xx_rtc.o(i.RTC_CoarseCalibConfig) refers to stm32f2xx_rtc.o(i.RTC_ExitInitMode) for RTC_ExitInitMode
    stm32f2xx_rtc.o(i.RTC_DeInit) refers to stm32f2xx_rtc.o(i.RTC_EnterInitMode) for RTC_EnterInitMode
    stm32f2xx_rtc.o(i.RTC_DeInit) refers to stm32f2xx_rtc.o(i.RTC_WaitForSynchro) for RTC_WaitForSynchro
    stm32f2xx_rtc.o(i.RTC_GetAlarm) refers to stm32f2xx_rtc.o(i.RTC_Bcd2ToByte) for RTC_Bcd2ToByte
    stm32f2xx_rtc.o(i.RTC_GetDate) refers to stm32f2xx_rtc.o(i.RTC_Bcd2ToByte) for RTC_Bcd2ToByte
    stm32f2xx_rtc.o(i.RTC_GetTime) refers to stm32f2xx_rtc.o(i.RTC_Bcd2ToByte) for RTC_Bcd2ToByte
    stm32f2xx_rtc.o(i.RTC_GetTimeStamp) refers to stm32f2xx_rtc.o(i.RTC_Bcd2ToByte) for RTC_Bcd2ToByte
    stm32f2xx_rtc.o(i.RTC_Init) refers to stm32f2xx_rtc.o(i.RTC_EnterInitMode) for RTC_EnterInitMode
    stm32f2xx_rtc.o(i.RTC_Init) refers to stm32f2xx_rtc.o(i.RTC_ExitInitMode) for RTC_ExitInitMode
    stm32f2xx_rtc.o(i.RTC_RefClockCmd) refers to stm32f2xx_rtc.o(i.RTC_EnterInitMode) for RTC_EnterInitMode
    stm32f2xx_rtc.o(i.RTC_RefClockCmd) refers to stm32f2xx_rtc.o(i.RTC_ExitInitMode) for RTC_ExitInitMode
    stm32f2xx_rtc.o(i.RTC_SetAlarm) refers to stm32f2xx_rtc.o(i.RTC_Bcd2ToByte) for RTC_Bcd2ToByte
    stm32f2xx_rtc.o(i.RTC_SetAlarm) refers to stm32f2xx_rtc.o(i.RTC_ByteToBcd2) for RTC_ByteToBcd2
    stm32f2xx_rtc.o(i.RTC_SetDate) refers to stm32f2xx_rtc.o(i.RTC_Bcd2ToByte) for RTC_Bcd2ToByte
    stm32f2xx_rtc.o(i.RTC_SetDate) refers to stm32f2xx_rtc.o(i.RTC_ByteToBcd2) for RTC_ByteToBcd2
    stm32f2xx_rtc.o(i.RTC_SetDate) refers to stm32f2xx_rtc.o(i.RTC_EnterInitMode) for RTC_EnterInitMode
    stm32f2xx_rtc.o(i.RTC_SetDate) refers to stm32f2xx_rtc.o(i.RTC_ExitInitMode) for RTC_ExitInitMode
    stm32f2xx_rtc.o(i.RTC_SetDate) refers to stm32f2xx_rtc.o(i.RTC_WaitForSynchro) for RTC_WaitForSynchro
    stm32f2xx_rtc.o(i.RTC_SetTime) refers to stm32f2xx_rtc.o(i.RTC_Bcd2ToByte) for RTC_Bcd2ToByte
    stm32f2xx_rtc.o(i.RTC_SetTime) refers to stm32f2xx_rtc.o(i.RTC_ByteToBcd2) for RTC_ByteToBcd2
    stm32f2xx_rtc.o(i.RTC_SetTime) refers to stm32f2xx_rtc.o(i.RTC_EnterInitMode) for RTC_EnterInitMode
[...]
    0x0800634e   0x0000002c   Code   RO         8941    i.WIDGET_SetState   STemWin532_CM3_OS_Keil.lib(widget.o)
    0x0800637a   0x0000001a   Code   RO         8952    i.WIDGET__GetInsideRect  STemWin532_CM3_OS_Keil.lib(widget.o)
    0x08006394   0x00000010   Code   RO         8956    i.WIDGET__Init      STemWin532_CM3_OS_Keil.lib(widget.o)
    0x080063a4   0x0000010e   Code   RO         8143    i.WINDOW_Callback   STemWin532_CM3_OS_Keil.lib(window.o)
    0x080064b2   0x0000003c   Code   RO         8145    i.WINDOW_CreateIndirect  STemWin532_CM3_OS_Keil.lib(window.o)
    0x080064ee   0x00000002   PAD
    0x080064f0   0x0000006c   Code   RO         8146    i.WINDOW_CreateUser  STemWin532_CM3_OS_Keil.lib(window.o)
    0x0800655c   0x00000010   Code   RO         8158    i.WM_Activate       STemWin532_CM3_OS_Keil.lib(wm.o)
    0x0800656c   0x00000088   Code   RO         9010    i.WM_BringToBottom  STemWin532_CM3_OS_Keil.lib(wm_bringtobottom.o)
    0x080065f4   0x00000016   Code   RO         9483    i.WM_BringToTop     STemWin532_CM3_OS_Keil.lib(wm_bringtotop.o)
    0x0800660a   0x00000002   PAD
    0x0800660c   0x00000150   Code   RO         8160    i.WM_CreateWindowAsChild  STemWin532_CM3_OS_Keil.lib(wm.o)
    0x0800675c   0x00000020   Code   RO         8161    i.WM_Deactivate     STemWin532_CM3_OS_Keil.lib(wm.o)
    0x0800677c   0x00000046   Code   RO         8162    i.WM_DefaultProc    STemWin532_CM3_OS_Keil.lib(wm.o)
    0x080067c2   0x0000002a   Code   RO         9065    i.WM_DeleteTimer    STemWin532_CM3_OS_Keil.lib(wm_timer.o)
    0x080067ec   0x000000f0   Code   RO         8163    i.WM_DeleteWindow   STemWin532_CM3_OS_Keil.lib(wm.o)
    0x080068dc   0x00000090   Code   RO         8164    i.WM_Exec           STemWin532_CM3_OS_Keil.lib(wm.o)
    0x0800696c   0x0000001e   Code   RO         9703    i.WM_ForEachDesc    STemWin532_CM3_OS_Keil.lib(wm_foreachdesc.o)
    0x0800698a   0x00000002   PAD
    0x0800698c   0x0000002c   Code   RO         9016    i.WM_GetClientRect  STemWin532_CM3_OS_Keil.lib(wm_getclientrect.o)
    0x080069b8   0x0000001a   Code   RO         9017    i.WM_GetClientRectEx  STemWin532_CM3_OS_Keil.lib(wm_getclientrect.o)
    0x080069d2   0x00000016   Code   RO         8272    i.WM_GetClientWindow  STemWin532_CM3_OS_Keil.lib(wm_getclientwindow.o)
    0x080069e8   0x00000018   Code   RO         8274    i.WM_GetDesktopWindow  STemWin532_CM3_OS_Keil.lib(wm_getdesktopwindow.o)
    0x08006a00   0x00000022   Code   RO         8276    i.WM_GetDialogItem  STemWin532_CM3_OS_Keil.lib(wm_getdialogitem.o)
    0x08006a22   0x0000001a   Code   RO         9022    i.WM_GetFirstChild  STemWin532_CM3_OS_Keil.lib(wm_getfirstchild.o)
    0x08006a3c   0x00000020   Code   RO         9024    i.WM_GetFocussedWindow  STemWin532_CM3_OS_Keil.lib(wm_getfocussedwindow.o)
    0x08006a5c   0x00000022   Code   RO         9535    i.WM_GetHasTrans    STemWin532_CM3_OS_Keil.lib(wm_settrans.o)
    0x08006a7e   0x0000001a   Code   RO         8280    i.WM_GetId          STemWin532_CM3_OS_Keil.lib(wm_getid.o)
    0x08006a98   0x0000001a   Code   RO         9499    i.WM_GetParent      STemWin532_CM3_OS_Keil.lib(wm_getparent.o)
    0x08006ab2   0x00000020   Code   RO         9493    i.WM_GetWindowOrgX  STemWin532_CM3_OS_Keil.lib(wm_getorg.o)
    0x08006ad2   0x00000002   PAD
    0x08006ad4   0x00000020   Code   RO         9036    i.WM_HasFocus       STemWin532_CM3_OS_Keil.lib(wm_hasfocus.o)
    0x08006af4   0x000000d4   Code   RO         8167    i.WM_Init           STemWin532_CM3_OS_Keil.lib(wm.o)
    0x08006bc8   0x00000080   Code   RO         8168    i.WM_InvalidateRect  STemWin532_CM3_OS_Keil.lib(wm.o)
    0x08006c48   0x00000006   Code   RO         8169    i.WM_InvalidateWindow  STemWin532_CM3_OS_Keil.lib(wm.o)
    0x08006c4e   0x00000034   Code   RO         9060    i.WM_InvalidateWindowAndDescs  STemWin532_CM3_OS_Keil.lib(wm_show.o)
    0x08006c82   0x0000005e   Code   RO         8170    i.WM_InvalidateWindowAndDescsEx  STemWin532_CM3_OS_Keil.lib(wm.o)
    0x08006ce0   0x0000003a   Code   RO         9505    i.WM_IsFocussable   STemWin532_CM3_OS_Keil.lib(wm_isfocussable.o)
    0x08006d1a   0x00000018   Code   RO         8282    i.WM_IsWindow       STemWin532_CM3_OS_Keil.lib(wm_iswindow.o)
    0x08006d32   0x0000001e   Code   RO         9708    i.WM_MoveWindow     STemWin532_CM3_OS_Keil.lib(wm_move.o)
    0x08006d50   0x00000010   Code   RO         9038    i.WM_NotifyParent   STemWin532_CM3_OS_Keil.lib(wm_notifyparent.o)
    0x08006d60   0x00000040   Code   RO         9507    i.WM_OnKey          STemWin532_CM3_OS_Keil.lib(wm_onkey.o)
    0x08006da0   0x000000f4   Code   RO         9514    i.WM_ResizeWindow   STemWin532_CM3_OS_Keil.lib(wm_resizewindow.o)
    0x08006e94   0x00000044   Code   RO         8171    i.WM_SelectWindow   STemWin532_CM3_OS_Keil.lib(wm.o)
    0x08006ed8   0x0000001e   Code   RO         8172    i.WM_SendMessage    STemWin532_CM3_OS_Keil.lib(wm.o)
    0x08006ef6   0x0000001a   Code   RO         9040    i.WM_SendMessageNoPara  STemWin532_CM3_OS_Keil.lib(wm_sendmessagenopara.o)
    0x08006f10   0x00000026   Code   RO         9042    i.WM_SendToParent   STemWin532_CM3_OS_Keil.lib(wm_sendtoparent.o)
    0x08006f36   0x00000002   PAD
    0x08006f38   0x00000010   Code   RO         8284    i.WM_SetCreateFlags  STemWin532_CM3_OS_Keil.lib(wm_setcreateflags.o)
    0x08006f48   0x00000014   Code   RO         8173    i.WM_SetDefault     STemWin532_CM3_OS_Keil.lib(wm.o)
    0x08006f5c   0x000000a8   Code   RO         9044    i.WM_SetFocus       STemWin532_CM3_OS_Keil.lib(wm_setfocus.o)
    0x08007004   0x0000001e   Code   RO         9046    i.WM_SetFocusOnNextChild  STemWin532_CM3_OS_Keil.lib(wm_setfocusonnextchild.o)
    0x08007022   0x00000046   Code   RO         9052    i.WM_SetFocusOnPrevChild  STemWin532_CM3_OS_Keil.lib(wm_setfocusonprevchild.o)
    0x08007068   0x00000048   Code   RO         9056    i.WM_SetSize        STemWin532_CM3_OS_Keil.lib(wm_setsize.o)
    0x080070b0   0x00000020   Code   RO         9058    i.WM_SetUserClipRect  STemWin532_CM3_OS_Keil.lib(wm_setusercliprect.o)
    0x080070d0   0x00000030   Code   RO         9061    i.WM_ShowWindow     STemWin532_CM3_OS_Keil.lib(wm_show.o)
    0x08007100   0x00000048   Code   RO         8174    i.WM__ActivateClipRect  STemWin532_CM3_OS_Keil.lib(wm.o)
    0x08007148   0x00000010   Code   RO         9012    i.WM__AddCriticalHandle  STemWin532_CM3_OS_Keil.lib(wm_criticalhandle.o)
    0x08007158   0x00000010   Code   RO         8175    i.WM__Client2Screen  STemWin532_CM3_OS_Keil.lib(wm.o)
    0x08007168   0x0000004e   Code   RO         8176    i.WM__ClipAtParentBorders  STemWin532_CM3_OS_Keil.lib(wm.o)
    0x080071b6   0x00000052   Code   RO         9068    i.WM__DeleteAssocTimer  STemWin532_CM3_OS_Keil.lib(wm_timer.o)
    0x08007208   0x00000028   Code   RO         8178    i.WM__DetachWindow  STemWin532_CM3_OS_Keil.lib(wm.o)
    0x08007230   0x0000002c   Code   RO         9728    i.WM__ForEachDesc   STemWin532_CM3_OS_Keil.lib(wm__foreachdesc.o)
    0x0800725c   0x00000020   Code   RO         9018    i.WM__GetClientRectEx  STemWin532_CM3_OS_Keil.lib(wm_getclientrect.o)
    0x0800727c   0x00000018   Code   RO         8179    i.WM__GetClientRectWin  STemWin532_CM3_OS_Keil.lib(wm.o)
    0x08007294   0x00000012   Code   RO         9699    i.WM__GetFirstSibling  STemWin532_CM3_OS_Keil.lib(wm__getfirstsibling.o)
    0x080072a6   0x00000002   PAD
    0x080072a8   0x00000028   Code   RO         9469    i.WM__GetFocussedChild  STemWin532_CM3_OS_Keil.lib(wm__getfocussedchild.o)
    0x080072d0   0x00000018   Code   RO         9471    i.WM__GetLastSibling  STemWin532_CM3_OS_Keil.lib(wm__getlastsibling.o)
    0x080072e8   0x00000040   Code   RO         8180    i.WM__GetNextIVR    STemWin532_CM3_OS_Keil.lib(wm.o)
    0x08007328   0x00000024   Code   RO         9473    i.WM__GetPrevSibling  STemWin532_CM3_OS_Keil.lib(wm__getprevsibling.o)
    0x0800734c   0x00000018   Code   RO         8181    i.WM__GetTopLevelLayer  STemWin532_CM3_OS_Keil.lib(wm.o)
    0x08007364   0x0000000e   Code   RO         9028    i.WM__GetWindowSizeX  STemWin532_CM3_OS_Keil.lib(wm_getwindowsize.o)
    0x08007372   0x0000000e   Code   RO         9029    i.WM__GetWindowSizeY  STemWin532_CM3_OS_Keil.lib(wm_getwindowsize.o)
    0x08007380   0x000000f0   Code   RO         8182    i.WM__InitIVRSearch  STemWin532_CM3_OS_Keil.lib(wm.o)
    0x08007470   0x000000a4   Code   RO         8183    i.WM__InsertWindowIntoList  STemWin532_CM3_OS_Keil.lib(wm.o)
    0x08007514   0x00000006   Code   RO         8184    i.WM__Invalidate1Abs  STemWin532_CM3_OS_Keil.lib(wm.o)
    0x0800751a   0x00000002   PAD
    0x0800751c   0x00000054   Code   RO         8185    i.WM__InvalidateDrawAndDescs  STemWin532_CM3_OS_Keil.lib(wm.o)
    0x08007570   0x0000002a   Code   RO         8186    i.WM__InvalidateParent  STemWin532_CM3_OS_Keil.lib(wm.o)
    0x0800759a   0x00000076   Code   RO         8187    i.WM__InvalidateRect  STemWin532_CM3_OS_Keil.lib(wm.o)
    0x08007610   0x00000006   Code   RO         8188    i.WM__InvalidateRectEx  STemWin532_CM3_OS_Keil.lib(wm.o)
    0x08007616   0x00000002   PAD
    0x08007618   0x00000022   Code   RO         9001    i.WM__IsAncestor    STemWin532_CM3_OS_Keil.lib(wm__isancestor.o)
    0x0800763a   0x0000000c   Code   RO         9002    i.WM__IsAncestorOrSelf  STemWin532_CM3_OS_Keil.lib(wm__isancestor.o)
    0x08007646   0x00000022   Code   RO         9701    i.WM__IsChild       STemWin532_CM3_OS_Keil.lib(wm__ischild.o)
    0x08007668   0x00000024   Code   RO         8189    i.WM__IsWindow      STemWin532_CM3_OS_Keil.lib(wm.o)
    0x0800768c   0x0000009a   Code   RO         9710    i.WM__MoveWindow    STemWin532_CM3_OS_Keil.lib(wm_move.o)
    0x08007726   0x00000002   PAD
    0x08007728   0x000000a0   Code   RO         8190    i.WM__Paint         STemWin532_CM3_OS_Keil.lib(wm.o)
    0x080077c8   0x0000008c   Code   RO         8191    i.WM__Paint1        STemWin532_CM3_OS_Keil.lib(wm.o)
    0x08007854   0x00000078   Code   RO         8192    i.WM__PaintWinAndOverlays  STemWin532_CM3_OS_Keil.lib(wm.o)
    0x080078cc   0x00000020   Code   RO         8193    i.WM__RectIsNZ      STemWin532_CM3_OS_Keil.lib(wm.o)
    0x080078ec   0x00000040   Code   RO         8194    i.WM__RemoveWindowFromList  STemWin532_CM3_OS_Keil.lib(wm.o)
    0x0800792c   0x00000014   Code   RO         8195    i.WM__SelectTopLevelLayer  STemWin532_CM3_OS_Keil.lib(wm.o)
    0x08007940   0x0000003c   Code   RO         9007    i.WM__SendMessage   STemWin532_CM3_OS_Keil.lib(wm__sendmessage.o)
    0x0800797c   0x00000026   Code   RO         9479    i.WM__SendMessageNoPara  STemWin532_CM3_OS_Keil.lib(wm__sendmessagenopara.o)
    0x080079a2   0x0000000e   Code   RO         8196    i.WM__SendMsgNoData  STemWin532_CM3_OS_Keil.lib(wm.o)
    0x080079b0   0x000000dc   Code   RO         9481    i.WM__UpdateChildPositions  STemWin532_CM3_OS_Keil.lib(wm__updatechildpositions.o)
    0x08007a8c   0x00000090   Code   RO         7629    i._AddFreeMemory    STemWin532_CM3_OS_Keil.lib(gui_alloc.o)
    0x08007b1c   0x000000b8   Code   RO         7630    i._Alloc            STemWin532_CM3_OS_Keil.lib(gui_alloc.o)
    0x08007bd4   0x00000070   Code   RO         9484    i._BringToTop       STemWin532_CM3_OS_Keil.lib(wm_bringtotop.o)
    0x08007c44   0x00000004   Code   RO         8594    i._CalcSizeOfChar   STemWin532_CM3_OS_Keil.lib(gui_uc_encodenone.o)
    0x08007c48   0x00000048   Code   RO         7774    i._Color2IndexBulk  STemWin532_CM3_OS_Keil.lib(guicc_m565.o)
    0x08007c90   0x0000000e   Code   RO         8617    i._Color2IndexBulk  STemWin532_CM3_OS_Keil.lib(guicc_8888.o)
    0x08007c9e   0x00000002   PAD
    0x08007ca0   0x00000054   Code   RO         9315    i._Color2Index_0    STemWin532_CM3_OS_Keil.lib(guicc_0.o)
    0x08007cf4   0x00000002   Code   RO         8618    i._Color2Index_8888  STemWin532_CM3_OS_Keil.lib(guicc_8888.o)
    0x08007cf6   0x00000002   PAD
    0x08007cf8   0x00000028   Code   RO         7775    i._Color2Index_M565  STemWin532_CM3_OS_Keil.lib(guicc_m565.o)
    0x08007d20   0x0000003e   Code   RO         8893    i._Convert16        STemWin532_CM3_OS_Keil.lib(guidev_writetoactiveopaque.o)
    0x08007d5e   0x0000003e   Code   RO         8894    i._Convert8         STemWin532_CM3_OS_Keil.lib(guidev_writetoactiveopaque.o)
    0x08007d9c   0x00000148   Code   RO         8864    i._CreateStaticDevice  STemWin532_CM3_OS_Keil.lib(guidev_staticdevices.o)
    0x08007ee4   0x00000012   Code   RO         8197    i._DeleteAllChildren  STemWin532_CM3_OS_Keil.lib(wm.o)
    0x08007ef6   0x00000002   PAD
    0x08007ef8   0x00000020   Code   RO         8198    i._DesktopHandle2Index  STemWin532_CM3_OS_Keil.lib(wm.o)
    0x08007f18   0x00000074   Code   RO         8421    i._DispLine         STemWin532_CM3_OS_Keil.lib(gui_charline.o)
    0x08007f8c   0x000001e0   Code   RO         8359    i._Draw             STemWin532_CM3_OS_Keil.lib(gui_bmp.o)
    0x0800816c   0x0000001e   Code   RO         5600    i._DrawBitLine16BPP  guidrv_template.o
    0x0800818a   0x00000002   PAD
    0x0800818c   0x000000f0   Code   RO         5601    i._DrawBitLine1BPP  guidrv_template.o
    0x0800827c   0x00000148   Code   RO         7956    i._DrawBitLine1BPP  STemWin532_CM3_OS_Keil.lib(guidev_16.o)
    0x080083c4   0x0000011c   Code   RO         8801    i._DrawBitLine1BPP  STemWin532_CM3_OS_Keil.lib(guidev_32.o)
    0x080084e0   0x0000016c   Code   RO         5602    i._DrawBitLine2BPP  guidrv_template.o
    0x0800864c   0x000000e0   Code   RO         7957    i._DrawBitLine2BPP  STemWin532_CM3_OS_Keil.lib(guidev_16.o)
    0x0800872c   0x000000e0   Code   RO         8802    i._DrawBitLine2BPP  STemWin532_CM3_OS_Keil.lib(guidev_32.o)
    0x0800880c   0x0000001e   Code   RO         5603    i._DrawBitLine32BPP  guidrv_template.o
    0x0800882a   0x000000a0   Code   RO         8803    i._DrawBitLine32BPP_DDB  STemWin532_CM3_OS_Keil.lib(guidev_32.o)
    0x080088ca   0x00000002   PAD
    0x080088cc   0x0000016c   Code   RO         5604    i._DrawBitLine4BPP  guidrv_template.o
    0x08008a38   0x00000160   Code   RO         7958    i._DrawBitLine4BPP  STemWin532_CM3_OS_Keil.lib(guidev_16.o)
    0x08008b98   0x00000158   Code   RO         8804    i._DrawBitLine4BPP  STemWin532_CM3_OS_Keil.lib(guidev_32.o)
    0x08008cf0   0x000000b0   Code   RO         5605    i._DrawBitLine8BPP  guidrv_template.o
    0x08008da0   0x000000fa   Code   RO         5606    i._DrawBitmap       guidrv_template.o
    0x08008e9a   0x00000002   PAD
    0x08008e9c   0x000002a0   Code   RO         7959    i._DrawBitmap       STemWin532_CM3_OS_Keil.lib(guidev_16.o)
    0x0800913c   0x000002a4   Code   RO         8805    i._DrawBitmap       STemWin532_CM3_OS_Keil.lib(guidev_32.o)
    0x080093e0   0x000000e4   Code   RO         8360    i._DrawBitmap_16bpp  STemWin532_CM3_OS_Keil.lib(gui_bmp.o)
    0x080094c4   0x000000dc   Code   RO         8361    i._DrawBitmap_Pal   STemWin532_CM3_OS_Keil.lib(gui_bmp.o)
    0x080095a0   0x00000100   Code   RO         8362    i._DrawBitmap_RGB   STemWin532_CM3_OS_Keil.lib(gui_bmp.o)
    0x080096a0   0x0000024c   Code   RO         8363    i._DrawBitmap_RLE   STemWin532_CM3_OS_Keil.lib(gui_bmp.o)
    0x080098ec   0x00000010   Code   RO         9456    i._DrawDown         STemWin532_CM3_OS_Keil.lib(widget_effect_simple.o)
    0x080098fc   0x00000038   Code   RO         9457    i._DrawDownRect     STemWin532_CM3_OS_Keil.lib(widget_effect_simple.o)
    0x08009934   0x00000048   Code   RO         5607    i._DrawHLine        guidrv_template.o
    0x0800997c   0x0000000a   Code   RO         7960    i._DrawHLine        STemWin532_CM3_OS_Keil.lib(guidev_16.o)
    0x08009986   0x0000000a   Code   RO         8806    i._DrawHLine        STemWin532_CM3_OS_Keil.lib(guidev_32.o)
    0x08009990   0x00000020   Code   RO         8094    i._DrawImageAt      STemWin532_CM3_OS_Keil.lib(image_bmp.o)
    0x080099b0   0x00000074   Code   RO         8364    i._DrawLine_RGB     STemWin532_CM3_OS_Keil.lib(gui_bmp.o)
    0x08009a24   0x0000005c   Code   RO         8199    i._DrawNext         STemWin532_CM3_OS_Keil.lib(wm.o)
    0x08009a80   0x00000010   Code   RO         9458    i._DrawUp           STemWin532_CM3_OS_Keil.lib(widget_effect_simple.o)
    0x08009a90   0x00000038   Code   RO         9459    i._DrawUpRect       STemWin532_CM3_OS_Keil.lib(widget_effect_simple.o)
    0x08009ac8   0x00000048   Code   RO         5608    i._DrawVLine        guidrv_template.o
    0x08009b10   0x000000b8   Code   RO         7961    i._DrawVLine        STemWin532_CM3_OS_Keil.lib(guidev_16.o)
    0x08009bc8   0x000000ac   Code   RO         8807    i._DrawVLine        STemWin532_CM3_OS_Keil.lib(guidev_32.o)
    0x08009c74   0x00000006   Code   RO         8595    i._Encode           STemWin532_CM3_OS_Keil.lib(gui_uc_encodenone.o)
    0x08009c7a   0x00000002   PAD
    0x08009c7c   0x00000098   Code   RO         7631    i._EnlargeBlocks    STemWin532_CM3_OS_Keil.lib(gui_alloc.o)
    0x08009d14   0x00000078   Code   RO         8200    i._Exec1Input       STemWin532_CM3_OS_Keil.lib(wm.o)
    0x08009d8c   0x00000074   Code   RO         5609    i._FillRect         guidrv_template.o
    0x08009e00   0x000000ac   Code   RO         7962    i._FillRect         STemWin532_CM3_OS_Keil.lib(guidev_16.o)
    0x08009eac   0x000000a4   Code   RO         8808    i._FillRect         STemWin532_CM3_OS_Keil.lib(guidev_32.o)
    0x08009f50   0x00000148   Code   RO         8201    i._FindNext_IVR     STemWin532_CM3_OS_Keil.lib(wm.o)
    0x0800a098   0x0000007c   Code   RO         8202    i._Findx0           STemWin532_CM3_OS_Keil.lib(wm.o)
    0x0800a114   0x00000072   Code   RO         8203    i._Findx1           STemWin532_CM3_OS_Keil.lib(wm.o)
    0x0800a186   0x000000a6   Code   RO         8204    i._Findy1           STemWin532_CM3_OS_Keil.lib(wm.o)
    0x0800a22c   0x00000004   Code   RO         9443    i._GUI_USAGE_BM_Delete  STemWin532_CM3_OS_Keil.lib(guidev_usagebm.o)
    0x0800a230   0x00000024   Code   RO         8365    i._GetBitfieldsPara  STemWin532_CM3_OS_Keil.lib(gui_bmp.o)
    0x0800a254   0x00000004   Code   RO         8596    i._GetCharCode      STemWin532_CM3_OS_Keil.lib(gui_uc_encodenone.o)
    0x0800a258   0x00000004   Code   RO         8597    i._GetCharSize      STemWin532_CM3_OS_Keil.lib(gui_uc_encodenone.o)
    0x0800a25c   0x0000002e   Code   RO         9547    i._GetCharWrap      STemWin532_CM3_OS_Keil.lib(gui__wrap.o)
    0x0800a28a   0x00000002   PAD
    0x0800a28c   0x000000d0   Code   RO         8366    i._GetClipParam     STemWin532_CM3_OS_Keil.lib(gui_bmp.o)
    0x0800a35c   0x00000014   Code   RO         5610    i._GetDevData       guidrv_template.o
    0x0800a370   0x00000010   Code   RO         7963    i._GetDevData       STemWin532_CM3_OS_Keil.lib(guidev_16.o)
    0x0800a380   0x00000010   Code   RO         8809    i._GetDevData       STemWin532_CM3_OS_Keil.lib(guidev_32.o)
    0x0800a390   0x00000054   Code   RO         5611    i._GetDevFunc       guidrv_template.o
    0x0800a3e4   0x00000010   Code   RO         7964    i._GetDevFunc       STemWin532_CM3_OS_Keil.lib(guidev_16.o)
    0x0800a3f4   0x00000010   Code   RO         8810    i._GetDevFunc       STemWin532_CM3_OS_Keil.lib(guidev_32.o)
    0x0800a404   0x00000050   Code   RO         5612    i._GetDevProp       guidrv_template.o
    0x0800a454   0x0000001e   Code   RO         7826    i._GetDevProp       STemWin532_CM3_OS_Keil.lib(lcd_getex.o)
    0x0800a472   0x00000010   Code   RO         7965    i._GetDevProp       STemWin532_CM3_OS_Keil.lib(guidev_16.o)
    0x0800a482   0x0000000c   Code   RO         8811    i._GetDevProp       STemWin532_CM3_OS_Keil.lib(guidev_32.o)
    0x0800a48e   0x00000040   Code   RO         8277    i._GetDialogItem    STemWin532_CM3_OS_Keil.lib(wm_getdialogitem.o)
    0x0800a4ce   0x000000bc   Code   RO         8367    i._GetEarlyOut      STemWin532_CM3_OS_Keil.lib(gui_bmp.o)
    0x0800a58a   0x00000002   PAD
    0x0800a58c   0x00000098   Code   RO         7495    i._GetImageById     maintask.o
    0x0800a624   0x00000026   Code   RO         8096    i._GetImageSize     STemWin532_CM3_OS_Keil.lib(image_bmp.o)
    0x0800a64a   0x00000052   Code   RO         9316    i._GetIndexMask_0   STemWin532_CM3_OS_Keil.lib(guicc_0.o)
    0x0800a69c   0x00000006   Code   RO         8619    i._GetIndexMask_8888  STemWin532_CM3_OS_Keil.lib(guicc_8888.o)
    0x0800a6a2   0x00000006   Code   RO         7776    i._GetIndexMask_M565  STemWin532_CM3_OS_Keil.lib(guicc_m565.o)
    0x0800a6a8   0x0000001e   Code   RO         7827    i._GetMaxValue      STemWin532_CM3_OS_Keil.lib(lcd_getex.o)
    0x0800a6c6   0x00000002   PAD
    0x0800a6c8   0x0000001c   Code   RO         7632    i._GetMinIndex      STemWin532_CM3_OS_Keil.lib(gui_alloc.o)
    0x0800a6e4   0x00000022   Code   RO         9047    i._GetNextChild     STemWin532_CM3_OS_Keil.lib(wm_setfocusonnextchild.o)
    0x0800a706   0x0000001a   Code   RO         5613    i._GetPixelIndex    guidrv_template.o
    0x0800a720   0x0000000e   Code   RO         7966    i._GetPixelIndex    STemWin532_CM3_OS_Keil.lib(guidev_16.o)
    0x0800a72e   0x0000000e   Code   RO         8812    i._GetPixelIndex    STemWin532_CM3_OS_Keil.lib(guidev_32.o)
    0x0800a73c   0x0000001a   Code   RO         9053    i._GetPrevChild     STemWin532_CM3_OS_Keil.lib(wm_setfocusonprevchild.o)
    0x0800a756   0x0000001a   Code   RO         5614    i._GetRect          guidrv_template.o
    0x0800a770   0x00000030   Code   RO         7967    i._GetRect          STemWin532_CM3_OS_Keil.lib(guidev_16.o)
    0x0800a7a0   0x00000030   Code   RO         8813    i._GetRect          STemWin532_CM3_OS_Keil.lib(guidev_32.o)
    0x0800a7d0   0x0000003c   Code   RO         8530    i._GetTaskNo        STemWin532_CM3_OS_Keil.lib(gui_task.o)
    0x0800a80c   0x00000064   Code   RO         9548    i._GetWordWrap      STemWin532_CM3_OS_Keil.lib(gui__wrap.o)
    0x0800a870   0x00000010   Code   RO         7741    i._GotoX            STemWin532_CM3_OS_Keil.lib(gui_goto.o)
    0x0800a880   0x00000010   Code   RO         7742    i._GotoY            STemWin532_CM3_OS_Keil.lib(gui_goto.o)
    0x0800a890   0x0000001c   Code   RO         8474    i._IncPointer       STemWin532_CM3_OS_Keil.lib(gui_onkey.o)
    0x0800a8ac   0x00000006   Code   RO         8475    i._IncReadPointer   STemWin532_CM3_OS_Keil.lib(gui_onkey.o)
    0x0800a8b2   0x00000064   Code   RO         8368    i._Index2ColorBitfields  STemWin532_CM3_OS_Keil.lib(gui_bmp.o)
    0x0800a916   0x00000002   PAD
    0x0800a918   0x00000058   Code   RO         7777    i._Index2ColorBulk  STemWin532_CM3_OS_Keil.lib(guicc_m565.o)
    0x0800a970   0x0000000e   Code   RO         8620    i._Index2ColorBulk  STemWin532_CM3_OS_Keil.lib(guicc_8888.o)
    0x0800a97e   0x00000020   Code   RO         9317    i._Index2Color_0    STemWin532_CM3_OS_Keil.lib(guicc_0.o)
    0x0800a99e   0x0000001c   Code   RO         5615    i._Init             guidrv_template.o
    0x0800a9ba   0x00000002   PAD
    0x0800a9bc   0x00000074   Code   RO         7689    i._InitContext      STemWin532_CM3_OS_Keil.lib(gui_core.o)
    0x0800aa30   0x0000002c   Code   RO         5616    i._InitOnce         guidrv_template.o
    0x0800aa5c   0x000000a8   Code   RO         7633    i._InitOnce         STemWin532_CM3_OS_Keil.lib(gui_alloc.o)
    0x0800ab04   0x00000080   Code   RO         8205    i._Invalidate1Abs   STemWin532_CM3_OS_Keil.lib(wm.o)
    0x0800ab84   0x00000002   Code   RO         8422    i._Log2VisBuffered  STemWin532_CM3_OS_Keil.lib(gui_charline.o)
    0x0800ab86   0x00000002   PAD
    0x0800ab88   0x00000068   Code   RO         8369    i._ManageBitfields  STemWin532_CM3_OS_Keil.lib(gui_bmp.o)
    0x0800abf0   0x00000008   Code   RO         8838    i._Min              STemWin532_CM3_OS_Keil.lib(guidev_banding.o)
    0x0800abf8   0x0000006e   Code   RO         9711    i._MoveDescendents  STemWin532_CM3_OS_Keil.lib(wm_move.o)
    0x0800ac66   0x00000002   PAD
    0x0800ac68   0x00000024   Code   RO         8370    i._NextPixel_End    STemWin532_CM3_OS_Keil.lib(gui_bmp.o)
    0x0800ac8c   0x00000054   Code   RO         8371    i._NextPixel_FlushBuffer  STemWin532_CM3_OS_Keil.lib(gui_bmp.o)
    0x0800ace0   0x00000020   Code   RO         8372    i._NextPixel_NextLine  STemWin532_CM3_OS_Keil.lib(gui_bmp.o)
    0x0800ad00   0x000000b8   Code   RO         8373    i._NextPixel_SetPixel  STemWin532_CM3_OS_Keil.lib(gui_bmp.o)
    0x0800adb8   0x00000084   Code   RO         8374    i._NextPixel_Start  STemWin532_CM3_OS_Keil.lib(gui_bmp.o)
    0x0800ae3c   0x00000010   Code   RO         5617    i._Off              guidrv_template.o
    0x0800ae4c   0x00000010   Code   RO         5618    i._On               guidrv_template.o
    0x0800ae5c   0x00000034   Code   RO         7634    i._OnExit           STemWin532_CM3_OS_Keil.lib(gui_alloc.o)
    0x0800ae90   0x0000002c   Code   RO         7690    i._OnExit           STemWin532_CM3_OS_Keil.lib(gui_core.o)
    0x0800aebc   0x00000034   Code   RO         8206    i._OnExit           STemWin532_CM3_OS_Keil.lib(wm.o)
    0x0800aef0   0x00000014   Code   RO         8531    i._OnExit           STemWin532_CM3_OS_Keil.lib(gui_task.o)
    0x0800af04   0x00000014   Code   RO         8670    i._OnExit           STemWin532_CM3_OS_Keil.lib(lcd_color.o)
    0x0800af18   0x00000028   Code   RO         9111    i._OnExit           STemWin532_CM3_OS_Keil.lib(gui__alpha.o)
    0x0800af40   0x00000026   Code   RO         8079    i._Paint            STemWin532_CM3_OS_Keil.lib(image.o)
    0x0800af66   0x0000006a   Code   RO         8927    i._Paint            STemWin532_CM3_OS_Keil.lib(text.o)
    0x0800afd0   0x00000024   Code   RO         8207    i._Paint1           STemWin532_CM3_OS_Keil.lib(wm.o)
    0x0800aff4   0x0000008c   Code   RO         8208    i._Paint1Trans      STemWin532_CM3_OS_Keil.lib(wm.o)
    0x0800b080   0x000000c8   Code   RO         8080    i._PaintTiled       STemWin532_CM3_OS_Keil.lib(image.o)
    0x0800b148   0x0000009a   Code   RO         8209    i._PaintTransChildren  STemWin532_CM3_OS_Keil.lib(wm.o)
    0x0800b1e2   0x00000002   PAD
    0x0800b1e4   0x00000040   Code   RO         7635    i._PopFreeBlock     STemWin532_CM3_OS_Keil.lib(gui_alloc.o)
    0x0800b224   0x00000028   Code   RO         7636    i._PushFreeBlock    STemWin532_CM3_OS_Keil.lib(gui_alloc.o)
    0x0800b24c   0x00000034   Code   RO         7637    i._RemoveFreeBlock  STemWin532_CM3_OS_Keil.lib(gui_alloc.o)
    0x0800b280   0x0000005c   Code   RO         8558    i._RemoveFromLinList  STemWin532_CM3_OS_Keil.lib(gui_timer.o)
    0x0800b2dc   0x000000a0   Code   RO         7638    i._RemoveHoles      STemWin532_CM3_OS_Keil.lib(gui_alloc.o)
    0x0800b37c   0x00000020   Code   RO         8640    i._SetBkColor       STemWin532_CM3_OS_Keil.lib(lcd.o)
    0x0800b39c   0x0000004c   Code   RO         8210    i._SetClipRectUserIntersect  STemWin532_CM3_OS_Keil.lib(wm.o)
    0x0800b3e8   0x00000020   Code   RO         8641    i._SetColor         STemWin532_CM3_OS_Keil.lib(lcd.o)
    0x0800b408   0x0000002c   Code   RO         8642    i._SetDrawMode      STemWin532_CM3_OS_Keil.lib(lcd.o)
    0x0800b434   0x00000060   Code   RO         9048    i._SetFocusOnNextChild  STemWin532_CM3_OS_Keil.lib(wm_setfocusonnextchild.o)
    0x0800b494   0x00000020   Code   RO         5619    i._SetLUTEntry      guidrv_template.o
    0x0800b4b4   0x0000001e   Code   RO         5620    i._SetOrg           guidrv_template.o
    0x0800b4d2   0x0000000e   Code   RO         7968    i._SetOrg           STemWin532_CM3_OS_Keil.lib(guidev_16.o)
    0x0800b4e0   0x00000008   Code   RO         8814    i._SetOrg           STemWin532_CM3_OS_Keil.lib(guidev_32.o)
    0x0800b4e8   0x0000001a   Code   RO         5621    i._SetPixelIndex    guidrv_template.o
    0x0800b502   0x00000002   PAD
    0x0800b504   0x00000048   Code   RO         7969    i._SetPixelIndex    STemWin532_CM3_OS_Keil.lib(guidev_16.o)
    0x0800b54c   0x00000048   Code   RO         8815    i._SetPixelIndex    STemWin532_CM3_OS_Keil.lib(guidev_32.o)
    0x0800b594   0x0000003e   Code   RO         5622    i._SetSize          guidrv_template.o
    0x0800b5d2   0x00000026   Code   RO         5623    i._SetVRAMAddr      guidrv_template.o
    0x0800b5f8   0x00000020   Code   RO         5624    i._SetVSize         guidrv_template.o
    0x0800b618   0x000000ea   Code   RO         7639    i._TestRAM          STemWin532_CM3_OS_Keil.lib(gui_alloc.o)
    0x0800b702   0x00000002   PAD
    0x0800b704   0x00000050   Code   RO         8559    i._Unlink           STemWin532_CM3_OS_Keil.lib(gui_timer.o)
    0x0800b754   0x00000028   Code   RO         9549    i._WrapGetNumCharsDisp  STemWin532_CM3_OS_Keil.lib(gui__wrap.o)
    0x0800b77c   0x0000000e   Code   RO         7640    i._WriteTagData     STemWin532_CM3_OS_Keil.lib(gui_alloc.o)
    0x0800b78a   0x00000002   PAD
    0x0800b78c   0x00000340   Code   RO         8895    i._WriteToActiveOpaque_8  STemWin532_CM3_OS_Keil.lib(guidev_writetoactiveopaque.o)
    0x0800bacc   0x00000344   Code   RO         8896    i._WriteToActiveOpaque_HT  STemWin532_CM3_OS_Keil.lib(guidev_writetoactiveopaque.o)
    0x0800be10   0x0000003c   Code   RO         7970    i._XY2PTR           STemWin532_CM3_OS_Keil.lib(guidev_16.o)
    0x0800be4c   0x0000003c   Code   RO         8816    i._XY2PTR           STemWin532_CM3_OS_Keil.lib(guidev_32.o)
    0x0800be88   0x00000030   Code   RO         5625    i._XorPixel         guidrv_template.o
    0x0800beb8   0x00000054   Code   RO         7971    i._XorPixel         STemWin532_CM3_OS_Keil.lib(guidev_16.o)
    0x0800bf0c   0x00000058   Code   RO         8817    i._XorPixel         STemWin532_CM3_OS_Keil.lib(guidev_32.o)
    0x0800bf64   0x00000020   Code   RO         9962    i.__0printf$8       mc_w.l(printf8.o)
    0x0800bf84   0x00000028   Code   RO         9964    i.__0sprintf$8      mc_w.l(printf8.o)
    0x0800bfac   0x0000000e   Code   RO        10058    i.__scatterload_copy  mc_w.l(handlers.o)
    0x0800bfba   0x00000002   Code   RO        10059    i.__scatterload_null  mc_w.l(handlers.o)
    0x0800bfbc   0x0000000e   Code   RO        10060    i.__scatterload_zeroinit  mc_w.l(handlers.o)
    0x0800bfca   0x00000002   PAD
    0x0800bfcc   0x00000050   Code   RO         8211    i._cbBackWin        STemWin532_CM3_OS_Keil.lib(wm.o)
    0x0800c01c   0x0000027c   Code   RO         7496    i._cbDialog         maintask.o
    0x0800c298   0x00000004   Code   RO         9485    i._cbInvalidateOne  STemWin532_CM3_OS_Keil.lib(wm_bringtotop.o)
    0x0800c29c   0x00000044   Code   RO         8212    i._cbPaintMemDev    STemWin532_CM3_OS_Keil.lib(wm.o)
    0x0800c2e0   0x00000410   Code   RO         9969    i._printf_core      mc_w.l(printf8.o)
    0x0800c6f0   0x00000024   Code   RO         9970    i._printf_post_padding  mc_w.l(printf8.o)
    0x0800c714   0x0000002e   Code   RO         9971    i._printf_pre_padding  mc_w.l(printf8.o)
    0x0800c742   0x0000000a   Code   RO         9973    i._sputc            mc_w.l(printf8.o)
    0x0800c74c   0x00000032   Code   RO         6879    i.bsp_ConfigGpioOut  bsp_tim_pwm.o
    0x0800c77e   0x00000002   PAD
    0x0800c780   0x00000070   Code   RO         6880    i.bsp_ConfigTimGpio  bsp_tim_pwm.o
    0x0800c7f0   0x00000012   Code   RO         6215    i.bsp_DelayMS       bsp_dwt.o
    0x0800c802   0x00000002   PAD
    0x0800c804   0x00000030   Code   RO         6216    i.bsp_DelayUS       bsp_dwt.o
    0x0800c834   0x0000009c   Code   RO         6881    i.bsp_GetGpioAfTIMx  bsp_tim_pwm.o
    0x0800c8d0   0x00000034   Code   RO         7347    i.bsp_GetKey        bsp_key.o
    0x0800c904   0x0000008c   Code   RO         6883    i.bsp_GetPinSource  bsp_tim_pwm.o
    0x0800c990   0x00000068   Code   RO         6884    i.bsp_GetRCCofGPIO  bsp_tim_pwm.o
    0x0800c9f8   0x000000cc   Code   RO         6885    i.bsp_GetRCCofTIM   bsp_tim_pwm.o
    0x0800cac4   0x00000032   Code   RO         6161    i.bsp_Init          bsp.o
    0x0800caf6   0x00000002   PAD
    0x0800caf8   0x00000128   Code   RO         7141    i.bsp_InitADC       bsp_adc.o
    0x0800cc20   0x00000028   Code   RO         6217    i.bsp_InitDWT       bsp_dwt.o
    0x0800cc48   0x00000010   Code   RO         7350    i.bsp_InitKey       bsp_key.o
    0x0800cc58   0x00000054   Code   RO         7351    i.bsp_InitKeyEXTI   bsp_key.o
    0x0800ccac   0x0000005c   Code   RO         7352    i.bsp_InitKeyHard   bsp_key.o
    0x0800cd08   0x000000f8   Code   RO         7353    i.bsp_InitKeyVar    bsp_key.o
    0x0800ce00   0x000000cc   Code   RO         6970    i.bsp_InitRTC       bsp_cpu_rtc.o
    0x0800cecc   0x00000010   Code   RO         6266    i.bsp_InitUart      bsp_uart_fifo.o
    0x0800cedc   0x00000020   Code   RO         7354    i.bsp_PutKey        bsp_key.o
    0x0800cefc   0x000000c0   Code   RO         6971    i.bsp_RTC_CalcWeek  bsp_cpu_rtc.o
    0x0800cfbc   0x0000005c   Code   RO         6975    i.bsp_RTC_SetDate   bsp_cpu_rtc.o
    0x0800d018   0x0000003c   Code   RO         6976    i.bsp_RTC_SetTime   bsp_cpu_rtc.o
    0x0800d054   0x00000024   Code   RO         7356    i.bsp_SetLedLight   bsp_key.o
    0x0800d078   0x0000020c   Code   RO         6887    i.bsp_SetTIMOutPWM  bsp_tim_pwm.o
    0x0800d284   0x0000020c   Code   RO         6888    i.bsp_SetTIMOutPWM_N  bsp_tim_pwm.o
    0x0800d490   0x00000308   Code   RO         7357    i.bsp_TouchKeyCodeValueProcess  bsp_key.o
    0x0800d798   0x0000002e   Code   RO         6273    i.comSendBuf        bsp_uart_fifo.o
    0x0800d7c6   0x00000010   Code   RO         6274    i.comSendChar       bsp_uart_fifo.o
    0x0800d7d6   0x00000002   PAD
    0x0800d7d8   0x00000084   Code   RO         4524    i.eTaskGetState     tasks.o
    0x0800d85c   0x0000008a   Code   RO         8643    i.emWin_LCD_Init    STemWin532_CM3_OS_Keil.lib(lcd.o)
    0x0800d8e6   0x00000012   Code   RO         6276    i.fputc             bsp_uart_fifo.o
    0x0800d8f8   0x0000001c   Code   RO         5928    i.main              main.o
    0x0800d914   0x00000098   Code   RO         4526    i.prvAddCurrentTaskToDelayedList  tasks.o
    0x0800d9ac   0x000000b8   Code   RO         4527    i.prvAddNewTaskToReadyList  tasks.o
    0x0800da64   0x00000064   Code   RO         4528    i.prvCheckTasksWaitingTermination  tasks.o
    0x0800dac8   0x0000002a   Code   RO         4369    i.prvCopyDataFromQueue  queue.o
    0x0800daf2   0x0000007c   Code   RO         4370    i.prvCopyDataToQueue  queue.o
    0x0800db6e   0x00000012   Code   RO         4529    i.prvDeleteTCB      tasks.o
    0x0800db80   0x0000007c   Code   RO         4877    i.prvHeapInit       heap_4.o
    0x0800dbfc   0x00000028   Code   RO         4530    i.prvIdleTask       tasks.o
    0x0800dc24   0x0000001c   Code   RO         4371    i.prvInitialiseMutex  queue.o
    0x0800dc40   0x0000002a   Code   RO         4372    i.prvInitialiseNewQueue  queue.o
    0x0800dc6a   0x000000b6   Code   RO         4531    i.prvInitialiseNewTask  tasks.o
    0x0800dd20   0x00000068   Code   RO         4532    i.prvInitialiseTaskLists  tasks.o
    0x0800dd88   0x00000068   Code   RO         4878    i.prvInsertBlockIntoFreeList  heap_4.o
    0x0800ddf0   0x0000001a   Code   RO         4373    i.prvIsQueueEmpty   queue.o
    0x0800de0a   0x0000001e   Code   RO         4374    i.prvIsQueueFull    queue.o
    0x0800de28   0x0000006a   Code   RO         4533    i.prvListTasksWithinSingleList  tasks.o
    0x0800de92   0x00000002   PAD
    0x0800de94   0x00000034   Code   RO         4534    i.prvResetNextTaskUnblockTime  tasks.o
    0x0800dec8   0x00000016   Code   RO         4535    i.prvTaskCheckFreeStackSpace  tasks.o
    0x0800dede   0x00000002   PAD
    0x0800dee0   0x00000040   Code   RO         4940    i.prvTaskExitError  port.o
    0x0800df20   0x0000007e   Code   RO         4375    i.prvUnlockQueue    queue.o
    0x0800df9e   0x0000002a   Code   RO         4537    i.prvWriteNameToBuffer  tasks.o
    0x0800dfc8   0x0000013c   Code   RO         4879    i.pvPortMalloc      heap_4.o
    0x0800e104   0x00000020   Code   RO         4538    i.pvTaskIncrementMutexHeldCount  tasks.o
    0x0800e124   0x00000024   Code   RO         4941    i.pxPortInitialiseStack  port.o
    0x0800e148   0x00000028   Code   RO         4333    i.uxListRemove      list.o
    0x0800e170   0x000000b8   Code   RO         4541    i.uxTaskGetSystemState  tasks.o
    0x0800e228   0x0000001a   Code   RO         4334    i.vListInitialise   list.o
    0x0800e242   0x00000006   Code   RO         4335    i.vListInitialiseItem  list.o
    0x0800e248   0x00000034   Code   RO         4336    i.vListInsert       list.o
    0x0800e27c   0x00000018   Code   RO         4337    i.vListInsertEnd    list.o
    0x0800e294   0x00000054   Code   RO         4943    i.vPortEnterCritical  port.o
    0x0800e2e8   0x0000003c   Code   RO         4944    i.vPortExitCritical  port.o
    0x0800e324   0x00000094   Code   RO         4880    i.vPortFree         heap_4.o
    0x0800e3b8   0x00000014   Code   RO         4945    i.vPortSetupTimerInterrupt  port.o
    0x0800e3cc   0x00000078   Code   RO         4946    i.vPortValidateInterruptPriority  port.o
    0x0800e444   0x0000000c   Code   RO         5929    i.vTaskAdcProc      main.o
    0x0800e450   0x0000005c   Code   RO         4546    i.vTaskDelay        tasks.o
    0x0800e4ac   0x00000010   Code   RO         5930    i.vTaskGUI          main.o
    0x0800e4bc   0x00000078   Code   RO         4550    i.vTaskGetInfo      tasks.o
    0x0800e534   0x000000d4   Code   RO         4551    i.vTaskGetRunTimeStats  tasks.o
    0x0800e608   0x000000e0   Code   RO         4552    i.vTaskList         tasks.o
    0x0800e6e8   0x0000000c   Code   RO         4553    i.vTaskMissedYield  tasks.o
    0x0800e6f4   0x00000038   Code   RO         4555    i.vTaskPlaceOnEventList  tasks.o
    0x0800e72c   0x000000b0   Code   RO         4557    i.vTaskPriorityInherit  tasks.o
    0x0800e7dc   0x00000030   Code   RO         4561    i.vTaskSetTimeOutState  tasks.o
    0x0800e80c   0x00000024   Code   RO         5931    i.vTaskStart        main.o
    0x0800e830   0x00000090   Code   RO         4562    i.vTaskStartScheduler  tasks.o
    0x0800e8c0   0x00000010   Code   RO         4564    i.vTaskSuspendAll   tasks.o
    0x0800e8d0   0x000000cc   Code   RO         4565    i.vTaskSwitchContext  tasks.o
    0x0800e99c   0x000002f8   Code   RO         5932    i.vTaskTaskUserKeyIF  main.o
    0x0800ec94   0x0000000a   Code   RO         5933    i.vTaskTest         main.o
    0x0800ec9e   0x00000002   PAD
    0x0800eca0   0x0000000c   Code   RO         4882    i.xPortGetFreeHeapSize  heap_4.o
    0x0800ecac   0x000000a0   Code   RO         4947    i.xPortStartScheduler  port.o
    0x0800ed4c   0x00000022   Code   RO         4383    i.xQueueCreateMutex  queue.o
    0x0800ed6e   0x00000058   Code   RO         4384    i.xQueueGenericCreate  queue.o
    0x0800edc6   0x00000002   PAD
    0x0800edc8   0x0000019c   Code   RO         4385    i.xQueueGenericReceive  queue.o
    0x0800ef64   0x00000098   Code   RO         4386    i.xQueueGenericReset  queue.o
    0x0800effc   0x00000180   Code   RO         4387    i.xQueueGenericSend  queue.o
    0x0800f17c   0x0000008c   Code   RO         4566    i.xTaskCheckForTimeOut  tasks.o
    0x0800f208   0x00000060   Code   RO         4567    i.xTaskCreate       tasks.o
    0x0800f268   0x0000000c   Code   RO         4570    i.xTaskGetCurrentTaskHandle  tasks.o
    0x0800f274   0x0000000c   Code   RO         4571    i.xTaskGetTickCount  tasks.o
    0x0800f280   0x00000014   Code   RO         4572    i.xTaskGetTickCountFromISR  tasks.o
    0x0800f294   0x00000148   Code   RO         4573    i.xTaskIncrementTick  tasks.o
    0x0800f3dc   0x000000c8   Code   RO         4576    i.xTaskPriorityDisinherit  tasks.o
    0x0800f4a4   0x00000098   Code   RO         4577    i.xTaskRemoveFromEventList  tasks.o
    0x0800f53c   0x00000104   Code   RO         4579    i.xTaskResumeAll    tasks.o
    0x0800f640   0x00000034   Data   RO         5626    .constdata          guidrv_template.o
    0x0800f674   0x00001230   Data   RO         7497    .constdata          maintask.o
    0x080108a4   0x00000008   Data   RO         7692    .constdata          STemWin532_CM3_OS_Keil.lib(gui_core.o)
    0x080108ac   0x00000018   Data   RO         7778    .constdata          STemWin532_CM3_OS_Keil.lib(guicc_m565.o)
    0x080108c4   0x00000518   Data   RO         7921    .constdata          STemWin532_CM3_OS_Keil.lib(f6x8.o)
    0x08010ddc   0x000001c0   Data   RO         7922    .constdata          STemWin532_CM3_OS_Keil.lib(f6x8.o)
    0x08010f9c   0x00000008   Data   RO         7923    .constdata          STemWin532_CM3_OS_Keil.lib(f6x8.o)
    0x08010fa4   0x00000014   Data   RO         7924    .constdata          STemWin532_CM3_OS_Keil.lib(f6x8.o)
    0x08010fb8   0x00000024   Data   RO         7925    .constdata          STemWin532_CM3_OS_Keil.lib(f6x8.o)
    0x08010fdc   0x00000600   Data   RO         7939    .constdata          STemWin532_CM3_OS_Keil.lib(fd24x32.o)
    0x080115dc   0x0000006c   Data   RO         7940    .constdata          STemWin532_CM3_OS_Keil.lib(fd24x32.o)
    0x08011648   0x00000008   Data   RO         7941    .constdata          STemWin532_CM3_OS_Keil.lib(fd24x32.o)
    0x08011650   0x00000014   Data   RO         7942    .constdata          STemWin532_CM3_OS_Keil.lib(fd24x32.o)
    0x08011664   0x00000024   Data   RO         7943    .constdata          STemWin532_CM3_OS_Keil.lib(fd24x32.o)
    0x08011688   0x000000c0   Data   RO         7944    .constdata          STemWin532_CM3_OS_Keil.lib(fd64.o)
    0x08011748   0x00000180   Data   RO         7945    .constdata          STemWin532_CM3_OS_Keil.lib(fd64.o)
    0x080118c8   0x00000180   Data   RO         7946    .constdata          STemWin532_CM3_OS_Keil.lib(fd64.o)
    0x08011a48   0x000000c0   Data   RO         7947    .constdata          STemWin532_CM3_OS_Keil.lib(fd64.o)
    0x08011b08   0x000000c0   Data   RO         7948    .constdata          STemWin532_CM3_OS_Keil.lib(fd64.o)
    0x08011bc8   0x00000f00   Data   RO         7949    .constdata          STemWin532_CM3_OS_Keil.lib(fd64.o)
    0x08012ac8   0x000000c0   Data   RO         7950    .constdata          STemWin532_CM3_OS_Keil.lib(fd64.o)
    0x08012b88   0x00000080   Data   RO         7951    .constdata          STemWin532_CM3_OS_Keil.lib(fd64.o)
    0x08012c08   0x0000000c   Data   RO         7952    .constdata          STemWin532_CM3_OS_Keil.lib(fd64.o)
    0x08012c14   0x0000000c   Data   RO         7953    .constdata          STemWin532_CM3_OS_Keil.lib(fd64.o)
    0x08012c20   0x0000000c   Data   RO         7954    .constdata          STemWin532_CM3_OS_Keil.lib(fd64.o)
    0x08012c2c   0x00000024   Data   RO         7955    .constdata          STemWin532_CM3_OS_Keil.lib(fd64.o)
    0x08012c50   0x00000074   Data   RO         7972    .constdata          STemWin532_CM3_OS_Keil.lib(guidev_16.o)
    0x08012cc4   0x00000020   Data   RO         8295    .constdata          STemWin532_CM3_OS_Keil.lib(gui__divtbl_31_255.o)
    0x08012ce4   0x00000040   Data   RO         8296    .constdata          STemWin532_CM3_OS_Keil.lib(gui__divtbl_63_255.o)
    0x08012d24   0x00000100   Data   RO         8297    .constdata          STemWin532_CM3_OS_Keil.lib(gui__divtbl_255_31.o)
    0x08012e24   0x00000100   Data   RO         8298    .constdata          STemWin532_CM3_OS_Keil.lib(gui__divtbl_255_63.o)
    0x08012f24   0x00000008   Data   RO         8376    .constdata          STemWin532_CM3_OS_Keil.lib(gui_bmp.o)
    0x08012f2c   0x00000010   Data   RO         8598    .constdata          STemWin532_CM3_OS_Keil.lib(gui_uc_encodenone.o)
    0x08012f3c   0x00000018   Data   RO         8621    .constdata          STemWin532_CM3_OS_Keil.lib(guicc_8888.o)
    0x08012f54   0x0000000c   Data   RO         8644    .constdata          STemWin532_CM3_OS_Keil.lib(lcd.o)
    0x08012f60   0x00000100   Data   RO         8679    .constdata          STemWin532_CM3_OS_Keil.lib(lcd_mirror.o)
    0x08013060   0x0000000d   Data   RO         8682    .constdata          STemWin532_CM3_OS_Keil.lib(f13_1.o)
    0x0801306d   0x0000000d   Data   RO         8683    .constdata          STemWin532_CM3_OS_Keil.lib(f13_1.o)
    0x0801307a   0x0000000d   Data   RO         8684    .constdata          STemWin532_CM3_OS_Keil.lib(f13_1.o)
    0x08013087   0x0000000d   Data   RO         8685    .constdata          STemWin532_CM3_OS_Keil.lib(f13_1.o)
    0x08013094   0x0000000d   Data   RO         8686    .constdata          STemWin532_CM3_OS_Keil.lib(f13_1.o)
    0x080130a1   0x0000000d   Data   RO         8687    .constdata          STemWin532_CM3_OS_Keil.lib(f13_1.o)
    0x080130ae   0x0000000d   Data   RO         8688    .constdata          STemWin532_CM3_OS_Keil.lib(f13_1.o)
    0x080130bb   0x0000000d   Data   RO         8689    .constdata          STemWin532_CM3_OS_Keil.lib(f13_1.o)
    0x080130c8   0x0000000d   Data   RO         8690    .constdata          STemWin532_CM3_OS_Keil.lib(f13_1.o)
    0x080130d5   0x0000001a   Data   RO         8691    .constdata          STemWin532_CM3_OS_Keil.lib(f13_1.o)
    0x080130ef   0x0000000d   Data   RO         8692    .constdata          STemWin532_CM3_OS_Keil.lib(f13_1.o)
    0x080130fc   0x0000000d   Data   RO         8693    .constdata          STemWin532_CM3_OS_Keil.lib(f13_1.o)
    0x08013109   0x0000000d   Data   RO         8694    .constdata          STemWin532_CM3_OS_Keil.lib(f13_1.o)
    0x08013116   0x0000000d   Data   RO         8695    .constdata          STemWin532_CM3_OS_Keil.lib(f13_1.o)
    0x08013123   0x0000001a   Data   RO         8696    .constdata          STemWin532_CM3_OS_Keil.lib(f13_1.o)
    0x0801313d   0x0000000d   Data   RO         8697    .constdata          STemWin532_CM3_OS_Keil.lib(f13_1.o)
    0x0801314a   0x0000000d   Data   RO         8698    .constdata          STemWin532_CM3_OS_Keil.lib(f13_1.o)
    0x08013157   0x0000000d   Data   RO         8699    .constdata          STemWin532_CM3_OS_Keil.lib(f13_1.o)
    0x08013164   0x0000000d   Data   RO         8700    .constdata          STemWin532_CM3_OS_Keil.lib(f13_1.o)
    0x08013171   0x0000000d   Data   RO         8701    .constdata          STemWin532_CM3_OS_Keil.lib(f13_1.o)
    0x0801317e   0x0000000d   Data   RO         8702    .constdata          STemWin532_CM3_OS_Keil.lib(f13_1.o)
    0x0801318b   0x0000000d   Data   RO         8703    .constdata          STemWin532_CM3_OS_Keil.lib(f13_1.o)
    0x08013198   0x0000000d   Data   RO         8704    .constdata          STemWin532_CM3_OS_Keil.lib(f13_1.o)
    0x080131a5   0x0000000d   Data   RO         8705    .constdata          STemWin532_CM3_OS_Keil.lib(f13_1.o)
    0x080131b2   0x0000000d   Data   RO         8706    .constdata          STemWin532_CM3_OS_Keil.lib(f13_1.o)
    0x080131bf   0x0000000d   Data   RO         8707    .constdata          STemWin532_CM3_OS_Keil.lib(f13_1.o)
    0x080131cc   0x0000000d   Data   RO         8708    .constdata          STemWin532_CM3_OS_Keil.lib(f13_1.o)
    0x080131d9   0x0000000d   Data   RO         8709    .constdata          STemWin532_CM3_OS_Keil.lib(f13_1.o)
    0x080131e6   0x0000001a   Data   RO         8710    .constdata          STemWin532_CM3_OS_Keil.lib(f13_1.o)
    0x08013200   0x0000001a   Data   RO         8711    .constdata          STemWin532_CM3_OS_Keil.lib(f13_1.o)
    0x0801321a   0x0000001a   Data   RO         8712    .constdata          STemWin532_CM3_OS_Keil.lib(f13_1.o)
    0x08013234   0x0000000d   Data   RO         8713    .constdata          STemWin532_CM3_OS_Keil.lib(f13_1.o)
    0x08013241   0x0000000d   Data   RO         8714    .constdata          STemWin532_CM3_OS_Keil.lib(f13_1.o)
    0x0801324e   0x0000000d   Data   RO         8715    .constdata          STemWin532_CM3_OS_Keil.lib(f13_1.o)
    0x0801325b   0x0000000d   Data   RO         8716    .constdata          STemWin532_CM3_OS_Keil.lib(f13_1.o)
    0x08013268   0x0000000d   Data   RO         8717    .constdata          STemWin532_CM3_OS_Keil.lib(f13_1.o)
    0x08013275   0x0000000d   Data   RO         8718    .constdata          STemWin532_CM3_OS_Keil.lib(f13_1.o)
    0x08013282   0x0000000d   Data   RO         8719    .constdata          STemWin532_CM3_OS_Keil.lib(f13_1.o)
    0x0801328f   0x0000001a   Data   RO         8720    .constdata          STemWin532_CM3_OS_Keil.lib(f13_1.o)
    0x080132a9   0x0000000d   Data   RO         8721    .constdata          STemWin532_CM3_OS_Keil.lib(f13_1.o)
    0x080132b6   0x0000000d   Data   RO         8722    .constdata          STemWin532_CM3_OS_Keil.lib(f13_1.o)
    0x080132c3   0x0000000d   Data   RO         8723    .constdata          STemWin532_CM3_OS_Keil.lib(f13_1.o)
    0x080132d0   0x0000000d   Data   RO         8724    .constdata          STemWin532_CM3_OS_Keil.lib(f13_1.o)
    0x080132dd   0x0000000d   Data   RO         8725    .constdata          STemWin532_CM3_OS_Keil.lib(f13_1.o)
    0x080132ea   0x0000000d   Data   RO         8726    .constdata          STemWin532_CM3_OS_Keil.lib(f13_1.o)
    0x080132f7   0x0000000d   Data   RO         8727    .constdata          STemWin532_CM3_OS_Keil.lib(f13_1.o)
    0x08013304   0x0000000d   Data   RO         8728    .constdata          STemWin532_CM3_OS_Keil.lib(f13_1.o)
    0x08013311   0x0000000d   Data   RO         8729    .constdata          STemWin532_CM3_OS_Keil.lib(f13_1.o)
    0x0801331e   0x0000000d   Data   RO         8730    .constdata          STemWin532_CM3_OS_Keil.lib(f13_1.o)
    0x0801332b   0x0000000d   Data   RO         8731    .constdata          STemWin532_CM3_OS_Keil.lib(f13_1.o)
    0x08013338   0x0000000d   Data   RO         8732    .constdata          STemWin532_CM3_OS_Keil.lib(f13_1.o)
    0x08013345   0x0000000d   Data   RO         8733    .constdata          STemWin532_CM3_OS_Keil.lib(f13_1.o)
    0x08013352   0x0000000d   Data   RO         8734    .constdata          STemWin532_CM3_OS_Keil.lib(f13_1.o)
    0x0801335f   0x0000000d   Data   RO         8735    .constdata          STemWin532_CM3_OS_Keil.lib(f13_1.o)
    0x0801336c   0x0000000d   Data   RO         8736    .constdata          STemWin532_CM3_OS_Keil.lib(f13_1.o)
    0x08013379   0x0000000d   Data   RO         8737    .constdata          STemWin532_CM3_OS_Keil.lib(f13_1.o)
    0x08013386   0x0000000d   Data   RO         8738    .constdata          STemWin532_CM3_OS_Keil.lib(f13_1.o)
    0x08013393   0x0000000d   Data   RO         8739    .constdata          STemWin532_CM3_OS_Keil.lib(f13_1.o)
    0x080133a0   0x0000000d   Data   RO         8740    .constdata          STemWin532_CM3_OS_Keil.lib(f13_1.o)
    0x080133ad   0x0000000d   Data   RO         8741    .constdata          STemWin532_CM3_OS_Keil.lib(f13_1.o)
    0x080133ba   0x0000000d   Data   RO         8742    .constdata          STemWin532_CM3_OS_Keil.lib(f13_1.o)
    0x080133c7   0x0000000d   Data   RO         8743    .constdata          STemWin532_CM3_OS_Keil.lib(f13_1.o)
    0x080133d4   0x0000000d   Data   RO         8744    .constdata          STemWin532_CM3_OS_Keil.lib(f13_1.o)
    0x080133e1   0x0000000d   Data   RO         8745    .constdata          STemWin532_CM3_OS_Keil.lib(f13_1.o)
    0x080133ee   0x0000000d   Data   RO         8746    .constdata          STemWin532_CM3_OS_Keil.lib(f13_1.o)
    0x080133fb   0x0000000d   Data   RO         8747    .constdata          STemWin532_CM3_OS_Keil.lib(f13_1.o)
    0x08013408   0x0000000d   Data   RO         8748    .constdata          STemWin532_CM3_OS_Keil.lib(f13_1.o)
    0x08013415   0x0000000d   Data   RO         8749    .constdata          STemWin532_CM3_OS_Keil.lib(f13_1.o)
    0x08013422   0x0000000d   Data   RO         8750    .constdata          STemWin532_CM3_OS_Keil.lib(f13_1.o)
    0x0801342f   0x0000000d   Data   RO         8751    .constdata          STemWin532_CM3_OS_Keil.lib(f13_1.o)
    0x0801343c   0x0000001a   Data   RO         8752    .constdata          STemWin532_CM3_OS_Keil.lib(f13_1.o)
    0x08013456   0x0000000d   Data   RO         8753    .constdata          STemWin532_CM3_OS_Keil.lib(f13_1.o)
    0x08013463   0x0000000d   Data   RO         8754    .constdata          STemWin532_CM3_OS_Keil.lib(f13_1.o)
    0x08013470   0x0000000d   Data   RO         8755    .constdata          STemWin532_CM3_OS_Keil.lib(f13_1.o)
    0x0801347d   0x0000000d   Data   RO         8756    .constdata          STemWin532_CM3_OS_Keil.lib(f13_1.o)
    0x0801348a   0x0000000d   Data   RO         8757    .constdata          STemWin532_CM3_OS_Keil.lib(f13_1.o)
    0x08013497   0x0000000d   Data   RO         8758    .constdata          STemWin532_CM3_OS_Keil.lib(f13_1.o)
    0x080134a4   0x0000000d   Data   RO         8759    .constdata          STemWin532_CM3_OS_Keil.lib(f13_1.o)
    0x080134b1   0x0000000d   Data   RO         8760    .constdata          STemWin532_CM3_OS_Keil.lib(f13_1.o)
    0x080134be   0x0000000d   Data   RO         8761    .constdata          STemWin532_CM3_OS_Keil.lib(f13_1.o)
    0x080134cb   0x0000000d   Data   RO         8762    .constdata          STemWin532_CM3_OS_Keil.lib(f13_1.o)
    0x080134d8   0x0000000d   Data   RO         8763    .constdata          STemWin532_CM3_OS_Keil.lib(f13_1.o)
    0x080134e5   0x0000000d   Data   RO         8764    .constdata          STemWin532_CM3_OS_Keil.lib(f13_1.o)
    0x080134f2   0x0000000d   Data   RO         8765    .constdata          STemWin532_CM3_OS_Keil.lib(f13_1.o)
    0x080134ff   0x0000000d   Data   RO         8766    .constdata          STemWin532_CM3_OS_Keil.lib(f13_1.o)
    0x0801350c   0x0000000d   Data   RO         8767    .constdata          STemWin532_CM3_OS_Keil.lib(f13_1.o)
    0x08013519   0x0000000d   Data   RO         8768    .constdata          STemWin532_CM3_OS_Keil.lib(f13_1.o)
    0x08013526   0x0000000d   Data   RO         8769    .constdata          STemWin532_CM3_OS_Keil.lib(f13_1.o)
    0x08013533   0x0000000d   Data   RO         8770    .constdata          STemWin532_CM3_OS_Keil.lib(f13_1.o)
    0x08013540   0x0000000d   Data   RO         8771    .constdata          STemWin532_CM3_OS_Keil.lib(f13_1.o)
    0x0801354d   0x0000000d   Data   RO         8772    .constdata          STemWin532_CM3_OS_Keil.lib(f13_1.o)
    0x0801355a   0x0000000d   Data   RO         8773    .constdata          STemWin532_CM3_OS_Keil.lib(f13_1.o)
    0x08013567   0x0000000d   Data   RO         8774    .constdata          STemWin532_CM3_OS_Keil.lib(f13_1.o)
    0x08013574   0x0000000d   Data   RO         8775    .constdata          STemWin532_CM3_OS_Keil.lib(f13_1.o)
    0x08013581   0x0000000d   Data   RO         8776    .constdata          STemWin532_CM3_OS_Keil.lib(f13_1.o)
    0x0801358e   0x0000000d   Data   RO         8777    .constdata          STemWin532_CM3_OS_Keil.lib(f13_1.o)
    0x0801359b   0x00000001   PAD
    0x0801359c   0x00000300   Data   RO         8778    .constdata          STemWin532_CM3_OS_Keil.lib(f13_1.o)
    0x0801389c   0x0000000c   Data   RO         8779    .constdata          STemWin532_CM3_OS_Keil.lib(f13_1.o)
    0x080138a8   0x00000024   Data   RO         8780    .constdata          STemWin532_CM3_OS_Keil.lib(f13_1.o)
    0x080138cc   0x00000074   Data   RO         8818    .constdata          STemWin532_CM3_OS_Keil.lib(guidev_32.o)
    0x08013940   0x00000008   Data   RO         8897    .constdata          STemWin532_CM3_OS_Keil.lib(guidev_writetoactiveopaque.o)
    0x08013948   0x00000018   Data   RO         9318    .constdata          STemWin532_CM3_OS_Keil.lib(guicc_0.o)
    0x08013960   0x0000000d   Data   RO         9332    .constdata          STemWin532_CM3_OS_Keil.lib(f13_ascii.o)
    0x0801396d   0x0000000d   Data   RO         9333    .constdata          STemWin532_CM3_OS_Keil.lib(f13_ascii.o)
    0x0801397a   0x0000000d   Data   RO         9334    .constdata          STemWin532_CM3_OS_Keil.lib(f13_ascii.o)
    0x08013987   0x0000000d   Data   RO         9335    .constdata          STemWin532_CM3_OS_Keil.lib(f13_ascii.o)
    0x08013994   0x0000000d   Data   RO         9336    .constdata          STemWin532_CM3_OS_Keil.lib(f13_ascii.o)
    0x080139a1   0x0000001a   Data   RO         9337    .constdata          STemWin532_CM3_OS_Keil.lib(f13_ascii.o)
    0x080139bb   0x0000000d   Data   RO         9338    .constdata          STemWin532_CM3_OS_Keil.lib(f13_ascii.o)
    0x080139c8   0x0000000d   Data   RO         9339    .constdata          STemWin532_CM3_OS_Keil.lib(f13_ascii.o)
    0x080139d5   0x0000000d   Data   RO         9340    .constdata          STemWin532_CM3_OS_Keil.lib(f13_ascii.o)
    0x080139e2   0x0000000d   Data   RO         9341    .constdata          STemWin532_CM3_OS_Keil.lib(f13_ascii.o)
    0x080139ef   0x0000000d   Data   RO         9342    .constdata          STemWin532_CM3_OS_Keil.lib(f13_ascii.o)
    0x080139fc   0x0000000d   Data   RO         9343    .constdata          STemWin532_CM3_OS_Keil.lib(f13_ascii.o)
    0x08013a09   0x0000000d   Data   RO         9344    .constdata          STemWin532_CM3_OS_Keil.lib(f13_ascii.o)
    0x08013a16   0x0000000d   Data   RO         9345    .constdata          STemWin532_CM3_OS_Keil.lib(f13_ascii.o)
    0x08013a23   0x0000000d   Data   RO         9346    .constdata          STemWin532_CM3_OS_Keil.lib(f13_ascii.o)
    0x08013a30   0x0000000d   Data   RO         9347    .constdata          STemWin532_CM3_OS_Keil.lib(f13_ascii.o)
    0x08013a3d   0x0000000d   Data   RO         9348    .constdata          STemWin532_CM3_OS_Keil.lib(f13_ascii.o)
    0x08013a4a   0x0000000d   Data   RO         9349    .constdata          STemWin532_CM3_OS_Keil.lib(f13_ascii.o)
    0x08013a57   0x0000000d   Data   RO         9350    .constdata          STemWin532_CM3_OS_Keil.lib(f13_ascii.o)
    0x08013a64   0x0000000d   Data   RO         9351    .constdata          STemWin532_CM3_OS_Keil.lib(f13_ascii.o)
    0x08013a71   0x0000000d   Data   RO         9352    .constdata          STemWin532_CM3_OS_Keil.lib(f13_ascii.o)
    0x08013a7e   0x0000000d   Data   RO         9353    .constdata          STemWin532_CM3_OS_Keil.lib(f13_ascii.o)
    0x08013a8b   0x0000000d   Data   RO         9354    .constdata          STemWin532_CM3_OS_Keil.lib(f13_ascii.o)
    0x08013a98   0x0000000d   Data   RO         9355    .constdata          STemWin532_CM3_OS_Keil.lib(f13_ascii.o)
    0x08013aa5   0x0000000d   Data   RO         9356    .constdata          STemWin532_CM3_OS_Keil.lib(f13_ascii.o)
    0x08013ab2   0x0000000d   Data   RO         9357    .constdata          STemWin532_CM3_OS_Keil.lib(f13_ascii.o)
    0x08013abf   0x0000000d   Data   RO         9358    .constdata          STemWin532_CM3_OS_Keil.lib(f13_ascii.o)
    0x08013acc   0x0000000d   Data   RO         9359    .constdata          STemWin532_CM3_OS_Keil.lib(f13_ascii.o)
    0x08013ad9   0x0000000d   Data   RO         9360    .constdata          STemWin532_CM3_OS_Keil.lib(f13_ascii.o)
    0x08013ae6   0x0000000d   Data   RO         9361    .constdata          STemWin532_CM3_OS_Keil.lib(f13_ascii.o)
    0x08013af3   0x0000000d   Data   RO         9362    .constdata          STemWin532_CM3_OS_Keil.lib(f13_ascii.o)
    0x08013b00   0x0000000d   Data   RO         9363    .constdata          STemWin532_CM3_OS_Keil.lib(f13_ascii.o)
    0x08013b0d   0x0000001a   Data   RO         9364    .constdata          STemWin532_CM3_OS_Keil.lib(f13_ascii.o)
    0x08013b27   0x0000000d   Data   RO         9365    .constdata          STemWin532_CM3_OS_Keil.lib(f13_ascii.o)
    0x08013b34   0x0000000d   Data   RO         9366    .constdata          STemWin532_CM3_OS_Keil.lib(f13_ascii.o)
    0x08013b41   0x0000000d   Data   RO         9367    .constdata          STemWin532_CM3_OS_Keil.lib(f13_ascii.o)
    0x08013b4e   0x0000000d   Data   RO         9368    .constdata          STemWin532_CM3_OS_Keil.lib(f13_ascii.o)
    0x08013b5b   0x0000000d   Data   RO         9369    .constdata          STemWin532_CM3_OS_Keil.lib(f13_ascii.o)
    0x08013b68   0x0000000d   Data   RO         9370    .constdata          STemWin532_CM3_OS_Keil.lib(f13_ascii.o)
    0x08013b75   0x0000000d   Data   RO         9371    .constdata          STemWin532_CM3_OS_Keil.lib(f13_ascii.o)
    0x08013b82   0x0000000d   Data   RO         9372    .constdata          STemWin532_CM3_OS_Keil.lib(f13_ascii.o)
    0x08013b8f   0x0000000d   Data   RO         9373    .constdata          STemWin532_CM3_OS_Keil.lib(f13_ascii.o)
    0x08013b9c   0x0000000d   Data   RO         9374    .constdata          STemWin532_CM3_OS_Keil.lib(f13_ascii.o)
    0x08013ba9   0x0000000d   Data   RO         9375    .constdata          STemWin532_CM3_OS_Keil.lib(f13_ascii.o)
    0x08013bb6   0x0000000d   Data   RO         9376    .constdata          STemWin532_CM3_OS_Keil.lib(f13_ascii.o)
    0x08013bc3   0x0000000d   Data   RO         9377    .constdata          STemWin532_CM3_OS_Keil.lib(f13_ascii.o)
    0x08013bd0   0x0000000d   Data   RO         9378    .constdata          STemWin532_CM3_OS_Keil.lib(f13_ascii.o)
    0x08013bdd   0x0000000d   Data   RO         9379    .constdata          STemWin532_CM3_OS_Keil.lib(f13_ascii.o)
    0x08013bea   0x0000000d   Data   RO         9380    .constdata          STemWin532_CM3_OS_Keil.lib(f13_ascii.o)
    0x08013bf7   0x0000000d   Data   RO         9381    .constdata          STemWin532_CM3_OS_Keil.lib(f13_ascii.o)
    0x08013c04   0x0000000d   Data   RO         9382    .constdata          STemWin532_CM3_OS_Keil.lib(f13_ascii.o)
    0x08013c11   0x0000000d   Data   RO         9383    .constdata          STemWin532_CM3_OS_Keil.lib(f13_ascii.o)
    0x08013c1e   0x0000000d   Data   RO         9384    .constdata          STemWin532_CM3_OS_Keil.lib(f13_ascii.o)
    0x08013c2b   0x0000000d   Data   RO         9385    .constdata          STemWin532_CM3_OS_Keil.lib(f13_ascii.o)
    0x08013c38   0x0000000d   Data   RO         9386    .constdata          STemWin532_CM3_OS_Keil.lib(f13_ascii.o)
    0x08013c45   0x0000001a   Data   RO         9387    .constdata          STemWin532_CM3_OS_Keil.lib(f13_ascii.o)
    0x08013c5f   0x0000000d   Data   RO         9388    .constdata          STemWin532_CM3_OS_Keil.lib(f13_ascii.o)
    0x08013c6c   0x0000000d   Data   RO         9389    .constdata          STemWin532_CM3_OS_Keil.lib(f13_ascii.o)
    0x08013c79   0x0000000d   Data   RO         9390    .constdata          STemWin532_CM3_OS_Keil.lib(f13_ascii.o)
    0x08013c86   0x0000000d   Data   RO         9391    .constdata          STemWin532_CM3_OS_Keil.lib(f13_ascii.o)
    0x08013c93   0x0000000d   Data   RO         9392    .constdata          STemWin532_CM3_OS_Keil.lib(f13_ascii.o)
    0x08013ca0   0x0000000d   Data   RO         9393    .constdata          STemWin532_CM3_OS_Keil.lib(f13_ascii.o)
    0x08013cad   0x0000000d   Data   RO         9394    .constdata          STemWin532_CM3_OS_Keil.lib(f13_ascii.o)
    0x08013cba   0x0000000d   Data   RO         9395    .constdata          STemWin532_CM3_OS_Keil.lib(f13_ascii.o)
    0x08013cc7   0x0000000d   Data   RO         9396    .constdata          STemWin532_CM3_OS_Keil.lib(f13_ascii.o)
    0x08013cd4   0x0000000d   Data   RO         9397    .constdata          STemWin532_CM3_OS_Keil.lib(f13_ascii.o)
    0x08013ce1   0x0000000d   Data   RO         9398    .constdata          STemWin532_CM3_OS_Keil.lib(f13_ascii.o)
    0x08013cee   0x0000000d   Data   RO         9399    .constdata          STemWin532_CM3_OS_Keil.lib(f13_ascii.o)
    0x08013cfb   0x0000000d   Data   RO         9400    .constdata          STemWin532_CM3_OS_Keil.lib(f13_ascii.o)
    0x08013d08   0x0000000d   Data   RO         9401    .constdata          STemWin532_CM3_OS_Keil.lib(f13_ascii.o)
    0x08013d15   0x0000000d   Data   RO         9402    .constdata          STemWin532_CM3_OS_Keil.lib(f13_ascii.o)
    0x08013d22   0x0000000d   Data   RO         9403    .constdata          STemWin532_CM3_OS_Keil.lib(f13_ascii.o)
    0x08013d2f   0x0000000d   Data   RO         9404    .constdata          STemWin532_CM3_OS_Keil.lib(f13_ascii.o)
    0x08013d3c   0x0000000d   Data   RO         9405    .constdata          STemWin532_CM3_OS_Keil.lib(f13_ascii.o)
    0x08013d49   0x0000000d   Data   RO         9406    .constdata          STemWin532_CM3_OS_Keil.lib(f13_ascii.o)
    0x08013d56   0x0000000d   Data   RO         9407    .constdata          STemWin532_CM3_OS_Keil.lib(f13_ascii.o)
    0x08013d63   0x0000000d   Data   RO         9408    .constdata          STemWin532_CM3_OS_Keil.lib(f13_ascii.o)
    0x08013d70   0x0000000d   Data   RO         9409    .constdata          STemWin532_CM3_OS_Keil.lib(f13_ascii.o)
    0x08013d7d   0x0000000d   Data   RO         9410    .constdata          STemWin532_CM3_OS_Keil.lib(f13_ascii.o)
    0x08013d8a   0x0000000d   Data   RO         9411    .constdata          STemWin532_CM3_OS_Keil.lib(f13_ascii.o)
    0x08013d97   0x0000000d   Data   RO         9412    .constdata          STemWin532_CM3_OS_Keil.lib(f13_ascii.o)
    0x08013da4   0x0000000d   Data   RO         9413    .constdata          STemWin532_CM3_OS_Keil.lib(f13_ascii.o)
    0x08013db1   0x0000000d   Data   RO         9414    .constdata          STemWin532_CM3_OS_Keil.lib(f13_ascii.o)
    0x08013dbe   0x0000000d   Data   RO         9415    .constdata          STemWin532_CM3_OS_Keil.lib(f13_ascii.o)
    0x08013dcb   0x0000000d   Data   RO         9416    .constdata          STemWin532_CM3_OS_Keil.lib(f13_ascii.o)
    0x08013dd8   0x0000000d   Data   RO         9417    .constdata          STemWin532_CM3_OS_Keil.lib(f13_ascii.o)
    0x08013de5   0x0000000d   Data   RO         9418    .constdata          STemWin532_CM3_OS_Keil.lib(f13_ascii.o)
    0x08013df2   0x0000000d   Data   RO         9419    .constdata          STemWin532_CM3_OS_Keil.lib(f13_ascii.o)
    0x08013dff   0x0000000d   Data   RO         9420    .constdata          STemWin532_CM3_OS_Keil.lib(f13_ascii.o)
    0x08013e0c   0x0000000d   Data   RO         9421    .constdata          STemWin532_CM3_OS_Keil.lib(f13_ascii.o)
    0x08013e19   0x0000000d   Data   RO         9422    .constdata          STemWin532_CM3_OS_Keil.lib(f13_ascii.o)
    0x08013e26   0x0000000d   Data   RO         9423    .constdata          STemWin532_CM3_OS_Keil.lib(f13_ascii.o)
    0x08013e33   0x0000000d   Data   RO         9424    .constdata          STemWin532_CM3_OS_Keil.lib(f13_ascii.o)
    0x08013e40   0x0000000d   Data   RO         9425    .constdata          STemWin532_CM3_OS_Keil.lib(f13_ascii.o)
    0x08013e4d   0x0000000d   Data   RO         9426    .constdata          STemWin532_CM3_OS_Keil.lib(f13_ascii.o)
    0x08013e5a   0x00000002   PAD
    0x08013e5c   0x000002f8   Data   RO         9427    .constdata          STemWin532_CM3_OS_Keil.lib(f13_ascii.o)
    0x08014154   0x0000000c   Data   RO         9428    .constdata          STemWin532_CM3_OS_Keil.lib(f13_ascii.o)
    0x08014160   0x00000018   Data   RO         9444    .constdata          STemWin532_CM3_OS_Keil.lib(guidev_usagebm.o)
    0x08014178   0x0000001c   Data   RO         9460    .constdata          STemWin532_CM3_OS_Keil.lib(widget_effect_simple.o)
    0x08014194   0x0000012b   Data   RO         7498    .conststring        maintask.o
    0x080142bf   0x00000001   PAD
    0x080142c0   0x00000020   Data   RO        10056    Region$$Table       anon$$obj.o


    Execution Region RW_IRAM1 (Base: 0x20000000, Size: 0x0000e050, Max: 0x00020000, ABSOLUTE, COMPRESSED[0x000001b8])

    Base Addr    Size         Type   Attr      Idx    E Section Name        Object

    0x20000000   0x00000014   Data   RW            7    .data               system_stm32f2xx.o
    0x20000014   0x00000010   Data   RW         1228    .data               stm32f2xx_rcc.o
    0x20000024   0x00000044   Data   RW         4582    .data               tasks.o
    0x20000068   0x00000018   Data   RW         4885    .data               heap_4.o
    0x20000080   0x0000000c   Data   RW         4948    .data               port.o
    0x2000008c   0x00000008   Data   RW         5801    .data               gui_x_freertos.o
    0x20000094   0x00000014   Data   RW         5935    .data               main.o
    0x200000a8   0x00000004   Data   RW         6052    .data               sysinfotest.o
    0x200000ac   0x00000008   Data   RW         6466    .data               bsp_tft_lcd.o
    0x200000b4   0x00000001   Data   RW         6737    .data               bsp_lcd_st7789v.o
    0x200000b5   0x00000001   PAD
    0x200000b6   0x00000138   Data   RW         7146    .data               bsp_adc.o
    0x200001ee   0x00000005   Data   RW         7361    .data               bsp_key.o
    0x200001f3   0x00000001   PAD
    0x200001f4   0x00000008   Data   RW         7642    .data               STemWin532_CM3_OS_Keil.lib(gui_alloc.o)
    0x200001fc   0x0000002c   Data   RW         7693    .data               STemWin532_CM3_OS_Keil.lib(gui_core.o)
    0x20000228   0x00000004   Data   RW         7694    .data               STemWin532_CM3_OS_Keil.lib(gui_core.o)
    0x2000022c   0x00000004   Data   RW         7696    .data               STemWin532_CM3_OS_Keil.lib(gui_core.o)
    0x20000230   0x00000004   Data   RW         7697    .data               STemWin532_CM3_OS_Keil.lib(gui_core.o)
    0x20000234   0x00000004   Data   RW         7698    .data               STemWin532_CM3_OS_Keil.lib(gui_core.o)
    0x20000238   0x00000004   Data   RW         7699    .data               STemWin532_CM3_OS_Keil.lib(gui_core.o)
    0x2000023c   0x00000004   Data   RW         7700    .data               STemWin532_CM3_OS_Keil.lib(gui_core.o)
    0x20000240   0x00000002   Data   RW         7701    .data               STemWin532_CM3_OS_Keil.lib(gui_core.o)
    0x20000242   0x00000001   Data   RW         7702    .data               STemWin532_CM3_OS_Keil.lib(gui_core.o)
    0x20000243   0x00000001   PAD
    0x20000244   0x00000004   Data   RW         7703    .data               STemWin532_CM3_OS_Keil.lib(gui_core.o)
    0x20000248   0x00000002   Data   RW         7704    .data               STemWin532_CM3_OS_Keil.lib(gui_core.o)
    0x2000024a   0x00000002   Data   RW         7705    .data               STemWin532_CM3_OS_Keil.lib(gui_core.o)
    0x2000024c   0x00000008   Data   RW         7779    .data               STemWin532_CM3_OS_Keil.lib(guicc_m565.o)
    0x20000254   0x00000008   Data   RW         7828    .data               STemWin532_CM3_OS_Keil.lib(lcd_getex.o)
    0x2000025c   0x0000000c   Data   RW         8081    .data               STemWin532_CM3_OS_Keil.lib(image.o)
    0x20000268   0x00000004   Data   RW         8150    .data               STemWin532_CM3_OS_Keil.lib(window.o)
    0x2000026c   0x00000064   Data   RW         8215    .data               STemWin532_CM3_OS_Keil.lib(wm.o)
    0x200002d0   0x00000018   Data   RW         8324    .data               STemWin532_CM3_OS_Keil.lib(gui__managecache.o)
    0x200002e8   0x00000014   Data   RW         8377    .data               STemWin532_CM3_OS_Keil.lib(gui_bmp.o)
    0x200002fc   0x00000004   Data   RW         8423    .data               STemWin532_CM3_OS_Keil.lib(gui_charline.o)
    0x20000300   0x00000010   Data   RW         8477    .data               STemWin532_CM3_OS_Keil.lib(gui_onkey.o)
    0x20000310   0x0000001c   Data   RW         8532    .data               STemWin532_CM3_OS_Keil.lib(gui_task.o)
    0x2000032c   0x00000014   Data   RW         8560    .data               STemWin532_CM3_OS_Keil.lib(gui_timer.o)
    0x20000340   0x0000000c   Data   RW         8610    .data               STemWin532_CM3_OS_Keil.lib(gui_waitevent.o)
    0x2000034c   0x00000004   Data   RW         8645    .data               STemWin532_CM3_OS_Keil.lib(lcd.o)
    0x20000350   0x00000010   Data   RW         8671    .data               STemWin532_CM3_OS_Keil.lib(lcd_color.o)
    0x20000360   0x00000004   Data   RW         8839    .data               STemWin532_CM3_OS_Keil.lib(guidev_banding.o)
    0x20000364   0x00000001   Data   RW         8866    .data               STemWin532_CM3_OS_Keil.lib(guidev_staticdevices.o)
    0x20000365   0x00000003   PAD
    0x20000368   0x00000010   Data   RW         8928    .data               STemWin532_CM3_OS_Keil.lib(text.o)
    0x20000378   0x00000004   Data   RW         8960    .data               STemWin532_CM3_OS_Keil.lib(widget.o)
    0x2000037c   0x00000004   Data   RW         9008    .data               STemWin532_CM3_OS_Keil.lib(wm__sendmessage.o)
    0x20000380   0x00000028   Data   RW         9112    .data               STemWin532_CM3_OS_Keil.lib(gui__alpha.o)
    0x200003a8   0x00000004   Data   RW         9461    .data               STemWin532_CM3_OS_Keil.lib(widget_effect_simple.o)
    0x200003ac   0x00000008   Data   RW         9550    .data               STemWin532_CM3_OS_Keil.lib(gui__wrap.o)
    0x200003b4   0x00000004   Data   RW         9674    .data               STemWin532_CM3_OS_Keil.lib(lcd_aa.o)
    0x200003b8   0x00000004   Data   RW        10030    .data               mc_w.l(stdout.o)
    0x200003bc   0x000000c8   Zero   RW         4581    .bss                tasks.o
    0x20000484   0x00004400   Zero   RW         4884    .bss                heap_4.o
    0x20004884   0x00008000   Zero   RW         5878    .bss                guiconf.o
    0x2000c884   0x00001050   Zero   RW         6277    .bss                bsp_uart_fifo.o
    0x2000d8d4   0x00000133   Zero   RW         7360    .bss                bsp_key.o
    0x2000da07   0x00000001   PAD
    0x2000da08   0x000000cc   Zero   RW         7641    .bss                STemWin532_CM3_OS_Keil.lib(gui_alloc.o)
    0x2000dad4   0x00000070   Zero   RW         7691    .bss                STemWin532_CM3_OS_Keil.lib(gui_core.o)
    0x2000db44   0x00000018   Zero   RW         8213    .bss                STemWin532_CM3_OS_Keil.lib(wm.o)
    0x2000db5c   0x00000054   Zero   RW         8375    .bss                STemWin532_CM3_OS_Keil.lib(gui_bmp.o)
    0x2000dbb0   0x00000058   Zero   RW         8476    .bss                STemWin532_CM3_OS_Keil.lib(gui_onkey.o)
    0x2000dc08   0x00000048   Zero   RW         9083    .bss                STemWin532_CM3_OS_Keil.lib(wm_touch.o)
    0x2000dc50   0x00000400   Zero   RW         4188    STACK               startup_stm32f2xx.o


==============================================================================

Image component sizes


      Code (inc. data)   RO Data    RW Data    ZI Data      Debug   Object Name

       268         18          0          0          0       2361   bsp.o
       296         20          0        312          0       1412   bsp_adc.o
       548          4          0          0          0       2985   bsp_cpu_rtc.o
       106         22          0          0          0       1494   bsp_dwt.o
      1600         98          0          5        307      10781   bsp_key.o
      1438         56          0          1          0      11711   bsp_lcd_st7789v.o
       520         42          0          8          0      12013   bsp_tft_lcd.o
      1814        182          0          0          0       7012   bsp_tim_pwm.o
      1038         70          0          0       4176       7482   bsp_uart_fifo.o
         0          0          0          0          0      10080   croutine.o
         0          0          0          0          0      60426   diskio.o
         0          0          0          0          0       9424   event_groups.o
       224         18          0          8          0       6109   gui_x_freertos.o
        28          8          0          0      32768        511   guiconf.o
      2322         96         52          0          0      69590   guidrv_template.o
       704         68          0         24      17408       7310   heap_4.o
       148          8          0          0          0       1241   lcdconf.o
       148          0          0          0          0       3030   list.o
      1094        656          0         20          0       7697   main.o
       852        128       4955          0          0       4086   maintask.o
       140         24          0          0          0       1675   misc.o
       746         80          0         12          0      10457   port.o
      1488         16          0          0          0      13330   queue.o
        36          8        388          0       1024        892   startup_stm32f2xx.o
       436         34          0          0          0       6318   stm32f2xx_adc.o
       110          6          0          0          0       2505   stm32f2xx_dma.o
       200         18          0          0          0       2292   stm32f2xx_exti.o
       262          0          0          0          0       5509   stm32f2xx_gpio.o
        12          6          0          0          0        554   stm32f2xx_pwr.o
       528         66          0         16          0       7490   stm32f2xx_rcc.o
      1110         74          0          0          0      10580   stm32f2xx_rtc.o
        64          4          0          0          0        672   stm32f2xx_syscfg.o
       886         66          0          0          0       9232   stm32f2xx_tim.o
       430          8          0          0          0       5649   stm32f2xx_usart.o
         0          0          0          4          0        652   sysinfotest.o
       472         36          0         20          0     299081   system_stm32f2xx.o
      3874        486          0         68        200      27066   tasks.o

    ----------------------------------------------------------------------
     23992       2426       5428        500      55884     640709   Object Totals
         0          0         32          0          0          0   (incl. Generated)
        50          0          1          2          1          0   (incl. Padding)

    ----------------------------------------------------------------------

      Code (inc. data)   RO Data    RW Data    ZI Data      Debug   Library Member Name

       172          0          0          0          0         88   dialog.o
         0          0       2155          0          0          0   f13_1.o
         0          0       2046          0          0          0   f13_ascii.o
         0          0       1816          0          0          0   f6x8.o
         0          0       1708          0          0          0   fd24x32.o
         0          0       5576          0          0          0   fd64.o
       128          4          0          0          0         84   gui_2dlib.o
       856         38          0         40          0        512   gui__alpha.o
       664          0          0          0          0        240   gui__compactpixelindices.o
         0          0        256          0          0          0   gui__divtbl_255_31.o
         0          0        256          0          0          0   gui__divtbl_255_63.o
         0          0         32          0          0          0   gui__divtbl_31_255.o
         0          0         64          0          0          0   gui__divtbl_63_255.o
       322          0          0          0          0        108   gui__expandpixelindices.o
        58          0          0          0          0         68   gui__intersectrect.o
        82          0          0          0          0         80   gui__intersectrects.o
       228          8          0         24          0        156   gui__managecache.o
        76          0          0          0          0         76   gui__memset.o
        60          0          0          0          0         76   gui__memset16.o
        56          0          0          0          0        136   gui__read.o
        26          0          0          0          0         68   gui__reducerect.o
       108          0          0          0          0         88   gui__settext.o
        68          4          0          0          0        148   gui__strcmp.o
        22          0          0          0          0         68   gui__strlen.o
       304          4          0          8          0        508   gui__wrap.o
      1900        118          0          8        204       1988   gui_alloc.o
        46          0          0          0          0         80   gui_alloc_alloczero.o
      3488        116          8         20         84       2204   gui_bmp.o
        60          0          0          0          0         76   gui_calccolordist.o
       104         16          0          0          0        232   gui_char.o
       458         36          0          4          0        472   gui_charline.o
       394         10          0          0          0        300   gui_charm.o
       308         10          0          0          0        384   gui_charp.o
       508         74          8         79        112        636   gui_core.o
       366         24          0          0          0        592   gui_device.o
       332          0          0          0          0        184   gui_dispstringinrectwrap.o
        68          8          0          0          0        152   gui_exec.o
        48          0          0          0          0        152   gui_getcolor.o
        54         10          0          0          0        156   gui_getorg.o
        66         12          0          0          0        216   gui_goto.o
        88          0          0          0          0         76   gui_mergerect.o
        30          0          0          0          0         68   gui_moverect.o
       102         12          0         16         88        284   gui_onkey.o
        28          4          0          0          0         80   gui_pen.o
        56          0          0          0          0         68   gui_rectsintersect.o
        32         10          0          0          0        136   gui_savecontext.o
        56         10          0          0          0         80   gui_selectlayer.o
        26          0          0          0          0         80   gui_selectlcd.o
        36          4          0          0          0         76   gui_setalpha.o
        44          0          0          0          0        160   gui_setcolor.o
        64          6          0          0          0         80   gui_setdefault.o
        24          0          0          0          0         76   gui_setdrawmode.o
        32          6          0          0          0         80   gui_setfont.o
        28          4          0          0          0         80   gui_setlinestyle.o
        64         16          0          0          0         88   gui_setorg.o
        32          6          0          0          0         80   gui_settextalign.o
        32          6          0          0          0         80   gui_settextmode.o
       376         42          0         28          0        476   gui_task.o
       104          6          0          0          0         84   gui_time.o
       354         16          0         20          0        484   gui_timer.o
        84         10          0          0          0        168   gui_uc.o
        18          0         16          0          0        272   gui_uc_encodenone.o
        16          4          0         12          0         68   gui_waitevent.o
       198          0         24          0          0        244   guicc_0.o
        36          0         24          0          0        288   guicc_8888.o
         2          0          0          0          0         68   guicc_8888_index2color.o
         2          0          0          0          0         68   guicc_888_index2color.o
        36          6          0          0          0         68   guicc_m555_index2color.o
       250         42         24          8          0        412   guicc_m565.o
       818         40          0          0          0        760   guidev.o
      2282         60        116          0          0       1336   guidev_16.o
      2368         62        116          0          0       1440   guidev_32.o
       352         12          0          4          0        168   guidev_banding.o
        68          4          0          0          0         76   guidev_clear.o
        56          0          0          0          0         92   guidev_createfixed.o
        40          0          0          0          0         80   guidev_getdataptr.o
       104         12          0          0          0        160   guidev_getpos.o
        52          6          0          0          0         80   guidev_getysize.o
        56          4          0          0          0         80   guidev_reduceysize.o
       100          4          0          0          0         80   guidev_setorg.o
       358         20          0          1          0        188   guidev_staticdevices.o
        84          0          0          0          0        164   guidev_usage.o
       424          4         24          0          0        460   guidev_usagebm.o
       116          4          0          0          0        148   guidev_write.o
       400         14          0          0          0         96   guidev_writetoactivealpha.o
      1854         18          8          0          0        492   guidev_writetoactiveopaque.o
       988         30          0         12          0        612   image.o
       154         10          0          0          0        252   image_bmp.o
      1730        118         12          4          0       1436   lcd.o
        16          6          0          4          0         68   lcd_aa.o
       272         30          0         16          0        392   lcd_color.o
        32         12          0          0          0        136   lcd_getcolorindex.o
       448         48          0          8          0       1756   lcd_getex.o
        26          0          0          0          0         80   lcd_getnumdisplays.o
         0          0        256          0          0          0   lcd_mirror.o
       504         18          0          0          0        184   lcd_readrect.o
        64          8          0          0          0         80   lcd_selectlcd.o
       132          0          0          0          0        252   lcd_set.o
        48         10          0          0          0         80   lcd_setcliprectex.o
        36          4          0          0          0         80   lcd_updatecolorindices.o
       368          8          0         16          0        276   text.o
        60          0          0          0          0         88   text_createindirect.o
        46          0          0          0          0         80   text_setfont.o
        84          0          0          0          0         80   text_settext.o
        42          0          0          0          0         80   text_settextalign.o
        46          0          0          0          0         80   text_settextcolor.o
       432          4          0          4          0        400   widget.o
       144         12         28          4          0        320   widget_effect_simple.o
       438          8          0          4          0        268   window.o
      4688        222          0        100         24       4144   wm.o
        44          0          0          0          0         80   wm__foreachdesc.o
        18          0          0          0          0         76   wm__getfirstsibling.o
        40          8          0          0          0         80   wm__getfocussedchild.o
        24          0          0          0          0         76   wm__getlastsibling.o
        36          0          0          0          0         80   wm__getprevsibling.o
        46          0          0          0          0        148   wm__isancestor.o
        34          0          0          0          0         80   wm__ischild.o
        60          6          0          4          0         88   wm__sendmessage.o
        38          0          0          0          0         80   wm__sendmessagenopara.o
       220          0          0          0          0         96   wm__updatechildpositions.o
       136          0          0          0          0         92   wm_bringtobottom.o
       138          6          0          0          0        228   wm_bringtotop.o
        16          6          0          0          0         68   wm_criticalhandle.o
        30          0          0          0          0         88   wm_foreachdesc.o
       102         10          0          0          0        248   wm_getclientrect.o
        22          0          0          0          0         80   wm_getclientwindow.o
        24         10          0          0          0         68   wm_getdesktopwindow.o
        98          0          0          0          0        164   wm_getdialogitem.o
        26          0          0          0          0         76   wm_getfirstchild.o
        32          8          0          0          0         76   wm_getfocussedwindow.o
        26          0          0          0          0         80   wm_getid.o
        32          0          0          0          0         80   wm_getorg.o
        26          0          0          0          0         76   wm_getparent.o
        28          0          0          0          0        136   wm_getwindowsize.o
        32         10          0          0          0         68   wm_hasfocus.o
        58          0          0          0          0         84   wm_isfocussable.o
        24          0          0          0          0         76   wm_iswindow.o
       294          0          0          0          0        272   wm_move.o
        16          0          0          0          0         76   wm_notifyparent.o
        64          8          0          0          0         88   wm_onkey.o
       244          0          0          0          0         88   wm_resizewindow.o
        26          0          0          0          0         88   wm_sendmessagenopara.o
        38          0          0          0          0         92   wm_sendtoparent.o
        16          6          0          0          0         68   wm_setcreateflags.o
       168         10          0          0          0         88   wm_setfocus.o
       160          6          0          0          0        240   wm_setfocusonnextchild.o
        96          0          0          0          0        156   wm_setfocusonprevchild.o
        72          0          0          0          0         84   wm_setsize.o
        34          0          0          0          0         80   wm_settrans.o
        32          4          0          0          0         80   wm_setusercliprect.o
       100          0          0          0          0        160   wm_show.o
       124          0          0          0          0        164   wm_timer.o
         0          0          0          0         72          0   wm_touch.o
        86          0          0          0          0          0   __dczerorl2.o
         0          0          0          0          0          0   entry.o
         0          0          0          0          0          0   entry10a.o
         0          0          0          0          0          0   entry11a.o
         8          4          0          0          0          0   entry2.o
         4          0          0          0          0          0   entry5.o
         0          0          0          0          0          0   entry7b.o
         0          0          0          0          0          0   entry8b.o
         8          4          0          0          0          0   entry9a.o
        30          0          0          0          0          0   handlers.o
        36          8          0          0          0         68   init.o
        30          0          0          0          0         68   llshl.o
        32          0          0          0          0         68   llushr.o
        64          0          0          0          0         76   memmovea.o
        36          0          0          0          0        108   memseta.o
      1204         60          0          0          0        504   printf8.o
         0          0          0          4          0          0   stdout.o
        18          0          0          0          0         68   strcpy.o
        14          0          0          0          0         68   strlen.o
        98          0          0          0          0         92   uldiv.o

    ----------------------------------------------------------------------
     38660       1688      14576        456        584      37440   Library Totals
        88          0          3          4          0          0   (incl. Padding)

    ----------------------------------------------------------------------

      Code (inc. data)   RO Data    RW Data    ZI Data      Debug   Library Name

     36904       1612      14573        448        584      36320   STemWin532_CM3_OS_Keil.lib
      1668         76          0          4          0       1120   mc_w.l

    ----------------------------------------------------------------------
     38660       1688      14576        456        584      37440   Library Totals

    ----------------------------------------------------------------------

==============================================================================


      Code (inc. data)   RO Data    RW Data    ZI Data      Debug   

     62652       4114      20004        956      56468     640525   Grand Totals
     62652       4114      20004        440      56468     640525   ELF Image Totals (compressed)
     62652       4114      20004        440          0          0   ROM Totals

==============================================================================

    Total RO  Size (Code + RO Data)                82656 (  80.72kB)
    Total RW  Size (RW Data + ZI Data)             57424 (  56.08kB)
    Total ROM Size (Code + RO Data + RW Data)      83096 (  81.15kB)

==============================================================================

