Component: ARM Compiler 5.06 update 3 (build 300) Tool: armlink [4d35c9]

==============================================================================

Section Cross References

    main.o(i.AppObjCreate) refers to queue.o(i.xQueueCreateMutex) for xQueueCreateMutex
    main.o(i.AppObjCreate) refers to main.o(.data) for xMutex
    main.o(i.AppTaskCreate) refers to tasks.o(i.xTaskCreate) for xTaskCreate
    main.o(i.AppTaskCreate) refers to main.o(.data) for xHandleTaskAdcProc
    main.o(i.AppTaskCreate) refers to main.o(i.vTaskAdcProc) for vTaskAdcProc
    main.o(i.main) refers to bsp.o(i.bsp_Init) for bsp_Init
    main.o(i.main) refers to sysinfotest.o(i.vSetupSysInfoTest) for vSetupSysInfoTest
    main.o(i.main) refers to main.o(i.AppTaskCreate) for AppTaskCreate
    main.o(i.main) refers to main.o(i.AppObjCreate) for AppObjCreate
    main.o(i.main) refers to tasks.o(i.vTaskStartScheduler) for vTaskStartScheduler
    main.o(i.vTaskAdcProc) refers to tasks.o(i.vTaskDelay) for vTaskDelay
    sysinfotest.o(i.TIM6_IRQHandler) refers to stm32f2xx_tim.o(i.TIM_GetITStatus) for TIM_GetITStatus
    sysinfotest.o(i.TIM6_IRQHandler) refers to stm32f2xx_tim.o(i.TIM_ClearITPendingBit) for TIM_ClearITPendingBit
    sysinfotest.o(i.TIM6_IRQHandler) refers to sysinfotest.o(.data) for ulHighFrequencyTimerTicks
    sysinfotest.o(i.vSetupSysInfoTest) refers to bsp_tim_pwm.o(i.bsp_SetTIMforInt) for bsp_SetTIMforInt
    bsp.o(i.bsp_Init) refers to stm32f2xx_rcc.o(i.RCC_AHB1PeriphClockCmd) for RCC_AHB1PeriphClockCmd
    bsp.o(i.bsp_Init) refers to misc.o(i.NVIC_PriorityGroupConfig) for NVIC_PriorityGroupConfig
    bsp.o(i.bsp_Init) refers to bsp_dwt.o(i.bsp_InitDWT) for bsp_InitDWT
    bsp.o(i.bsp_Init) refers to bsp_uart_fifo.o(i.bsp_InitUart) for bsp_InitUart
    bsp.o(i.bsp_Init) refers to bsp_tft_lcd.o(i.LCD_InitHard) for LCD_InitHard
    bsp_dwt.o(i.bsp_DelayMS) refers to bsp_dwt.o(i.bsp_DelayUS) for bsp_DelayUS
    bsp_dwt.o(i.bsp_DelayUS) refers to system_stm32f2xx_1.o(.data) for SystemCoreClock
    bsp_uart_fifo.o(i.ComToUart) refers to bsp_uart_fifo.o(.bss) for g_tUart1
    bsp_uart_fifo.o(i.ConfigUartNVIC) refers to misc.o(i.NVIC_Init) for NVIC_Init
    bsp_uart_fifo.o(i.InitHardUart) refers to stm32f2xx_rcc.o(i.RCC_APB2PeriphClockCmd) for RCC_APB2PeriphClockCmd
    bsp_uart_fifo.o(i.InitHardUart) refers to stm32f2xx_gpio.o(i.GPIO_Init) for GPIO_Init
    bsp_uart_fifo.o(i.InitHardUart) refers to stm32f2xx_usart.o(i.USART_Init) for USART_Init
    bsp_uart_fifo.o(i.InitHardUart) refers to stm32f2xx_usart.o(i.USART_ITConfig) for USART_ITConfig
    bsp_uart_fifo.o(i.InitHardUart) refers to stm32f2xx_usart.o(i.USART_Cmd) for USART_Cmd
    bsp_uart_fifo.o(i.InitHardUart) refers to stm32f2xx_usart.o(i.USART_ClearFlag) for USART_ClearFlag
    bsp_uart_fifo.o(i.RS485_InitTXE) refers to stm32f2xx_rcc.o(i.RCC_APB2PeriphClockCmd) for RCC_APB2PeriphClockCmd
    bsp_uart_fifo.o(i.RS485_InitTXE) refers to stm32f2xx_gpio.o(i.GPIO_Init) for GPIO_Init
    bsp_uart_fifo.o(i.RS485_SendBuf) refers to bsp_uart_fifo.o(i.comSendBuf) for comSendBuf
    bsp_uart_fifo.o(i.RS485_SendStr) refers to strlen.o(.text) for strlen
    bsp_uart_fifo.o(i.RS485_SendStr) refers to bsp_uart_fifo.o(i.RS485_SendBuf) for RS485_SendBuf
    bsp_uart_fifo.o(i.USART1_IRQHandler) refers to bsp_uart_fifo.o(i.UartIRQ) for UartIRQ
    bsp_uart_fifo.o(i.USART1_IRQHandler) refers to bsp_uart_fifo.o(.bss) for g_tUart1
    bsp_uart_fifo.o(i.UartGetChar) refers to port.o(i.vPortEnterCritical) for vPortEnterCritical
    bsp_uart_fifo.o(i.UartGetChar) refers to port.o(i.vPortExitCritical) for vPortExitCritical
    bsp_uart_fifo.o(i.UartIRQ) refers to stm32f2xx_usart.o(i.USART_GetITStatus) for USART_GetITStatus
    bsp_uart_fifo.o(i.UartIRQ) refers to stm32f2xx_usart.o(i.USART_ReceiveData) for USART_ReceiveData
    bsp_uart_fifo.o(i.UartIRQ) refers to stm32f2xx_usart.o(i.USART_ITConfig) for USART_ITConfig
    bsp_uart_fifo.o(i.UartIRQ) refers to stm32f2xx_usart.o(i.USART_SendData) for USART_SendData
    bsp_uart_fifo.o(i.UartSend) refers to port.o(i.vPortEnterCritical) for vPortEnterCritical
    bsp_uart_fifo.o(i.UartSend) refers to port.o(i.vPortExitCritical) for vPortExitCritical
    bsp_uart_fifo.o(i.UartSend) refers to stm32f2xx_usart.o(i.USART_ITConfig) for USART_ITConfig
    bsp_uart_fifo.o(i.UartVarInit) refers to bsp_uart_fifo.o(.bss) for g_tUart1
    bsp_uart_fifo.o(i.bsp_InitUart) refers to bsp_uart_fifo.o(i.UartVarInit) for UartVarInit
    bsp_uart_fifo.o(i.bsp_InitUart) refers to bsp_uart_fifo.o(i.InitHardUart) for InitHardUart
    bsp_uart_fifo.o(i.bsp_InitUart) refers to bsp_uart_fifo.o(i.ConfigUartNVIC) for ConfigUartNVIC
    bsp_uart_fifo.o(i.bsp_Set485Baud) refers to stm32f2xx_usart.o(i.USART_Init) for USART_Init
    bsp_uart_fifo.o(i.bsp_SetUart1Baud) refers to stm32f2xx_usart.o(i.USART_Init) for USART_Init
[...]
    ../clib/signal.c                         0x00000000   Number         0  defsig_rtmem_inner.o ABSOLUTE
    ../clib/signal.c                         0x00000000   Number         0  defsig_general.o ABSOLUTE
    ../clib/signal.c                         0x00000000   Number         0  defsig_fpe_inner.o ABSOLUTE
    ../clib/signal.c                         0x00000000   Number         0  defsig_rtred_inner.o ABSOLUTE
    ../clib/signal.c                         0x00000000   Number         0  defsig_stak_inner.o ABSOLUTE
    ../clib/signal.c                         0x00000000   Number         0  defsig_pvfn_inner.o ABSOLUTE
    ../clib/signal.c                         0x00000000   Number         0  defsig_cppl_inner.o ABSOLUTE
    ../clib/signal.c                         0x00000000   Number         0  defsig_segv_inner.o ABSOLUTE
    ../clib/signal.c                         0x00000000   Number         0  defsig_other.o ABSOLUTE
    ../clib/signal.c                         0x00000000   Number         0  defsig_rtmem_outer.o ABSOLUTE
    ../clib/signal.c                         0x00000000   Number         0  defsig_rtmem_formal.o ABSOLUTE
    ../clib/signal.c                         0x00000000   Number         0  defsig_abrt_inner.o ABSOLUTE
    ../clib/signal.s                         0x00000000   Number         0  defsig.o ABSOLUTE
    ../clib/stdlib.c                         0x00000000   Number         0  exit.o ABSOLUTE
    ../clib/string.c                         0x00000000   Number         0  strlen.o ABSOLUTE
    ../clib/string.c                         0x00000000   Number         0  strcpy.o ABSOLUTE
    ../fplib/fpinit.s                        0x00000000   Number         0  fpinit.o ABSOLUTE
    ..\FatFS\src\diskio.c                    0x00000000   Number         0  diskio.o ABSOLUTE
    ..\FatFS\src\ff.c                        0x00000000   Number         0  ff.o ABSOLUTE
    ..\FreeRTOS\croutine.c                   0x00000000   Number         0  croutine.o ABSOLUTE
    ..\FreeRTOS\event_groups.c               0x00000000   Number         0  event_groups.o ABSOLUTE
    ..\FreeRTOS\list.c                       0x00000000   Number         0  list.o ABSOLUTE
    ..\FreeRTOS\portable\MemMang\heap_4.c    0x00000000   Number         0  heap_4.o ABSOLUTE
    ..\FreeRTOS\portable\RVDS\ARM_CM3\port.c 0x00000000   Number         0  port.o ABSOLUTE
    ..\FreeRTOS\queue.c                      0x00000000   Number         0  queue.o ABSOLUTE
    ..\FreeRTOS\tasks.c                      0x00000000   Number         0  tasks.o ABSOLUTE
    ..\FreeRTOS\timers.c                     0x00000000   Number         0  timers.o ABSOLUTE
    ..\Libraries\CMSIS\Device\ST\STM32F2xx\Source\Templates\arm\startup_stm32f2xx.s 0x00000000   Number         0  startup_stm32f2xx.o ABSOLUTE
    ..\Libraries\CMSIS\Device\ST\STM32F2xx\Source\Templates\system_stm32f2xx.c 0x00000000   Number         0  system_stm32f2xx_1.o ABSOLUTE
    ..\Libraries\STM32F2xx_StdPeriph_Driver\src\misc.c 0x00000000   Number         0  misc.o ABSOLUTE
    ..\Libraries\STM32F2xx_StdPeriph_Driver\src\stm32f2xx_adc.c 0x00000000   Number         0  stm32f2xx_adc.o ABSOLUTE
    ..\Libraries\STM32F2xx_StdPeriph_Driver\src\stm32f2xx_crc.c 0x00000000   Number         0  stm32f2xx_crc.o ABSOLUTE
    ..\Libraries\STM32F2xx_StdPeriph_Driver\src\stm32f2xx_dbgmcu.c 0x00000000   Number         0  stm32f2xx_dbgmcu.o ABSOLUTE
    ..\Libraries\STM32F2xx_StdPeriph_Driver\src\stm32f2xx_dma.c 0x00000000   Number         0  stm32f2xx_dma.o ABSOLUTE
    ..\Libraries\STM32F2xx_StdPeriph_Driver\src\stm32f2xx_exti.c 0x00000000   Number         0  stm32f2xx_exti.o ABSOLUTE
    ..\Libraries\STM32F2xx_StdPeriph_Driver\src\stm32f2xx_flash.c 0x00000000   Number         0  stm32f2xx_flash.o ABSOLUTE
    ..\Libraries\STM32F2xx_StdPeriph_Driver\src\stm32f2xx_gpio.c 0x00000000   Number         0  stm32f2xx_gpio.o ABSOLUTE
    ..\Libraries\STM32F2xx_StdPeriph_Driver\src\stm32f2xx_iwdg.c 0x00000000   Number         0  stm32f2xx_iwdg.o ABSOLUTE
    ..\Libraries\STM32F2xx_StdPeriph_Driver\src\stm32f2xx_pwr.c 0x00000000   Number         0  stm32f2xx_pwr.o ABSOLUTE
    ..\Libraries\STM32F2xx_StdPeriph_Driver\src\stm32f2xx_rcc.c 0x00000000   Number         0  stm32f2xx_rcc.o ABSOLUTE
    ..\Libraries\STM32F2xx_StdPeriph_Driver\src\stm32f2xx_rtc.c 0x00000000   Number         0  stm32f2xx_rtc.o ABSOLUTE
    ..\Libraries\STM32F2xx_StdPeriph_Driver\src\stm32f2xx_syscfg.c 0x00000000   Number         0  stm32f2xx_syscfg.o ABSOLUTE
    ..\Libraries\STM32F2xx_StdPeriph_Driver\src\stm32f2xx_tim.c 0x00000000   Number         0  stm32f2xx_tim.o ABSOLUTE
    ..\Libraries\STM32F2xx_StdPeriph_Driver\src\stm32f2xx_usart.c 0x00000000   Number         0  stm32f2xx_usart.o ABSOLUTE
    ..\Libraries\STM32F2xx_StdPeriph_Driver\src\stm32f2xx_wwdg.c 0x00000000   Number         0  stm32f2xx_wwdg.o ABSOLUTE
    ..\User\SysInfoTest.c                    0x00000000   Number         0  sysinfotest.o ABSOLUTE
    ..\User\bsp\bsp.c                        0x00000000   Number         0  bsp.o ABSOLUTE
    ..\User\bsp\bsp_dwt.c                    0x00000000   Number         0  bsp_dwt.o ABSOLUTE
    ..\User\bsp\bsp_lcd_st7789v.c            0x00000000   Number         0  bsp_lcd_st7789v.o ABSOLUTE
    ..\User\bsp\bsp_tft_lcd.c                0x00000000   Number         0  bsp_tft_lcd.o ABSOLUTE
    ..\User\bsp\bsp_tim_pwm.c                0x00000000   Number         0  bsp_tim_pwm.o ABSOLUTE
    ..\User\bsp\bsp_uart_fifo.c              0x00000000   Number         0  bsp_uart_fifo.o ABSOLUTE
    ..\User\main.c                           0x00000000   Number         0  main.o ABSOLUTE
    ..\\FreeRTOS\\portable\\RVDS\\ARM_CM3\\port.c 0x00000000   Number         0  port.o ABSOLUTE
    ..\\Libraries\\CMSIS\\Device\\ST\\STM32F2xx\\Source\\Templates\\system_stm32f2xx.c 0x00000000   Number         0  system_stm32f2xx_1.o ABSOLUTE
    ..\\Libraries\\STM32F2xx_StdPeriph_Driver\\src\\misc.c 0x00000000   Number         0  misc.o ABSOLUTE
    ..\\Libraries\\STM32F2xx_StdPeriph_Driver\\src\\stm32f2xx_adc.c 0x00000000   Number         0  stm32f2xx_adc.o ABSOLUTE
    ..\\Libraries\\STM32F2xx_StdPeriph_Driver\\src\\stm32f2xx_crc.c 0x00000000   Number         0  stm32f2xx_crc.o ABSOLUTE
    ..\\Libraries\\STM32F2xx_StdPeriph_Driver\\src\\stm32f2xx_dbgmcu.c 0x00000000   Number         0  stm32f2xx_dbgmcu.o ABSOLUTE
    ..\\Libraries\\STM32F2xx_StdPeriph_Driver\\src\\stm32f2xx_dma.c 0x00000000   Number         0  stm32f2xx_dma.o ABSOLUTE
    ..\\Libraries\\STM32F2xx_StdPeriph_Driver\\src\\stm32f2xx_exti.c 0x00000000   Number         0  stm32f2xx_exti.o ABSOLUTE
    ..\\Libraries\\STM32F2xx_StdPeriph_Driver\\src\\stm32f2xx_flash.c 0x00000000   Number         0  stm32f2xx_flash.o ABSOLUTE
    ..\\Libraries\\STM32F2xx_StdPeriph_Driver\\src\\stm32f2xx_gpio.c 0x00000000   Number         0  stm32f2xx_gpio.o ABSOLUTE
    ..\\Libraries\\STM32F2xx_StdPeriph_Driver\\src\\stm32f2xx_iwdg.c 0x00000000   Number         0  stm32f2xx_iwdg.o ABSOLUTE
    ..\\Libraries\\STM32F2xx_StdPeriph_Driver\\src\\stm32f2xx_pwr.c 0x00000000   Number         0  stm32f2xx_pwr.o ABSOLUTE
    ..\\Libraries\\STM32F2xx_StdPeriph_Driver\\src\\stm32f2xx_rcc.c 0x00000000   Number         0  stm32f2xx_rcc.o ABSOLUTE
    ..\\Libraries\\STM32F2xx_StdPeriph_Driver\\src\\stm32f2xx_rtc.c 0x00000000   Number         0  stm32f2xx_rtc.o ABSOLUTE
    ..\\Libraries\\STM32F2xx_StdPeriph_Driver\\src\\stm32f2xx_syscfg.c 0x00000000   Number         0  stm32f2xx_syscfg.o ABSOLUTE
    ..\\Libraries\\STM32F2xx_StdPeriph_Driver\\src\\stm32f2xx_tim.c 0x00000000   Number         0  stm32f2xx_tim.o ABSOLUTE
    ..\\Libraries\\STM32F2xx_StdPeriph_Driver\\src\\stm32f2xx_usart.c 0x00000000   Number         0  stm32f2xx_usart.o ABSOLUTE
    ..\\Libraries\\STM32F2xx_StdPeriph_Driver\\src\\stm32f2xx_wwdg.c 0x00000000   Number         0  stm32f2xx_wwdg.o ABSOLUTE
    ..\\User\\SysInfoTest.c                  0x00000000   Number         0  sysinfotest.o ABSOLUTE
    ..\\User\\bsp\\bsp.c                     0x00000000   Number         0  bsp.o ABSOLUTE
    ..\\User\\bsp\\bsp_dwt.c                 0x00000000   Number         0  bsp_dwt.o ABSOLUTE
    ..\\User\\bsp\\bsp_lcd_st7789v.c         0x00000000   Number         0  bsp_lcd_st7789v.o ABSOLUTE
    ..\\User\\bsp\\bsp_tft_lcd.c             0x00000000   Number         0  bsp_tft_lcd.o ABSOLUTE
    ..\\User\\bsp\\bsp_tim_pwm.c             0x00000000   Number         0  bsp_tim_pwm.o ABSOLUTE
    ..\\User\\bsp\\bsp_uart_fifo.c           0x00000000   Number         0  bsp_uart_fifo.o ABSOLUTE
    ..\\User\\main.c                         0x00000000   Number         0  main.o ABSOLUTE
    dc.s                                     0x00000000   Number         0  dc.o ABSOLUTE
    RESET                                    0x08000000   Section      388  startup_stm32f2xx.o(RESET)
    !!!main                                  0x08000184   Section        8  __main.o(!!!main)
    !!!scatter                               0x0800018c   Section       52  __scatter.o(!!!scatter)
    !!handler_copy                           0x080001c0   Section       26  __scatter_copy.o(!!handler_copy)
    !!handler_zi                             0x080001dc   Section       28  __scatter_zi.o(!!handler_zi)
    .ARM.Collect$$libinit$$00000000          0x080001f8   Section        2  libinit.o(.ARM.Collect$$libinit$$00000000)
    .ARM.Collect$$libinit$$00000002          0x080001fa   Section        0  libinit2.o(.ARM.Collect$$libinit$$00000002)
    .ARM.Collect$$libinit$$00000004          0x080001fa   Section        0  libinit2.o(.ARM.Collect$$libinit$$00000004)
    .ARM.Collect$$libinit$$0000000A          0x080001fa   Section        0  libinit2.o(.ARM.Collect$$libinit$$0000000A)
    .ARM.Collect$$libinit$$0000000C          0x080001fa   Section        0  libinit2.o(.ARM.Collect$$libinit$$0000000C)
    .ARM.Collect$$libinit$$0000000E          0x080001fa   Section        0  libinit2.o(.ARM.Collect$$libinit$$0000000E)
    .ARM.Collect$$libinit$$00000011          0x080001fa   Section        0  libinit2.o(.ARM.Collect$$libinit$$00000011)
    .ARM.Collect$$libinit$$00000013          0x080001fa   Section        0  libinit2.o(.ARM.Collect$$libinit$$00000013)
    .ARM.Collect$$libinit$$00000015          0x080001fa   Section        0  libinit2.o(.ARM.Collect$$libinit$$00000015)
    .ARM.Collect$$libinit$$00000017          0x080001fa   Section        0  libinit2.o(.ARM.Collect$$libinit$$00000017)
    .ARM.Collect$$libinit$$00000019          0x080001fa   Section        0  libinit2.o(.ARM.Collect$$libinit$$00000019)
    .ARM.Collect$$libinit$$0000001B          0x080001fa   Section        0  libinit2.o(.ARM.Collect$$libinit$$0000001B)
    .ARM.Collect$$libinit$$0000001D          0x080001fa   Section        0  libinit2.o(.ARM.Collect$$libinit$$0000001D)
    .ARM.Collect$$libinit$$0000001F          0x080001fa   Section        0  libinit2.o(.ARM.Collect$$libinit$$0000001F)
    .ARM.Collect$$libinit$$00000021          0x080001fa   Section        0  libinit2.o(.ARM.Collect$$libinit$$00000021)
    .ARM.Collect$$libinit$$00000023          0x080001fa   Section        0  libinit2.o(.ARM.Collect$$libinit$$00000023)
    .ARM.Collect$$libinit$$00000025          0x080001fa   Section        0  libinit2.o(.ARM.Collect$$libinit$$00000025)
    .ARM.Collect$$libinit$$0000002C          0x080001fa   Section        0  libinit2.o(.ARM.Collect$$libinit$$0000002C)
    .ARM.Collect$$libinit$$0000002E          0x080001fa   Section        0  libinit2.o(.ARM.Collect$$libinit$$0000002E)
    .ARM.Collect$$libinit$$00000030          0x080001fa   Section        0  libinit2.o(.ARM.Collect$$libinit$$00000030)
    .ARM.Collect$$libinit$$00000032          0x080001fa   Section        0  libinit2.o(.ARM.Collect$$libinit$$00000032)
    .ARM.Collect$$libinit$$00000033          0x080001fa   Section        2  libinit2.o(.ARM.Collect$$libinit$$00000033)
    .ARM.Collect$$libshutdown$$00000000      0x080001fc   Section        2  libshutdown.o(.ARM.Collect$$libshutdown$$00000000)
    .ARM.Collect$$libshutdown$$00000002      0x080001fe   Section        0  libshutdown2.o(.ARM.Collect$$libshutdown$$00000002)
    .ARM.Collect$$libshutdown$$00000004      0x080001fe   Section        0  libshutdown2.o(.ARM.Collect$$libshutdown$$00000004)
    .ARM.Collect$$libshutdown$$00000007      0x080001fe   Section        0  libshutdown2.o(.ARM.Collect$$libshutdown$$00000007)
    .ARM.Collect$$libshutdown$$0000000A      0x080001fe   Section        0  libshutdown2.o(.ARM.Collect$$libshutdown$$0000000A)
    .ARM.Collect$$libshutdown$$0000000C      0x080001fe   Section        0  libshutdown2.o(.ARM.Collect$$libshutdown$$0000000C)
    .ARM.Collect$$libshutdown$$0000000F      0x080001fe   Section        0  libshutdown2.o(.ARM.Collect$$libshutdown$$0000000F)
    .ARM.Collect$$libshutdown$$00000010      0x080001fe   Section        2  libshutdown2.o(.ARM.Collect$$libshutdown$$00000010)
    .ARM.Collect$$rtentry$$00000000          0x08000200   Section        0  __rtentry.o(.ARM.Collect$$rtentry$$00000000)
    .ARM.Collect$$rtentry$$00000002          0x08000200   Section        0  __rtentry2.o(.ARM.Collect$$rtentry$$00000002)
    .ARM.Collect$$rtentry$$00000004          0x08000200   Section        6  __rtentry4.o(.ARM.Collect$$rtentry$$00000004)
    .ARM.Collect$$rtentry$$00000009          0x08000206   Section        0  __rtentry2.o(.ARM.Collect$$rtentry$$00000009)
    .ARM.Collect$$rtentry$$0000000A          0x08000206   Section        4  __rtentry2.o(.ARM.Collect$$rtentry$$0000000A)
    .ARM.Collect$$rtentry$$0000000C          0x0800020a   Section        0  __rtentry2.o(.ARM.Collect$$rtentry$$0000000C)
    .ARM.Collect$$rtentry$$0000000D          0x0800020a   Section        8  __rtentry2.o(.ARM.Collect$$rtentry$$0000000D)
    .ARM.Collect$$rtexit$$00000000           0x08000212   Section        2  rtexit.o(.ARM.Collect$$rtexit$$00000000)
    .ARM.Collect$$rtexit$$00000002           0x08000214   Section        0  rtexit2.o(.ARM.Collect$$rtexit$$00000002)
    .ARM.Collect$$rtexit$$00000003           0x08000214   Section        4  rtexit2.o(.ARM.Collect$$rtexit$$00000003)
    .ARM.Collect$$rtexit$$00000004           0x08000218   Section        6  rtexit2.o(.ARM.Collect$$rtexit$$00000004)
    .emb_text                                0x08000220   Section      150  port.o(.emb_text)
    .text                                    0x080002b8   Section       64  startup_stm32f2xx.o(.text)
    .text                                    0x080002f8   Section      138  rt_memcpy_v6.o(.text)
    .text                                    0x08000382   Section       16  aeabi_memset.o(.text)
    .text                                    0x08000392   Section        0  heapauxi.o(.text)
    .text                                    0x08000398   Section      100  rt_memcpy_w.o(.text)
    .text                                    0x080003fc   Section       68  rt_memclr.o(.text)
    .text                                    0x08000440   Section       78  rt_memclr_w.o(.text)
    .text                                    0x0800048e   Section       74  sys_stackheap_outer.o(.text)
    .text                                    0x080004d8   Section        0  exit.o(.text)
    .text                                    0x080004ec   Section        8  libspace.o(.text)
    .text                                    0x080004f4   Section        0  sys_exit.o(.text)
    .text                                    0x08000500   Section        2  use_no_semi.o(.text)
    .text                                    0x08000502   Section        0  indicate_semi.o(.text)
    i.AppObjCreate                           0x08000504   Section        0  main.o(i.AppObjCreate)
    AppObjCreate                             0x08000505   Thumb Code    14  main.o(i.AppObjCreate)
    i.AppTaskCreate                          0x08000518   Section        0  main.o(i.AppTaskCreate)
    AppTaskCreate                            0x08000519   Thumb Code    26  main.o(i.AppTaskCreate)
    i.ConfigUartNVIC                         0x0800054c   Section        0  bsp_uart_fifo.o(i.ConfigUartNVIC)
    ConfigUartNVIC                           0x0800054d   Thumb Code    34  bsp_uart_fifo.o(i.ConfigUartNVIC)
    i.GPIO_Init                              0x0800056e   Section        0  stm32f2xx_gpio.o(i.GPIO_Init)
    i.GPIO_ResetBits                         0x080005fe   Section        0  stm32f2xx_gpio.o(i.GPIO_ResetBits)
    i.GPIO_SetBits                           0x08000602   Section        0  stm32f2xx_gpio.o(i.GPIO_SetBits)
    i.GPIO_WriteBit                          0x08000606   Section        0  stm32f2xx_gpio.o(i.GPIO_WriteBit)
    i.InitHardUart                           0x08000610   Section        0  bsp_uart_fifo.o(i.InitHardUart)
    InitHardUart                             0x08000611   Thumb Code   142  bsp_uart_fifo.o(i.InitHardUart)
    i.Init_7789                              0x080006a8   Section        0  bsp_lcd_st7789v.o(i.Init_7789)
    Init_7789                                0x080006a9   Thumb Code   422  bsp_lcd_st7789v.o(i.Init_7789)
    i.LCD_ClrScr                             0x08000858   Section        0  bsp_tft_lcd.o(i.LCD_ClrScr)
    i.LCD_CtrlLinesConfig                    0x08000864   Section        0  bsp_tft_lcd.o(i.LCD_CtrlLinesConfig)
    LCD_CtrlLinesConfig                      0x08000865   Thumb Code    60  bsp_tft_lcd.o(i.LCD_CtrlLinesConfig)
    i.LCD_HardReset                          0x080008a8   Section        0  bsp_tft_lcd.o(i.LCD_HardReset)
    LCD_HardReset                            0x080008a9   Thumb Code    90  bsp_tft_lcd.o(i.LCD_HardReset)
    i.LCD_InitHard                           0x08000908   Section        0  bsp_tft_lcd.o(i.LCD_InitHard)
    i.LCD_SetBackLight                       0x0800094c   Section        0  bsp_tft_lcd.o(i.LCD_SetBackLight)
    i.LCD_SetDirection                       0x08000960   Section        0  bsp_tft_lcd.o(i.LCD_SetDirection)
    i.LCD_SetPwmBackLight                    0x08000974   Section        0  bsp_tft_lcd.o(i.LCD_SetPwmBackLight)
    i.NVIC_Init                              0x0800099c   Section        0  misc.o(i.NVIC_Init)
    i.NVIC_PriorityGroupConfig               0x08000a14   Section        0  misc.o(i.NVIC_PriorityGroupConfig)
    i.RCC_AHB1PeriphClockCmd                 0x08000a28   Section        0  stm32f2xx_rcc.o(i.RCC_AHB1PeriphClockCmd)
    i.RCC_APB1PeriphClockCmd                 0x08000a48   Section        0  stm32f2xx_rcc.o(i.RCC_APB1PeriphClockCmd)
    i.RCC_APB2PeriphClockCmd                 0x08000a68   Section        0  stm32f2xx_rcc.o(i.RCC_APB2PeriphClockCmd)
    i.RCC_GetClocksFreq                      0x08000a88   Section        0  stm32f2xx_rcc.o(i.RCC_GetClocksFreq)
    i.ST7789V_ClrScr                         0x08000b70   Section        0  bsp_lcd_st7789v.o(i.ST7789V_ClrScr)
    i.ST7789V_GetPixel                       0x08000bc8   Section        0  bsp_lcd_st7789v.o(i.ST7789V_GetPixel)
    i.ST7789V_InitHard                       0x08000c08   Section        0  bsp_lcd_st7789v.o(i.ST7789V_InitHard)
    i.ST7789V_PutPixel                       0x08000c78   Section        0  bsp_lcd_st7789v.o(i.ST7789V_PutPixel)
    i.ST7789V_ReadID                         0x08000c96   Section        0  bsp_lcd_st7789v.o(i.ST7789V_ReadID)
    i.ST7789V_SetCursor                      0x08000cde   Section        0  bsp_lcd_st7789v.o(i.ST7789V_SetCursor)
    ST7789V_SetCursor                        0x08000cdf   Thumb Code    68  bsp_lcd_st7789v.o(i.ST7789V_SetCursor)
    i.ST7789V_SetDirection                   0x08000d24   Section        0  bsp_lcd_st7789v.o(i.ST7789V_SetDirection)
    i.ST7789V_SetDispWin                     0x08000da4   Section        0  bsp_lcd_st7789v.o(i.ST7789V_SetDispWin)
    ST7789V_SetDispWin                       0x08000da5   Thumb Code    96  bsp_lcd_st7789v.o(i.ST7789V_SetDispWin)
    i.ST7789V_WriteCmd                       0x08000e04   Section        0  bsp_lcd_st7789v.o(i.ST7789V_WriteCmd)
    ST7789V_WriteCmd                         0x08000e05   Thumb Code     8  bsp_lcd_st7789v.o(i.ST7789V_WriteCmd)
    i.ST7789V_WriteParam                     0x08000e0c   Section        0  bsp_lcd_st7789v.o(i.ST7789V_WriteParam)
    ST7789V_WriteParam                       0x08000e0d   Thumb Code     8  bsp_lcd_st7789v.o(i.ST7789V_WriteParam)
    i.SetSysClock                            0x08000e14   Section        0  system_stm32f2xx_1.o(i.SetSysClock)
    SetSysClock                              0x08000e15   Thumb Code   192  system_stm32f2xx_1.o(i.SetSysClock)
    i.SysTick_Handler                        0x08000ee0   Section        0  port.o(i.SysTick_Handler)
    i.SystemInit                             0x08000f14   Section        0  system_stm32f2xx_1.o(i.SystemInit)
    i.TIM_ARRPreloadConfig                   0x08000f70   Section        0  stm32f2xx_tim.o(i.TIM_ARRPreloadConfig)
    i.TIM_Cmd                                0x08000f88   Section        0  stm32f2xx_tim.o(i.TIM_Cmd)
    i.TIM_CtrlPWMOutputs                     0x08000fa0   Section        0  stm32f2xx_tim.o(i.TIM_CtrlPWMOutputs)
    i.TIM_ITConfig                           0x08000fbe   Section        0  stm32f2xx_tim.o(i.TIM_ITConfig)
    i.TIM_OC1Init                            0x08000fd0   Section        0  stm32f2xx_tim.o(i.TIM_OC1Init)
    i.TIM_OC1PreloadConfig                   0x0800104c   Section        0  stm32f2xx_tim.o(i.TIM_OC1PreloadConfig)
    i.TIM_OC2Init                            0x08001060   Section        0  stm32f2xx_tim.o(i.TIM_OC2Init)
    i.TIM_OC2PreloadConfig                   0x08001104   Section        0  stm32f2xx_tim.o(i.TIM_OC2PreloadConfig)
    i.TIM_OC3Init                            0x08001120   Section        0  stm32f2xx_tim.o(i.TIM_OC3Init)
    i.TIM_OC3PreloadConfig                   0x080011c0   Section        0  stm32f2xx_tim.o(i.TIM_OC3PreloadConfig)
    i.TIM_OC4Init                            0x080011d4   Section        0  stm32f2xx_tim.o(i.TIM_OC4Init)
    i.TIM_OC4PreloadConfig                   0x0800124c   Section        0  stm32f2xx_tim.o(i.TIM_OC4PreloadConfig)
    i.TIM_OCStructInit                       0x08001266   Section        0  stm32f2xx_tim.o(i.TIM_OCStructInit)
    i.TIM_TimeBaseInit                       0x0800127c   Section        0  stm32f2xx_tim.o(i.TIM_TimeBaseInit)
    i.USART1_IRQHandler                      0x08001300   Section        0  bsp_uart_fifo.o(i.USART1_IRQHandler)
    i.USART_ClearFlag                        0x08001310   Section        0  stm32f2xx_usart.o(i.USART_ClearFlag)
    i.USART_Cmd                              0x08001322   Section        0  stm32f2xx_usart.o(i.USART_Cmd)
    i.USART_GetITStatus                      0x0800133a   Section        0  stm32f2xx_usart.o(i.USART_GetITStatus)
    i.USART_ITConfig                         0x0800138e   Section        0  stm32f2xx_usart.o(i.USART_ITConfig)
    i.USART_Init                             0x080013d8   Section        0  stm32f2xx_usart.o(i.USART_Init)
    i.USART_ReceiveData                      0x080014ac   Section        0  stm32f2xx_usart.o(i.USART_ReceiveData)
    i.USART_SendData                         0x080014b6   Section        0  stm32f2xx_usart.o(i.USART_SendData)
    i.UartIRQ                                0x080014be   Section        0  bsp_uart_fifo.o(i.UartIRQ)
    UartIRQ                                  0x080014bf   Thumb Code   230  bsp_uart_fifo.o(i.UartIRQ)
    i.UartVarInit                            0x080015a4   Section        0  bsp_uart_fifo.o(i.UartVarInit)
    UartVarInit                              0x080015a5   Thumb Code    44  bsp_uart_fifo.o(i.UartVarInit)
    i.bsp_ConfigGpioOut                      0x080015e0   Section        0  bsp_tim_pwm.o(i.bsp_ConfigGpioOut)
    i.bsp_ConfigTimGpio                      0x08001614   Section        0  bsp_tim_pwm.o(i.bsp_ConfigTimGpio)
    i.bsp_DelayMS                            0x08001680   Section        0  bsp_dwt.o(i.bsp_DelayMS)
    i.bsp_DelayUS                            0x08001694   Section        0  bsp_dwt.o(i.bsp_DelayUS)
    i.bsp_GetRCCofGPIO                       0x080016c4   Section        0  bsp_tim_pwm.o(i.bsp_GetRCCofGPIO)
    i.bsp_GetRCCofTIM                        0x0800172c   Section        0  bsp_tim_pwm.o(i.bsp_GetRCCofTIM)
    i.bsp_Init                               0x080017f8   Section        0  bsp.o(i.bsp_Init)
    i.bsp_InitDWT                            0x08001818   Section        0  bsp_dwt.o(i.bsp_InitDWT)
    i.bsp_InitUart                           0x08001840   Section        0  bsp_uart_fifo.o(i.bsp_InitUart)
    i.bsp_SetTIMOutPWM_N                     0x08001850   Section        0  bsp_tim_pwm.o(i.bsp_SetTIMOutPWM_N)
    i.bsp_SetTIMforInt                       0x08001a10   Section        0  bsp_tim_pwm.o(i.bsp_SetTIMforInt)
    i.main                                   0x08001c18   Section        0  main.o(i.main)
    i.prvAddCurrentTaskToDelayedList         0x08001c38   Section        0  tasks.o(i.prvAddCurrentTaskToDelayedList)
    prvAddCurrentTaskToDelayedList           0x08001c39   Thumb Code   124  tasks.o(i.prvAddCurrentTaskToDelayedList)
    i.prvAddNewTaskToReadyList               0x08001cd0   Section        0  tasks.o(i.prvAddNewTaskToReadyList)
    prvAddNewTaskToReadyList                 0x08001cd1   Thumb Code   156  tasks.o(i.prvAddNewTaskToReadyList)
    i.prvCheckTasksWaitingTermination        0x08001d88   Section        0  tasks.o(i.prvCheckTasksWaitingTermination)
    prvCheckTasksWaitingTermination          0x08001d89   Thumb Code    86  tasks.o(i.prvCheckTasksWaitingTermination)
    i.prvCopyDataToQueue                     0x08001dec   Section        0  queue.o(i.prvCopyDataToQueue)
    prvCopyDataToQueue                       0x08001ded   Thumb Code   124  queue.o(i.prvCopyDataToQueue)
    i.prvDeleteTCB                           0x08001e68   Section        0  tasks.o(i.prvDeleteTCB)
    prvDeleteTCB                             0x08001e69   Thumb Code    18  tasks.o(i.prvDeleteTCB)
    i.prvHeapInit                            0x08001e7c   Section        0  heap_4.o(i.prvHeapInit)
    prvHeapInit                              0x08001e7d   Thumb Code    98  heap_4.o(i.prvHeapInit)
    i.prvIdleTask                            0x08001ef8   Section        0  tasks.o(i.prvIdleTask)
    prvIdleTask                              0x08001ef9   Thumb Code    32  tasks.o(i.prvIdleTask)
    i.prvInitialiseMutex                     0x08001f20   Section        0  queue.o(i.prvInitialiseMutex)
    prvInitialiseMutex                       0x08001f21   Thumb Code    28  queue.o(i.prvInitialiseMutex)
    i.prvInitialiseNewQueue                  0x08001f3c   Section        0  queue.o(i.prvInitialiseNewQueue)
    prvInitialiseNewQueue                    0x08001f3d   Thumb Code    42  queue.o(i.prvInitialiseNewQueue)
    i.prvInitialiseNewTask                   0x08001f66   Section        0  tasks.o(i.prvInitialiseNewTask)
    prvInitialiseNewTask                     0x08001f67   Thumb Code   182  tasks.o(i.prvInitialiseNewTask)
    i.prvInitialiseTaskLists                 0x0800201c   Section        0  tasks.o(i.prvInitialiseTaskLists)
    prvInitialiseTaskLists                   0x0800201d   Thumb Code    70  tasks.o(i.prvInitialiseTaskLists)
    i.prvInsertBlockIntoFreeList             0x08002084   Section        0  heap_4.o(i.prvInsertBlockIntoFreeList)
    prvInsertBlockIntoFreeList               0x08002085   Thumb Code    96  heap_4.o(i.prvInsertBlockIntoFreeList)
    i.prvIsQueueFull                         0x080020ec   Section        0  queue.o(i.prvIsQueueFull)
    prvIsQueueFull                           0x080020ed   Thumb Code    30  queue.o(i.prvIsQueueFull)
    i.prvResetNextTaskUnblockTime            0x0800210c   Section        0  tasks.o(i.prvResetNextTaskUnblockTime)
    prvResetNextTaskUnblockTime              0x0800210d   Thumb Code    42  tasks.o(i.prvResetNextTaskUnblockTime)
    i.prvTaskExitError                       0x08002140   Section        0  port.o(i.prvTaskExitError)
    prvTaskExitError                         0x08002141   Thumb Code    60  port.o(i.prvTaskExitError)
    i.prvUnlockQueue                         0x08002180   Section        0  queue.o(i.prvUnlockQueue)
    prvUnlockQueue                           0x08002181   Thumb Code   126  queue.o(i.prvUnlockQueue)
    i.pvPortMalloc                           0x08002200   Section        0  heap_4.o(i.pvPortMalloc)
    i.pxPortInitialiseStack                  0x0800233c   Section        0  port.o(i.pxPortInitialiseStack)
    i.uxListRemove                           0x08002360   Section        0  list.o(i.uxListRemove)
    i.vListInitialise                        0x08002388   Section        0  list.o(i.vListInitialise)
    i.vListInitialiseItem                    0x080023a2   Section        0  list.o(i.vListInitialiseItem)
    i.vListInsert                            0x080023a8   Section        0  list.o(i.vListInsert)
    i.vListInsertEnd                         0x080023dc   Section        0  list.o(i.vListInsertEnd)
    i.vPortEnterCritical                     0x080023f4   Section        0  port.o(i.vPortEnterCritical)
    i.vPortExitCritical                      0x08002448   Section        0  port.o(i.vPortExitCritical)
    i.vPortFree                              0x08002484   Section        0  heap_4.o(i.vPortFree)
    i.vPortSetupTimerInterrupt               0x08002518   Section        0  port.o(i.vPortSetupTimerInterrupt)
    i.vSetupSysInfoTest                      0x0800252c   Section        0  sysinfotest.o(i.vSetupSysInfoTest)
    i.vTaskAdcProc                           0x08002544   Section        0  main.o(i.vTaskAdcProc)
    vTaskAdcProc                             0x08002545   Thumb Code    12  main.o(i.vTaskAdcProc)
    i.vTaskDelay                             0x08002550   Section        0  tasks.o(i.vTaskDelay)
    i.vTaskMissedYield                       0x080025ac   Section        0  tasks.o(i.vTaskMissedYield)
    i.vTaskPlaceOnEventList                  0x080025b8   Section        0  tasks.o(i.vTaskPlaceOnEventList)
    i.vTaskSetTimeOutState                   0x080025f0   Section        0  tasks.o(i.vTaskSetTimeOutState)
    i.vTaskStartScheduler                    0x08002620   Section        0  tasks.o(i.vTaskStartScheduler)
    i.vTaskSuspendAll                        0x080026b0   Section        0  tasks.o(i.vTaskSuspendAll)
    i.vTaskSwitchContext                     0x080026c0   Section        0  tasks.o(i.vTaskSwitchContext)
    i.xPortStartScheduler                    0x0800278c   Section        0  port.o(i.xPortStartScheduler)
    i.xQueueCreateMutex                      0x0800282c   Section        0  queue.o(i.xQueueCreateMutex)
    i.xQueueGenericCreate                    0x0800284e   Section        0  queue.o(i.xQueueGenericCreate)
    i.xQueueGenericReset                     0x080028a8   Section        0  queue.o(i.xQueueGenericReset)
    i.xQueueGenericSend                      0x08002940   Section        0  queue.o(i.xQueueGenericSend)
    i.xTaskCheckForTimeOut                   0x08002ac0   Section        0  tasks.o(i.xTaskCheckForTimeOut)
    i.xTaskCreate                            0x08002b4c   Section        0  tasks.o(i.xTaskCreate)
    i.xTaskIncrementTick                     0x08002bac   Section        0  tasks.o(i.xTaskIncrementTick)
    i.xTaskPriorityDisinherit                0x08002cf4   Section        0  tasks.o(i.xTaskPriorityDisinherit)
    i.xTaskRemoveFromEventList               0x08002dbc   Section        0  tasks.o(i.xTaskRemoveFromEventList)
    i.xTaskResumeAll                         0x08002e54   Section        0  tasks.o(i.xTaskResumeAll)
    .data                                    0x20000000   Section        8  main.o(.data)
    xHandleTaskAdcProc                       0x20000000   Data           4  main.o(.data)
    xMutex                                   0x20000004   Data           4  main.o(.data)
    .data                                    0x20000008   Section        4  sysinfotest.o(.data)
    .data                                    0x2000000c   Section        8  bsp_tft_lcd.o(.data)
    .data                                    0x20000014   Section        1  bsp_lcd_st7789v.o(.data)
    s_RGBChgEn                               0x20000014   Data           1  bsp_lcd_st7789v.o(.data)
    .data                                    0x20000015   Section       16  stm32f2xx_rcc.o(.data)
    APBAHBPrescTable                         0x20000015   Data          16  stm32f2xx_rcc.o(.data)
    .data                                    0x20000028   Section       20  system_stm32f2xx_1.o(.data)
    .data                                    0x2000003c   Section       68  tasks.o(.data)
    pxDelayedTaskList                        0x20000040   Data           4  tasks.o(.data)
    pxOverflowDelayedTaskList                0x20000044   Data           4  tasks.o(.data)
    uxDeletedTasksWaitingCleanUp             0x20000048   Data           4  tasks.o(.data)
    uxCurrentNumberOfTasks                   0x2000004c   Data           4  tasks.o(.data)
    xTickCount                               0x20000050   Data           4  tasks.o(.data)
    uxTopReadyPriority                       0x20000054   Data           4  tasks.o(.data)
    xSchedulerRunning                        0x20000058   Data           4  tasks.o(.data)
    uxPendedTicks                            0x2000005c   Data           4  tasks.o(.data)
    xYieldPending                            0x20000060   Data           4  tasks.o(.data)
    xNumOfOverflows                          0x20000064   Data           4  tasks.o(.data)
    uxTaskNumber                             0x20000068   Data           4  tasks.o(.data)
    xNextTaskUnblockTime                     0x2000006c   Data           4  tasks.o(.data)
    xIdleTaskHandle                          0x20000070   Data           4  tasks.o(.data)
    uxSchedulerSuspended                     0x20000074   Data           4  tasks.o(.data)
    ulTaskSwitchedInTime                     0x20000078   Data           4  tasks.o(.data)
    ulTotalRunTime                           0x2000007c   Data           4  tasks.o(.data)
    .data                                    0x20000080   Section       24  heap_4.o(.data)
    xStart                                   0x20000080   Data           8  heap_4.o(.data)
    pxEnd                                    0x20000088   Data           4  heap_4.o(.data)
    xFreeBytesRemaining                      0x2000008c   Data           4  heap_4.o(.data)
    xMinimumEverFreeBytesRemaining           0x20000090   Data           4  heap_4.o(.data)
    xBlockAllocatedBit                       0x20000094   Data           4  heap_4.o(.data)
    .data                                    0x20000098   Section       12  port.o(.data)
    uxCriticalNesting                        0x20000098   Data           4  port.o(.data)
    ucMaxSysCallPriority                     0x2000009c   Data           1  port.o(.data)
    ulMaxPRIGROUPValue                       0x200000a0   Data           4  port.o(.data)
    .bss                                     0x200000a4   Section     2088  bsp_uart_fifo.o(.bss)
    g_tUart1                                 0x200000a4   Data          40  bsp_uart_fifo.o(.bss)
    g_TxBuf1                                 0x200000cc   Data        1024  bsp_uart_fifo.o(.bss)
    g_RxBuf1                                 0x200004cc   Data        1024  bsp_uart_fifo.o(.bss)
    .bss                                     0x200008cc   Section      200  tasks.o(.bss)
    pxReadyTasksLists                        0x200008cc   Data         100  tasks.o(.bss)
    xDelayedTaskList1                        0x20000930   Data          20  tasks.o(.bss)
    xDelayedTaskList2                        0x20000944   Data          20  tasks.o(.bss)
    xPendingReadyList                        0x20000958   Data          20  tasks.o(.bss)
    xTasksWaitingTermination                 0x2000096c   Data          20  tasks.o(.bss)
    xSuspendedTaskList                       0x20000980   Data          20  tasks.o(.bss)
    .bss                                     0x20000994   Section    17408  heap_4.o(.bss)
    ucHeap                                   0x20000994   Data       17408  heap_4.o(.bss)
    .bss                                     0x20004d94   Section       96  libspace.o(.bss)
    HEAP                                     0x20004df8   Section      512  startup_stm32f2xx.o(HEAP)
    Heap_Mem                                 0x20004df8   Data         512  startup_stm32f2xx.o(HEAP)
    STACK                                    0x20004ff8   Section     1024  startup_stm32f2xx.o(STACK)
    Stack_Mem                                0x20004ff8   Data        1024  startup_stm32f2xx.o(STACK)
    __initial_sp                             0x200053f8   Data           0  startup_stm32f2xx.o(STACK)

    Global Symbols

    Symbol Name                              Value     Ov Type        Size  Object(Section)

    BuildAttributes$$THM_ISAv4$P$D$K$B$S$PE$A:L22UL41UL21$X:L11$S22US41US21$IEEE1$IW$USESV6$~STKCKD$USESV7$~SHL$OSPACE$ROPI$EBA8$UX$STANDARDLIB$REQ8$PRES8$EABIv2 0x00000000   Number         0  anon$$obj.o ABSOLUTE
    __ARM_use_no_argv                        0x00000000   Number         0  main.o ABSOLUTE
    __ARM_exceptions_init                     - Undefined Weak Reference
    __alloca_initialize                       - Undefined Weak Reference
    __arm_preinit_                            - Undefined Weak Reference
    __cpp_initialize__aeabi_                  - Undefined Weak Reference
    __cxa_finalize                            - Undefined Weak Reference
    __rt_locale                               - Undefined Weak Reference
    __sigvec_lookup                           - Undefined Weak Reference
    _atexit_init                              - Undefined Weak Reference
    _call_atexit_fns                          - Undefined Weak Reference
    _clock_init                               - Undefined Weak Reference
    _fp_trap_init                             - Undefined Weak Reference
    _fp_trap_shutdown                         - Undefined Weak Reference
    _get_lc_collate                           - Undefined Weak Reference
    _get_lc_ctype                             - Undefined Weak Reference
    _get_lc_monetary                          - Undefined Weak Reference
    _get_lc_numeric                           - Undefined Weak Reference
    _get_lc_time                              - Undefined Weak Reference
    _getenv_init                              - Undefined Weak Reference
    _handle_redirection                       - Undefined Weak Reference
    _init_alloc                               - Undefined Weak Reference
    _init_user_alloc                          - Undefined Weak Reference
    _initio                                   - Undefined Weak Reference
    _printf_mbtowc                            - Undefined Weak Reference
    _printf_post_padding                      - Undefined Weak Reference
    _printf_pre_padding                       - Undefined Weak Reference
    _printf_truncate_signed                   - Undefined Weak Reference
    _printf_truncate_unsigned                 - Undefined Weak Reference
    _rand_init                                - Undefined Weak Reference
    _signal_finish                            - Undefined Weak Reference
    _signal_init                              - Undefined Weak Reference
    _terminate_alloc                          - Undefined Weak Reference
    _terminate_user_alloc                     - Undefined Weak Reference
    _terminateio                              - Undefined Weak Reference
    __Vectors_Size                           0x00000184   Number         0  startup_stm32f2xx.o ABSOLUTE
    __Vectors                                0x08000000   Data           4  startup_stm32f2xx.o(RESET)
    __Vectors_End                            0x08000184   Data           0  startup_stm32f2xx.o(RESET)
    __main                                   0x08000185   Thumb Code     8  __main.o(!!!main)
    __scatterload                            0x0800018d   Thumb Code     0  __scatter.o(!!!scatter)
    __scatterload_rt2                        0x0800018d   Thumb Code    44  __scatter.o(!!!scatter)
    __scatterload_rt2_thumb_only             0x0800018d   Thumb Code     0  __scatter.o(!!!scatter)
    __scatterload_null                       0x0800019b   Thumb Code     0  __scatter.o(!!!scatter)
    __scatterload_copy                       0x080001c1   Thumb Code    26  __scatter_copy.o(!!handler_copy)
    __scatterload_zeroinit                   0x080001dd   Thumb Code    28  __scatter_zi.o(!!handler_zi)
    __rt_lib_init                            0x080001f9   Thumb Code     0  libinit.o(.ARM.Collect$$libinit$$00000000)
    __rt_lib_init_alloca_1                   0x080001fb   Thumb Code     0  libinit2.o(.ARM.Collect$$libinit$$0000002E)
    __rt_lib_init_argv_1                     0x080001fb   Thumb Code     0  libinit2.o(.ARM.Collect$$libinit$$0000002C)
    __rt_lib_init_atexit_1                   0x080001fb   Thumb Code     0  libinit2.o(.ARM.Collect$$libinit$$0000001B)
    __rt_lib_init_clock_1                    0x080001fb   Thumb Code     0  libinit2.o(.ARM.Collect$$libinit$$00000021)
    __rt_lib_init_cpp_1                      0x080001fb   Thumb Code     0  libinit2.o(.ARM.Collect$$libinit$$00000032)
    __rt_lib_init_exceptions_1               0x080001fb   Thumb Code     0  libinit2.o(.ARM.Collect$$libinit$$00000030)
    __rt_lib_init_fp_1                       0x080001fb   Thumb Code     0  libinit2.o(.ARM.Collect$$libinit$$00000002)
    __rt_lib_init_fp_trap_1                  0x080001fb   Thumb Code     0  libinit2.o(.ARM.Collect$$libinit$$0000001F)
    __rt_lib_init_getenv_1                   0x080001fb   Thumb Code     0  libinit2.o(.ARM.Collect$$libinit$$00000023)
    __rt_lib_init_heap_1                     0x080001fb   Thumb Code     0  libinit2.o(.ARM.Collect$$libinit$$0000000A)
    __rt_lib_init_lc_collate_1               0x080001fb   Thumb Code     0  libinit2.o(.ARM.Collect$$libinit$$00000011)
    __rt_lib_init_lc_ctype_1                 0x080001fb   Thumb Code     0  libinit2.o(.ARM.Collect$$libinit$$00000013)
    __rt_lib_init_lc_monetary_1              0x080001fb   Thumb Code     0  libinit2.o(.ARM.Collect$$libinit$$00000015)
    __rt_lib_init_lc_numeric_1               0x080001fb   Thumb Code     0  libinit2.o(.ARM.Collect$$libinit$$00000017)
    __rt_lib_init_lc_time_1                  0x080001fb   Thumb Code     0  libinit2.o(.ARM.Collect$$libinit$$00000019)
    __rt_lib_init_preinit_1                  0x080001fb   Thumb Code     0  libinit2.o(.ARM.Collect$$libinit$$00000004)
    __rt_lib_init_rand_1                     0x080001fb   Thumb Code     0  libinit2.o(.ARM.Collect$$libinit$$0000000E)
    __rt_lib_init_return                     0x080001fb   Thumb Code     0  libinit2.o(.ARM.Collect$$libinit$$00000033)
    __rt_lib_init_signal_1                   0x080001fb   Thumb Code     0  libinit2.o(.ARM.Collect$$libinit$$0000001D)
    __rt_lib_init_stdio_1                    0x080001fb   Thumb Code     0  libinit2.o(.ARM.Collect$$libinit$$00000025)
    __rt_lib_init_user_alloc_1               0x080001fb   Thumb Code     0  libinit2.o(.ARM.Collect$$libinit$$0000000C)
    __rt_lib_shutdown                        0x080001fd   Thumb Code     0  libshutdown.o(.ARM.Collect$$libshutdown$$00000000)
    __rt_lib_shutdown_cpp_1                  0x080001ff   Thumb Code     0  libshutdown2.o(.ARM.Collect$$libshutdown$$00000002)
    __rt_lib_shutdown_fp_trap_1              0x080001ff   Thumb Code     0  libshutdown2.o(.ARM.Collect$$libshutdown$$00000007)
    __rt_lib_shutdown_heap_1                 0x080001ff   Thumb Code     0  libshutdown2.o(.ARM.Collect$$libshutdown$$0000000F)
    __rt_lib_shutdown_return                 0x080001ff   Thumb Code     0  libshutdown2.o(.ARM.Collect$$libshutdown$$00000010)
    __rt_lib_shutdown_signal_1               0x080001ff   Thumb Code     0  libshutdown2.o(.ARM.Collect$$libshutdown$$0000000A)
    __rt_lib_shutdown_stdio_1                0x080001ff   Thumb Code     0  libshutdown2.o(.ARM.Collect$$libshutdown$$00000004)
    __rt_lib_shutdown_user_alloc_1           0x080001ff   Thumb Code     0  libshutdown2.o(.ARM.Collect$$libshutdown$$0000000C)
    __rt_entry                               0x08000201   Thumb Code     0  __rtentry.o(.ARM.Collect$$rtentry$$00000000)
    __rt_entry_presh_1                       0x08000201   Thumb Code     0  __rtentry2.o(.ARM.Collect$$rtentry$$00000002)
    __rt_entry_sh                            0x08000201   Thumb Code     0  __rtentry4.o(.ARM.Collect$$rtentry$$00000004)
    __rt_entry_li                            0x08000207   Thumb Code     0  __rtentry2.o(.ARM.Collect$$rtentry$$0000000A)
    __rt_entry_postsh_1                      0x08000207   Thumb Code     0  __rtentry2.o(.ARM.Collect$$rtentry$$00000009)
    __rt_entry_main                          0x0800020b   Thumb Code     0  __rtentry2.o(.ARM.Collect$$rtentry$$0000000D)
    __rt_entry_postli_1                      0x0800020b   Thumb Code     0  __rtentry2.o(.ARM.Collect$$rtentry$$0000000C)
    __rt_exit                                0x08000213   Thumb Code     0  rtexit.o(.ARM.Collect$$rtexit$$00000000)
    __rt_exit_ls                             0x08000215   Thumb Code     0  rtexit2.o(.ARM.Collect$$rtexit$$00000003)
    __rt_exit_prels_1                        0x08000215   Thumb Code     0  rtexit2.o(.ARM.Collect$$rtexit$$00000002)
    __rt_exit_exit                           0x08000219   Thumb Code     0  rtexit2.o(.ARM.Collect$$rtexit$$00000004)
    SVC_Handler                              0x08000221   Thumb Code    32  port.o(.emb_text)
    __asm___6_port_c_39a90d8d__prvStartFirstTask 0x08000245   Thumb Code    28  port.o(.emb_text)
    PendSV_Handler                           0x08000265   Thumb Code    72  port.o(.emb_text)
    vPortGetIPSR                             0x080002b1   Thumb Code     6  port.o(.emb_text)
    Reset_Handler                            0x080002b9   Thumb Code     8  startup_stm32f2xx.o(.text)
    NMI_Handler                              0x080002c1   Thumb Code     2  startup_stm32f2xx.o(.text)
    HardFault_Handler                        0x080002c3   Thumb Code     2  startup_stm32f2xx.o(.text)
    MemManage_Handler                        0x080002c5   Thumb Code     2  startup_stm32f2xx.o(.text)
    BusFault_Handler                         0x080002c7   Thumb Code     2  startup_stm32f2xx.o(.text)
    UsageFault_Handler                       0x080002c9   Thumb Code     2  startup_stm32f2xx.o(.text)
    DebugMon_Handler                         0x080002cd   Thumb Code     2  startup_stm32f2xx.o(.text)
    ADC_IRQHandler                           0x080002d3   Thumb Code     0  startup_stm32f2xx.o(.text)
    CAN1_RX0_IRQHandler                      0x080002d3   Thumb Code     0  startup_stm32f2xx.o(.text)
    CAN1_RX1_IRQHandler                      0x080002d3   Thumb Code     0  startup_stm32f2xx.o(.text)
    CAN1_SCE_IRQHandler                      0x080002d3   Thumb Code     0  startup_stm32f2xx.o(.text)
    CAN1_TX_IRQHandler                       0x080002d3   Thumb Code     0  startup_stm32f2xx.o(.text)
    CAN2_RX0_IRQHandler                      0x080002d3   Thumb Code     0  startup_stm32f2xx.o(.text)
    CAN2_RX1_IRQHandler                      0x080002d3   Thumb Code     0  startup_stm32f2xx.o(.text)
    CAN2_SCE_IRQHandler                      0x080002d3   Thumb Code     0  startup_stm32f2xx.o(.text)
    CAN2_TX_IRQHandler                       0x080002d3   Thumb Code     0  startup_stm32f2xx.o(.text)
    CRYP_IRQHandler                          0x080002d3   Thumb Code     0  startup_stm32f2xx.o(.text)
    DCMI_IRQHandler                          0x080002d3   Thumb Code     0  startup_stm32f2xx.o(.text)
    DMA1_Stream0_IRQHandler                  0x080002d3   Thumb Code     0  startup_stm32f2xx.o(.text)
    DMA1_Stream1_IRQHandler                  0x080002d3   Thumb Code     0  startup_stm32f2xx.o(.text)
    DMA1_Stream2_IRQHandler                  0x080002d3   Thumb Code     0  startup_stm32f2xx.o(.text)
    DMA1_Stream3_IRQHandler                  0x080002d3   Thumb Code     0  startup_stm32f2xx.o(.text)
    DMA1_Stream4_IRQHandler                  0x080002d3   Thumb Code     0  startup_stm32f2xx.o(.text)
    DMA1_Stream5_IRQHandler                  0x080002d3   Thumb Code     0  startup_stm32f2xx.o(.text)
    DMA1_Stream6_IRQHandler                  0x080002d3   Thumb Code     0  startup_stm32f2xx.o(.text)
    DMA1_Stream7_IRQHandler                  0x080002d3   Thumb Code     0  startup_stm32f2xx.o(.text)
    DMA2_Stream0_IRQHandler                  0x080002d3   Thumb Code     0  startup_stm32f2xx.o(.text)
    DMA2_Stream1_IRQHandler                  0x080002d3   Thumb Code     0  startup_stm32f2xx.o(.text)
    DMA2_Stream2_IRQHandler                  0x080002d3   Thumb Code     0  startup_stm32f2xx.o(.text)
    DMA2_Stream3_IRQHandler                  0x080002d3   Thumb Code     0  startup_stm32f2xx.o(.text)
    DMA2_Stream4_IRQHandler                  0x080002d3   Thumb Code     0  startup_stm32f2xx.o(.text)
    DMA2_Stream5_IRQHandler                  0x080002d3   Thumb Code     0  startup_stm32f2xx.o(.text)
    DMA2_Stream6_IRQHandler                  0x080002d3   Thumb Code     0  startup_stm32f2xx.o(.text)
    DMA2_Stream7_IRQHandler                  0x080002d3   Thumb Code     0  startup_stm32f2xx.o(.text)
    ETH_IRQHandler                           0x080002d3   Thumb Code     0  startup_stm32f2xx.o(.text)
    ETH_WKUP_IRQHandler                      0x080002d3   Thumb Code     0  startup_stm32f2xx.o(.text)
    EXTI0_IRQHandler                         0x080002d3   Thumb Code     0  startup_stm32f2xx.o(.text)
    EXTI15_10_IRQHandler                     0x080002d3   Thumb Code     0  startup_stm32f2xx.o(.text)
    EXTI1_IRQHandler                         0x080002d3   Thumb Code     0  startup_stm32f2xx.o(.text)
    EXTI2_IRQHandler                         0x080002d3   Thumb Code     0  startup_stm32f2xx.o(.text)
    EXTI3_IRQHandler                         0x080002d3   Thumb Code     0  startup_stm32f2xx.o(.text)
    EXTI4_IRQHandler                         0x080002d3   Thumb Code     0  startup_stm32f2xx.o(.text)
    EXTI9_5_IRQHandler                       0x080002d3   Thumb Code     0  startup_stm32f2xx.o(.text)
    FLASH_IRQHandler                         0x080002d3   Thumb Code     0  startup_stm32f2xx.o(.text)
    FSMC_IRQHandler                          0x080002d3   Thumb Code     0  startup_stm32f2xx.o(.text)
    HASH_RNG_IRQHandler                      0x080002d3   Thumb Code     0  startup_stm32f2xx.o(.text)
    I2C1_ER_IRQHandler                       0x080002d3   Thumb Code     0  startup_stm32f2xx.o(.text)
    I2C1_EV_IRQHandler                       0x080002d3   Thumb Code     0  startup_stm32f2xx.o(.text)
    I2C2_ER_IRQHandler                       0x080002d3   Thumb Code     0  startup_stm32f2xx.o(.text)
    I2C2_EV_IRQHandler                       0x080002d3   Thumb Code     0  startup_stm32f2xx.o(.text)
    I2C3_ER_IRQHandler                       0x080002d3   Thumb Code     0  startup_stm32f2xx.o(.text)
    I2C3_EV_IRQHandler                       0x080002d3   Thumb Code     0  startup_stm32f2xx.o(.text)
    OTG_FS_IRQHandler                        0x080002d3   Thumb Code     0  startup_stm32f2xx.o(.text)
    OTG_FS_WKUP_IRQHandler                   0x080002d3   Thumb Code     0  startup_stm32f2xx.o(.text)
    OTG_HS_EP1_IN_IRQHandler                 0x080002d3   Thumb Code     0  startup_stm32f2xx.o(.text)
    OTG_HS_EP1_OUT_IRQHandler                0x080002d3   Thumb Code     0  startup_stm32f2xx.o(.text)
    OTG_HS_IRQHandler                        0x080002d3   Thumb Code     0  startup_stm32f2xx.o(.text)
    OTG_HS_WKUP_IRQHandler                   0x080002d3   Thumb Code     0  startup_stm32f2xx.o(.text)
    PVD_IRQHandler                           0x080002d3   Thumb Code     0  startup_stm32f2xx.o(.text)
    RCC_IRQHandler                           0x080002d3   Thumb Code     0  startup_stm32f2xx.o(.text)
    RTC_Alarm_IRQHandler                     0x080002d3   Thumb Code     0  startup_stm32f2xx.o(.text)
    RTC_WKUP_IRQHandler                      0x080002d3   Thumb Code     0  startup_stm32f2xx.o(.text)
    SDIO_IRQHandler                          0x080002d3   Thumb Code     0  startup_stm32f2xx.o(.text)
    SPI1_IRQHandler                          0x080002d3   Thumb Code     0  startup_stm32f2xx.o(.text)
    SPI2_IRQHandler                          0x080002d3   Thumb Code     0  startup_stm32f2xx.o(.text)
    SPI3_IRQHandler                          0x080002d3   Thumb Code     0  startup_stm32f2xx.o(.text)
    TAMP_STAMP_IRQHandler                    0x080002d3   Thumb Code     0  startup_stm32f2xx.o(.text)
    TIM1_BRK_TIM9_IRQHandler                 0x080002d3   Thumb Code     0  startup_stm32f2xx.o(.text)
    TIM1_CC_IRQHandler                       0x080002d3   Thumb Code     0  startup_stm32f2xx.o(.text)
    TIM1_TRG_COM_TIM11_IRQHandler            0x080002d3   Thumb Code     0  startup_stm32f2xx.o(.text)
    TIM1_UP_TIM10_IRQHandler                 0x080002d3   Thumb Code     0  startup_stm32f2xx.o(.text)
    TIM2_IRQHandler                          0x080002d3   Thumb Code     0  startup_stm32f2xx.o(.text)
    TIM3_IRQHandler                          0x080002d3   Thumb Code     0  startup_stm32f2xx.o(.text)
    TIM4_IRQHandler                          0x080002d3   Thumb Code     0  startup_stm32f2xx.o(.text)
    TIM5_IRQHandler                          0x080002d3   Thumb Code     0  startup_stm32f2xx.o(.text)
    TIM6_DAC_IRQHandler                      0x080002d3   Thumb Code     0  startup_stm32f2xx.o(.text)
    TIM7_IRQHandler                          0x080002d3   Thumb Code     0  startup_stm32f2xx.o(.text)
    TIM8_BRK_TIM12_IRQHandler                0x080002d3   Thumb Code     0  startup_stm32f2xx.o(.text)
    TIM8_CC_IRQHandler                       0x080002d3   Thumb Code     0  startup_stm32f2xx.o(.text)
    TIM8_TRG_COM_TIM14_IRQHandler            0x080002d3   Thumb Code     0  startup_stm32f2xx.o(.text)
    TIM8_UP_TIM13_IRQHandler                 0x080002d3   Thumb Code     0  startup_stm32f2xx.o(.text)
    UART4_IRQHandler                         0x080002d3   Thumb Code     0  startup_stm32f2xx.o(.text)
    UART5_IRQHandler                         0x080002d3   Thumb Code     0  startup_stm32f2xx.o(.text)
    USART2_IRQHandler                        0x080002d3   Thumb Code     0  startup_stm32f2xx.o(.text)
    USART3_IRQHandler                        0x080002d3   Thumb Code     0  startup_stm32f2xx.o(.text)
    USART6_IRQHandler                        0x080002d3   Thumb Code     0  startup_stm32f2xx.o(.text)
    WWDG_IRQHandler                          0x080002d3   Thumb Code     0  startup_stm32f2xx.o(.text)
    __user_initial_stackheap                 0x080002d5   Thumb Code     0  startup_stm32f2xx.o(.text)
    __aeabi_memcpy                           0x080002f9   Thumb Code     0  rt_memcpy_v6.o(.text)
    __rt_memcpy                              0x080002f9   Thumb Code   138  rt_memcpy_v6.o(.text)
    _memcpy_lastbytes                        0x0800035f   Thumb Code     0  rt_memcpy_v6.o(.text)
    __aeabi_memset                           0x08000383   Thumb Code    16  aeabi_memset.o(.text)
    __use_two_region_memory                  0x08000393   Thumb Code     2  heapauxi.o(.text)
    __rt_heap_escrow$2region                 0x08000395   Thumb Code     2  heapauxi.o(.text)
    __rt_heap_expand$2region                 0x08000397   Thumb Code     2  heapauxi.o(.text)
    __aeabi_memcpy4                          0x08000399   Thumb Code     0  rt_memcpy_w.o(.text)
    __aeabi_memcpy8                          0x08000399   Thumb Code     0  rt_memcpy_w.o(.text)
    __rt_memcpy_w                            0x08000399   Thumb Code   100  rt_memcpy_w.o(.text)
    _memcpy_lastbytes_aligned                0x080003e1   Thumb Code     0  rt_memcpy_w.o(.text)
    __aeabi_memclr                           0x080003fd   Thumb Code     0  rt_memclr.o(.text)
    __rt_memclr                              0x080003fd   Thumb Code    68  rt_memclr.o(.text)
    _memset                                  0x08000401   Thumb Code     0  rt_memclr.o(.text)
    __aeabi_memclr4                          0x08000441   Thumb Code     0  rt_memclr_w.o(.text)
    __aeabi_memclr8                          0x08000441   Thumb Code     0  rt_memclr_w.o(.text)
    __rt_memclr_w                            0x08000441   Thumb Code    78  rt_memclr_w.o(.text)
    _memset_w                                0x08000445   Thumb Code     0  rt_memclr_w.o(.text)
    __user_setup_stackheap                   0x0800048f   Thumb Code    74  sys_stackheap_outer.o(.text)
    exit                                     0x080004d9   Thumb Code    18  exit.o(.text)
    __user_libspace                          0x080004ed   Thumb Code     8  libspace.o(.text)
    __user_perproc_libspace                  0x080004ed   Thumb Code     0  libspace.o(.text)
    __user_perthread_libspace                0x080004ed   Thumb Code     0  libspace.o(.text)
    _sys_exit                                0x080004f5   Thumb Code     8  sys_exit.o(.text)
    __I$use$semihosting                      0x08000501   Thumb Code     0  use_no_semi.o(.text)
    __use_no_semihosting_swi                 0x08000501   Thumb Code     2  use_no_semi.o(.text)
    __semihosting_library_function           0x08000503   Thumb Code     0  indicate_semi.o(.text)
    GPIO_Init                                0x0800056f   Thumb Code   144  stm32f2xx_gpio.o(i.GPIO_Init)
    GPIO_ResetBits                           0x080005ff   Thumb Code     4  stm32f2xx_gpio.o(i.GPIO_ResetBits)
    GPIO_SetBits                             0x08000603   Thumb Code     4  stm32f2xx_gpio.o(i.GPIO_SetBits)
    GPIO_WriteBit                            0x08000607   Thumb Code    10  stm32f2xx_gpio.o(i.GPIO_WriteBit)
    LCD_ClrScr                               0x08000859   Thumb Code    12  bsp_tft_lcd.o(i.LCD_ClrScr)
    LCD_InitHard                             0x08000909   Thumb Code    60  bsp_tft_lcd.o(i.LCD_InitHard)
    LCD_SetBackLight                         0x0800094d   Thumb Code    16  bsp_tft_lcd.o(i.LCD_SetBackLight)
    LCD_SetDirection                         0x08000961   Thumb Code    16  bsp_tft_lcd.o(i.LCD_SetDirection)
    LCD_SetPwmBackLight                      0x08000975   Thumb Code    36  bsp_tft_lcd.o(i.LCD_SetPwmBackLight)
    NVIC_Init                                0x0800099d   Thumb Code   106  misc.o(i.NVIC_Init)
    NVIC_PriorityGroupConfig                 0x08000a15   Thumb Code    10  misc.o(i.NVIC_PriorityGroupConfig)
    RCC_AHB1PeriphClockCmd                   0x08000a29   Thumb Code    26  stm32f2xx_rcc.o(i.RCC_AHB1PeriphClockCmd)
    RCC_APB1PeriphClockCmd                   0x08000a49   Thumb Code    26  stm32f2xx_rcc.o(i.RCC_APB1PeriphClockCmd)
    RCC_APB2PeriphClockCmd                   0x08000a69   Thumb Code    26  stm32f2xx_rcc.o(i.RCC_APB2PeriphClockCmd)
    RCC_GetClocksFreq                        0x08000a89   Thumb Code   214  stm32f2xx_rcc.o(i.RCC_GetClocksFreq)
    ST7789V_ClrScr                           0x08000b71   Thumb Code    80  bsp_lcd_st7789v.o(i.ST7789V_ClrScr)
    ST7789V_GetPixel                         0x08000bc9   Thumb Code    62  bsp_lcd_st7789v.o(i.ST7789V_GetPixel)
    ST7789V_InitHard                         0x08000c09   Thumb Code    98  bsp_lcd_st7789v.o(i.ST7789V_InitHard)
    ST7789V_PutPixel                         0x08000c79   Thumb Code    30  bsp_lcd_st7789v.o(i.ST7789V_PutPixel)
    ST7789V_ReadID                           0x08000c97   Thumb Code    72  bsp_lcd_st7789v.o(i.ST7789V_ReadID)
    ST7789V_SetDirection                     0x08000d25   Thumb Code   120  bsp_lcd_st7789v.o(i.ST7789V_SetDirection)
    SysTick_Handler                          0x08000ee1   Thumb Code    46  port.o(i.SysTick_Handler)
    SystemInit                               0x08000f15   Thumb Code    74  system_stm32f2xx_1.o(i.SystemInit)
    TIM_ARRPreloadConfig                     0x08000f71   Thumb Code    24  stm32f2xx_tim.o(i.TIM_ARRPreloadConfig)
    TIM_Cmd                                  0x08000f89   Thumb Code    24  stm32f2xx_tim.o(i.TIM_Cmd)
    TIM_CtrlPWMOutputs                       0x08000fa1   Thumb Code    30  stm32f2xx_tim.o(i.TIM_CtrlPWMOutputs)
    TIM_ITConfig                             0x08000fbf   Thumb Code    18  stm32f2xx_tim.o(i.TIM_ITConfig)
    TIM_OC1Init                              0x08000fd1   Thumb Code   114  stm32f2xx_tim.o(i.TIM_OC1Init)
    TIM_OC1PreloadConfig                     0x0800104d   Thumb Code    18  stm32f2xx_tim.o(i.TIM_OC1PreloadConfig)
    TIM_OC2Init                              0x08001061   Thumb Code   154  stm32f2xx_tim.o(i.TIM_OC2Init)
    TIM_OC2PreloadConfig                     0x08001105   Thumb Code    26  stm32f2xx_tim.o(i.TIM_OC2PreloadConfig)
    TIM_OC3Init                              0x08001121   Thumb Code   150  stm32f2xx_tim.o(i.TIM_OC3Init)
    TIM_OC3PreloadConfig                     0x080011c1   Thumb Code    18  stm32f2xx_tim.o(i.TIM_OC3PreloadConfig)
    TIM_OC4Init                              0x080011d5   Thumb Code   112  stm32f2xx_tim.o(i.TIM_OC4Init)
    TIM_OC4PreloadConfig                     0x0800124d   Thumb Code    26  stm32f2xx_tim.o(i.TIM_OC4PreloadConfig)
    TIM_OCStructInit                         0x08001267   Thumb Code    20  stm32f2xx_tim.o(i.TIM_OCStructInit)
    TIM_TimeBaseInit                         0x0800127d   Thumb Code   104  stm32f2xx_tim.o(i.TIM_TimeBaseInit)
    USART1_IRQHandler                        0x08001301   Thumb Code    10  bsp_uart_fifo.o(i.USART1_IRQHandler)
    USART_ClearFlag                          0x08001311   Thumb Code    18  stm32f2xx_usart.o(i.USART_ClearFlag)
    USART_Cmd                                0x08001323   Thumb Code    24  stm32f2xx_usart.o(i.USART_Cmd)
    USART_GetITStatus                        0x0800133b   Thumb Code    84  stm32f2xx_usart.o(i.USART_GetITStatus)
    USART_ITConfig                           0x0800138f   Thumb Code    74  stm32f2xx_usart.o(i.USART_ITConfig)
    USART_Init                               0x080013d9   Thumb Code   204  stm32f2xx_usart.o(i.USART_Init)
    USART_ReceiveData                        0x080014ad   Thumb Code    10  stm32f2xx_usart.o(i.USART_ReceiveData)
    USART_SendData                           0x080014b7   Thumb Code     8  stm32f2xx_usart.o(i.USART_SendData)
    bsp_ConfigGpioOut                        0x080015e1   Thumb Code    50  bsp_tim_pwm.o(i.bsp_ConfigGpioOut)
    bsp_ConfigTimGpio                        0x08001615   Thumb Code   100  bsp_tim_pwm.o(i.bsp_ConfigTimGpio)
    bsp_DelayMS                              0x08001681   Thumb Code    18  bsp_dwt.o(i.bsp_DelayMS)
    bsp_DelayUS                              0x08001695   Thumb Code    36  bsp_dwt.o(i.bsp_DelayUS)
    bsp_GetRCCofGPIO                         0x080016c5   Thumb Code    74  bsp_tim_pwm.o(i.bsp_GetRCCofGPIO)
    bsp_GetRCCofTIM                          0x0800172d   Thumb Code   150  bsp_tim_pwm.o(i.bsp_GetRCCofTIM)
    bsp_Init                                 0x080017f9   Thumb Code    32  bsp.o(i.bsp_Init)
    bsp_InitDWT                              0x08001819   Thumb Code    30  bsp_dwt.o(i.bsp_InitDWT)
    bsp_InitUart                             0x08001841   Thumb Code    16  bsp_uart_fifo.o(i.bsp_InitUart)
    bsp_SetTIMOutPWM_N                       0x08001851   Thumb Code   424  bsp_tim_pwm.o(i.bsp_SetTIMOutPWM_N)
    bsp_SetTIMforInt                         0x08001a11   Thumb Code   476  bsp_tim_pwm.o(i.bsp_SetTIMforInt)
    main                                     0x08001c19   Thumb Code    32  main.o(i.main)
    pvPortMalloc                             0x08002201   Thumb Code   296  heap_4.o(i.pvPortMalloc)
    pxPortInitialiseStack                    0x0800233d   Thumb Code    30  port.o(i.pxPortInitialiseStack)
    uxListRemove                             0x08002361   Thumb Code    40  list.o(i.uxListRemove)
    vListInitialise                          0x08002389   Thumb Code    26  list.o(i.vListInitialise)
    vListInitialiseItem                      0x080023a3   Thumb Code     6  list.o(i.vListInitialiseItem)
    vListInsert                              0x080023a9   Thumb Code    52  list.o(i.vListInsert)
    vListInsertEnd                           0x080023dd   Thumb Code    24  list.o(i.vListInsertEnd)
    vPortEnterCritical                       0x080023f5   Thumb Code    76  port.o(i.vPortEnterCritical)
    vPortExitCritical                        0x08002449   Thumb Code    56  port.o(i.vPortExitCritical)
    vPortFree                                0x08002485   Thumb Code   140  heap_4.o(i.vPortFree)
    vPortSetupTimerInterrupt                 0x08002519   Thumb Code    14  port.o(i.vPortSetupTimerInterrupt)
    vSetupSysInfoTest                        0x0800252d   Thumb Code    18  sysinfotest.o(i.vSetupSysInfoTest)
    vTaskDelay                               0x08002551   Thumb Code    82  tasks.o(i.vTaskDelay)
    vTaskMissedYield                         0x080025ad   Thumb Code     8  tasks.o(i.vTaskMissedYield)
    vTaskPlaceOnEventList                    0x080025b9   Thumb Code    52  tasks.o(i.vTaskPlaceOnEventList)
    vTaskSetTimeOutState                     0x080025f1   Thumb Code    38  tasks.o(i.vTaskSetTimeOutState)
    vTaskStartScheduler                      0x08002621   Thumb Code   112  tasks.o(i.vTaskStartScheduler)
    vTaskSuspendAll                          0x080026b1   Thumb Code    12  tasks.o(i.vTaskSuspendAll)
    vTaskSwitchContext                       0x080026c1   Thumb Code   170  tasks.o(i.vTaskSwitchContext)
    xPortStartScheduler                      0x0800278d   Thumb Code   140  port.o(i.xPortStartScheduler)
    xQueueCreateMutex                        0x0800282d   Thumb Code    34  queue.o(i.xQueueCreateMutex)
    xQueueGenericCreate                      0x0800284f   Thumb Code    88  queue.o(i.xQueueGenericCreate)
    xQueueGenericReset                       0x080028a9   Thumb Code   146  queue.o(i.xQueueGenericReset)
    xQueueGenericSend                        0x08002941   Thumb Code   380  queue.o(i.xQueueGenericSend)
    xTaskCheckForTimeOut                     0x08002ac1   Thumb Code   132  tasks.o(i.xTaskCheckForTimeOut)
    xTaskCreate                              0x08002b4d   Thumb Code    96  tasks.o(i.xTaskCreate)
    xTaskIncrementTick                       0x08002bad   Thumb Code   282  tasks.o(i.xTaskIncrementTick)
    xTaskPriorityDisinherit                  0x08002cf5   Thumb Code   188  tasks.o(i.xTaskPriorityDisinherit)
    xTaskRemoveFromEventList                 0x08002dbd   Thumb Code   128  tasks.o(i.xTaskRemoveFromEventList)
    xTaskResumeAll                           0x08002e55   Thumb Code   224  tasks.o(i.xTaskResumeAll)
    Region$$Table$$Base                      0x08002f58   Number         0  anon$$obj.o(Region$$Table)
    Region$$Table$$Limit                     0x08002f78   Number         0  anon$$obj.o(Region$$Table)
    ulHighFrequencyTimerTicks                0x20000008   Data           4  sysinfotest.o(.data)
    g_ChipID                                 0x2000000c   Data           2  bsp_tft_lcd.o(.data)
    g_LcdHeight                              0x2000000e   Data           2  bsp_tft_lcd.o(.data)
    g_LcdWidth                               0x20000010   Data           2  bsp_tft_lcd.o(.data)
    s_ucBright                               0x20000012   Data           1  bsp_tft_lcd.o(.data)
    g_LcdDirection                           0x20000013   Data           1  bsp_tft_lcd.o(.data)
    SystemCoreClock                          0x20000028   Data           4  system_stm32f2xx_1.o(.data)
    AHBPrescTable                            0x2000002c   Data          16  system_stm32f2xx_1.o(.data)
    pxCurrentTCB                             0x2000003c   Data           4  tasks.o(.data)
    __libspace_start                         0x20004d94   Data          96  libspace.o(.bss)
    __temporary_stack_top$libspace           0x20004df4   Data           0  libspace.o(.bss)



==============================================================================

Memory Map of the image

  Image Entry point : 0x08000185

  Load Region LR_IROM1 (Base: 0x08000000, Size: 0x0000301c, Max: 0x00080000, ABSOLUTE)

    Execution Region ER_IROM1 (Base: 0x08000000, Size: 0x00002f78, Max: 0x00080000, ABSOLUTE)

    Base Addr    Size         Type   Attr      Idx    E Section Name        Object

    0x08000000   0x00000184   Data   RO         1015    RESET               startup_stm32f2xx.o
    0x08000184   0x00000008   Code   RO         4678  * !!!main             c_w.l(__main.o)
    0x0800018c   0x00000034   Code   RO         4852    !!!scatter          c_w.l(__scatter.o)
    0x080001c0   0x0000001a   Code   RO         4854    !!handler_copy      c_w.l(__scatter_copy.o)
    0x080001da   0x00000002   PAD
    0x080001dc   0x0000001c   Code   RO         4856    !!handler_zi        c_w.l(__scatter_zi.o)
    0x080001f8   0x00000002   Code   RO         4722    .ARM.Collect$$libinit$$00000000  c_w.l(libinit.o)
    0x080001fa   0x00000000   Code   RO         4729    .ARM.Collect$$libinit$$00000002  c_w.l(libinit2.o)
    0x080001fa   0x00000000   Code   RO         4731    .ARM.Collect$$libinit$$00000004  c_w.l(libinit2.o)
    0x080001fa   0x00000000   Code   RO         4734    .ARM.Collect$$libinit$$0000000A  c_w.l(libinit2.o)
    0x080001fa   0x00000000   Code   RO         4736    .ARM.Collect$$libinit$$0000000C  c_w.l(libinit2.o)
    0x080001fa   0x00000000   Code   RO         4738    .ARM.Collect$$libinit$$0000000E  c_w.l(libinit2.o)
    0x080001fa   0x00000000   Code   RO         4741    .ARM.Collect$$libinit$$00000011  c_w.l(libinit2.o)
    0x080001fa   0x00000000   Code   RO         4743    .ARM.Collect$$libinit$$00000013  c_w.l(libinit2.o)
    0x080001fa   0x00000000   Code   RO         4745    .ARM.Collect$$libinit$$00000015  c_w.l(libinit2.o)
    0x080001fa   0x00000000   Code   RO         4747    .ARM.Collect$$libinit$$00000017  c_w.l(libinit2.o)
    0x080001fa   0x00000000   Code   RO         4749    .ARM.Collect$$libinit$$00000019  c_w.l(libinit2.o)
    0x080001fa   0x00000000   Code   RO         4751    .ARM.Collect$$libinit$$0000001B  c_w.l(libinit2.o)
    0x080001fa   0x00000000   Code   RO         4753    .ARM.Collect$$libinit$$0000001D  c_w.l(libinit2.o)
    0x080001fa   0x00000000   Code   RO         4755    .ARM.Collect$$libinit$$0000001F  c_w.l(libinit2.o)
    0x080001fa   0x00000000   Code   RO         4757    .ARM.Collect$$libinit$$00000021  c_w.l(libinit2.o)
    0x080001fa   0x00000000   Code   RO         4759    .ARM.Collect$$libinit$$00000023  c_w.l(libinit2.o)
    0x080001fa   0x00000000   Code   RO         4761    .ARM.Collect$$libinit$$00000025  c_w.l(libinit2.o)
    0x080001fa   0x00000000   Code   RO         4765    .ARM.Collect$$libinit$$0000002C  c_w.l(libinit2.o)
    0x080001fa   0x00000000   Code   RO         4767    .ARM.Collect$$libinit$$0000002E  c_w.l(libinit2.o)
    0x080001fa   0x00000000   Code   RO         4769    .ARM.Collect$$libinit$$00000030  c_w.l(libinit2.o)
    0x080001fa   0x00000000   Code   RO         4771    .ARM.Collect$$libinit$$00000032  c_w.l(libinit2.o)
    0x080001fa   0x00000002   Code   RO         4772    .ARM.Collect$$libinit$$00000033  c_w.l(libinit2.o)
    0x080001fc   0x00000002   Code   RO         4792    .ARM.Collect$$libshutdown$$00000000  c_w.l(libshutdown.o)
    0x080001fe   0x00000000   Code   RO         4805    .ARM.Collect$$libshutdown$$00000002  c_w.l(libshutdown2.o)
    0x080001fe   0x00000000   Code   RO         4807    .ARM.Collect$$libshutdown$$00000004  c_w.l(libshutdown2.o)
    0x080001fe   0x00000000   Code   RO         4810    .ARM.Collect$$libshutdown$$00000007  c_w.l(libshutdown2.o)
    0x080001fe   0x00000000   Code   RO         4813    .ARM.Collect$$libshutdown$$0000000A  c_w.l(libshutdown2.o)
    0x080001fe   0x00000000   Code   RO         4815    .ARM.Collect$$libshutdown$$0000000C  c_w.l(libshutdown2.o)
    0x080001fe   0x00000000   Code   RO         4818    .ARM.Collect$$libshutdown$$0000000F  c_w.l(libshutdown2.o)
    0x080001fe   0x00000002   Code   RO         4819    .ARM.Collect$$libshutdown$$00000010  c_w.l(libshutdown2.o)
    0x08000200   0x00000000   Code   RO         4680    .ARM.Collect$$rtentry$$00000000  c_w.l(__rtentry.o)
    0x08000200   0x00000000   Code   RO         4695    .ARM.Collect$$rtentry$$00000002  c_w.l(__rtentry2.o)
    0x08000200   0x00000006   Code   RO         4707    .ARM.Collect$$rtentry$$00000004  c_w.l(__rtentry4.o)
    0x08000206   0x00000000   Code   RO         4697    .ARM.Collect$$rtentry$$00000009  c_w.l(__rtentry2.o)
    0x08000206   0x00000004   Code   RO         4698    .ARM.Collect$$rtentry$$0000000A  c_w.l(__rtentry2.o)
    0x0800020a   0x00000000   Code   RO         4700    .ARM.Collect$$rtentry$$0000000C  c_w.l(__rtentry2.o)
    0x0800020a   0x00000008   Code   RO         4701    .ARM.Collect$$rtentry$$0000000D  c_w.l(__rtentry2.o)
    0x08000212   0x00000002   Code   RO         4726    .ARM.Collect$$rtexit$$00000000  c_w.l(rtexit.o)
    0x08000214   0x00000000   Code   RO         4774    .ARM.Collect$$rtexit$$00000002  c_w.l(rtexit2.o)
    0x08000214   0x00000004   Code   RO         4775    .ARM.Collect$$rtexit$$00000003  c_w.l(rtexit2.o)
    0x08000218   0x00000006   Code   RO         4776    .ARM.Collect$$rtexit$$00000004  c_w.l(rtexit2.o)
    0x0800021e   0x00000002   PAD
    0x08000220   0x00000096   Code   RO         4556    .emb_text           port.o
    0x080002b6   0x00000002   PAD
    0x080002b8   0x00000040   Code   RO         1016    .text               startup_stm32f2xx.o
    0x080002f8   0x0000008a   Code   RO         4672    .text               c_w.l(rt_memcpy_v6.o)
    0x08000382   0x00000010   Code   RO         4674    .text               c_w.l(aeabi_memset.o)
    0x08000392   0x00000006   Code   RO         4676    .text               c_w.l(heapauxi.o)
    0x08000398   0x00000064   Code   RO         4690    .text               c_w.l(rt_memcpy_w.o)
    0x080003fc   0x00000044   Code   RO         4692    .text               c_w.l(rt_memclr.o)
    0x08000440   0x0000004e   Code   RO         4711    .text               c_w.l(rt_memclr_w.o)
    0x0800048e   0x0000004a   Code   RO         4713    .text               c_w.l(sys_stackheap_outer.o)
    0x080004d8   0x00000012   Code   RO         4715    .text               c_w.l(exit.o)
    0x080004ea   0x00000002   PAD
    0x080004ec   0x00000008   Code   RO         4723    .text               c_w.l(libspace.o)
    0x080004f4   0x0000000c   Code   RO         4784    .text               c_w.l(sys_exit.o)
    0x08000500   0x00000002   Code   RO         4795    .text               c_w.l(use_no_semi.o)
    0x08000502   0x00000000   Code   RO         4797    .text               c_w.l(indicate_semi.o)
    0x08000502   0x00000002   PAD
    0x08000504   0x00000014   Code   RO            4    i.AppObjCreate      main.o
    0x08000518   0x00000034   Code   RO            5    i.AppTaskCreate     main.o
    0x0800054c   0x00000022   Code   RO          369    i.ConfigUartNVIC    bsp_uart_fifo.o
    0x0800056e   0x00000090   Code   RO         1816    i.GPIO_Init         stm32f2xx_gpio.o
    0x080005fe   0x00000004   Code   RO         1823    i.GPIO_ResetBits    stm32f2xx_gpio.o
    0x08000602   0x00000004   Code   RO         1824    i.GPIO_SetBits      stm32f2xx_gpio.o
    0x08000606   0x0000000a   Code   RO         1828    i.GPIO_WriteBit     stm32f2xx_gpio.o
    0x08000610   0x00000098   Code   RO          370    i.InitHardUart      bsp_uart_fifo.o
    0x080006a8   0x000001b0   Code   RO          804    i.Init_7789         bsp_lcd_st7789v.o
    0x08000858   0x0000000c   Code   RO          535    i.LCD_ClrScr        bsp_tft_lcd.o
    0x08000864   0x00000044   Code   RO          536    i.LCD_CtrlLinesConfig  bsp_tft_lcd.o
    0x080008a8   0x00000060   Code   RO          565    i.LCD_HardReset     bsp_tft_lcd.o
    0x08000908   0x00000044   Code   RO          567    i.LCD_InitHard      bsp_tft_lcd.o
    0x0800094c   0x00000014   Code   RO          569    i.LCD_SetBackLight  bsp_tft_lcd.o
    0x08000960   0x00000014   Code   RO          570    i.LCD_SetDirection  bsp_tft_lcd.o
    0x08000974   0x00000028   Code   RO          571    i.LCD_SetPwmBackLight  bsp_tft_lcd.o
    0x0800099c   0x00000078   Code   RO         1023    i.NVIC_Init         misc.o
    0x08000a14   0x00000014   Code   RO         1024    i.NVIC_PriorityGroupConfig  misc.o
    0x08000a28   0x00000020   Code   RO         2055    i.RCC_AHB1PeriphClockCmd  stm32f2xx_rcc.o
    0x08000a48   0x00000020   Code   RO         2064    i.RCC_APB1PeriphClockCmd  stm32f2xx_rcc.o
    0x08000a68   0x00000020   Code   RO         2067    i.RCC_APB2PeriphClockCmd  stm32f2xx_rcc.o
    0x08000a88   0x000000e8   Code   RO         2076    i.RCC_GetClocksFreq  stm32f2xx_rcc.o
    0x08000b70   0x00000058   Code   RO          805    i.ST7789V_ClrScr    bsp_lcd_st7789v.o
    0x08000bc8   0x0000003e   Code   RO          817    i.ST7789V_GetPixel  bsp_lcd_st7789v.o
    0x08000c06   0x00000002   PAD
    0x08000c08   0x00000070   Code   RO          818    i.ST7789V_InitHard  bsp_lcd_st7789v.o
    0x08000c78   0x0000001e   Code   RO          819    i.ST7789V_PutPixel  bsp_lcd_st7789v.o
    0x08000c96   0x00000048   Code   RO          821    i.ST7789V_ReadID    bsp_lcd_st7789v.o
    0x08000cde   0x00000044   Code   RO          822    i.ST7789V_SetCursor  bsp_lcd_st7789v.o
    0x08000d22   0x00000002   PAD
    0x08000d24   0x00000080   Code   RO          823    i.ST7789V_SetDirection  bsp_lcd_st7789v.o
    0x08000da4   0x00000060   Code   RO          824    i.ST7789V_SetDispWin  bsp_lcd_st7789v.o
    0x08000e04   0x00000008   Code   RO          825    i.ST7789V_WriteCmd  bsp_lcd_st7789v.o
    0x08000e0c   0x00000008   Code   RO          826    i.ST7789V_WriteParam  bsp_lcd_st7789v.o
    0x08000e14   0x000000cc   Code   RO         3497    i.SetSysClock       system_stm32f2xx_1.o
    0x08000ee0   0x00000034   Code   RO         4557    i.SysTick_Handler   port.o
    0x08000f14   0x0000005c   Code   RO         3499    i.SystemInit        system_stm32f2xx_1.o
    0x08000f70   0x00000018   Code   RO         2677    i.TIM_ARRPreloadConfig  stm32f2xx_tim.o
    0x08000f88   0x00000018   Code   RO         2689    i.TIM_Cmd           stm32f2xx_tim.o
    0x08000fa0   0x0000001e   Code   RO         2691    i.TIM_CtrlPWMOutputs  stm32f2xx_tim.o
    0x08000fbe   0x00000012   Code   RO         2714    i.TIM_ITConfig      stm32f2xx_tim.o
    0x08000fd0   0x0000007c   Code   RO         2718    i.TIM_OC1Init       stm32f2xx_tim.o
    0x0800104c   0x00000012   Code   RO         2721    i.TIM_OC1PreloadConfig  stm32f2xx_tim.o
    0x0800105e   0x00000002   PAD
    0x08001060   0x000000a4   Code   RO         2723    i.TIM_OC2Init       stm32f2xx_tim.o
    0x08001104   0x0000001a   Code   RO         2726    i.TIM_OC2PreloadConfig  stm32f2xx_tim.o
    0x0800111e   0x00000002   PAD
    0x08001120   0x000000a0   Code   RO         2728    i.TIM_OC3Init       stm32f2xx_tim.o
    0x080011c0   0x00000012   Code   RO         2731    i.TIM_OC3PreloadConfig  stm32f2xx_tim.o
    0x080011d2   0x00000002   PAD
    0x080011d4   0x00000078   Code   RO         2733    i.TIM_OC4Init       stm32f2xx_tim.o
    0x0800124c   0x0000001a   Code   RO         2735    i.TIM_OC4PreloadConfig  stm32f2xx_tim.o
    0x08001266   0x00000014   Code   RO         2736    i.TIM_OCStructInit  stm32f2xx_tim.o
    0x0800127a   0x00000002   PAD
    0x0800127c   0x00000084   Code   RO         2761    i.TIM_TimeBaseInit  stm32f2xx_tim.o
    0x08001300   0x00000010   Code   RO          377    i.USART1_IRQHandler  bsp_uart_fifo.o
    0x08001310   0x00000012   Code   RO         3239    i.USART_ClearFlag   stm32f2xx_usart.o
    0x08001322   0x00000018   Code   RO         3243    i.USART_Cmd         stm32f2xx_usart.o
    0x0800133a   0x00000054   Code   RO         3247    i.USART_GetITStatus  stm32f2xx_usart.o
    0x0800138e   0x0000004a   Code   RO         3249    i.USART_ITConfig    stm32f2xx_usart.o
    0x080013d8   0x000000d4   Code   RO         3250    i.USART_Init        stm32f2xx_usart.o
    0x080014ac   0x0000000a   Code   RO         3257    i.USART_ReceiveData  stm32f2xx_usart.o
    0x080014b6   0x00000008   Code   RO         3260    i.USART_SendData    stm32f2xx_usart.o
    0x080014be   0x000000e6   Code   RO          379    i.UartIRQ           bsp_uart_fifo.o
    0x080015a4   0x0000003c   Code   RO          381    i.UartVarInit       bsp_uart_fifo.o
    0x080015e0   0x00000032   Code   RO          956    i.bsp_ConfigGpioOut  bsp_tim_pwm.o
    0x08001612   0x00000002   PAD
    0x08001614   0x0000006c   Code   RO          957    i.bsp_ConfigTimGpio  bsp_tim_pwm.o
    0x08001680   0x00000012   Code   RO          332    i.bsp_DelayMS       bsp_dwt.o
    0x08001692   0x00000002   PAD
    0x08001694   0x00000030   Code   RO          333    i.bsp_DelayUS       bsp_dwt.o
    0x080016c4   0x00000068   Code   RO          958    i.bsp_GetRCCofGPIO  bsp_tim_pwm.o
    0x0800172c   0x000000cc   Code   RO          959    i.bsp_GetRCCofTIM   bsp_tim_pwm.o
    0x080017f8   0x00000020   Code   RO          276    i.bsp_Init          bsp.o
    0x08001818   0x00000028   Code   RO          334    i.bsp_InitDWT       bsp_dwt.o
    0x08001840   0x00000010   Code   RO          382    i.bsp_InitUart      bsp_uart_fifo.o
    0x08001850   0x000001c0   Code   RO          961    i.bsp_SetTIMOutPWM_N  bsp_tim_pwm.o
    0x08001a10   0x00000208   Code   RO          962    i.bsp_SetTIMforInt  bsp_tim_pwm.o
    0x08001c18   0x00000020   Code   RO            6    i.main              main.o
    0x08001c38   0x00000098   Code   RO         4144    i.prvAddCurrentTaskToDelayedList  tasks.o
    0x08001cd0   0x000000b8   Code   RO         4145    i.prvAddNewTaskToReadyList  tasks.o
    0x08001d88   0x00000064   Code   RO         4146    i.prvCheckTasksWaitingTermination  tasks.o
    0x08001dec   0x0000007c   Code   RO         3991    i.prvCopyDataToQueue  queue.o
    0x08001e68   0x00000012   Code   RO         4147    i.prvDeleteTCB      tasks.o
    0x08001e7a   0x00000002   PAD
    0x08001e7c   0x0000007c   Code   RO         4495    i.prvHeapInit       heap_4.o
    0x08001ef8   0x00000028   Code   RO         4148    i.prvIdleTask       tasks.o
    0x08001f20   0x0000001c   Code   RO         3992    i.prvInitialiseMutex  queue.o
    0x08001f3c   0x0000002a   Code   RO         3993    i.prvInitialiseNewQueue  queue.o
    0x08001f66   0x000000b6   Code   RO         4149    i.prvInitialiseNewTask  tasks.o
    0x0800201c   0x00000068   Code   RO         4150    i.prvInitialiseTaskLists  tasks.o
    0x08002084   0x00000068   Code   RO         4496    i.prvInsertBlockIntoFreeList  heap_4.o
    0x080020ec   0x0000001e   Code   RO         3995    i.prvIsQueueFull    queue.o
    0x0800210a   0x00000002   PAD
    0x0800210c   0x00000034   Code   RO         4152    i.prvResetNextTaskUnblockTime  tasks.o
    0x08002140   0x00000040   Code   RO         4558    i.prvTaskExitError  port.o
    0x08002180   0x0000007e   Code   RO         3996    i.prvUnlockQueue    queue.o
    0x080021fe   0x00000002   PAD
    0x08002200   0x0000013c   Code   RO         4497    i.pvPortMalloc      heap_4.o
    0x0800233c   0x00000024   Code   RO         4559    i.pxPortInitialiseStack  port.o
    0x08002360   0x00000028   Code   RO         3954    i.uxListRemove      list.o
    0x08002388   0x0000001a   Code   RO         3955    i.vListInitialise   list.o
    0x080023a2   0x00000006   Code   RO         3956    i.vListInitialiseItem  list.o
    0x080023a8   0x00000034   Code   RO         3957    i.vListInsert       list.o
    0x080023dc   0x00000018   Code   RO         3958    i.vListInsertEnd    list.o
    0x080023f4   0x00000054   Code   RO         4561    i.vPortEnterCritical  port.o
    0x08002448   0x0000003c   Code   RO         4562    i.vPortExitCritical  port.o
    0x08002484   0x00000094   Code   RO         4498    i.vPortFree         heap_4.o
    0x08002518   0x00000014   Code   RO         4563    i.vPortSetupTimerInterrupt  port.o
    0x0800252c   0x00000018   Code   RO          238    i.vSetupSysInfoTest  sysinfotest.o
    0x08002544   0x0000000c   Code   RO            7    i.vTaskAdcProc      main.o
    0x08002550   0x0000005c   Code   RO         4164    i.vTaskDelay        tasks.o
    0x080025ac   0x0000000c   Code   RO         4171    i.vTaskMissedYield  tasks.o
    0x080025b8   0x00000038   Code   RO         4173    i.vTaskPlaceOnEventList  tasks.o
    0x080025f0   0x00000030   Code   RO         4179    i.vTaskSetTimeOutState  tasks.o
    0x08002620   0x00000090   Code   RO         4180    i.vTaskStartScheduler  tasks.o
    0x080026b0   0x00000010   Code   RO         4182    i.vTaskSuspendAll   tasks.o
    0x080026c0   0x000000cc   Code   RO         4183    i.vTaskSwitchContext  tasks.o
    0x0800278c   0x000000a0   Code   RO         4565    i.xPortStartScheduler  port.o
    0x0800282c   0x00000022   Code   RO         4004    i.xQueueCreateMutex  queue.o
    0x0800284e   0x00000058   Code   RO         4005    i.xQueueGenericCreate  queue.o
    0x080028a6   0x00000002   PAD
    0x080028a8   0x00000098   Code   RO         4007    i.xQueueGenericReset  queue.o
    0x08002940   0x00000180   Code   RO         4008    i.xQueueGenericSend  queue.o
    0x08002ac0   0x0000008c   Code   RO         4184    i.xTaskCheckForTimeOut  tasks.o
    0x08002b4c   0x00000060   Code   RO         4185    i.xTaskCreate       tasks.o
    0x08002bac   0x00000148   Code   RO         4191    i.xTaskIncrementTick  tasks.o
    0x08002cf4   0x000000c8   Code   RO         4194    i.xTaskPriorityDisinherit  tasks.o
    0x08002dbc   0x00000098   Code   RO         4195    i.xTaskRemoveFromEventList  tasks.o
    0x08002e54   0x00000104   Code   RO         4197    i.xTaskResumeAll    tasks.o
    0x08002f58   0x00000020   Data   RO         4850    Region$$Table       anon$$obj.o


    Execution Region RW_IRAM1 (Base: 0x20000000, Size: 0x000053f8, Max: 0x00020000, ABSOLUTE)

    Base Addr    Size         Type   Attr      Idx    E Section Name        Object

    0x20000000   0x00000008   Data   RW            8    .data               main.o
    0x20000008   0x00000004   Data   RW          239    .data               sysinfotest.o
    0x2000000c   0x00000008   Data   RW          574    .data               bsp_tft_lcd.o
    0x20000014   0x00000001   Data   RW          827    .data               bsp_lcd_st7789v.o
    0x20000015   0x00000010   Data   RW         2099    .data               stm32f2xx_rcc.o
    0x20000025   0x00000003   PAD
    0x20000028   0x00000014   Data   RW         3500    .data               system_stm32f2xx_1.o
    0x2000003c   0x00000044   Data   RW         4200    .data               tasks.o
    0x20000080   0x00000018   Data   RW         4503    .data               heap_4.o
    0x20000098   0x0000000c   Data   RW         4566    .data               port.o
    0x200000a4   0x00000828   Zero   RW          393    .bss                bsp_uart_fifo.o
    0x200008cc   0x000000c8   Zero   RW         4199    .bss                tasks.o
    0x20000994   0x00004400   Zero   RW         4502    .bss                heap_4.o
    0x20004d94   0x00000060   Zero   RW         4724    .bss                c_w.l(libspace.o)
    0x20004df4   0x00000004   PAD
    0x20004df8   0x00000200   Zero   RW         1014    HEAP                startup_stm32f2xx.o
    0x20004ff8   0x00000400   Zero   RW         1013    STACK               startup_stm32f2xx.o


==============================================================================

Image component sizes


      Code (inc. data)   RO Data    RW Data    ZI Data      Debug   Object Name

        32          0          0          0          0       1463   bsp.o
       106         22          0          0          0       1494   bsp_dwt.o
      1104         40          0          1          0       7070   bsp_lcd_st7789v.o
       324         34          0          8          0       3968   bsp_tft_lcd.o
      1434        160          0          0          0       5625   bsp_tim_pwm.o
       508         32          0          0       2088       3699   bsp_uart_fifo.o
         0          0          0          0          0       9424   event_groups.o
       692         62          0         24      17408       6815   heap_4.o
       148          0          0          0          0       3030   list.o
       116         32          0          8          0     276739   main.o
       140         24          0          0          0       1675   misc.o
       626         66          0         12          0       9656   port.o
      1008         10          0          0          0       8347   queue.o
        64         26        388          0       1536        900   startup_stm32f2xx.o
       162          0          0          0          0       2972   stm32f2xx_gpio.o
       328         36          0         16          0       4575   stm32f2xx_rcc.o
       904         66          0          0          0       9847   stm32f2xx_tim.o
       430          8          0          0          0       5649   stm32f2xx_usart.o
        24          6          0          4          0       1108   sysinfotest.o
       296         30          0         20          0       2065   system_stm32f2xx_1.o
      2580        346          0         68        200      18559   tasks.o

    ----------------------------------------------------------------------
     11052       1000        420        164      21232     384680   Object Totals
         0          0         32          0          0          0   (incl. Generated)
        26          0          0          3          0          0   (incl. Padding)

    ----------------------------------------------------------------------

      Code (inc. data)   RO Data    RW Data    ZI Data      Debug   Library Member Name

         8          0          0          0          0         68   __main.o
         0          0          0          0          0          0   __rtentry.o
        12          0          0          0          0          0   __rtentry2.o
         6          0          0          0          0          0   __rtentry4.o
        52          8          0          0          0          0   __scatter.o
        26          0          0          0          0          0   __scatter_copy.o
        28          0          0          0          0          0   __scatter_zi.o
        16          0          0          0          0         68   aeabi_memset.o
        18          0          0          0          0         80   exit.o
         6          0          0          0          0        152   heapauxi.o
         0          0          0          0          0          0   indicate_semi.o
         2          0          0          0          0          0   libinit.o
         2          0          0          0          0          0   libinit2.o
         2          0          0          0          0          0   libshutdown.o
         2          0          0          0          0          0   libshutdown2.o
         8          4          0          0         96         68   libspace.o
        68          0          0          0          0         68   rt_memclr.o
        78          0          0          0          0         80   rt_memclr_w.o
       138          0          0          0          0         68   rt_memcpy_v6.o
       100          0          0          0          0         80   rt_memcpy_w.o
         2          0          0          0          0          0   rtexit.o
        10          0          0          0          0          0   rtexit2.o
        12          4          0          0          0         68   sys_exit.o
        74          0          0          0          0         80   sys_stackheap_outer.o
         2          0          0          0          0         68   use_no_semi.o

    ----------------------------------------------------------------------
       680         16          0          0        100        948   Library Totals
         8          0          0          0          4          0   (incl. Padding)

    ----------------------------------------------------------------------

      Code (inc. data)   RO Data    RW Data    ZI Data      Debug   Library Name

       672         16          0          0         96        948   c_w.l

    ----------------------------------------------------------------------
       680         16          0          0        100        948   Library Totals

    ----------------------------------------------------------------------

==============================================================================


      Code (inc. data)   RO Data    RW Data    ZI Data      Debug   

     11732       1016        420        164      21332     379228   Grand Totals
     11732       1016        420        164      21332     379228   ELF Image Totals
     11732       1016        420        164          0          0   ROM Totals

==============================================================================

    Total RO  Size (Code + RO Data)                12152 (  11.87kB)
    Total RW  Size (RW Data + ZI Data)             21496 (  20.99kB)
    Total ROM Size (Code + RO Data + RW Data)      12316 (  12.03kB)

==============================================================================

