<html>
<body>
<pre>
<h1>礦ision Build Log</h1>
<h2>Tool Versions:</h2>
IDE-Version: μVision V5.21.1.0
Copyright (C) 2016 ARM Ltd and ARM Germany GmbH. All rights reserved.
License Information: li shuliang.li, byxlk, LIC=1WSII-TLNND-16RQV-PFCAX-Q06QR-VQNXH
 
Tool Versions:
Toolchain:       MDK-ARM Professional  Version: 5.21a
Toolchain Path:  C:\Keil_v521a\ARM\ARMCC\Bin
C Compiler:      Armcc.exe V5.06 update 3 (build 300)
Assembler:       Armasm.exe V5.06 update 3 (build 300)
Linker/Locator:  ArmLink.exe V5.06 update 3 (build 300)
Library Manager: ArmAr.exe V5.06 update 3 (build 300)
Hex Converter:   FromElf.exe V5.06 update 3 (build 300)
CPU DLL:         SARMCM3.DLL V5.21a
Dialog DLL:      DCM.DLL V1.13.8.0
Target DLL:      STLink\ST-LINKIII-KEIL_SWO.dll V2.0.18.0
Dialog DLL:      TCM.DLL V1.14.14.0
 
<h2>Project:</h2>
H:\BluetoothSoundBox\Project_BtSB\SZ_VIPIN_BTSB_Project\Project\btsb.uvprojx
Project File Date:  03/17/2017

<h2>Output:</h2>
*** Using Compiler 'V5.06 update 3 (build 300)', folder: 'C:\Keil_v521a\ARM\ARMCC\Bin'
Rebuild target 'STM32F205_BTSB'
creating preprocessor file for system_stm32f2xx.c...
creating preprocessor file for misc.c...
creating preprocessor file for stm32f2xx_adc.c...
creating preprocessor file for stm32f2xx_crc.c...
compiling system_stm32f2xx.c...
creating preprocessor file for stm32f2xx_dbgmcu.c...
compiling misc.c...
creating preprocessor file for stm32f2xx_dma.c...
compiling stm32f2xx_adc.c...
creating preprocessor file for stm32f2xx_exti.c...
compiling stm32f2xx_crc.c...
creating preprocessor file for stm32f2xx_flash.c...
compiling stm32f2xx_dbgmcu.c...
creating preprocessor file for stm32f2xx_gpio.c...
compiling stm32f2xx_dma.c...
creating preprocessor file for stm32f2xx_iwdg.c...
compiling stm32f2xx_exti.c...
creating preprocessor file for stm32f2xx_pwr.c...
compiling stm32f2xx_flash.c...
creating preprocessor file for stm32f2xx_rcc.c...
compiling stm32f2xx_gpio.c...
creating preprocessor file for stm32f2xx_rtc.c...
compiling stm32f2xx_iwdg.c...
creating preprocessor file for stm32f2xx_syscfg.c...
compiling stm32f2xx_pwr.c...
creating preprocessor file for stm32f2xx_tim.c...
compiling stm32f2xx_rcc.c...
creating preprocessor file for stm32f2xx_usart.c...
creating preprocessor file for stm32f2xx_wwdg.c...
compiling stm32f2xx_rtc.c...
compiling stm32f2xx_syscfg.c...
creating preprocessor file for stm32f2xx_can.c...
compiling stm32f2xx_tim.c...
creating preprocessor file for stm32f2xx_cryp.c...
compiling stm32f2xx_usart.c...
creating preprocessor file for stm32f2xx_cryp_aes.c...
compiling stm32f2xx_wwdg.c...
creating preprocessor file for stm32f2xx_cryp_des.c...
compiling stm32f2xx_can.c...
creating preprocessor file for stm32f2xx_cryp_tdes.c...
compiling stm32f2xx_cryp.c...
compiling stm32f2xx_cryp_aes.c...
creating preprocessor file for stm32f2xx_dac.c...
compiling stm32f2xx_cryp_des.c...
creating preprocessor file for stm32f2xx_dcmi.c...
creating preprocessor file for stm32f2xx_fsmc.c...
compiling stm32f2xx_cryp_tdes.c...
creating preprocessor file for stm32f2xx_hash.c...
compiling stm32f2xx_dac.c...
creating preprocessor file for stm32f2xx_hash_md5.c...
compiling stm32f2xx_dcmi.c...
creating preprocessor file for stm32f2xx_hash_sha1.c...
compiling stm32f2xx_fsmc.c...
creating preprocessor file for stm32f2xx_i2c.c...
compiling stm32f2xx_hash.c...
creating preprocessor file for stm32f2xx_rng.c...
compiling stm32f2xx_hash_md5.c...
creating preprocessor file for stm32f2xx_sdio.c...
compiling stm32f2xx_hash_sha1.c...
creating preprocessor file for stm32f2xx_spi.c...
compiling stm32f2xx_i2c.c...
assembling startup_stm32f2xx.s...
creating preprocessor file for croutine.c...
compiling stm32f2xx_rng.c...
creating preprocessor file for event_groups.c...
compiling croutine.c...
compiling stm32f2xx_sdio.c...
creating preprocessor file for list.c...
compiling event_groups.c...
creating preprocessor file for queue.c...
compiling list.c...
compiling stm32f2xx_spi.c...
creating preprocessor file for tasks.c...
compiling queue.c...
creating preprocessor file for timers.c...
creating preprocessor file for heap_4.c...
compiling timers.c...
creating preprocessor file for port.c...
compiling heap_4.c...
compiling tasks.c...
creating preprocessor file for diskio.c...
compiling port.c...
creating preprocessor file for ff.c...
creating preprocessor file for cc936.c...
creating preprocessor file for GUIDRV_Template.c...
creating preprocessor file for GUI_X_FreeRTOS.c...
compiling ff.c...
creating preprocessor file for GUIConf.c...
compiling cc936.c...
compiling GUI_X_FreeRTOS.c...
compiling GUIConf.c...
creating preprocessor file for LCDConf.c...
compiling diskio.c...
creating preprocessor file for main.c...
compiling GUIDRV_Template.c...
creating preprocessor file for SysInfoTest.c...
creating preprocessor file for spi_flash_fatfs.c...
creating preprocessor file for bsp.c...
compiling LCDConf.c...
creating preprocessor file for bsp_dwt.c...
compiling main.c...
..\User\main.c(77): warning:  #177-D: variable "xHandleTaskMsgPro" was declared but never referenced
  static TaskHandle_t xHandleTaskMsgPro = NULL;
..\User\main.c: 1 warning, 0 errors
creating preprocessor file for bsp_uart_fifo.c...
compiling SysInfoTest.c...
creating preprocessor file for bsp_tft_lcd.c...
compiling spi_flash_fatfs.c...
creating preprocessor file for bsp_lcd_st7789v.c...
compiling bsp.c...
creating preprocessor file for bsp_tim_pwm.c...
compiling bsp_dwt.c...
creating preprocessor file for bsp_cpu_rtc.c...
compiling bsp_uart_fifo.c...
creating preprocessor file for bsp_user_lib.c...
creating preprocessor file for bsp_adc.c...
compiling bsp_tft_lcd.c...
creating preprocessor file for bsp_spi_flash.c...
compiling bsp_lcd_st7789v.c...
compiling bsp_tim_pwm.c...
creating preprocessor file for bsp_key.c...
compiling bsp_cpu_rtc.c...
creating preprocessor file for MainTask.c...
compiling bsp_user_lib.c...
creating preprocessor file for App_SysFunction.c...
compiling MainTask.c...
compiling bsp_adc.c...
creating preprocessor file for guitasktest.c...
compiling bsp_spi_flash.c...
compiling bsp_key.c...
compiling App_SysFunction.c...
compiling guitasktest.c...
linking...
Program Size: Code=62652 RO-data=20004 RW-data=956 ZI-data=56468  
FromELF: creating hex file...
After Build - User command #1: H:\BluetoothSoundBox\Project_BtSB\SZ_VIPIN_BTSB_Project\CopyHex_Flash.bat
H:\BluetoothSoundBox\Project_BtSB\SZ_VIPIN_BTSB_Project\Project>copy Objects\btsb.hex ..\output(mdk)_205.hex 
已复制         1 个文件。
After Build - User command #2: H:\BluetoothSoundBox\Project_BtSB\SZ_VIPIN_BTSB_Project\DelTempFiles.bat
".\Objects\btsb.axf" - 0 Error(s), 1 Warning(s).

<h2>Collection of Component include folders:</h2>
  H:\BluetoothSoundBox\Project_BtSB\SZ_VIPIN_BTSB_Project\Project\RTE
  C:\Keil_v521a\ARM\PACK\Keil\STM32F2xx_DFP\2.6.0\Drivers\CMSIS\Device\ST\STM32F2xx\Include

<h2>Collection of Component Files used:</h2>
Build Time Elapsed:  00:00:25
</pre>
</body>
</html>
