Component: ARM Compiler 5.06 update 3 (build 300) Tool: armlink [4d35c9]

==============================================================================

Section Cross References

    application.o(.text) refers to dfs.o(.text) for dfs_init
    application.o(.text) refers to dfs_elm.o(.text) for elm_init
    application.o(.text) refers to dfs_fs.o(.text) for dfs_mount
    application.o(.text) refers to kservice.o(.text) for rt_kprintf
    application.o(.text) refers to thread.o(.text) for rt_thread_create
    startup.o(.text) refers to board.o(.text) for rt_hw_board_init
    startup.o(.text) refers to kservice.o(.text) for rt_show_version
    startup.o(.text) refers to clock.o(.text) for rt_system_tick_init
    startup.o(.text) refers to object.o(.text) for rt_system_object_init
    startup.o(.text) refers to timer.o(.text) for rt_system_timer_init
    startup.o(.text) refers to mem.o(.text) for rt_system_heap_init
    startup.o(.text) refers to scheduler.o(.text) for rt_system_scheduler_init
    startup.o(.text) refers to rtc.o(.text) for rt_hw_rtc_init
    startup.o(.text) refers to application.o(.text) for rt_application_init
    startup.o(.text) refers to shell.o(.text) for finsh_system_init
    startup.o(.text) refers to idle.o(.text) for rt_thread_idle_init
    startup.o(.text) refers to context_rvds.o(.text) for rt_hw_interrupt_disable
    cmd.o(.text) refers to kservice.o(.text) for rt_kprintf
    cmd.o(.text) refers to scheduler.o(.text) for rt_enter_critical
    cmd.o(.text) refers to cmd.o(.conststring) for .conststring
    cmd.o(.text) refers to object.o(.data) for rt_object_container
    cmd.o(.text) refers to clock.o(.text) for rt_tick_get
    cmd.o(.text) refers to memcpya.o(.text) for __aeabi_memcpy4
    cmd.o(.text) refers to strncmp.o(.text) for strncmp
    cmd.o(.text) refers to strlen.o(.text) for strlen
    cmd.o(.text) refers to cmd.o(.constdata) for .constdata
    cmd.o(.text) refers to symbol.o(.data) for _syscall_table_begin
    cmd.o(.text) refers to finsh_vm.o(.data) for global_syscall_list
    cmd.o(.text) refers to finsh_var.o(.data) for global_sysvar_list
    cmd.o(.constdata) refers to cmd.o(.conststring) for .conststring
    cmd.o(FSymTab) refers to cmd.o(.rodata.name) for __fsym_hello_name
    cmd.o(FSymTab) refers to cmd.o(.text) for hello
    cmd.o(VSymTab) refers to cmd.o(.rodata.name) for __vsym_dummy_name
    cmd.o(VSymTab) refers to cmd.o(.data) for dummy
    finsh_compiler.o(.text) refers to finsh_compiler.o(.data) for finsh_compile_pc
    finsh_compiler.o(.text) refers to finsh_error.o(.text) for finsh_error_set
    finsh_compiler.o(.text) refers to memseta.o(.text) for __aeabi_memclr
    finsh_compiler.o(.text) refers to finsh_vm.o(.bss) for text_segment
    finsh_error.o(.text) refers to finsh_error.o(.data) for global_errno
    finsh_error.o(.data) refers to finsh_error.o(.conststring) for .conststring
    finsh_heap.o(.text) refers to memseta.o(.text) for __aeabi_memclr4
    finsh_heap.o(.text) refers to finsh_heap.o(.bss) for finsh_heap
    finsh_heap.o(.text) refers to finsh_heap.o(.data) for free_list
    finsh_heap.o(.text) refers to finsh_var.o(.bss) for global_variable
    finsh_init.o(.text) refers to finsh_parser.o(.text) for finsh_parser_init
    finsh_init.o(.text) refers to finsh_node.o(.text) for finsh_node_init
    finsh_init.o(.text) refers to finsh_var.o(.text) for finsh_var_init
    finsh_init.o(.text) refers to finsh_error.o(.text) for finsh_error_init
    finsh_init.o(.text) refers to finsh_heap.o(.text) for finsh_heap_init
    finsh_init.o(.text) refers to finsh_vm.o(.bss) for finsh_vm_stack
    finsh_node.o(.text) refers to memseta.o(.text) for __aeabi_memclr4
    finsh_node.o(.text) refers to finsh_var.o(.text) for finsh_var_lookup
    finsh_node.o(.text) refers to finsh_vm.o(.text) for finsh_syscall_lookup
    finsh_node.o(.text) refers to finsh_error.o(.text) for finsh_error_set
    finsh_node.o(.text) refers to strlen.o(.text) for strlen
    finsh_node.o(.text) refers to finsh_heap.o(.text) for finsh_heap_allocate
    finsh_node.o(.text) refers to strncpy.o(.text) for strncpy
    finsh_node.o(.text) refers to finsh_node.o(.bss) for global_node_table
    finsh_ops.o(.text) refers to finsh_vm.o(.data) for finsh_sp
    finsh_ops.o(.constdata) refers to finsh_ops.o(.text) for OP_no_op
    finsh_parser.o(.text) refers to finsh_node.o(.text) for finsh_node_allocate
    finsh_parser.o(.text) refers to finsh_error.o(.text) for finsh_error_set
    finsh_parser.o(.text) refers to finsh_token.o(.text) for finsh_token_token
    finsh_parser.o(.text) refers to strncpy.o(.text) for strncpy
    finsh_parser.o(.text) refers to finsh_var.o(.text) for finsh_var_insert
    finsh_parser.o(.text) refers to memseta.o(.text) for __aeabi_memclr4
    finsh_token.o(.text) refers to memseta.o(.text) for __aeabi_memclr4
    finsh_token.o(.text) refers to strlen.o(.text) for strlen
    finsh_token.o(.text) refers to finsh_error.o(.text) for finsh_error_set
[...]
    finsh_sysvar_lookup                      0x08004959   Thumb Code    78  finsh_var.o(.text)
    finsh_vm_run                             0x080049b9   Thumb Code    62  finsh_vm.o(.text)
    finsh_syscall_append                     0x080049f7   Thumb Code    54  finsh_vm.o(.text)
    finsh_syscall_lookup                     0x08004a2d   Thumb Code    78  finsh_vm.o(.text)
    finsh_get_prompt                         0x08004a9d   Thumb Code    50  shell.o(.text)
    finsh_set_device                         0x08004af1   Thumb Code   156  shell.o(.text)
    finsh_get_device                         0x08004b8d   Thumb Code    28  shell.o(.text)
    finsh_set_echo                           0x08004ba9   Thumb Code    28  shell.o(.text)
    finsh_get_echo                           0x08004bc5   Thumb Code    30  shell.o(.text)
    finsh_run_line                           0x08004c05   Thumb Code   162  shell.o(.text)
    finsh_thread_entry                       0x08004d69   Thumb Code  1644  shell.o(.text)
    finsh_system_function_init               0x080053d5   Thumb Code    10  shell.o(.text)
    finsh_system_var_init                    0x080053df   Thumb Code    10  shell.o(.text)
    finsh_system_init                        0x080053e9   Thumb Code   122  shell.o(.text)
    dfs_init                                 0x080054b9   Thumb Code    64  dfs.o(.text)
    dfs_lock                                 0x080054f9   Thumb Code    28  dfs.o(.text)
    dfs_unlock                               0x08005515   Thumb Code    10  dfs.o(.text)
    fd_new                                   0x0800551f   Thumb Code    62  dfs.o(.text)
    fd_get                                   0x0800555d   Thumb Code    58  dfs.o(.text)
    fd_put                                   0x08005597   Thumb Code    46  dfs.o(.text)
    dfs_normalize_path                       0x080055c5   Thumb Code   328  dfs.o(.text)
    fd_is_open                               0x0800570d   Thumb Code   148  dfs.o(.text)
    dfs_subdir                               0x080057a1   Thumb Code    56  dfs.o(.text)
    dfs_file_open                            0x08005831   Thumb Code   208  dfs_file.o(.text)
    dfs_file_close                           0x08005901   Thumb Code    50  dfs_file.o(.text)
    dfs_file_ioctl                           0x08005933   Thumb Code    52  dfs_file.o(.text)
    dfs_file_read                            0x08005967   Thumb Code    68  dfs_file.o(.text)
    dfs_file_getdents                        0x080059ab   Thumb Code    54  dfs_file.o(.text)
    dfs_file_unlink                          0x080059e1   Thumb Code   148  dfs_file.o(.text)
    dfs_file_write                           0x08005a75   Thumb Code    48  dfs_file.o(.text)
    dfs_file_flush                           0x08005aa5   Thumb Code    36  dfs_file.o(.text)
    dfs_file_lseek                           0x08005ac9   Thumb Code    64  dfs_file.o(.text)
    dfs_file_stat                            0x08005b09   Thumb Code   182  dfs_file.o(.text)
    dfs_file_rename                          0x08005bbf   Thumb Code   174  dfs_file.o(.text)
    ls                                       0x08005c6d   Thumb Code   210  dfs_file.o(.text)
    rm                                       0x08005d3f   Thumb Code    24  dfs_file.o(.text)
    cat                                      0x08005d57   Thumb Code    80  dfs_file.o(.text)
    copy                                     0x08005f6d   Thumb Code   636  dfs_file.o(.text)
    dfs_register                             0x080061e9   Thumb Code    76  dfs_fs.o(.text)
    dfs_filesystem_lookup                    0x08006235   Thumb Code   114  dfs_fs.o(.text)
    dfs_filesystem_get_mounted_path          0x080062a7   Thumb Code    52  dfs_fs.o(.text)
    dfs_filesystem_get_partition             0x080062db   Thumb Code   206  dfs_fs.o(.text)
    dfs_mount                                0x080063a9   Thumb Code   400  dfs_fs.o(.text)
    dfs_unmount                              0x08006539   Thumb Code   288  dfs_fs.o(.text)
    dfs_mkfs                                 0x08006659   Thumb Code   138  dfs_fs.o(.text)
    dfs_statfs                               0x080066e3   Thumb Code    40  dfs_fs.o(.text)
    mkfs                                     0x0800670b   Thumb Code    16  dfs_fs.o(.text)
    df                                       0x0800671b   Thumb Code    60  dfs_fs.o(.text)
    open                                     0x080067d9   Thumb Code    94  dfs_posix.o(.text)
    close                                    0x08006837   Thumb Code    68  dfs_posix.o(.text)
    read                                     0x0800687b   Thumb Code    80  dfs_posix.o(.text)
    write                                    0x080068cb   Thumb Code    80  dfs_posix.o(.text)
    lseek                                    0x0800691b   Thumb Code   150  dfs_posix.o(.text)
    rename                                   0x080069b1   Thumb Code    36  dfs_posix.o(.text)
    unlink                                   0x080069d5   Thumb Code    32  dfs_posix.o(.text)
    stat                                     0x080069f5   Thumb Code    36  dfs_posix.o(.text)
    fstat                                    0x08006a19   Thumb Code    82  dfs_posix.o(.text)
    fsync                                    0x08006a6b   Thumb Code    46  dfs_posix.o(.text)
    ioctl                                    0x08006a99   Thumb Code    70  dfs_posix.o(.text)
    statfs                                   0x08006adf   Thumb Code    36  dfs_posix.o(.text)
    mkdir                                    0x08006b03   Thumb Code   104  dfs_posix.o(.text)
    rmdir                                    0x08006b6b   Thumb Code    32  dfs_posix.o(.text)
    opendir                                  0x08006b8b   Thumb Code   130  dfs_posix.o(.text)
    readdir                                  0x08006c0d   Thumb Code   132  dfs_posix.o(.text)
    telldir                                  0x08006c91   Thumb Code    50  dfs_posix.o(.text)
    seekdir                                  0x08006cc3   Thumb Code    58  dfs_posix.o(.text)
    rewinddir                                0x08006cfd   Thumb Code    56  dfs_posix.o(.text)
    closedir                                 0x08006d35   Thumb Code    74  dfs_posix.o(.text)
    chdir                                    0x08006d7f   Thumb Code   140  dfs_posix.o(.text)
    getcwd                                   0x08006e0b   Thumb Code    28  dfs_posix.o(.text)
    dfs_elm_mount                            0x08006ead   Thumb Code   230  dfs_elm.o(.text)
    dfs_elm_unmount                          0x08006f93   Thumb Code    82  dfs_elm.o(.text)
    dfs_elm_mkfs                             0x08006fe5   Thumb Code   210  dfs_elm.o(.text)
    dfs_elm_statfs                           0x080070b7   Thumb Code   118  dfs_elm.o(.text)
    dfs_elm_open                             0x0800712d   Thumb Code   244  dfs_elm.o(.text)
    dfs_elm_close                            0x08007221   Thumb Code   256  dfs_elm.o(.text)
    dfs_elm_ioctl                            0x08007321   Thumb Code     8  dfs_elm.o(.text)
    dfs_elm_read                             0x08007329   Thumb Code    74  dfs_elm.o(.text)
    dfs_elm_write                            0x08007373   Thumb Code    78  dfs_elm.o(.text)
    dfs_elm_flush                            0x080073c1   Thumb Code    38  dfs_elm.o(.text)
    dfs_elm_lseek                            0x080073e7   Thumb Code   116  dfs_elm.o(.text)
    dfs_elm_getdents                         0x0800745b   Thumb Code   224  dfs_elm.o(.text)
    dfs_elm_unlink                           0x0800753b   Thumb Code    28  dfs_elm.o(.text)
    dfs_elm_rename                           0x08007557   Thumb Code    34  dfs_elm.o(.text)
    dfs_elm_stat                             0x08007579   Thumb Code   190  dfs_elm.o(.text)
    elm_init                                 0x08007637   Thumb Code    12  dfs_elm.o(.text)
    disk_initialize                          0x08007643   Thumb Code     6  dfs_elm.o(.text)
    disk_status                              0x08007649   Thumb Code     6  dfs_elm.o(.text)
    disk_read                                0x0800764f   Thumb Code    46  dfs_elm.o(.text)
    disk_write                               0x0800767d   Thumb Code    46  dfs_elm.o(.text)
    disk_ioctl                               0x080076ab   Thumb Code   186  dfs_elm.o(.text)
    get_fattime                              0x08007765   Thumb Code    10  dfs_elm.o(.text)
    ff_cre_syncobj                           0x0800776f   Thumb Code    40  dfs_elm.o(.text)
    ff_del_syncobj                           0x08007797   Thumb Code    16  dfs_elm.o(.text)
    ff_req_grant                             0x080077a7   Thumb Code    24  dfs_elm.o(.text)
    ff_rel_grant                             0x080077bf   Thumb Code    12  dfs_elm.o(.text)
    ff_memalloc                              0x080077cb   Thumb Code    12  dfs_elm.o(.text)
    ff_memfree                               0x080077d7   Thumb Code    12  dfs_elm.o(.text)
    f_mount                                  0x08008f7f   Thumb Code   122  ff.o(.text)
    f_open                                   0x08008ff9   Thumb Code   564  ff.o(.text)
    f_read                                   0x0800922d   Thumb Code   580  ff.o(.text)
    f_write                                  0x08009471   Thumb Code   632  ff.o(.text)
    f_sync                                   0x080096e9   Thumb Code   176  ff.o(.text)
    f_close                                  0x08009799   Thumb Code    42  ff.o(.text)
    f_lseek                                  0x080097c3   Thumb Code   870  ff.o(.text)
    f_opendir                                0x08009b29   Thumb Code   154  ff.o(.text)
    f_closedir                               0x08009bc3   Thumb Code    32  ff.o(.text)
    f_readdir                                0x08009be3   Thumb Code   120  ff.o(.text)
    f_seekdir                                0x08009c5b   Thumb Code    62  ff.o(.text)
    f_stat                                   0x08009c99   Thumb Code   104  ff.o(.text)
    f_getfree                                0x08009d01   Thumb Code   262  ff.o(.text)
    f_truncate                               0x08009e07   Thumb Code   210  ff.o(.text)
    f_unlink                                 0x08009ed9   Thumb Code   212  ff.o(.text)
    f_mkdir                                  0x08009fad   Thumb Code   406  ff.o(.text)
    f_rename                                 0x0800a143   Thumb Code   322  ff.o(.text)
    f_mkfs                                   0x0800a285   Thumb Code  1702  ff.o(.text)
    ff_convert                               0x0800a961   Thumb Code    14  cc936.o(.text)
    ff_wtoupper                              0x0800a96f   Thumb Code   156  cc936.o(.text)
    rt_system_tick_init                      0x0800aa15   Thumb Code     2  clock.o(.text)
    rt_tick_get                              0x0800aa17   Thumb Code     6  clock.o(.text)
    rt_tick_set                              0x0800aa1d   Thumb Code    22  clock.o(.text)
    rt_tick_increase                         0x0800aa33   Thumb Code    42  clock.o(.text)
    rt_tick_from_millisecond                 0x0800aa5d   Thumb Code    22  clock.o(.text)
    rt_device_find                           0x0800aa79   Thumb Code    76  device.o(.text)
    rt_device_register                       0x0800aac5   Thumb Code    52  device.o(.text)
    rt_device_unregister                     0x0800aaf9   Thumb Code    26  device.o(.text)
    rt_device_init_all                       0x0800ab13   Thumb Code     4  device.o(.text)
    rt_device_init                           0x0800ab17   Thumb Code    64  device.o(.text)
    rt_device_open                           0x0800ab57   Thumb Code   136  device.o(.text)
    rt_device_close                          0x0800abdf   Thumb Code    68  device.o(.text)
    rt_device_read                           0x0800ac23   Thumb Code    76  device.o(.text)
    rt_device_write                          0x0800ac6f   Thumb Code    76  device.o(.text)
    rt_device_control                        0x0800acbb   Thumb Code    42  device.o(.text)
    rt_device_set_rx_indicate                0x0800ace5   Thumb Code    26  device.o(.text)
    rt_device_set_tx_complete                0x0800acff   Thumb Code    26  device.o(.text)
    rt_thread_idle_sethook                   0x0800ad9d   Thumb Code     6  idle.o(.text)
    rt_thread_idle_excute                    0x0800ada3   Thumb Code   154  idle.o(.text)
    rt_thread_idle_init                      0x0800ae55   Thumb Code    38  idle.o(.text)
    rt_thread_idle_gethandler                0x0800ae7b   Thumb Code     4  idle.o(.text)
    rt_sem_init                              0x0800af85   Thumb Code    50  ipc.o(.text)
    rt_sem_detach                            0x0800afb7   Thumb Code    34  ipc.o(.text)
    rt_sem_create                            0x0800afd9   Thumb Code    84  ipc.o(.text)
    rt_sem_delete                            0x0800b02d   Thumb Code    78  ipc.o(.text)
    rt_sem_take                              0x0800b07b   Thumb Code   266  ipc.o(.text)
    rt_sem_trytake                           0x0800b185   Thumb Code    14  ipc.o(.text)
    rt_sem_release                           0x0800b193   Thumb Code    80  ipc.o(.text)
    rt_sem_control                           0x0800b1e3   Thumb Code    68  ipc.o(.text)
    rt_mutex_init                            0x0800b227   Thumb Code    58  ipc.o(.text)
    rt_mutex_detach                          0x0800b261   Thumb Code    36  ipc.o(.text)
    rt_mutex_create                          0x0800b285   Thumb Code    96  ipc.o(.text)
    rt_mutex_delete                          0x0800b2e5   Thumb Code    78  ipc.o(.text)
    rt_mutex_take                            0x0800b333   Thumb Code   524  ipc.o(.text)
    rt_mutex_release                         0x0800b53f   Thumb Code   272  ipc.o(.text)
    rt_mutex_control                         0x0800b64f   Thumb Code     8  ipc.o(.text)
    rt_event_init                            0x0800b657   Thumb Code    46  ipc.o(.text)
    rt_event_detach                          0x0800b685   Thumb Code    36  ipc.o(.text)
    rt_event_create                          0x0800b6a9   Thumb Code    88  ipc.o(.text)
    rt_event_delete                          0x0800b701   Thumb Code    82  ipc.o(.text)
    rt_event_send                            0x0800b753   Thumb Code   210  ipc.o(.text)
    rt_event_recv                            0x0800b825   Thumb Code   448  ipc.o(.text)
    rt_event_control                         0x0800b9e5   Thumb Code    70  ipc.o(.text)
    rt_mb_init                               0x0800ba2b   Thumb Code    76  ipc.o(.text)
    rt_mb_detach                             0x0800ba77   Thumb Code    44  ipc.o(.text)
    rt_mb_create                             0x0800baa3   Thumb Code   128  ipc.o(.text)
    rt_mb_delete                             0x0800bb23   Thumb Code    96  ipc.o(.text)
    rt_mb_send_wait                          0x0800bb83   Thumb Code   436  ipc.o(.text)
    rt_mb_send                               0x0800bd37   Thumb Code    18  ipc.o(.text)
    rt_mb_recv                               0x0800bd49   Thumb Code   412  ipc.o(.text)
    rt_mb_control                            0x0800bee5   Thumb Code    82  ipc.o(.text)
    rt_mq_init                               0x0800bf37   Thumb Code   118  ipc.o(.text)
    rt_mq_detach                             0x0800bfad   Thumb Code    36  ipc.o(.text)
    rt_mq_delete                             0x0800bfd1   Thumb Code    88  ipc.o(.text)
    rt_mq_create                             0x0800c029   Thumb Code   174  ipc.o(.text)
    rt_mq_send                               0x0800c0d7   Thumb Code   290  ipc.o(.text)
    rt_mq_urgent                             0x0800c1f9   Thumb Code   198  ipc.o(.text)
    rt_mq_recv                               0x0800c2bf   Thumb Code   438  ipc.o(.text)
    rt_mq_control                            0x0800c475   Thumb Code    98  ipc.o(.text)
    rt_interrupt_enter_sethook               0x0800c52d   Thumb Code     6  irq.o(.text)
    rt_interrupt_leave_sethook               0x0800c533   Thumb Code     6  irq.o(.text)
    rt_interrupt_enter                       0x0800c539   Thumb Code    46  irq.o(.text)
    rt_interrupt_leave                       0x0800c567   Thumb Code    46  irq.o(.text)
    rt_interrupt_get_nest                    0x0800c595   Thumb Code     6  irq.o(.text)
    rt_get_errno                             0x0800c5a9   Thumb Code    32  kservice.o(.text)
    rt_set_errno                             0x0800c5c9   Thumb Code    36  kservice.o(.text)
    _rt_errno                                0x0800c5ed   Thumb Code    30  kservice.o(.text)
    rt_memset                                0x0800c60b   Thumb Code    72  kservice.o(.text)
    rt_memcpy                                0x0800c653   Thumb Code   124  kservice.o(.text)
    rt_memmove                               0x0800c6cf   Thumb Code    66  kservice.o(.text)
    rt_memcmp                                0x0800c711   Thumb Code    38  kservice.o(.text)
    rt_strlen                                0x0800c737   Thumb Code    18  kservice.o(.text)
    rt_strstr                                0x0800c749   Thumb Code    58  kservice.o(.text)
    rt_strcasecmp                            0x0800c783   Thumb Code    48  kservice.o(.text)
    rt_strncpy                               0x0800c7b3   Thumb Code    52  kservice.o(.text)
    rt_strncmp                               0x0800c7e7   Thumb Code    40  kservice.o(.text)
    rt_strcmp                                0x0800c80f   Thumb Code    28  kservice.o(.text)
    rt_strnlen                               0x0800c82b   Thumb Code    24  kservice.o(.text)
    rt_strdup                                0x0800c843   Thumb Code    40  kservice.o(.text)
    rt_hw_console_output                     0x0800c86b   Thumb Code     2  kservice.o(.text)
    rt_vsnprintf                             0x0800ca23   Thumb Code   800  kservice.o(.text)
    rt_kprintf                               0x0800cd43   Thumb Code    96  kservice.o(.text)
    rt_show_version                          0x0800cda3   Thumb Code    38  kservice.o(.text)
    rt_snprintf                              0x0800cdc9   Thumb Code    38  kservice.o(.text)
    rt_vsprintf                              0x0800cdef   Thumb Code    22  kservice.o(.text)
    rt_sprintf                               0x0800ce05   Thumb Code    34  kservice.o(.text)
    rt_console_get_device                    0x0800ce27   Thumb Code     6  kservice.o(.text)
    rt_console_set_device                    0x0800ce2d   Thumb Code    48  kservice.o(.text)
    rt_kputs                                 0x0800ce5d   Thumb Code    72  kservice.o(.text)
    rt_malloc_align                          0x0800cea5   Thumb Code    66  kservice.o(.text)
    rt_free_align                            0x0800cee7   Thumb Code    16  kservice.o(.text)
    __rt_ffs                                 0x0800cef7   Thumb Code    70  kservice.o(.text)
    rt_assert_set_hook                       0x0800cf3d   Thumb Code     6  kservice.o(.text)
    rt_assert_handler                        0x0800cf43   Thumb Code    56  kservice.o(.text)
    rt_malloc_sethook                        0x0800d055   Thumb Code     6  mem.o(.text)
    rt_free_sethook                          0x0800d05b   Thumb Code     6  mem.o(.text)
    rt_system_heap_init                      0x0800d101   Thumb Code   204  mem.o(.text)
    rt_malloc                                0x0800d1cd   Thumb Code   520  mem.o(.text)
    rt_free                                  0x0800d3d5   Thumb Code   602  mem.o(.text)
    rt_realloc                               0x0800d62f   Thumb Code   312  mem.o(.text)
    rt_calloc                                0x0800d767   Thumb Code    84  mem.o(.text)
    rt_memory_info                           0x0800d7bb   Thumb Code    26  mem.o(.text)
    list_mem                                 0x0800d7d5   Thumb Code    34  mem.o(.text)
    rt_mp_alloc_sethook                      0x0800d8c9   Thumb Code     6  mempool.o(.text)
    rt_mp_free_sethook                       0x0800d8cf   Thumb Code     6  mempool.o(.text)
    rt_mp_init                               0x0800d8d5   Thumb Code   128  mempool.o(.text)
    rt_mp_detach                             0x0800d955   Thumb Code    76  mempool.o(.text)
    rt_mp_create                             0x0800d9a1   Thumb Code   174  mempool.o(.text)
    rt_mp_delete                             0x0800da4f   Thumb Code   130  mempool.o(.text)
    rt_mp_alloc                              0x0800dad1   Thumb Code   278  mempool.o(.text)
    rt_mp_free                               0x0800dbe7   Thumb Code    98  mempool.o(.text)
    rt_object_attach_sethook                 0x0800dced   Thumb Code     6  object.o(.text)
    rt_object_detach_sethook                 0x0800dcf3   Thumb Code     6  object.o(.text)
    rt_object_trytake_sethook                0x0800dcf9   Thumb Code     6  object.o(.text)
    rt_object_take_sethook                   0x0800dcff   Thumb Code     6  object.o(.text)
    rt_object_put_sethook                    0x0800dd05   Thumb Code     6  object.o(.text)
    rt_system_object_init                    0x0800dd0b   Thumb Code     2  object.o(.text)
    rt_object_get_information                0x0800dd0d   Thumb Code    10  object.o(.text)
    rt_object_init                           0x0800dd17   Thumb Code    76  object.o(.text)
    rt_object_detach                         0x0800dd63   Thumb Code    56  object.o(.text)
    rt_object_allocate                       0x0800dd9b   Thumb Code   132  object.o(.text)
    rt_object_delete                         0x0800de1f   Thumb Code    84  object.o(.text)
    rt_object_is_systemobject                0x0800de73   Thumb Code    34  object.o(.text)
    rt_object_find                           0x0800de95   Thumb Code   126  object.o(.text)
    rt_scheduler_sethook                     0x0800dfa9   Thumb Code     6  scheduler.o(.text)
    rt_system_scheduler_init                 0x0800e009   Thumb Code    56  scheduler.o(.text)
    rt_system_scheduler_start                0x0800e041   Thumb Code    36  scheduler.o(.text)
    rt_schedule                              0x0800e065   Thumb Code   134  scheduler.o(.text)
    rt_schedule_insert_thread                0x0800e0eb   Thumb Code    82  scheduler.o(.text)
    rt_schedule_remove_thread                0x0800e13d   Thumb Code    94  scheduler.o(.text)
    rt_enter_critical                        0x0800e19b   Thumb Code    28  scheduler.o(.text)
    rt_exit_critical                         0x0800e1b7   Thumb Code    54  scheduler.o(.text)
    rt_critical_level                        0x0800e1ed   Thumb Code     8  scheduler.o(.text)
    rt_thread_suspend_sethook                0x0800e2b1   Thumb Code     6  thread.o(.text)
    rt_thread_resume_sethook                 0x0800e2b7   Thumb Code     6  thread.o(.text)
    rt_thread_inited_sethook                 0x0800e2bd   Thumb Code     6  thread.o(.text)
    rt_thread_exit                           0x0800e2c3   Thumb Code    76  thread.o(.text)
    rt_thread_timeout                        0x0800e30f   Thumb Code    66  thread.o(.text)
    rt_thread_init                           0x0800e3ef   Thumb Code    74  thread.o(.text)
    rt_thread_self                           0x0800e439   Thumb Code     6  thread.o(.text)
    rt_thread_resume                         0x0800e43f   Thumb Code    96  thread.o(.text)
    rt_thread_startup                        0x0800e49f   Thumb Code    80  thread.o(.text)
    rt_thread_detach                         0x0800e4ef   Thumb Code    74  thread.o(.text)
    rt_thread_create                         0x0800e539   Thumb Code    80  thread.o(.text)
    rt_thread_delete                         0x0800e589   Thumb Code    64  thread.o(.text)
    rt_thread_yield                          0x0800e5c9   Thumb Code    88  thread.o(.text)
    rt_thread_suspend                        0x0800e621   Thumb Code    94  thread.o(.text)
    rt_thread_sleep                          0x0800e67f   Thumb Code   286  thread.o(.text)
    rt_thread_delay                          0x0800e79d   Thumb Code    12  thread.o(.text)
    rt_thread_control                        0x0800e7a9   Thumb Code   130  thread.o(.text)
    rt_thread_find                           0x0800e82b   Thumb Code    76  thread.o(.text)
    rt_timer_timeout_sethook                 0x0800e88f   Thumb Code     6  timer.o(.text)
    rt_timer_init                            0x0800e921   Thumb Code    58  timer.o(.text)
    rt_timer_detach                          0x0800e95b   Thumb Code    44  timer.o(.text)
    rt_timer_create                          0x0800e987   Thumb Code    54  timer.o(.text)
    rt_timer_delete                          0x0800e9bd   Thumb Code    46  timer.o(.text)
    rt_timer_start                           0x0800e9eb   Thumb Code   292  timer.o(.text)
    rt_timer_stop                            0x0800eb0f   Thumb Code    80  timer.o(.text)
    rt_timer_control                         0x0800eb5f   Thumb Code    76  timer.o(.text)
    rt_timer_check                           0x0800ebab   Thumb Code   148  timer.o(.text)
    rt_timer_next_timeout_tick               0x0800ec3f   Thumb Code    10  timer.o(.text)
    rt_system_timer_init                     0x0800ec49   Thumb Code    24  timer.o(.text)
    rt_system_timer_thread_init              0x0800ec61   Thumb Code     2  timer.o(.text)
    NVIC_Configuration                       0x0800ecdd   Thumb Code    14  board.o(.text)
    SysTick_Configuration                    0x0800eceb   Thumb Code    92  board.o(.text)
    SysTick_Handler                          0x0800ed47   Thumb Code    16  board.o(.text)
    rt_hw_board_init                         0x0800ed57   Thumb Code    22  board.o(.text)
    RTC_Config                               0x0800eeb7   Thumb Code    84  rtc.o(.text)
    RTC_Configuration                        0x0800ef0b   Thumb Code   100  rtc.o(.text)
    rt_hw_rtc_init                           0x0800ef6f   Thumb Code    96  rtc.o(.text)
    time                                     0x0800efcf   Thumb Code    38  rtc.o(.text)
    set_date                                 0x0800eff5   Thumb Code    74  rtc.o(.text)
    set_time                                 0x0800f03f   Thumb Code    68  rtc.o(.text)
    list_date                                0x0800f083   Thumb Code    26  rtc.o(.text)
    rt_hw_serial_register                    0x0800f3ed   Thumb Code   102  serial.o(.text)
    rt_hw_serial_isr                         0x0800f453   Thumb Code   226  serial.o(.text)
    rt_hw_serial_dma_tx_isr                  0x0800f535   Thumb Code   380  serial.o(.text)
    NMI_Handler                              0x0800f6c9   Thumb Code     2  stm32f2xx_it.o(.text)
    MemManage_Handler                        0x0800f6cb   Thumb Code     4  stm32f2xx_it.o(.text)
    BusFault_Handler                         0x0800f6cf   Thumb Code     4  stm32f2xx_it.o(.text)
    UsageFault_Handler                       0x0800f6d3   Thumb Code     4  stm32f2xx_it.o(.text)
    SVC_Handler                              0x0800f6d7   Thumb Code     2  stm32f2xx_it.o(.text)
    DebugMon_Handler                         0x0800f6d9   Thumb Code     2  stm32f2xx_it.o(.text)
    rt_hw_usart_init                         0x0800f74d   Thumb Code   102  usart.o(.text)
    USART1_IRQHandler                        0x0800f7b3   Thumb Code    18  usart.o(.text)
    Reset_Handler                            0x0800f7dd   Thumb Code     8  startup_stm32f2xx.o(.text)
    ADC_IRQHandler                           0x0800f7f7   Thumb Code     0  startup_stm32f2xx.o(.text)
    CAN1_RX0_IRQHandler                      0x0800f7f7   Thumb Code     0  startup_stm32f2xx.o(.text)
    CAN1_RX1_IRQHandler                      0x0800f7f7   Thumb Code     0  startup_stm32f2xx.o(.text)
    CAN1_SCE_IRQHandler                      0x0800f7f7   Thumb Code     0  startup_stm32f2xx.o(.text)
    CAN1_TX_IRQHandler                       0x0800f7f7   Thumb Code     0  startup_stm32f2xx.o(.text)
    CAN2_RX0_IRQHandler                      0x0800f7f7   Thumb Code     0  startup_stm32f2xx.o(.text)
    CAN2_RX1_IRQHandler                      0x0800f7f7   Thumb Code     0  startup_stm32f2xx.o(.text)
    CAN2_SCE_IRQHandler                      0x0800f7f7   Thumb Code     0  startup_stm32f2xx.o(.text)
    CAN2_TX_IRQHandler                       0x0800f7f7   Thumb Code     0  startup_stm32f2xx.o(.text)
    CRYP_IRQHandler                          0x0800f7f7   Thumb Code     0  startup_stm32f2xx.o(.text)
    DCMI_IRQHandler                          0x0800f7f7   Thumb Code     0  startup_stm32f2xx.o(.text)
    DMA1_Stream0_IRQHandler                  0x0800f7f7   Thumb Code     0  startup_stm32f2xx.o(.text)
    DMA1_Stream1_IRQHandler                  0x0800f7f7   Thumb Code     0  startup_stm32f2xx.o(.text)
    DMA1_Stream2_IRQHandler                  0x0800f7f7   Thumb Code     0  startup_stm32f2xx.o(.text)
    DMA1_Stream3_IRQHandler                  0x0800f7f7   Thumb Code     0  startup_stm32f2xx.o(.text)
    DMA1_Stream4_IRQHandler                  0x0800f7f7   Thumb Code     0  startup_stm32f2xx.o(.text)
    DMA1_Stream5_IRQHandler                  0x0800f7f7   Thumb Code     0  startup_stm32f2xx.o(.text)
    DMA1_Stream6_IRQHandler                  0x0800f7f7   Thumb Code     0  startup_stm32f2xx.o(.text)
    DMA1_Stream7_IRQHandler                  0x0800f7f7   Thumb Code     0  startup_stm32f2xx.o(.text)
    DMA2_Stream0_IRQHandler                  0x0800f7f7   Thumb Code     0  startup_stm32f2xx.o(.text)
    DMA2_Stream1_IRQHandler                  0x0800f7f7   Thumb Code     0  startup_stm32f2xx.o(.text)
    DMA2_Stream2_IRQHandler                  0x0800f7f7   Thumb Code     0  startup_stm32f2xx.o(.text)
    DMA2_Stream3_IRQHandler                  0x0800f7f7   Thumb Code     0  startup_stm32f2xx.o(.text)
    DMA2_Stream4_IRQHandler                  0x0800f7f7   Thumb Code     0  startup_stm32f2xx.o(.text)
    DMA2_Stream5_IRQHandler                  0x0800f7f7   Thumb Code     0  startup_stm32f2xx.o(.text)
    DMA2_Stream6_IRQHandler                  0x0800f7f7   Thumb Code     0  startup_stm32f2xx.o(.text)
    DMA2_Stream7_IRQHandler                  0x0800f7f7   Thumb Code     0  startup_stm32f2xx.o(.text)
    ETH_IRQHandler                           0x0800f7f7   Thumb Code     0  startup_stm32f2xx.o(.text)
    ETH_WKUP_IRQHandler                      0x0800f7f7   Thumb Code     0  startup_stm32f2xx.o(.text)
    EXTI0_IRQHandler                         0x0800f7f7   Thumb Code     0  startup_stm32f2xx.o(.text)
    EXTI15_10_IRQHandler                     0x0800f7f7   Thumb Code     0  startup_stm32f2xx.o(.text)
    EXTI1_IRQHandler                         0x0800f7f7   Thumb Code     0  startup_stm32f2xx.o(.text)
    EXTI2_IRQHandler                         0x0800f7f7   Thumb Code     0  startup_stm32f2xx.o(.text)
    EXTI3_IRQHandler                         0x0800f7f7   Thumb Code     0  startup_stm32f2xx.o(.text)
    EXTI4_IRQHandler                         0x0800f7f7   Thumb Code     0  startup_stm32f2xx.o(.text)
    EXTI9_5_IRQHandler                       0x0800f7f7   Thumb Code     0  startup_stm32f2xx.o(.text)
    FLASH_IRQHandler                         0x0800f7f7   Thumb Code     0  startup_stm32f2xx.o(.text)
    FSMC_IRQHandler                          0x0800f7f7   Thumb Code     0  startup_stm32f2xx.o(.text)
    HASH_RNG_IRQHandler                      0x0800f7f7   Thumb Code     0  startup_stm32f2xx.o(.text)
    I2C1_ER_IRQHandler                       0x0800f7f7   Thumb Code     0  startup_stm32f2xx.o(.text)
    I2C1_EV_IRQHandler                       0x0800f7f7   Thumb Code     0  startup_stm32f2xx.o(.text)
    I2C2_ER_IRQHandler                       0x0800f7f7   Thumb Code     0  startup_stm32f2xx.o(.text)
    I2C2_EV_IRQHandler                       0x0800f7f7   Thumb Code     0  startup_stm32f2xx.o(.text)
    I2C3_ER_IRQHandler                       0x0800f7f7   Thumb Code     0  startup_stm32f2xx.o(.text)
    I2C3_EV_IRQHandler                       0x0800f7f7   Thumb Code     0  startup_stm32f2xx.o(.text)
    OTG_FS_IRQHandler                        0x0800f7f7   Thumb Code     0  startup_stm32f2xx.o(.text)
    OTG_FS_WKUP_IRQHandler                   0x0800f7f7   Thumb Code     0  startup_stm32f2xx.o(.text)
    OTG_HS_EP1_IN_IRQHandler                 0x0800f7f7   Thumb Code     0  startup_stm32f2xx.o(.text)
    OTG_HS_EP1_OUT_IRQHandler                0x0800f7f7   Thumb Code     0  startup_stm32f2xx.o(.text)
    OTG_HS_IRQHandler                        0x0800f7f7   Thumb Code     0  startup_stm32f2xx.o(.text)
    OTG_HS_WKUP_IRQHandler                   0x0800f7f7   Thumb Code     0  startup_stm32f2xx.o(.text)
    PVD_IRQHandler                           0x0800f7f7   Thumb Code     0  startup_stm32f2xx.o(.text)
    RCC_IRQHandler                           0x0800f7f7   Thumb Code     0  startup_stm32f2xx.o(.text)
    RTC_Alarm_IRQHandler                     0x0800f7f7   Thumb Code     0  startup_stm32f2xx.o(.text)
    RTC_WKUP_IRQHandler                      0x0800f7f7   Thumb Code     0  startup_stm32f2xx.o(.text)
    SDIO_IRQHandler                          0x0800f7f7   Thumb Code     0  startup_stm32f2xx.o(.text)
    SPI1_IRQHandler                          0x0800f7f7   Thumb Code     0  startup_stm32f2xx.o(.text)
    SPI2_IRQHandler                          0x0800f7f7   Thumb Code     0  startup_stm32f2xx.o(.text)
    SPI3_IRQHandler                          0x0800f7f7   Thumb Code     0  startup_stm32f2xx.o(.text)
    TAMP_STAMP_IRQHandler                    0x0800f7f7   Thumb Code     0  startup_stm32f2xx.o(.text)
    TIM1_BRK_TIM9_IRQHandler                 0x0800f7f7   Thumb Code     0  startup_stm32f2xx.o(.text)
    TIM1_CC_IRQHandler                       0x0800f7f7   Thumb Code     0  startup_stm32f2xx.o(.text)
    TIM1_TRG_COM_TIM11_IRQHandler            0x0800f7f7   Thumb Code     0  startup_stm32f2xx.o(.text)
    TIM1_UP_TIM10_IRQHandler                 0x0800f7f7   Thumb Code     0  startup_stm32f2xx.o(.text)
    TIM2_IRQHandler                          0x0800f7f7   Thumb Code     0  startup_stm32f2xx.o(.text)
    TIM3_IRQHandler                          0x0800f7f7   Thumb Code     0  startup_stm32f2xx.o(.text)
    TIM4_IRQHandler                          0x0800f7f7   Thumb Code     0  startup_stm32f2xx.o(.text)
    TIM5_IRQHandler                          0x0800f7f7   Thumb Code     0  startup_stm32f2xx.o(.text)
    TIM6_DAC_IRQHandler                      0x0800f7f7   Thumb Code     0  startup_stm32f2xx.o(.text)
    TIM7_IRQHandler                          0x0800f7f7   Thumb Code     0  startup_stm32f2xx.o(.text)
    TIM8_BRK_TIM12_IRQHandler                0x0800f7f7   Thumb Code     0  startup_stm32f2xx.o(.text)
    TIM8_CC_IRQHandler                       0x0800f7f7   Thumb Code     0  startup_stm32f2xx.o(.text)
    TIM8_TRG_COM_TIM14_IRQHandler            0x0800f7f7   Thumb Code     0  startup_stm32f2xx.o(.text)
    TIM8_UP_TIM13_IRQHandler                 0x0800f7f7   Thumb Code     0  startup_stm32f2xx.o(.text)
    UART4_IRQHandler                         0x0800f7f7   Thumb Code     0  startup_stm32f2xx.o(.text)
    UART5_IRQHandler                         0x0800f7f7   Thumb Code     0  startup_stm32f2xx.o(.text)
    USART2_IRQHandler                        0x0800f7f7   Thumb Code     0  startup_stm32f2xx.o(.text)
    USART3_IRQHandler                        0x0800f7f7   Thumb Code     0  startup_stm32f2xx.o(.text)
    USART6_IRQHandler                        0x0800f7f7   Thumb Code     0  startup_stm32f2xx.o(.text)
    WWDG_IRQHandler                          0x0800f7f7   Thumb Code     0  startup_stm32f2xx.o(.text)
    SystemInit                               0x0800f96b   Thumb Code    74  system_stm32f2xx.o(.text)
    SystemCoreClockUpdate                    0x0800f9b5   Thumb Code   174  system_stm32f2xx.o(.text)
    rt_hw_interrupt_disable                  0x0800fa91   Thumb Code     8  context_rvds.o(.text)
    rt_hw_interrupt_enable                   0x0800fa99   Thumb Code     6  context_rvds.o(.text)
    rt_hw_context_switch                     0x0800fa9f   Thumb Code    32  context_rvds.o(.text)
    rt_hw_context_switch_interrupt           0x0800fa9f   Thumb Code     0  context_rvds.o(.text)
    PendSV_Handler                           0x0800fabf   Thumb Code    60  context_rvds.o(.text)
    rt_hw_context_switch_to                  0x0800fafb   Thumb Code    56  context_rvds.o(.text)
    rt_hw_interrupt_thread_switch            0x0800fb33   Thumb Code     2  context_rvds.o(.text)
    HardFault_Handler                        0x0800fb35   Thumb Code    48  context_rvds.o(.text)
    rt_hw_stack_init                         0x0800fb7d   Thumb Code    70  cpuport.o(.text)
    rt_hw_exception_install                  0x0800fbc3   Thumb Code     6  cpuport.o(.text)
    rt_hw_hard_fault_exception               0x0800fda7   Thumb Code   198  cpuport.o(.text)
    rt_hw_cpu_shutdown                       0x0800fe6d   Thumb Code    22  cpuport.o(.text)
    NVIC_PriorityGroupConfig                 0x08010151   Thumb Code    10  misc.o(.text)
    NVIC_Init                                0x0801015b   Thumb Code   106  misc.o(.text)
    NVIC_SetVectorTable                      0x080101c5   Thumb Code    14  misc.o(.text)
    NVIC_SystemLPConfig                      0x080101d3   Thumb Code    34  misc.o(.text)
    SysTick_CLKSourceConfig                  0x080101f5   Thumb Code    40  misc.o(.text)
    DMA_DeInit                               0x08010231   Thumb Code   324  stm32f2xx_dma.o(.text)
    DMA_Init                                 0x08010375   Thumb Code    82  stm32f2xx_dma.o(.text)
    DMA_StructInit                           0x080103c7   Thumb Code    34  stm32f2xx_dma.o(.text)
    DMA_Cmd                                  0x080103e9   Thumb Code    22  stm32f2xx_dma.o(.text)
    DMA_PeriphIncOffsetSizeConfig            0x080103ff   Thumb Code    22  stm32f2xx_dma.o(.text)
    DMA_FlowControllerConfig                 0x08010415   Thumb Code    22  stm32f2xx_dma.o(.text)
    DMA_SetCurrDataCounter                   0x0801042b   Thumb Code     4  stm32f2xx_dma.o(.text)
    DMA_GetCurrDataCounter                   0x0801042f   Thumb Code     8  stm32f2xx_dma.o(.text)
    DMA_DoubleBufferModeConfig               0x08010437   Thumb Code    24  stm32f2xx_dma.o(.text)
    DMA_DoubleBufferModeCmd                  0x0801044f   Thumb Code    22  stm32f2xx_dma.o(.text)
    DMA_MemoryTargetConfig                   0x08010465   Thumb Code    10  stm32f2xx_dma.o(.text)
    DMA_GetCurrentMemoryTarget               0x0801046f   Thumb Code    20  stm32f2xx_dma.o(.text)
    DMA_GetCmdStatus                         0x08010483   Thumb Code    20  stm32f2xx_dma.o(.text)
    DMA_GetFIFOStatus                        0x08010497   Thumb Code    12  stm32f2xx_dma.o(.text)
    DMA_GetFlagStatus                        0x080104a3   Thumb Code    56  stm32f2xx_dma.o(.text)
    DMA_ClearFlag                            0x080104db   Thumb Code    40  stm32f2xx_dma.o(.text)
    DMA_ITConfig                             0x08010503   Thumb Code    58  stm32f2xx_dma.o(.text)
    DMA_GetITStatus                          0x0801053d   Thumb Code    84  stm32f2xx_dma.o(.text)
    DMA_ClearITPendingBit                    0x08010591   Thumb Code    40  stm32f2xx_dma.o(.text)
    GPIO_DeInit                              0x080105d9   Thumb Code   220  stm32f2xx_gpio.o(.text)
    GPIO_Init                                0x080106b5   Thumb Code   144  stm32f2xx_gpio.o(.text)
    GPIO_StructInit                          0x08010745   Thumb Code    18  stm32f2xx_gpio.o(.text)
    GPIO_PinLockConfig                       0x08010757   Thumb Code    34  stm32f2xx_gpio.o(.text)
    GPIO_ReadInputDataBit                    0x08010779   Thumb Code    18  stm32f2xx_gpio.o(.text)
    GPIO_ReadInputData                       0x0801078b   Thumb Code     8  stm32f2xx_gpio.o(.text)
    GPIO_ReadOutputDataBit                   0x08010793   Thumb Code    18  stm32f2xx_gpio.o(.text)
    GPIO_ReadOutputData                      0x080107a5   Thumb Code     8  stm32f2xx_gpio.o(.text)
    GPIO_SetBits                             0x080107ad   Thumb Code     4  stm32f2xx_gpio.o(.text)
    GPIO_ResetBits                           0x080107b1   Thumb Code     4  stm32f2xx_gpio.o(.text)
    GPIO_WriteBit                            0x080107b5   Thumb Code    10  stm32f2xx_gpio.o(.text)
    GPIO_Write                               0x080107bf   Thumb Code     4  stm32f2xx_gpio.o(.text)
    GPIO_ToggleBits                          0x080107c3   Thumb Code     8  stm32f2xx_gpio.o(.text)
    GPIO_PinAFConfig                         0x080107cb   Thumb Code    70  stm32f2xx_gpio.o(.text)
    PWR_DeInit                               0x08010835   Thumb Code    22  stm32f2xx_pwr.o(.text)
    PWR_BackupAccessCmd                      0x0801084b   Thumb Code     6  stm32f2xx_pwr.o(.text)
    PWR_PVDLevelConfig                       0x08010851   Thumb Code    18  stm32f2xx_pwr.o(.text)
    PWR_PVDCmd                               0x08010863   Thumb Code     6  stm32f2xx_pwr.o(.text)
    PWR_WakeUpPinCmd                         0x08010869   Thumb Code     8  stm32f2xx_pwr.o(.text)
    PWR_BackupRegulatorCmd                   0x08010871   Thumb Code     8  stm32f2xx_pwr.o(.text)
    PWR_FlashPowerDownCmd                    0x08010879   Thumb Code     6  stm32f2xx_pwr.o(.text)
    PWR_EnterSTOPMode                        0x0801087f   Thumb Code    54  stm32f2xx_pwr.o(.text)
    PWR_EnterSTANDBYMode                     0x080108b5   Thumb Code    42  stm32f2xx_pwr.o(.text)
    PWR_GetFlagStatus                        0x080108df   Thumb Code    20  stm32f2xx_pwr.o(.text)
    PWR_ClearFlag                            0x080108f3   Thumb Code    14  stm32f2xx_pwr.o(.text)
    RCC_DeInit                               0x0801090d   Thumb Code    60  stm32f2xx_rcc.o(.text)
    RCC_HSEConfig                            0x08010949   Thumb Code    14  stm32f2xx_rcc.o(.text)
    RCC_GetFlagStatus                        0x08010957   Thumb Code    60  stm32f2xx_rcc.o(.text)
    RCC_WaitForHSEStartUp                    0x08010993   Thumb Code    56  stm32f2xx_rcc.o(.text)
    RCC_AdjustHSICalibrationValue            0x080109cb   Thumb Code    20  stm32f2xx_rcc.o(.text)
    RCC_HSICmd                               0x080109df   Thumb Code     6  stm32f2xx_rcc.o(.text)
    RCC_LSEConfig                            0x080109e5   Thumb Code    46  stm32f2xx_rcc.o(.text)
    RCC_LSICmd                               0x08010a13   Thumb Code     6  stm32f2xx_rcc.o(.text)
    RCC_PLLConfig                            0x08010a19   Thumb Code    32  stm32f2xx_rcc.o(.text)
    RCC_PLLCmd                               0x08010a39   Thumb Code     6  stm32f2xx_rcc.o(.text)
    RCC_PLLI2SConfig                         0x08010a3f   Thumb Code    14  stm32f2xx_rcc.o(.text)
    RCC_PLLI2SCmd                            0x08010a4d   Thumb Code     6  stm32f2xx_rcc.o(.text)
    RCC_ClockSecuritySystemCmd               0x08010a53   Thumb Code     6  stm32f2xx_rcc.o(.text)
    RCC_MCO1Config                           0x08010a59   Thumb Code    28  stm32f2xx_rcc.o(.text)
    RCC_MCO2Config                           0x08010a75   Thumb Code    28  stm32f2xx_rcc.o(.text)
    RCC_SYSCLKConfig                         0x08010a91   Thumb Code    20  stm32f2xx_rcc.o(.text)
    RCC_GetSYSCLKSource                      0x08010aa5   Thumb Code    12  stm32f2xx_rcc.o(.text)
    RCC_HCLKConfig                           0x08010ab1   Thumb Code    20  stm32f2xx_rcc.o(.text)
    RCC_PCLK1Config                          0x08010ac5   Thumb Code    20  stm32f2xx_rcc.o(.text)
    RCC_PCLK2Config                          0x08010ad9   Thumb Code    22  stm32f2xx_rcc.o(.text)
    RCC_GetClocksFreq                        0x08010aef   Thumb Code   222  stm32f2xx_rcc.o(.text)
    RCC_RTCCLKConfig                         0x08010bcd   Thumb Code    54  stm32f2xx_rcc.o(.text)
    RCC_RTCCLKCmd                            0x08010c03   Thumb Code     8  stm32f2xx_rcc.o(.text)
    RCC_BackupResetCmd                       0x08010c0b   Thumb Code     8  stm32f2xx_rcc.o(.text)
    RCC_I2SCLKConfig                         0x08010c13   Thumb Code     6  stm32f2xx_rcc.o(.text)
    RCC_AHB1PeriphClockCmd                   0x08010c19   Thumb Code    34  stm32f2xx_rcc.o(.text)
    RCC_AHB2PeriphClockCmd                   0x08010c3b   Thumb Code    34  stm32f2xx_rcc.o(.text)
    RCC_AHB3PeriphClockCmd                   0x08010c5d   Thumb Code    34  stm32f2xx_rcc.o(.text)
    RCC_APB1PeriphClockCmd                   0x08010c7f   Thumb Code    34  stm32f2xx_rcc.o(.text)
    RCC_APB2PeriphClockCmd                   0x08010ca1   Thumb Code    34  stm32f2xx_rcc.o(.text)
    RCC_AHB1PeriphResetCmd                   0x08010cc3   Thumb Code    34  stm32f2xx_rcc.o(.text)
    RCC_AHB2PeriphResetCmd                   0x08010ce5   Thumb Code    72  stm32f2xx_rcc.o(.text)
    RCC_AHB3PeriphResetCmd                   0x08010d2d   Thumb Code    34  stm32f2xx_rcc.o(.text)
    RCC_APB1PeriphResetCmd                   0x08010d4f   Thumb Code    34  stm32f2xx_rcc.o(.text)
    RCC_APB2PeriphResetCmd                   0x08010d71   Thumb Code    34  stm32f2xx_rcc.o(.text)
    RCC_AHB1PeriphClockLPModeCmd             0x08010d93   Thumb Code    34  stm32f2xx_rcc.o(.text)
    RCC_AHB2PeriphClockLPModeCmd             0x08010db5   Thumb Code    34  stm32f2xx_rcc.o(.text)
    RCC_AHB3PeriphClockLPModeCmd             0x08010dd7   Thumb Code    34  stm32f2xx_rcc.o(.text)
    RCC_APB1PeriphClockLPModeCmd             0x08010df9   Thumb Code    34  stm32f2xx_rcc.o(.text)
    RCC_APB2PeriphClockLPModeCmd             0x08010e1b   Thumb Code    34  stm32f2xx_rcc.o(.text)
    RCC_ITConfig                             0x08010e3d   Thumb Code    34  stm32f2xx_rcc.o(.text)
    RCC_ClearFlag                            0x08010e5f   Thumb Code    18  stm32f2xx_rcc.o(.text)
    RCC_GetITStatus                          0x08010e71   Thumb Code    22  stm32f2xx_rcc.o(.text)
    RCC_ClearITPendingBit                    0x08010e87   Thumb Code     8  stm32f2xx_rcc.o(.text)
    RTC_WaitForSynchro                       0x08010e95   Thumb Code    92  stm32f2xx_rtc.o(.text)
    RTC_EnterInitMode                        0x08010ef1   Thumb Code    84  stm32f2xx_rtc.o(.text)
    RTC_DeInit                               0x08010f45   Thumb Code   182  stm32f2xx_rtc.o(.text)
    RTC_ExitInitMode                         0x08010ffb   Thumb Code    18  stm32f2xx_rtc.o(.text)
    RTC_Init                                 0x0801100d   Thumb Code    94  stm32f2xx_rtc.o(.text)
    RTC_StructInit                           0x0801106b   Thumb Code    14  stm32f2xx_rtc.o(.text)
    RTC_WriteProtectionCmd                   0x08011079   Thumb Code    22  stm32f2xx_rtc.o(.text)
    RTC_RefClockCmd                          0x0801108f   Thumb Code    76  stm32f2xx_rtc.o(.text)
    RTC_SetTime                              0x0801110d   Thumb Code   184  stm32f2xx_rtc.o(.text)
    RTC_TimeStructInit                       0x080111c5   Thumb Code    12  stm32f2xx_rtc.o(.text)
    RTC_GetTime                              0x080111d1   Thumb Code    74  stm32f2xx_rtc.o(.text)
    RTC_SetDate                              0x0801121b   Thumb Code   190  stm32f2xx_rtc.o(.text)
    RTC_DateStructInit                       0x080112d9   Thumb Code    14  stm32f2xx_rtc.o(.text)
    RTC_GetDate                              0x080112e7   Thumb Code    68  stm32f2xx_rtc.o(.text)
    RTC_SetAlarm                             0x0801132b   Thumb Code   234  stm32f2xx_rtc.o(.text)
    RTC_AlarmStructInit                      0x08011415   Thumb Code    22  stm32f2xx_rtc.o(.text)
    RTC_GetAlarm                             0x0801142b   Thumb Code   114  stm32f2xx_rtc.o(.text)
    RTC_AlarmCmd                             0x0801149d   Thumb Code   116  stm32f2xx_rtc.o(.text)
    RTC_WakeUpClockConfig                    0x08011511   Thumb Code    46  stm32f2xx_rtc.o(.text)
    RTC_SetWakeUpCounter                     0x0801153f   Thumb Code    24  stm32f2xx_rtc.o(.text)
    RTC_GetWakeUpCounter                     0x08011557   Thumb Code    10  stm32f2xx_rtc.o(.text)
    RTC_WakeUpCmd                            0x08011561   Thumb Code   120  stm32f2xx_rtc.o(.text)
    RTC_DayLightSavingConfig                 0x080115d9   Thumb Code    54  stm32f2xx_rtc.o(.text)
    RTC_GetStoreOperation                    0x0801160f   Thumb Code    12  stm32f2xx_rtc.o(.text)
    RTC_OutputConfig                         0x0801161b   Thumb Code    54  stm32f2xx_rtc.o(.text)
    RTC_CoarseCalibConfig                    0x08011651   Thumb Code    56  stm32f2xx_rtc.o(.text)
    RTC_CoarseCalibCmd                       0x08011689   Thumb Code    82  stm32f2xx_rtc.o(.text)
    RTC_CalibOutputCmd                       0x080116db   Thumb Code    50  stm32f2xx_rtc.o(.text)
    RTC_TimeStampCmd                         0x0801170d   Thumb Code    52  stm32f2xx_rtc.o(.text)
    RTC_GetTimeStamp                         0x08011741   Thumb Code   144  stm32f2xx_rtc.o(.text)
    RTC_TamperTriggerConfig                  0x080117d1   Thumb Code    38  stm32f2xx_rtc.o(.text)
    RTC_TamperCmd                            0x080117f7   Thumb Code    34  stm32f2xx_rtc.o(.text)
    RTC_WriteBackupRegister                  0x08011819   Thumb Code    26  stm32f2xx_rtc.o(.text)
    RTC_ReadBackupRegister                   0x08011833   Thumb Code    28  stm32f2xx_rtc.o(.text)
    RTC_TamperPinSelection                   0x0801184f   Thumb Code    26  stm32f2xx_rtc.o(.text)
    RTC_TimeStampPinSelection                0x08011869   Thumb Code    26  stm32f2xx_rtc.o(.text)
    RTC_OutputTypeConfig                     0x08011883   Thumb Code    26  stm32f2xx_rtc.o(.text)
    RTC_ITConfig                             0x0801189d   Thumb Code    90  stm32f2xx_rtc.o(.text)
    RTC_GetFlagStatus                        0x080118f7   Thumb Code    36  stm32f2xx_rtc.o(.text)
    RTC_ClearFlag                            0x0801191b   Thumb Code    28  stm32f2xx_rtc.o(.text)
    RTC_GetITStatus                          0x08011937   Thumb Code    58  stm32f2xx_rtc.o(.text)
    RTC_ClearITPendingBit                    0x08011971   Thumb Code    32  stm32f2xx_rtc.o(.text)
    USART_DeInit                             0x0801199d   Thumb Code   156  stm32f2xx_usart.o(.text)
    USART_Init                               0x08011a39   Thumb Code   204  stm32f2xx_usart.o(.text)
    USART_StructInit                         0x08011b05   Thumb Code    24  stm32f2xx_usart.o(.text)
    USART_ClockInit                          0x08011b1d   Thumb Code    32  stm32f2xx_usart.o(.text)
    USART_ClockStructInit                    0x08011b3d   Thumb Code    12  stm32f2xx_usart.o(.text)
    USART_Cmd                                0x08011b49   Thumb Code    24  stm32f2xx_usart.o(.text)
    USART_SetPrescaler                       0x08011b61   Thumb Code    16  stm32f2xx_usart.o(.text)
    USART_OverSampling8Cmd                   0x08011b71   Thumb Code    22  stm32f2xx_usart.o(.text)
    USART_OneBitMethodCmd                    0x08011b87   Thumb Code    24  stm32f2xx_usart.o(.text)
    USART_SendData                           0x08011b9f   Thumb Code     8  stm32f2xx_usart.o(.text)
    USART_ReceiveData                        0x08011ba7   Thumb Code    10  stm32f2xx_usart.o(.text)
    USART_SetAddress                         0x08011bb1   Thumb Code    18  stm32f2xx_usart.o(.text)
    USART_ReceiverWakeUpCmd                  0x08011bc3   Thumb Code    24  stm32f2xx_usart.o(.text)
    USART_WakeUpConfig                       0x08011bdb   Thumb Code    18  stm32f2xx_usart.o(.text)
    USART_LINBreakDetectLengthConfig         0x08011bed   Thumb Code    18  stm32f2xx_usart.o(.text)
    USART_LINCmd                             0x08011bff   Thumb Code    24  stm32f2xx_usart.o(.text)
    USART_SendBreak                          0x08011c17   Thumb Code    10  stm32f2xx_usart.o(.text)
    USART_HalfDuplexCmd                      0x08011c21   Thumb Code    24  stm32f2xx_usart.o(.text)
    USART_SetGuardTime                       0x08011c39   Thumb Code    16  stm32f2xx_usart.o(.text)
    USART_SmartCardCmd                       0x08011c49   Thumb Code    24  stm32f2xx_usart.o(.text)
    USART_SmartCardNACKCmd                   0x08011c61   Thumb Code    24  stm32f2xx_usart.o(.text)
    USART_IrDAConfig                         0x08011c79   Thumb Code    18  stm32f2xx_usart.o(.text)
    USART_IrDACmd                            0x08011c8b   Thumb Code    24  stm32f2xx_usart.o(.text)
    USART_DMACmd                             0x08011ca3   Thumb Code    18  stm32f2xx_usart.o(.text)
    USART_ITConfig                           0x08011cb5   Thumb Code    74  stm32f2xx_usart.o(.text)
    USART_GetFlagStatus                      0x08011cff   Thumb Code    26  stm32f2xx_usart.o(.text)
    USART_ClearFlag                          0x08011d19   Thumb Code    18  stm32f2xx_usart.o(.text)
    USART_GetITStatus                        0x08011d2b   Thumb Code   110  stm32f2xx_usart.o(.text)
    USART_ClearITPendingBit                  0x08011d99   Thumb Code    30  stm32f2xx_usart.o(.text)
    mktime                                   0x08011db9   Thumb Code   150  mktime.o(.text)
    ctime                                    0x08011e61   Thumb Code    14  ctime.o(.text)
    __aeabi_memcpy                           0x08011e6f   Thumb Code    36  memcpya.o(.text)
    __aeabi_memcpy4                          0x08011e6f   Thumb Code     0  memcpya.o(.text)
    __aeabi_memcpy8                          0x08011e6f   Thumb Code     0  memcpya.o(.text)
    __aeabi_memset                           0x08011e93   Thumb Code    14  memseta.o(.text)
    __aeabi_memset4                          0x08011e93   Thumb Code     0  memseta.o(.text)
    __aeabi_memset8                          0x08011e93   Thumb Code     0  memseta.o(.text)
    __aeabi_memclr                           0x08011ea1   Thumb Code     4  memseta.o(.text)
    __aeabi_memclr4                          0x08011ea1   Thumb Code     0  memseta.o(.text)
    __aeabi_memclr8                          0x08011ea1   Thumb Code     0  memseta.o(.text)
    _memset$wrapper                          0x08011ea5   Thumb Code    18  memseta.o(.text)
    strcat                                   0x08011eb7   Thumb Code    24  strcat.o(.text)
    strncpy                                  0x08011ecf   Thumb Code    24  strncpy.o(.text)
    strlen                                   0x08011ee7   Thumb Code    14  strlen.o(.text)
    strcmp                                   0x08011ef5   Thumb Code    28  strcmp.o(.text)
    strcpy                                   0x08011f11   Thumb Code    18  strcpy.o(.text)
    strncmp                                  0x08011f23   Thumb Code    30  strncmp.o(.text)
    strrchr                                  0x08011f41   Thumb Code    32  strrchr.o(.text)
    atoi                                     0x08011f61   Thumb Code    26  atoi.o(.text)
    localtime                                0x08011f7d   Thumb Code     6  localtime_w.o(.text)
    _localtime                               0x08011f89   Thumb Code   134  localtime_i.o(.text)
    asctime                                  0x08012015   Thumb Code   172  asctime.o(.text)
    strtol                                   0x080120d1   Thumb Code   112  strtol.o(.text)
    __scatterload                            0x08012141   Thumb Code    28  init.o(.text)
    __scatterload_rt2                        0x08012141   Thumb Code     0  init.o(.text)
    __rt_ctype_table                         0x08012165   Thumb Code     4  ctype_o.o(.text)
    _strtoul                                 0x0801216d   Thumb Code   158  _strtoul.o(.text)
    _chval                                   0x0801220b   Thumb Code    28  _chval.o(.text)
    __decompress                             0x08012227   Thumb Code     0  __dczerorl2.o(.text)
    __decompress1                            0x08012227   Thumb Code    86  __dczerorl2.o(.text)
    __aeabi_errno_addr                       0x0801227d   Thumb Code     4  errno.o(i.__aeabi_errno_addr)
    __rt_errno_addr                          0x0801227d   Thumb Code     0  errno.o(i.__aeabi_errno_addr)
    __scatterload_copy                       0x08012285   Thumb Code    14  handlers.o(i.__scatterload_copy)
    __scatterload_null                       0x08012293   Thumb Code     2  handlers.o(i.__scatterload_null)
    __scatterload_zeroinit                   0x08012295   Thumb Code    14  handlers.o(i.__scatterload_zeroinit)
    op_table                                 0x080122f4   Data         196  finsh_ops.o(.constdata)
    __lowest_bit_bitmap                      0x08012ad7   Data         256  kservice.o(.constdata)
    __ctype_table                            0x08012f27   Data         129  ctype_o.o(.constdata)
    __fsym_hello_name                        0x08013375   Data           6  cmd.o(.rodata.name)
    __fsym_hello_desc                        0x0801337b   Data          16  cmd.o(.rodata.name)
    __fsym_version_name                      0x0801338b   Data           8  cmd.o(.rodata.name)
    __fsym_version_desc                      0x08013393   Data          35  cmd.o(.rodata.name)
    __fsym_list_thread_name                  0x080133b6   Data          12  cmd.o(.rodata.name)
    __fsym_list_thread_desc                  0x080133c2   Data          12  cmd.o(.rodata.name)
    __fsym_list_sem_name                     0x080133ce   Data           9  cmd.o(.rodata.name)
    __fsym_list_sem_desc                     0x080133d7   Data          25  cmd.o(.rodata.name)
    __fsym_list_event_name                   0x080133f0   Data          11  cmd.o(.rodata.name)
    __fsym_list_event_desc                   0x080133fb   Data          21  cmd.o(.rodata.name)
    __fsym_list_mutex_name                   0x08013410   Data          11  cmd.o(.rodata.name)
    __fsym_list_mutex_desc                   0x0801341b   Data          21  cmd.o(.rodata.name)
    __fsym_list_mailbox_name                 0x08013430   Data          13  cmd.o(.rodata.name)
    __fsym_list_mailbox_desc                 0x0801343d   Data          24  cmd.o(.rodata.name)
    __fsym_list_msgqueue_name                0x08013455   Data          14  cmd.o(.rodata.name)
    __fsym_list_msgqueue_desc                0x08013463   Data          29  cmd.o(.rodata.name)
    __fsym_list_memheap_name                 0x08013480   Data          13  cmd.o(.rodata.name)
    __fsym_list_memheap_desc                 0x0801348d   Data          27  cmd.o(.rodata.name)
    __fsym_list_mempool_name                 0x080134a8   Data          13  cmd.o(.rodata.name)
    __fsym_list_mempool_desc                 0x080134b5   Data          27  cmd.o(.rodata.name)
    __fsym_list_timer_name                   0x080134d0   Data          11  cmd.o(.rodata.name)
    __fsym_list_timer_desc                   0x080134db   Data          21  cmd.o(.rodata.name)
    __fsym_list_device_name                  0x080134f0   Data          12  cmd.o(.rodata.name)
    __fsym_list_device_desc                  0x080134fc   Data          22  cmd.o(.rodata.name)
    __fsym_list_name                         0x08013512   Data           5  cmd.o(.rodata.name)
    __fsym_list_desc                         0x08013517   Data          26  cmd.o(.rodata.name)
    __vsym_dummy_name                        0x08013531   Data           6  cmd.o(.rodata.name)
    __vsym_dummy_desc                        0x08013537   Data          25  cmd.o(.rodata.name)
    __fsym_ls_name                           0x08013550   Data           3  dfs_file.o(.rodata.name)
    __fsym_ls_desc                           0x08013553   Data          24  dfs_file.o(.rodata.name)
    __fsym_rm_name                           0x0801356b   Data           3  dfs_file.o(.rodata.name)
    __fsym_rm_desc                           0x0801356e   Data          28  dfs_file.o(.rodata.name)
    __fsym_cat_name                          0x0801358a   Data           4  dfs_file.o(.rodata.name)
    __fsym_cat_desc                          0x0801358e   Data          11  dfs_file.o(.rodata.name)
    __fsym_copy_name                         0x08013599   Data           5  dfs_file.o(.rodata.name)
    __fsym_copy_desc                         0x0801359e   Data          17  dfs_file.o(.rodata.name)
    __fsym_mkfs_name                         0x080135af   Data           5  dfs_fs.o(.rodata.name)
    __fsym_mkfs_desc                         0x080135b4   Data          19  dfs_fs.o(.rodata.name)
    __fsym_df_name                           0x080135c7   Data           3  dfs_fs.o(.rodata.name)
    __fsym_df_desc                           0x080135ca   Data          14  dfs_fs.o(.rodata.name)
    __fsym_mkdir_name                        0x080135d8   Data           6  dfs_posix.o(.rodata.name)
    __fsym_mkdir_desc                        0x080135de   Data          19  dfs_posix.o(.rodata.name)
    __fsym_cd_name                           0x080135f1   Data           3  dfs_posix.o(.rodata.name)
    __fsym_cd_desc                           0x080135f4   Data          33  dfs_posix.o(.rodata.name)
    __fsym_list_mem_name                     0x08013615   Data           9  mem.o(.rodata.name)
    __fsym_list_mem_desc                     0x0801361e   Data          30  mem.o(.rodata.name)
    __fsym_set_date_name                     0x0801363c   Data           9  rtc.o(.rodata.name)
    __fsym_set_date_desc                     0x08013645   Data          35  rtc.o(.rodata.name)
    __fsym_set_time_name                     0x08013668   Data           9  rtc.o(.rodata.name)
    __fsym_set_time_desc                     0x08013671   Data          34  rtc.o(.rodata.name)
    __fsym_list_date_name                    0x08013693   Data          10  rtc.o(.rodata.name)
    __fsym_list_date_desc                    0x0801369d   Data          20  rtc.o(.rodata.name)
    FSymTab$$Base                            0x080136b4   Number         0  cmd.o(FSymTab)
    __fsym_hello                             0x080136b4   Data          12  cmd.o(FSymTab)
    __fsym_version                           0x080136c0   Data          12  cmd.o(FSymTab)
    __fsym_list_thread                       0x080136cc   Data          12  cmd.o(FSymTab)
    __fsym_list_sem                          0x080136d8   Data          12  cmd.o(FSymTab)
    __fsym_list_event                        0x080136e4   Data          12  cmd.o(FSymTab)
    __fsym_list_mutex                        0x080136f0   Data          12  cmd.o(FSymTab)
    __fsym_list_mailbox                      0x080136fc   Data          12  cmd.o(FSymTab)
    __fsym_list_msgqueue                     0x08013708   Data          12  cmd.o(FSymTab)
    __fsym_list_memheap                      0x08013714   Data          12  cmd.o(FSymTab)
    __fsym_list_mempool                      0x08013720   Data          12  cmd.o(FSymTab)
    __fsym_list_timer                        0x0801372c   Data          12  cmd.o(FSymTab)
    __fsym_list_device                       0x08013738   Data          12  cmd.o(FSymTab)
    __fsym_list                              0x08013744   Data          12  cmd.o(FSymTab)
    __fsym_ls                                0x08013750   Data          12  dfs_file.o(FSymTab)
    __fsym_rm                                0x0801375c   Data          12  dfs_file.o(FSymTab)
    __fsym_cat                               0x08013768   Data          12  dfs_file.o(FSymTab)
    __fsym_copy                              0x08013774   Data          12  dfs_file.o(FSymTab)
    __fsym_mkfs                              0x08013780   Data          12  dfs_fs.o(FSymTab)
    __fsym_df                                0x0801378c   Data          12  dfs_fs.o(FSymTab)
    __fsym_mkdir                             0x08013798   Data          12  dfs_posix.o(FSymTab)
    __fsym_cd                                0x080137a4   Data          12  dfs_posix.o(FSymTab)
    __fsym_list_mem                          0x080137b0   Data          12  mem.o(FSymTab)
    __fsym_set_date                          0x080137bc   Data          12  rtc.o(FSymTab)
    __fsym_set_time                          0x080137c8   Data          12  rtc.o(FSymTab)
    __fsym_list_date                         0x080137d4   Data          12  rtc.o(FSymTab)
    FSymTab$$Limit                           0x080137e0   Number         0  rtc.o(FSymTab)
    Region$$Table$$Base                      0x080137e0   Number         0  anon$$obj.o(Region$$Table)
    Region$$Table$$Limit                     0x08013800   Number         0  anon$$obj.o(Region$$Table)
    VSymTab$$Base                            0x08013800   Number         0  cmd.o(VSymTab)
    __vsym_dummy                             0x08013800   Data          16  cmd.o(VSymTab)
    VSymTab$$Limit                           0x08013810   Number         0  cmd.o(VSymTab)
    finsh_compile_sp                         0x20000004   Data           4  finsh_compiler.o(.data)
    finsh_compile_pc                         0x20000008   Data           4  finsh_compiler.o(.data)
    global_errno                             0x2000000c   Data           1  finsh_error.o(.data)
    global_sysvar_list                       0x20000054   Data           4  finsh_var.o(.data)
    finsh_sp                                 0x20000058   Data           4  finsh_vm.o(.data)
    finsh_pc                                 0x2000005c   Data           4  finsh_vm.o(.data)
    global_syscall_list                      0x20000060   Data           4  finsh_vm.o(.data)
    shell                                    0x20000064   Data           4  shell.o(.data)
    _syscall_table_begin                     0x20000068   Data           4  symbol.o(.data)
    _syscall_table_end                       0x2000006c   Data           4  symbol.o(.data)
    _sysvar_table_begin                      0x20000070   Data           4  symbol.o(.data)
    _sysvar_table_end                        0x20000074   Data           4  symbol.o(.data)
    working_directory                        0x20000078   Data         256  dfs.o(.data)
    rt_interrupt_nest                        0x20000194   Data           1  irq.o(.data)
    rt_assert_hook                           0x200001a0   Data           4  kservice.o(.data)
    rt_object_container                      0x200001cc   Data         160  object.o(.data)
    rt_object_trytake_hook                   0x20000274   Data           4  object.o(.data)
    rt_object_take_hook                      0x20000278   Data           4  object.o(.data)
    rt_object_put_hook                       0x2000027c   Data           4  object.o(.data)
    rt_current_thread                        0x20000284   Data           4  scheduler.o(.data)
    rt_current_priority                      0x20000288   Data           1  scheduler.o(.data)
    rt_thread_ready_priority_group           0x2000028c   Data           4  scheduler.o(.data)
    rt_thread_defunct                        0x20000290   Data           8  scheduler.o(.data)
    AsynchPrediv                             0x200002b8   Data           4  rtc.o(.data)
    SynchPrediv                              0x200002bc   Data           4  rtc.o(.data)
    RTC_TimeStructure                        0x200002c0   Data           4  rtc.o(.data)
    RTC_DateStructure                        0x200002c4   Data           4  rtc.o(.data)
    uart1                                    0x200002f8   Data          12  usart.o(.data)
    SystemCoreClock                          0x20000304   Data           4  system_stm32f2xx.o(.data)
    AHBPrescTable                            0x20000308   Data          16  system_stm32f2xx.o(.data)
    rt_interrupt_from_thread                 0x20000318   Data           4  cpuport.o(.data)
    rt_interrupt_to_thread                   0x2000031c   Data           4  cpuport.o(.data)
    rt_thread_switch_interrupt_flag          0x20000320   Data           4  cpuport.o(.data)
    finsh_heap                               0x2000033c   Data         128  finsh_heap.o(.bss)
    global_node_table                        0x200003bc   Data         320  finsh_node.o(.bss)
    global_variable                          0x200004fc   Data         192  finsh_var.o(.bss)
    finsh_vm_stack                           0x200005bc   Data         256  finsh_vm.o(.bss)
    text_segment                             0x200006bc   Data         128  finsh_vm.o(.bss)
    filesystem_operation_table               0x20001838   Data          16  dfs.o(.bss)
    filesystem_table                         0x20001848   Data          32  dfs.o(.bss)
    fd_table                                 0x20001888   Data         128  dfs.o(.bss)
    rt_thread_priority_table                 0x20001c40   Data         256  scheduler.o(.bss)
    RTC_InitStructure                        0x20001d40   Data          12  rtc.o(.bss)
    RTC_AlarmStructure                       0x20001d4c   Data          16  rtc.o(.bss)
    uart1_int_rx                             0x20001d98   Data          72  usart.o(.bss)
    uart1_device                             0x20001de0   Data          60  usart.o(.bss)
    Image$$RW_IRAM1$$ZI$$Limit               0x20002e68   Number         0  anon$$obj.o ABSOLUTE
    __initial_sp                             0x20002e68   Data           0  startup_stm32f2xx.o(STACK)



==============================================================================

Memory Map of the image

  Image Entry point : 0x08000185

  Load Region LR_IROM1 (Base: 0x08000000, Size: 0x00013b4c, Max: 0x00040000, ABSOLUTE, COMPRESSED[0x000138ec])

    Execution Region ER_IROM1 (Base: 0x08000000, Size: 0x00013810, Max: 0x00040000, ABSOLUTE)

    Base Addr    Size         Type   Attr      Idx    E Section Name        Object

    0x08000000   0x00000184   Data   RO         1024    RESET               startup_stm32f2xx.o
    0x08000184   0x00000000   Code   RO         1859  * .ARM.Collect$$$$00000000  mc_w.l(entry.o)
    0x08000184   0x00000004   Code   RO         1893    .ARM.Collect$$$$00000001  mc_w.l(entry2.o)
    0x08000188   0x00000004   Code   RO         1896    .ARM.Collect$$$$00000004  mc_w.l(entry5.o)
    0x0800018c   0x00000000   Code   RO         1898    .ARM.Collect$$$$00000008  mc_w.l(entry7b.o)
    0x0800018c   0x00000000   Code   RO         1900    .ARM.Collect$$$$0000000A  mc_w.l(entry8b.o)
    0x0800018c   0x00000008   Code   RO         1901    .ARM.Collect$$$$0000000B  mc_w.l(entry9a.o)
    0x08000194   0x00000000   Code   RO         1903    .ARM.Collect$$$$0000000D  mc_w.l(entry10a.o)
    0x08000194   0x00000000   Code   RO         1905    .ARM.Collect$$$$0000000F  mc_w.l(entry11a.o)
    0x08000194   0x00000004   Code   RO         1894    .ARM.Collect$$$$00002712  mc_w.l(entry2.o)
    0x08000198   0x000000ac   Code   RO            4    .text               application.o
    0x08000244   0x00000060   Code   RO          177    .text               startup.o
    0x080002a4   0x00000e74   Code   RO          205    .text               cmd.o
    0x08001118   0x00001818   Code   RO          243    .text               finsh_compiler.o
    0x08002930   0x0000002c   Code   RO          280    .text               finsh_error.o
    0x0800295c   0x00000210   Code   RO          296    .text               finsh_heap.o
    0x08002b6c   0x00000058   Code   RO          312    .text               finsh_init.o
    0x08002bc4   0x00000184   Code   RO          330    .text               finsh_node.o
    0x08002d48   0x00000ad8   Code   RO          345    .text               finsh_ops.o
    0x08003820   0x0000097c   Code   RO          363    .text               finsh_parser.o
    0x0800419c   0x00000680   Code   RO          378    .text               finsh_token.o
    0x0800481c   0x0000019c   Code   RO          393    .text               finsh_var.o
    0x080049b8   0x000000e4   Code   RO          416    .text               finsh_vm.o
    0x08004a9c   0x00000a1c   Code   RO          443    .text               shell.o
    0x080054b8   0x00000378   Code   RO          491    .text               dfs.o
    0x08005830   0x000009b8   Code   RO          523    .text               dfs_file.o
    0x080061e8   0x000005f0   Code   RO          543    .text               dfs_fs.o
    0x080067d8   0x0000065c   Code   RO          566    .text               dfs_posix.o
    0x08006e34   0x000009b8   Code   RO          582    .text               dfs_elm.o
    0x080077ec   0x00003174   Code   RO          615    .text               ff.o
    0x0800a960   0x000000b4   Code   RO          633    .text               cc936.o
    0x0800aa14   0x00000064   Code   RO          655    .text               clock.o
    0x0800aa78   0x00000324   Code   RO          669    .text               device.o
    0x0800ad9c   0x0000013c   Code   RO          683    .text               idle.o
    0x0800aed8   0x00001654   Code   RO          703    .text               ipc.o
    0x0800c52c   0x0000007c   Code   RO          720    .text               irq.o
    0x0800c5a8   0x00000aac   Code   RO          735    .text               kservice.o
    0x0800d054   0x00000874   Code   RO          755    .text               mem.o
    0x0800d8c8   0x00000404   Code   RO          775    .text               mempool.o
    0x0800dccc   0x000002dc   Code   RO          793    .text               object.o
    0x0800dfa8   0x000002e8   Code   RO          812    .text               scheduler.o
    0x0800e290   0x000005f0   Code   RO          833    .text               thread.o
    0x0800e880   0x0000045c   Code   RO          852    .text               timer.o
    0x0800ecdc   0x000000a0   Code   RO          874    .text               board.o
    0x0800ed7c   0x000003cc   Code   RO          902    .text               rtc.o
    0x0800f148   0x00000580   Code   RO          942    .text               serial.o
    0x0800f6c8   0x00000012   Code   RO          970    .text               stm32f2xx_it.o
    0x0800f6da   0x00000002   PAD
    0x0800f6dc   0x00000100   Code   RO          994    .text               usart.o
    0x0800f7dc   0x00000024   Code   RO         1025    .text               startup_stm32f2xx.o
    0x0800f800   0x00000290   Code   RO         1032    .text               system_stm32f2xx.o
    0x0800fa90   0x000000ec   Code   RO         1059    .text               context_rvds.o
    0x0800fb7c   0x000005d4   Code   RO         1063    .text               cpuport.o
    0x08010150   0x000000e0   Code   RO         1116    .text               misc.o
    0x08010230   0x000003a8   Code   RO         1380    .text               stm32f2xx_dma.o
    0x080105d8   0x0000025c   Code   RO         1476    .text               stm32f2xx_gpio.o
    0x08010834   0x000000d8   Code   RO         1620    .text               stm32f2xx_pwr.o
    0x0801090c   0x00000588   Code   RO         1644    .text               stm32f2xx_rcc.o
    0x08010e94   0x00000b08   Code   RO         1694    .text               stm32f2xx_rtc.o
    0x0801199c   0x0000041a   Code   RO         1814    .text               stm32f2xx_usart.o
    0x08011db6   0x00000002   PAD
    0x08011db8   0x000000a8   Code   RO         1866    .text               mc_w.l(mktime.o)
    0x08011e60   0x0000000e   Code   RO         1869    .text               mc_w.l(ctime.o)
    0x08011e6e   0x00000024   Code   RO         1871    .text               mc_w.l(memcpya.o)
    0x08011e92   0x00000024   Code   RO         1873    .text               mc_w.l(memseta.o)
    0x08011eb6   0x00000018   Code   RO         1875    .text               mc_w.l(strcat.o)
    0x08011ece   0x00000018   Code   RO         1877    .text               mc_w.l(strncpy.o)
    0x08011ee6   0x0000000e   Code   RO         1879    .text               mc_w.l(strlen.o)
    0x08011ef4   0x0000001c   Code   RO         1881    .text               mc_w.l(strcmp.o)
    0x08011f10   0x00000012   Code   RO         1883    .text               mc_w.l(strcpy.o)
    0x08011f22   0x0000001e   Code   RO         1885    .text               mc_w.l(strncmp.o)
    0x08011f40   0x00000020   Code   RO         1887    .text               mc_w.l(strrchr.o)
    0x08011f60   0x0000001a   Code   RO         1891    .text               mc_w.l(atoi.o)
    0x08011f7a   0x00000002   PAD
    0x08011f7c   0x0000000c   Code   RO         1907    .text               mc_w.l(localtime_w.o)
    0x08011f88   0x0000008c   Code   RO         1910    .text               mc_w.l(localtime_i.o)
    0x08012014   0x000000bc   Code   RO         1913    .text               mc_w.l(asctime.o)
    0x080120d0   0x00000070   Code   RO         1924    .text               mc_w.l(strtol.o)
    0x08012140   0x00000024   Code   RO         1926    .text               mc_w.l(init.o)
    0x08012164   0x00000008   Code   RO         1928    .text               mc_w.l(ctype_o.o)
    0x0801216c   0x0000009e   Code   RO         1956    .text               mc_w.l(_strtoul.o)
    0x0801220a   0x0000001c   Code   RO         1958    .text               mc_w.l(_chval.o)
    0x08012226   0x00000056   Code   RO         1968    .text               mc_w.l(__dczerorl2.o)
    0x0801227c   0x00000008   Code   RO         1917    i.__aeabi_errno_addr  mc_w.l(errno.o)
    0x08012284   0x0000000e   Code   RO         1962    i.__scatterload_copy  mc_w.l(handlers.o)
    0x08012292   0x00000002   Code   RO         1963    i.__scatterload_null  mc_w.l(handlers.o)
    0x08012294   0x0000000e   Code   RO         1964    i.__scatterload_zeroinit  mc_w.l(handlers.o)
    0x080122a2   0x00000002   PAD
    0x080122a4   0x00000050   Data   RO          206    .constdata          cmd.o
    0x080122f4   0x000000c4   Data   RO          346    .constdata          finsh_ops.o
    0x080123b8   0x00000040   Data   RO          379    .constdata          finsh_token.o
    0x080123f8   0x00000060   Data   RO          445    .constdata          shell.o
    0x08012458   0x00000023   Data   RO          493    .constdata          dfs.o
    0x0801247b   0x00000033   Data   RO          544    .constdata          dfs_fs.o
    0x080124ae   0x00000002   PAD
    0x080124b0   0x000000b9   Data   RO          583    .constdata          dfs_elm.o
    0x08012569   0x00000001   PAD
    0x0801256a   0x0000002a   Data   RO          616    .constdata          ff.o
    0x08012594   0x000002ae   Data   RO          634    .constdata          cc936.o
    0x08012842   0x000000a8   Data   RO          670    .constdata          device.o
    0x080128ea   0x00000016   Data   RO          685    .constdata          idle.o
    0x08012900   0x000001d7   Data   RO          704    .constdata          ipc.o
    0x08012ad7   0x00000122   Data   RO          737    .constdata          kservice.o
    0x08012bf9   0x00000046   Data   RO          757    .constdata          mem.o
    0x08012c3f   0x0000003e   Data   RO          776    .constdata          mempool.o
    0x08012c7d   0x0000005e   Data   RO          794    .constdata          object.o
    0x08012cdb   0x0000004e   Data   RO          814    .constdata          scheduler.o
    0x08012d29   0x000000aa   Data   RO          834    .constdata          thread.o
    0x08012dd3   0x0000005c   Data   RO          853    .constdata          timer.o
    0x08012e2f   0x0000000f   Data   RO          904    .constdata          rtc.o
    0x08012e3e   0x00000085   Data   RO          943    .constdata          serial.o
    0x08012ec3   0x00000013   Data   RO         1064    .constdata          cpuport.o
    0x08012ed6   0x0000000c   Data   RO         1867    .constdata          mc_w.l(mktime.o)
    0x08012ee2   0x0000000c   Data   RO         1911    .constdata          mc_w.l(localtime_i.o)
    0x08012eee   0x00000039   Data   RO         1915    .constdata          mc_w.l(asctime.o)
    0x08012f27   0x00000081   Data   RO         1929    .constdata          mc_w.l(ctype_o.o)
    0x08012fa8   0x00000004   Data   RO         1930    .constdata          mc_w.l(ctype_o.o)
    0x08012fac   0x0000015d   Data   RO          207    .conststring        cmd.o
    0x08013109   0x00000003   PAD
    0x0801310c   0x000000f3   Data   RO          281    .conststring        finsh_error.o
    0x080131ff   0x00000001   PAD
    0x08013200   0x0000003e   Data   RO          380    .conststring        finsh_token.o
    0x0801323e   0x00000002   PAD
    0x08013240   0x00000048   Data   RO          584    .conststring        dfs_elm.o
    0x08013288   0x000000ed   Data   RO          758    .conststring        mem.o
    0x08013375   0x000001db   Data   RO          209    .rodata.name        cmd.o
    0x08013550   0x0000005f   Data   RO          525    .rodata.name        dfs_file.o
    0x080135af   0x00000029   Data   RO          545    .rodata.name        dfs_fs.o
    0x080135d8   0x0000003d   Data   RO          567    .rodata.name        dfs_posix.o
    0x08013615   0x00000027   Data   RO          760    .rodata.name        mem.o
    0x0801363c   0x00000075   Data   RO          906    .rodata.name        rtc.o
    0x080136b1   0x00000003   PAD
    0x080136b4   0x0000009c   Data   RO          210    FSymTab             cmd.o
    0x08013750   0x00000030   Data   RO          526    FSymTab             dfs_file.o
    0x08013780   0x00000018   Data   RO          546    FSymTab             dfs_fs.o
    0x08013798   0x00000018   Data   RO          568    FSymTab             dfs_posix.o
    0x080137b0   0x0000000c   Data   RO          761    FSymTab             mem.o
    0x080137bc   0x00000024   Data   RO          907    FSymTab             rtc.o
    0x080137e0   0x00000020   Data   RO         1960    Region$$Table       anon$$obj.o
    0x08013800   0x00000010   Data   RO          211    VSymTab             cmd.o


    Execution Region RW_IRAM1 (Base: 0x20000000, Size: 0x00002e68, Max: 0x00018000, ABSOLUTE, COMPRESSED[0x000000dc])

    Base Addr    Size         Type   Attr      Idx    E Section Name        Object

    0x20000000   0x00000004   Data   RW          208    .data               cmd.o
    0x20000004   0x00000008   Data   RW          244    .data               finsh_compiler.o
    0x2000000c   0x00000040   Data   RW          282    .data               finsh_error.o
    0x2000004c   0x00000008   Data   RW          298    .data               finsh_heap.o
    0x20000054   0x00000004   Data   RW          395    .data               finsh_var.o
    0x20000058   0x0000000c   Data   RW          418    .data               finsh_vm.o
    0x20000064   0x00000004   Data   RW          446    .data               shell.o
    0x20000068   0x00000010   Data   RW          478    .data               symbol.o
    0x20000078   0x00000100   Data   RW          494    .data               dfs.o
    0x20000178   0x00000004   Data   RW          585    .data               dfs_elm.o
    0x2000017c   0x00000006   Data   RW          617    .data               ff.o
    0x20000182   0x00000002   PAD
    0x20000184   0x00000004   Data   RW          656    .data               clock.o
    0x20000188   0x00000004   Data   RW          686    .data               idle.o
    0x2000018c   0x00000009   Data   RW          721    .data               irq.o
    0x20000195   0x00000003   PAD
    0x20000198   0x0000000c   Data   RW          738    .data               kservice.o
    0x200001a4   0x00000020   Data   RW          759    .data               mem.o
    0x200001c4   0x00000008   Data   RW          777    .data               mempool.o
    0x200001cc   0x000000b4   Data   RW          795    .data               object.o
    0x20000280   0x0000001c   Data   RW          815    .data               scheduler.o
    0x2000029c   0x0000000c   Data   RW          835    .data               thread.o
    0x200002a8   0x00000010   Data   RW          854    .data               timer.o
    0x200002b8   0x00000040   Data   RW          905    .data               rtc.o
    0x200002f8   0x0000000c   Data   RW          996    .data               usart.o
    0x20000304   0x00000014   Data   RW         1033    .data               system_stm32f2xx.o
    0x20000318   0x00000010   Data   RW         1065    .data               cpuport.o
    0x20000328   0x00000010   Data   RW         1645    .data               stm32f2xx_rcc.o
    0x20000338   0x00000004   Data   RW         1920    .data               mc_w.l(errno.o)
    0x2000033c   0x00000080   Zero   RW          297    .bss                finsh_heap.o
    0x200003bc   0x00000140   Zero   RW          331    .bss                finsh_node.o
    0x200004fc   0x000000c0   Zero   RW          394    .bss                finsh_var.o
    0x200005bc   0x00000180   Zero   RW          417    .bss                finsh_vm.o
    0x2000073c   0x000010f9   Zero   RW          444    .bss                shell.o
    0x20001835   0x00000003   PAD
    0x20001838   0x000000d0   Zero   RW          492    .bss                dfs.o
    0x20001908   0x00000124   Zero   RW          524    .bss                dfs_file.o
    0x20001a2c   0x00000178   Zero   RW          684    .bss                idle.o
    0x20001ba4   0x00000080   Zero   RW          736    .bss                kservice.o
    0x20001c24   0x0000001c   Zero   RW          756    .bss                mem.o
    0x20001c40   0x00000100   Zero   RW          813    .bss                scheduler.o
    0x20001d40   0x00000058   Zero   RW          903    .bss                rtc.o
    0x20001d98   0x00000084   Zero   RW          995    .bss                usart.o
    0x20001e1c   0x0000002c   Zero   RW         1908    .bss                mc_w.l(localtime_w.o)
    0x20001e48   0x0000001a   Zero   RW         1914    .bss                mc_w.l(asctime.o)
    0x20001e62   0x00000006   PAD
    0x20001e68   0x00001000   Zero   RW         1022    STACK               startup_stm32f2xx.o


==============================================================================

Image component sizes


      Code (inc. data)   RO Data    RW Data    ZI Data      Debug   Object Name

       172         86          0          0          0     275715   application.o
       160         16          0          0          0      24955   board.o
       180         20        686          0          0       2145   cc936.o
       100          6          0          4          0       1472   clock.o
      3700       1440       1076          4          0      18117   cmd.o
       236         24          0          0          0        788   context_rvds.o
      1492        718         19         16          0       3955   cpuport.o
       804        132        168          0          0       4925   device.o
       888         88         35        256        208       9159   dfs.o
      2488        230        257          4          0      17365   dfs_elm.o
      2488        362        143          0        292       9199   dfs_file.o
      1520        264        116          0          0       5928   dfs_fs.o
      1628         14         85          0          0       8881   dfs_posix.o
     12660        150         42          6          0      34477   ff.o
      6168        154          0          8          0      11110   finsh_compiler.o
        44         10        243         64          0       1733   finsh_error.o
       528         18          0          8        128       3507   finsh_heap.o
        88          6          0          0          0       1660   finsh_init.o
       388          4          0          0        320       3428   finsh_node.o
      2776         36        196          0          0       8820   finsh_ops.o
      2428         32          0          0          0       9865   finsh_parser.o
      1664         16        126          0          0       6336   finsh_token.o
       412         18          0          4        192       7581   finsh_var.o
       228         34          0         12        384       7234   finsh_vm.o
       316         74         22          4        376       3445   idle.o
      5716        422        471          0          0      20391   ipc.o
       124         14          0          9          0       1900   irq.o
      2732        230        290         12        128      12276   kservice.o
      2164        560        358         32         28       5463   mem.o
      1028        110         62          8          0       5534   mempool.o
       224         20          0          0          0       1937   misc.o
       732        150         94        180          0       6060   object.o
       972        172        168         64         88       5956   rtc.o
       744        150         78         28        256       5033   scheduler.o
      1408        264        133          0          0       5505   serial.o
      2588        290         96          4       4345       8072   shell.o
        96         16          0          0          0        672   startup.o
        36          8        388          0       4096        904   startup_stm32f2xx.o
       936         32          0          0          0       6457   stm32f2xx_dma.o
       604         36          0          0          0       4097   stm32f2xx_gpio.o
        18          0          0          0          0        929   stm32f2xx_it.o
       216         12          0          0          0       2316   stm32f2xx_pwr.o
      1416         48          0         16          0      11123   stm32f2xx_rcc.o
      2824         36          0          0          0      12181   stm32f2xx_rtc.o
      1050         26          0          0          0       7824   stm32f2xx_usart.o
         0          0          0         16          0       4393   symbol.o
       656         46          0         20          0       2139   system_stm32f2xx.o
      1520        218        170         12          0       8797   thread.o
      1116        100         92         16          0       7179   timer.o
       256         24          0         12        132       1419   usart.o

    ----------------------------------------------------------------------
     72736       6936       5658        824      10976     630357   Object Totals
         0          0         32          0          0          0   (incl. Generated)
         4          0         12          5          3          0   (incl. Padding)

    ----------------------------------------------------------------------

      Code (inc. data)   RO Data    RW Data    ZI Data      Debug   Library Member Name

        86          0          0          0          0          0   __dczerorl2.o
        28          0          0          0          0         68   _chval.o
       158          0          0          0          0         92   _strtoul.o
       188         16         57          0         26         88   asctime.o
        26          0          0          0          0         80   atoi.o
        14          0          0          0          0         80   ctime.o
         8          4        133          0          0         68   ctype_o.o
         0          0          0          0          0          0   entry.o
         0          0          0          0          0          0   entry10a.o
         0          0          0          0          0          0   entry11a.o
         8          4          0          0          0          0   entry2.o
         4          0          0          0          0          0   entry5.o
         0          0          0          0          0          0   entry7b.o
         0          0          0          0          0          0   entry8b.o
         8          4          0          0          0          0   entry9a.o
         8          4          0          4          0         68   errno.o
        30          0          0          0          0          0   handlers.o
        36          8          0          0          0         68   init.o
       140          6         12          0          0         76   localtime_i.o
        12          6          0          0         44         68   localtime_w.o
        36          0          0          0          0         68   memcpya.o
        36          0          0          0          0        108   memseta.o
       168         18         12          0          0         80   mktime.o
        24          0          0          0          0         68   strcat.o
        28          0          0          0          0         76   strcmp.o
        18          0          0          0          0         68   strcpy.o
        14          0          0          0          0         68   strlen.o
        30          0          0          0          0         80   strncmp.o
        24          0          0          0          0         76   strncpy.o
        32          0          0          0          0         68   strrchr.o
       112          0          0          0          0         88   strtol.o

    ----------------------------------------------------------------------
      1280         70        214          4         76       1604   Library Totals
         4          0          0          0          6          0   (incl. Padding)

    ----------------------------------------------------------------------

      Code (inc. data)   RO Data    RW Data    ZI Data      Debug   Library Name

      1276         70        214          4         70       1604   mc_w.l

    ----------------------------------------------------------------------
      1280         70        214          4         76       1604   Library Totals

    ----------------------------------------------------------------------

==============================================================================


      Code (inc. data)   RO Data    RW Data    ZI Data      Debug   

     74016       7006       5872        828      11052     626733   Grand Totals
     74016       7006       5872        220      11052     626733   ELF Image Totals (compressed)
     74016       7006       5872        220          0          0   ROM Totals

==============================================================================

    Total RO  Size (Code + RO Data)                79888 (  78.02kB)
    Total RW  Size (RW Data + ZI Data)             11880 (  11.60kB)
    Total ROM Size (Code + RO Data + RW Data)      80108 (  78.23kB)

==============================================================================

