Component: ARM Compiler 5.06 update 3 (build 300) Tool: armlink [4d35c9]

==============================================================================

Section Cross References

    application.o(.text) refers to thread.o(.text) for rt_thread_create
    startup.o(.text) refers to board.o(.text) for rt_hw_board_init
    startup.o(.text) refers to kservice.o(.text) for rt_show_version
    startup.o(.text) refers to clock.o(.text) for rt_system_tick_init
    startup.o(.text) refers to object.o(.text) for rt_system_object_init
    startup.o(.text) refers to timer.o(.text) for rt_system_timer_init
    startup.o(.text) refers to mem.o(.text) for rt_system_heap_init
    startup.o(.text) refers to scheduler.o(.text) for rt_system_scheduler_init
    startup.o(.text) refers to rtc.o(.text) for rt_hw_rtc_init
    startup.o(.text) refers to application.o(.text) for rt_application_init
    startup.o(.text) refers to shell.o(.text) for finsh_system_init
    startup.o(.text) refers to idle.o(.text) for rt_thread_idle_init
    startup.o(.text) refers to context_rvds.o(.text) for rt_hw_interrupt_disable
    cmd.o(.text) refers to kservice.o(.text) for rt_kprintf
    cmd.o(.text) refers to scheduler.o(.text) for rt_enter_critical
    cmd.o(.text) refers to cmd.o(.conststring) for .conststring
    cmd.o(.text) refers to object.o(.data) for rt_object_container
    cmd.o(.text) refers to clock.o(.text) for rt_tick_get
    cmd.o(.text) refers to memcpya.o(.text) for __aeabi_memcpy4
    cmd.o(.text) refers to strncmp.o(.text) for strncmp
    cmd.o(.text) refers to strlen.o(.text) for strlen
    cmd.o(.text) refers to cmd.o(.constdata) for .constdata
    cmd.o(.text) refers to symbol.o(.data) for _syscall_table_begin
    cmd.o(.text) refers to finsh_vm.o(.data) for global_syscall_list
    cmd.o(.text) refers to finsh_var.o(.data) for global_sysvar_list
    cmd.o(.constdata) refers to cmd.o(.conststring) for .conststring
    cmd.o(FSymTab) refers to cmd.o(.rodata.name) for __fsym_hello_name
    cmd.o(FSymTab) refers to cmd.o(.text) for hello
    cmd.o(VSymTab) refers to cmd.o(.rodata.name) for __vsym_dummy_name
    cmd.o(VSymTab) refers to cmd.o(.data) for dummy
    finsh_compiler.o(.text) refers to finsh_compiler.o(.data) for finsh_compile_pc
    finsh_compiler.o(.text) refers to finsh_error.o(.text) for finsh_error_set
    finsh_compiler.o(.text) refers to memseta.o(.text) for __aeabi_memclr
    finsh_compiler.o(.text) refers to finsh_vm.o(.bss) for text_segment
    finsh_error.o(.text) refers to finsh_error.o(.data) for global_errno
    finsh_error.o(.data) refers to finsh_error.o(.conststring) for .conststring
    finsh_heap.o(.text) refers to memseta.o(.text) for __aeabi_memclr4
    finsh_heap.o(.text) refers to finsh_heap.o(.bss) for finsh_heap
    finsh_heap.o(.text) refers to finsh_heap.o(.data) for free_list
    finsh_heap.o(.text) refers to finsh_var.o(.bss) for global_variable
    finsh_init.o(.text) refers to finsh_parser.o(.text) for finsh_parser_init
    finsh_init.o(.text) refers to finsh_node.o(.text) for finsh_node_init
    finsh_init.o(.text) refers to finsh_var.o(.text) for finsh_var_init
    finsh_init.o(.text) refers to finsh_error.o(.text) for finsh_error_init
    finsh_init.o(.text) refers to finsh_heap.o(.text) for finsh_heap_init
    finsh_init.o(.text) refers to finsh_vm.o(.bss) for finsh_vm_stack
    finsh_node.o(.text) refers to memseta.o(.text) for __aeabi_memclr4
    finsh_node.o(.text) refers to finsh_var.o(.text) for finsh_var_lookup
    finsh_node.o(.text) refers to finsh_vm.o(.text) for finsh_syscall_lookup
    finsh_node.o(.text) refers to finsh_error.o(.text) for finsh_error_set
    finsh_node.o(.text) refers to strlen.o(.text) for strlen
    finsh_node.o(.text) refers to finsh_heap.o(.text) for finsh_heap_allocate
    finsh_node.o(.text) refers to strncpy.o(.text) for strncpy
    finsh_node.o(.text) refers to finsh_node.o(.bss) for global_node_table
    finsh_ops.o(.text) refers to finsh_vm.o(.data) for finsh_sp
    finsh_ops.o(.constdata) refers to finsh_ops.o(.text) for OP_no_op
    finsh_parser.o(.text) refers to finsh_node.o(.text) for finsh_node_allocate
    finsh_parser.o(.text) refers to finsh_error.o(.text) for finsh_error_set
    finsh_parser.o(.text) refers to finsh_token.o(.text) for finsh_token_token
    finsh_parser.o(.text) refers to strncpy.o(.text) for strncpy
    finsh_parser.o(.text) refers to finsh_var.o(.text) for finsh_var_insert
    finsh_parser.o(.text) refers to memseta.o(.text) for __aeabi_memclr4
    finsh_token.o(.text) refers to memseta.o(.text) for __aeabi_memclr4
    finsh_token.o(.text) refers to strlen.o(.text) for strlen
    finsh_token.o(.text) refers to finsh_error.o(.text) for finsh_error_set
    finsh_token.o(.text) refers to atoi.o(.text) for atoi
    finsh_token.o(.text) refers to strcmp.o(.text) for strcmp
    finsh_token.o(.text) refers to strncpy.o(.text) for strncpy
    finsh_token.o(.text) refers to finsh_token.o(.constdata) for finsh_name_table
[...]
    .bss                                     0x20000ea0   Section      384  idle.o(.bss)
    idle                                     0x20000ea0   Data         128  idle.o(.bss)
    rt_thread_stack                          0x20000f20   Data         256  idle.o(.bss)
    .bss                                     0x20001020   Section      128  kservice.o(.bss)
    rt_log_buf                               0x20001020   Data         128  kservice.o(.bss)
    .bss                                     0x200010a0   Section       32  mem.o(.bss)
    heap_sem                                 0x200010a0   Data          32  mem.o(.bss)
    .bss                                     0x200010c0   Section      256  scheduler.o(.bss)
    .bss                                     0x200011c0   Section       92  rtc.o(.bss)
    rtc                                      0x200011dc   Data          64  rtc.o(.bss)
    .bss                                     0x2000121c   Section      136  usart.o(.bss)
    .bss                                     0x200012a4   Section       44  localtime_w.o(.bss)
    _tms                                     0x200012a4   Data          44  localtime_w.o(.bss)
    .bss                                     0x200012d0   Section       26  asctime.o(.bss)
    result                                   0x200012d0   Data          26  asctime.o(.bss)
    STACK                                    0x200012f0   Section     4096  startup_stm32f2xx.o(STACK)

    Global Symbols

    Symbol Name                              Value     Ov Type        Size  Object(Section)

    BuildAttributes$$THM_ISAv4$P$D$K$B$S$PE$A:L22UL41UL21$X:L11$S22US41US21$IEEE1$IW$USESV6$~STKCKD$USESV7$~SHL$OSPACE$EBA8$MICROLIB$REQ8$PRES8$EABIv2 0x00000000   Number         0  anon$$obj.o ABSOLUTE
    __ARM_use_no_argv                        0x00000000   Number         0  startup.o ABSOLUTE
    __cpp_initialize__aeabi_                  - Undefined Weak Reference
    __cxa_finalize                            - Undefined Weak Reference
    _clock_init                               - Undefined Weak Reference
    _microlib_exit                            - Undefined Weak Reference
    __Vectors_Size                           0x00000184   Number         0  startup_stm32f2xx.o ABSOLUTE
    __Vectors                                0x08000000   Data           4  startup_stm32f2xx.o(RESET)
    __Vectors_End                            0x08000184   Data           0  startup_stm32f2xx.o(RESET)
    __main                                   0x08000185   Thumb Code     0  entry.o(.ARM.Collect$$$$00000000)
    _main_stk                                0x08000185   Thumb Code     0  entry2.o(.ARM.Collect$$$$00000001)
    _main_scatterload                        0x08000189   Thumb Code     0  entry5.o(.ARM.Collect$$$$00000004)
    __main_after_scatterload                 0x0800018d   Thumb Code     0  entry5.o(.ARM.Collect$$$$00000004)
    _main_clock                              0x0800018d   Thumb Code     0  entry7b.o(.ARM.Collect$$$$00000008)
    _main_cpp_init                           0x0800018d   Thumb Code     0  entry8b.o(.ARM.Collect$$$$0000000A)
    _main_init                               0x0800018d   Thumb Code     0  entry9a.o(.ARM.Collect$$$$0000000B)
    __rt_final_cpp                           0x08000195   Thumb Code     0  entry10a.o(.ARM.Collect$$$$0000000D)
    __rt_final_exit                          0x08000195   Thumb Code     0  entry11a.o(.ARM.Collect$$$$0000000F)
    rt_init_thread_entry                     0x08000199   Thumb Code     2  application.o(.text)
    rt_application_init                      0x0800019b   Thumb Code    40  application.o(.text)
    rtthread_startup                         0x080001cd   Thumb Code    66  startup.o(.text)
    main                                     0x0800020f   Thumb Code    14  startup.o(.text)
    hello                                    0x08000241   Thumb Code    12  cmd.o(.text)
    version                                  0x0800024d   Thumb Code    10  cmd.o(.text)
    list_thread                              0x08000355   Thumb Code    10  cmd.o(.text)
    list_sem                                 0x08000417   Thumb Code    12  cmd.o(.text)
    list_event                               0x080004a1   Thumb Code    12  cmd.o(.text)
    list_mutex                               0x08000509   Thumb Code    12  cmd.o(.text)
    list_mailbox                             0x080005b9   Thumb Code    12  cmd.o(.text)
    list_msgqueue                            0x0800092f   Thumb Code    10  cmd.o(.text)
    list_mempool                             0x080009bf   Thumb Code    12  cmd.o(.text)
    list_timer                               0x08000a3b   Thumb Code    12  cmd.o(.text)
    list_device                              0x08000ac3   Thumb Code    12  cmd.o(.text)
    list                                     0x08000acf   Thumb Code   126  cmd.o(.text)
    list_prefix                              0x08000b8f   Thumb Code  1014  cmd.o(.text)
    finsh_compiler_run                       0x08002767   Thumb Code    88  finsh_compiler.o(.text)
    finsh_error_init                         0x080027d1   Thumb Code     8  finsh_error.o(.text)
    finsh_error_set                          0x080027d9   Thumb Code    10  finsh_error.o(.text)
    finsh_errno                              0x080027e3   Thumb Code     6  finsh_error.o(.text)
    finsh_error_string                       0x080027e9   Thumb Code    10  finsh_error.o(.text)
    finsh_heap_init                          0x080027fd   Thumb Code    36  finsh_heap.o(.text)
    finsh_heap_free                          0x08002921   Thumb Code    34  finsh_heap.o(.text)
    finsh_heap_allocate                      0x08002991   Thumb Code   106  finsh_heap.o(.text)
    finsh_init                               0x08002a0d   Thumb Code    30  finsh_init.o(.text)
    finsh_stack_bottom                       0x08002a2b   Thumb Code     6  finsh_init.o(.text)
    finsh_flush                              0x08002a31   Thumb Code    22  finsh_init.o(.text)
    finsh_reset                              0x08002a47   Thumb Code    24  finsh_init.o(.text)
    finsh_node_init                          0x08002a65   Thumb Code    16  finsh_node.o(.text)
    finsh_node_allocate                      0x08002a75   Thumb Code    56  finsh_node.o(.text)
    finsh_node_new_id                        0x08002aad   Thumb Code   118  finsh_node.o(.text)
    finsh_node_new_char                      0x08002b23   Thumb Code    30  finsh_node.o(.text)
    finsh_node_new_int                       0x08002b41   Thumb Code    30  finsh_node.o(.text)
    finsh_node_new_long                      0x08002b5f   Thumb Code    30  finsh_node.o(.text)
    finsh_node_new_string                    0x08002b7d   Thumb Code    74  finsh_node.o(.text)
    finsh_node_new_ptr                       0x08002bc7   Thumb Code    30  finsh_node.o(.text)
    OP_no_op                                 0x08002be9   Thumb Code     2  finsh_ops.o(.text)
    OP_add_byte                              0x08002beb   Thumb Code    42  finsh_ops.o(.text)
    OP_add_word                              0x08002c15   Thumb Code    44  finsh_ops.o(.text)
    OP_add_dword                             0x08002c41   Thumb Code    42  finsh_ops.o(.text)
    OP_sub_byte                              0x08002c6b   Thumb Code    42  finsh_ops.o(.text)
    OP_sub_word                              0x08002c95   Thumb Code    44  finsh_ops.o(.text)
    OP_sub_dword                             0x08002cc1   Thumb Code    42  finsh_ops.o(.text)
    OP_div_byte                              0x08002ceb   Thumb Code    44  finsh_ops.o(.text)
    OP_div_word                              0x08002d17   Thumb Code    46  finsh_ops.o(.text)
    OP_div_dword                             0x08002d45   Thumb Code    44  finsh_ops.o(.text)
    OP_mod_byte                              0x08002d71   Thumb Code    48  finsh_ops.o(.text)
    OP_mod_word                              0x08002da1   Thumb Code    48  finsh_ops.o(.text)
    OP_mod_dword                             0x08002dd1   Thumb Code    48  finsh_ops.o(.text)
    OP_mul_byte                              0x08002e01   Thumb Code    42  finsh_ops.o(.text)
    OP_mul_word                              0x08002e2b   Thumb Code    44  finsh_ops.o(.text)
    OP_mul_dword                             0x08002e57   Thumb Code    42  finsh_ops.o(.text)
    OP_and_byte                              0x08002e81   Thumb Code    42  finsh_ops.o(.text)
    OP_and_word                              0x08002eab   Thumb Code    42  finsh_ops.o(.text)
    OP_and_dword                             0x08002ed5   Thumb Code    42  finsh_ops.o(.text)
    OP_or_byte                               0x08002eff   Thumb Code    42  finsh_ops.o(.text)
    OP_or_word                               0x08002f29   Thumb Code    42  finsh_ops.o(.text)
    OP_or_dword                              0x08002f53   Thumb Code    42  finsh_ops.o(.text)
    OP_xor_byte                              0x08002f7d   Thumb Code    42  finsh_ops.o(.text)
    OP_xor_word                              0x08002fa7   Thumb Code    46  finsh_ops.o(.text)
    OP_xor_dword                             0x08002fd5   Thumb Code    42  finsh_ops.o(.text)
    OP_bw_byte                               0x08002fff   Thumb Code    20  finsh_ops.o(.text)
    OP_bw_word                               0x08003013   Thumb Code    20  finsh_ops.o(.text)
    OP_bw_dword                              0x08003027   Thumb Code    20  finsh_ops.o(.text)
    OP_shl_byte                              0x0800303b   Thumb Code    42  finsh_ops.o(.text)
    OP_shl_word                              0x08003065   Thumb Code    44  finsh_ops.o(.text)
    OP_shl_dword                             0x08003091   Thumb Code    42  finsh_ops.o(.text)
    OP_shr_byte                              0x080030bb   Thumb Code    42  finsh_ops.o(.text)
    OP_shr_word                              0x080030e5   Thumb Code    42  finsh_ops.o(.text)
    OP_shr_dword                             0x0800310f   Thumb Code    42  finsh_ops.o(.text)
    OP_ld_byte                               0x08003139   Thumb Code    34  finsh_ops.o(.text)
    OP_ld_word                               0x0800315b   Thumb Code    46  finsh_ops.o(.text)
    OP_ld_dword                              0x08003189   Thumb Code    64  finsh_ops.o(.text)
    OP_ld_value_byte                         0x080031c9   Thumb Code    66  finsh_ops.o(.text)
    OP_ld_value_byte_stack                   0x0800320b   Thumb Code    20  finsh_ops.o(.text)
    OP_ld_value_word                         0x0800321f   Thumb Code    66  finsh_ops.o(.text)
    OP_ld_value_word_stack                   0x08003261   Thumb Code    20  finsh_ops.o(.text)
    OP_ld_value_dword                        0x08003275   Thumb Code    66  finsh_ops.o(.text)
    OP_ld_value_dword_stack                  0x080032b7   Thumb Code    20  finsh_ops.o(.text)
    OP_st_byte                               0x080032cb   Thumb Code    30  finsh_ops.o(.text)
    OP_st_word                               0x080032e9   Thumb Code    30  finsh_ops.o(.text)
    OP_st_dword                              0x08003307   Thumb Code    30  finsh_ops.o(.text)
    OP_pop                                   0x08003325   Thumb Code    12  finsh_ops.o(.text)
    OP_call                                  0x08003331   Thumb Code   906  finsh_ops.o(.text)
    finsh_parser_run                         0x08003f51   Thumb Code   220  finsh_parser.o(.text)
    finsh_parser_init                        0x0800402d   Thumb Code    16  finsh_parser.o(.text)
    finsh_token_init                         0x0800403d   Thumb Code    20  finsh_token.o(.text)
    token_get_string                         0x08004455   Thumb Code   120  finsh_token.o(.text)
    finsh_token_token                        0x0800468d   Thumb Code    24  finsh_token.o(.text)
    finsh_token_get_token                    0x080046a5   Thumb Code    20  finsh_token.o(.text)
    finsh_var_init                           0x080046bd   Thumb Code    14  finsh_var.o(.text)
    finsh_var_insert                         0x080046cb   Thumb Code   114  finsh_var.o(.text)
    finsh_var_delete                         0x0800473d   Thumb Code    68  finsh_var.o(.text)
    finsh_var_lookup                         0x08004781   Thumb Code    58  finsh_var.o(.text)
    finsh_sysvar_append                      0x080047bb   Thumb Code    62  finsh_var.o(.text)
    finsh_sysvar_lookup                      0x080047f9   Thumb Code    78  finsh_var.o(.text)
    finsh_vm_run                             0x08004859   Thumb Code    62  finsh_vm.o(.text)
    finsh_syscall_append                     0x08004897   Thumb Code    54  finsh_vm.o(.text)
    finsh_syscall_lookup                     0x080048cd   Thumb Code    78  finsh_vm.o(.text)
    finsh_set_device                         0x0800495f   Thumb Code   156  shell.o(.text)
    finsh_get_device                         0x080049fb   Thumb Code    28  shell.o(.text)
    finsh_set_echo                           0x08004a17   Thumb Code    30  shell.o(.text)
    finsh_get_echo                           0x08004a35   Thumb Code    32  shell.o(.text)
    finsh_run_line                           0x08004a71   Thumb Code   164  shell.o(.text)
    finsh_thread_entry                       0x08004bd1   Thumb Code  1646  shell.o(.text)
    finsh_system_function_init               0x0800523f   Thumb Code    10  shell.o(.text)
    finsh_system_var_init                    0x08005249   Thumb Code    10  shell.o(.text)
    finsh_system_init                        0x08005253   Thumb Code   122  shell.o(.text)
    rt_system_tick_init                      0x08005321   Thumb Code     2  clock.o(.text)
    rt_tick_get                              0x08005323   Thumb Code     6  clock.o(.text)
    rt_tick_set                              0x08005329   Thumb Code    22  clock.o(.text)
    rt_tick_increase                         0x0800533f   Thumb Code    42  clock.o(.text)
    rt_tick_from_millisecond                 0x08005369   Thumb Code    22  clock.o(.text)
    rt_device_find                           0x08005385   Thumb Code    76  device.o(.text)
    rt_device_register                       0x080053d1   Thumb Code    52  device.o(.text)
    rt_device_unregister                     0x08005405   Thumb Code    26  device.o(.text)
    rt_device_init_all                       0x0800541f   Thumb Code     4  device.o(.text)
    rt_device_init                           0x08005423   Thumb Code    64  device.o(.text)
    rt_device_open                           0x08005463   Thumb Code   136  device.o(.text)
    rt_device_close                          0x080054eb   Thumb Code    68  device.o(.text)
    rt_device_read                           0x0800552f   Thumb Code    76  device.o(.text)
    rt_device_write                          0x0800557b   Thumb Code    76  device.o(.text)
    rt_device_control                        0x080055c7   Thumb Code    42  device.o(.text)
    rt_device_set_rx_indicate                0x080055f1   Thumb Code    26  device.o(.text)
    rt_device_set_tx_complete                0x0800560b   Thumb Code    26  device.o(.text)
    rt_thread_idle_sethook                   0x080056a9   Thumb Code     6  idle.o(.text)
    rt_thread_idle_excute                    0x080056af   Thumb Code   154  idle.o(.text)
    rt_thread_idle_init                      0x08005761   Thumb Code    38  idle.o(.text)
    rt_thread_idle_gethandler                0x08005787   Thumb Code     4  idle.o(.text)
    rt_sem_init                              0x08005891   Thumb Code    50  ipc.o(.text)
    rt_sem_detach                            0x080058c3   Thumb Code    34  ipc.o(.text)
    rt_sem_create                            0x080058e5   Thumb Code    84  ipc.o(.text)
    rt_sem_delete                            0x08005939   Thumb Code    78  ipc.o(.text)
    rt_sem_take                              0x08005987   Thumb Code   266  ipc.o(.text)
    rt_sem_trytake                           0x08005a91   Thumb Code    14  ipc.o(.text)
    rt_sem_release                           0x08005a9f   Thumb Code    80  ipc.o(.text)
    rt_sem_control                           0x08005aef   Thumb Code    68  ipc.o(.text)
    rt_mutex_init                            0x08005b33   Thumb Code    58  ipc.o(.text)
    rt_mutex_detach                          0x08005b6d   Thumb Code    36  ipc.o(.text)
    rt_mutex_create                          0x08005b91   Thumb Code    96  ipc.o(.text)
    rt_mutex_delete                          0x08005bf1   Thumb Code    78  ipc.o(.text)
    rt_mutex_take                            0x08005c3f   Thumb Code   524  ipc.o(.text)
    rt_mutex_release                         0x08005e4b   Thumb Code   272  ipc.o(.text)
    rt_mutex_control                         0x08005f5b   Thumb Code     8  ipc.o(.text)
    rt_event_init                            0x08005f63   Thumb Code    46  ipc.o(.text)
    rt_event_detach                          0x08005f91   Thumb Code    36  ipc.o(.text)
    rt_event_create                          0x08005fb5   Thumb Code    88  ipc.o(.text)
    rt_event_delete                          0x0800600d   Thumb Code    82  ipc.o(.text)
    rt_event_send                            0x0800605f   Thumb Code   210  ipc.o(.text)
    rt_event_recv                            0x08006131   Thumb Code   448  ipc.o(.text)
    rt_event_control                         0x080062f1   Thumb Code    70  ipc.o(.text)
    rt_mb_init                               0x08006337   Thumb Code    76  ipc.o(.text)
    rt_mb_detach                             0x08006383   Thumb Code    44  ipc.o(.text)
    rt_mb_create                             0x080063af   Thumb Code   128  ipc.o(.text)
    rt_mb_delete                             0x0800642f   Thumb Code    96  ipc.o(.text)
    rt_mb_send_wait                          0x0800648f   Thumb Code   436  ipc.o(.text)
    rt_mb_send                               0x08006643   Thumb Code    18  ipc.o(.text)
    rt_mb_recv                               0x08006655   Thumb Code   412  ipc.o(.text)
    rt_mb_control                            0x080067f1   Thumb Code    82  ipc.o(.text)
    rt_mq_init                               0x08006843   Thumb Code   118  ipc.o(.text)
    rt_mq_detach                             0x080068b9   Thumb Code    36  ipc.o(.text)
    rt_mq_delete                             0x080068dd   Thumb Code    88  ipc.o(.text)
    rt_mq_create                             0x08006935   Thumb Code   174  ipc.o(.text)
    rt_mq_send                               0x080069e3   Thumb Code   290  ipc.o(.text)
    rt_mq_urgent                             0x08006b05   Thumb Code   198  ipc.o(.text)
    rt_mq_recv                               0x08006bcb   Thumb Code   438  ipc.o(.text)
    rt_mq_control                            0x08006d81   Thumb Code    98  ipc.o(.text)
    rt_interrupt_enter_sethook               0x08006e39   Thumb Code     6  irq.o(.text)
    rt_interrupt_leave_sethook               0x08006e3f   Thumb Code     6  irq.o(.text)
    rt_interrupt_enter                       0x08006e45   Thumb Code    46  irq.o(.text)
    rt_interrupt_leave                       0x08006e73   Thumb Code    46  irq.o(.text)
    rt_interrupt_get_nest                    0x08006ea1   Thumb Code     6  irq.o(.text)
    rt_get_errno                             0x08006eb5   Thumb Code    32  kservice.o(.text)
    rt_set_errno                             0x08006ed5   Thumb Code    36  kservice.o(.text)
    _rt_errno                                0x08006ef9   Thumb Code    30  kservice.o(.text)
    rt_memset                                0x08006f17   Thumb Code    72  kservice.o(.text)
    rt_memcpy                                0x08006f5f   Thumb Code   124  kservice.o(.text)
    rt_memmove                               0x08006fdb   Thumb Code    66  kservice.o(.text)
    rt_memcmp                                0x0800701d   Thumb Code    38  kservice.o(.text)
    rt_strlen                                0x08007043   Thumb Code    18  kservice.o(.text)
    rt_strstr                                0x08007055   Thumb Code    58  kservice.o(.text)
    rt_strcasecmp                            0x0800708f   Thumb Code    48  kservice.o(.text)
    rt_strncpy                               0x080070bf   Thumb Code    52  kservice.o(.text)
    rt_strncmp                               0x080070f3   Thumb Code    40  kservice.o(.text)
    rt_strcmp                                0x0800711b   Thumb Code    28  kservice.o(.text)
    rt_strnlen                               0x08007137   Thumb Code    24  kservice.o(.text)
    rt_strdup                                0x0800714f   Thumb Code    40  kservice.o(.text)
    rt_hw_console_output                     0x08007177   Thumb Code     2  kservice.o(.text)
    rt_vsnprintf                             0x0800732f   Thumb Code   800  kservice.o(.text)
    rt_kprintf                               0x0800764f   Thumb Code    96  kservice.o(.text)
    rt_show_version                          0x080076af   Thumb Code    38  kservice.o(.text)
    rt_snprintf                              0x080076d5   Thumb Code    38  kservice.o(.text)
    rt_vsprintf                              0x080076fb   Thumb Code    22  kservice.o(.text)
    rt_sprintf                               0x08007711   Thumb Code    34  kservice.o(.text)
    rt_console_get_device                    0x08007733   Thumb Code     6  kservice.o(.text)
    rt_console_set_device                    0x08007739   Thumb Code    48  kservice.o(.text)
    rt_kputs                                 0x08007769   Thumb Code    72  kservice.o(.text)
    rt_malloc_align                          0x080077b1   Thumb Code    66  kservice.o(.text)
    rt_free_align                            0x080077f3   Thumb Code    16  kservice.o(.text)
    __rt_ffs                                 0x08007803   Thumb Code    70  kservice.o(.text)
    rt_assert_set_hook                       0x08007849   Thumb Code     6  kservice.o(.text)
    rt_assert_handler                        0x0800784f   Thumb Code    56  kservice.o(.text)
    rt_malloc_sethook                        0x08007961   Thumb Code     6  mem.o(.text)
    rt_free_sethook                          0x08007967   Thumb Code     6  mem.o(.text)
    rt_system_heap_init                      0x08007a0d   Thumb Code   204  mem.o(.text)
    rt_malloc                                0x08007ad9   Thumb Code   520  mem.o(.text)
    rt_free                                  0x08007ce1   Thumb Code   602  mem.o(.text)
    rt_realloc                               0x08007f3b   Thumb Code   312  mem.o(.text)
    rt_calloc                                0x08008073   Thumb Code    84  mem.o(.text)
    rt_memory_info                           0x080080c7   Thumb Code    26  mem.o(.text)
    list_mem                                 0x080080e1   Thumb Code    34  mem.o(.text)
    rt_mp_alloc_sethook                      0x080081d5   Thumb Code     6  mempool.o(.text)
    rt_mp_free_sethook                       0x080081db   Thumb Code     6  mempool.o(.text)
    rt_mp_init                               0x080081e1   Thumb Code   128  mempool.o(.text)
    rt_mp_detach                             0x08008261   Thumb Code    76  mempool.o(.text)
    rt_mp_create                             0x080082ad   Thumb Code   174  mempool.o(.text)
    rt_mp_delete                             0x0800835b   Thumb Code   130  mempool.o(.text)
    rt_mp_alloc                              0x080083dd   Thumb Code   278  mempool.o(.text)
    rt_mp_free                               0x080084f3   Thumb Code    98  mempool.o(.text)
    rt_object_attach_sethook                 0x080085f9   Thumb Code     6  object.o(.text)
    rt_object_detach_sethook                 0x080085ff   Thumb Code     6  object.o(.text)
    rt_object_trytake_sethook                0x08008605   Thumb Code     6  object.o(.text)
    rt_object_take_sethook                   0x0800860b   Thumb Code     6  object.o(.text)
    rt_object_put_sethook                    0x08008611   Thumb Code     6  object.o(.text)
    rt_system_object_init                    0x08008617   Thumb Code     2  object.o(.text)
    rt_object_get_information                0x08008619   Thumb Code    10  object.o(.text)
    rt_object_init                           0x08008623   Thumb Code    76  object.o(.text)
    rt_object_detach                         0x0800866f   Thumb Code    56  object.o(.text)
    rt_object_allocate                       0x080086a7   Thumb Code   132  object.o(.text)
    rt_object_delete                         0x0800872b   Thumb Code    84  object.o(.text)
    rt_object_is_systemobject                0x0800877f   Thumb Code    34  object.o(.text)
    rt_object_find                           0x080087a1   Thumb Code   126  object.o(.text)
    rt_scheduler_sethook                     0x080088b5   Thumb Code     6  scheduler.o(.text)
    rt_system_scheduler_init                 0x08008915   Thumb Code    56  scheduler.o(.text)
    rt_system_scheduler_start                0x0800894d   Thumb Code    36  scheduler.o(.text)
    rt_schedule                              0x08008971   Thumb Code   134  scheduler.o(.text)
    rt_schedule_insert_thread                0x080089f7   Thumb Code    82  scheduler.o(.text)
    rt_schedule_remove_thread                0x08008a49   Thumb Code    94  scheduler.o(.text)
    rt_enter_critical                        0x08008aa7   Thumb Code    28  scheduler.o(.text)
    rt_exit_critical                         0x08008ac3   Thumb Code    54  scheduler.o(.text)
    rt_critical_level                        0x08008af9   Thumb Code     8  scheduler.o(.text)
    rt_thread_suspend_sethook                0x08008bbd   Thumb Code     6  thread.o(.text)
    rt_thread_resume_sethook                 0x08008bc3   Thumb Code     6  thread.o(.text)
    rt_thread_inited_sethook                 0x08008bc9   Thumb Code     6  thread.o(.text)
    rt_thread_exit                           0x08008bcf   Thumb Code    76  thread.o(.text)
    rt_thread_timeout                        0x08008c1b   Thumb Code    66  thread.o(.text)
    rt_thread_init                           0x08008cfb   Thumb Code    74  thread.o(.text)
    rt_thread_self                           0x08008d45   Thumb Code     6  thread.o(.text)
    rt_thread_resume                         0x08008d4b   Thumb Code    96  thread.o(.text)
    rt_thread_startup                        0x08008dab   Thumb Code    80  thread.o(.text)
    rt_thread_detach                         0x08008dfb   Thumb Code    74  thread.o(.text)
    rt_thread_create                         0x08008e45   Thumb Code    80  thread.o(.text)
    rt_thread_delete                         0x08008e95   Thumb Code    64  thread.o(.text)
    rt_thread_yield                          0x08008ed5   Thumb Code    88  thread.o(.text)
    rt_thread_suspend                        0x08008f2d   Thumb Code    94  thread.o(.text)
    rt_thread_sleep                          0x08008f8b   Thumb Code   286  thread.o(.text)
    rt_thread_delay                          0x080090a9   Thumb Code    12  thread.o(.text)
    rt_thread_control                        0x080090b5   Thumb Code   130  thread.o(.text)
    rt_thread_find                           0x08009137   Thumb Code    76  thread.o(.text)
    rt_timer_timeout_sethook                 0x0800919b   Thumb Code     6  timer.o(.text)
    rt_timer_init                            0x0800922d   Thumb Code    58  timer.o(.text)
    rt_timer_detach                          0x08009267   Thumb Code    44  timer.o(.text)
    rt_timer_create                          0x08009293   Thumb Code    54  timer.o(.text)
    rt_timer_delete                          0x080092c9   Thumb Code    46  timer.o(.text)
    rt_timer_start                           0x080092f7   Thumb Code   292  timer.o(.text)
    rt_timer_stop                            0x0800941b   Thumb Code    80  timer.o(.text)
    rt_timer_control                         0x0800946b   Thumb Code    76  timer.o(.text)
    rt_timer_check                           0x080094b7   Thumb Code   148  timer.o(.text)
    rt_timer_next_timeout_tick               0x0800954b   Thumb Code    10  timer.o(.text)
    rt_system_timer_init                     0x08009555   Thumb Code    24  timer.o(.text)
    rt_system_timer_thread_init              0x0800956d   Thumb Code     2  timer.o(.text)
    SD_LowLevel_DeInit                       0x080095e9   Thumb Code   140  board.o(.text)
    SD_LowLevel_Init                         0x08009675   Thumb Code   182  board.o(.text)
    SD_LowLevel_DMA_TxConfig                 0x0800972b   Thumb Code   124  board.o(.text)
    SD_LowLevel_DMA_RxConfig                 0x080097a7   Thumb Code   122  board.o(.text)
    SD_DMAEndOfTransferStatus                0x08009821   Thumb Code    14  board.o(.text)
    NVIC_Configuration                       0x0800982f   Thumb Code    14  board.o(.text)
    SysTick_Configuration                    0x0800983d   Thumb Code    92  board.o(.text)
    SysTick_Handler                          0x08009899   Thumb Code    16  board.o(.text)
    rt_hw_board_init                         0x080098a9   Thumb Code    22  board.o(.text)
    RTC_Config                               0x08009a1f   Thumb Code    84  rtc.o(.text)
    RTC_Configuration                        0x08009a73   Thumb Code   100  rtc.o(.text)
    rt_hw_rtc_init                           0x08009ad7   Thumb Code    96  rtc.o(.text)
    time                                     0x08009b37   Thumb Code    38  rtc.o(.text)
    set_date                                 0x08009b5d   Thumb Code    74  rtc.o(.text)
    set_time                                 0x08009ba7   Thumb Code    68  rtc.o(.text)
    list_date                                0x08009beb   Thumb Code    26  rtc.o(.text)
    rt_hw_serial_register                    0x08009f55   Thumb Code   102  serial.o(.text)
    rt_hw_serial_isr                         0x08009fbb   Thumb Code   226  serial.o(.text)
    rt_hw_serial_dma_tx_isr                  0x0800a09d   Thumb Code   380  serial.o(.text)
    NMI_Handler                              0x0800a231   Thumb Code     2  stm32f2xx_it.o(.text)
    MemManage_Handler                        0x0800a233   Thumb Code     4  stm32f2xx_it.o(.text)
    BusFault_Handler                         0x0800a237   Thumb Code     4  stm32f2xx_it.o(.text)
    UsageFault_Handler                       0x0800a23b   Thumb Code     4  stm32f2xx_it.o(.text)
    SVC_Handler                              0x0800a23f   Thumb Code     2  stm32f2xx_it.o(.text)
    DebugMon_Handler                         0x0800a241   Thumb Code     2  stm32f2xx_it.o(.text)
    rt_hw_usart_init                         0x0800a2b5   Thumb Code   102  usart.o(.text)
    USART1_IRQHandler                        0x0800a31b   Thumb Code    18  usart.o(.text)
    Reset_Handler                            0x0800a345   Thumb Code     8  startup_stm32f2xx.o(.text)
    ADC_IRQHandler                           0x0800a35f   Thumb Code     0  startup_stm32f2xx.o(.text)
    CAN1_RX0_IRQHandler                      0x0800a35f   Thumb Code     0  startup_stm32f2xx.o(.text)
    CAN1_RX1_IRQHandler                      0x0800a35f   Thumb Code     0  startup_stm32f2xx.o(.text)
    CAN1_SCE_IRQHandler                      0x0800a35f   Thumb Code     0  startup_stm32f2xx.o(.text)
    CAN1_TX_IRQHandler                       0x0800a35f   Thumb Code     0  startup_stm32f2xx.o(.text)
    CAN2_RX0_IRQHandler                      0x0800a35f   Thumb Code     0  startup_stm32f2xx.o(.text)
    CAN2_RX1_IRQHandler                      0x0800a35f   Thumb Code     0  startup_stm32f2xx.o(.text)
    CAN2_SCE_IRQHandler                      0x0800a35f   Thumb Code     0  startup_stm32f2xx.o(.text)
    CAN2_TX_IRQHandler                       0x0800a35f   Thumb Code     0  startup_stm32f2xx.o(.text)
    CRYP_IRQHandler                          0x0800a35f   Thumb Code     0  startup_stm32f2xx.o(.text)
    DCMI_IRQHandler                          0x0800a35f   Thumb Code     0  startup_stm32f2xx.o(.text)
    DMA1_Stream0_IRQHandler                  0x0800a35f   Thumb Code     0  startup_stm32f2xx.o(.text)
    DMA1_Stream1_IRQHandler                  0x0800a35f   Thumb Code     0  startup_stm32f2xx.o(.text)
    DMA1_Stream2_IRQHandler                  0x0800a35f   Thumb Code     0  startup_stm32f2xx.o(.text)
    DMA1_Stream3_IRQHandler                  0x0800a35f   Thumb Code     0  startup_stm32f2xx.o(.text)
    DMA1_Stream4_IRQHandler                  0x0800a35f   Thumb Code     0  startup_stm32f2xx.o(.text)
    DMA1_Stream5_IRQHandler                  0x0800a35f   Thumb Code     0  startup_stm32f2xx.o(.text)
    DMA1_Stream6_IRQHandler                  0x0800a35f   Thumb Code     0  startup_stm32f2xx.o(.text)
    DMA1_Stream7_IRQHandler                  0x0800a35f   Thumb Code     0  startup_stm32f2xx.o(.text)
    DMA2_Stream0_IRQHandler                  0x0800a35f   Thumb Code     0  startup_stm32f2xx.o(.text)
    DMA2_Stream1_IRQHandler                  0x0800a35f   Thumb Code     0  startup_stm32f2xx.o(.text)
    DMA2_Stream2_IRQHandler                  0x0800a35f   Thumb Code     0  startup_stm32f2xx.o(.text)
    DMA2_Stream3_IRQHandler                  0x0800a35f   Thumb Code     0  startup_stm32f2xx.o(.text)
    DMA2_Stream4_IRQHandler                  0x0800a35f   Thumb Code     0  startup_stm32f2xx.o(.text)
    DMA2_Stream5_IRQHandler                  0x0800a35f   Thumb Code     0  startup_stm32f2xx.o(.text)
    DMA2_Stream6_IRQHandler                  0x0800a35f   Thumb Code     0  startup_stm32f2xx.o(.text)
    DMA2_Stream7_IRQHandler                  0x0800a35f   Thumb Code     0  startup_stm32f2xx.o(.text)
    ETH_IRQHandler                           0x0800a35f   Thumb Code     0  startup_stm32f2xx.o(.text)
    ETH_WKUP_IRQHandler                      0x0800a35f   Thumb Code     0  startup_stm32f2xx.o(.text)
    EXTI0_IRQHandler                         0x0800a35f   Thumb Code     0  startup_stm32f2xx.o(.text)
    EXTI15_10_IRQHandler                     0x0800a35f   Thumb Code     0  startup_stm32f2xx.o(.text)
    EXTI1_IRQHandler                         0x0800a35f   Thumb Code     0  startup_stm32f2xx.o(.text)
    EXTI2_IRQHandler                         0x0800a35f   Thumb Code     0  startup_stm32f2xx.o(.text)
    EXTI3_IRQHandler                         0x0800a35f   Thumb Code     0  startup_stm32f2xx.o(.text)
    EXTI4_IRQHandler                         0x0800a35f   Thumb Code     0  startup_stm32f2xx.o(.text)
    EXTI9_5_IRQHandler                       0x0800a35f   Thumb Code     0  startup_stm32f2xx.o(.text)
    FLASH_IRQHandler                         0x0800a35f   Thumb Code     0  startup_stm32f2xx.o(.text)
    FSMC_IRQHandler                          0x0800a35f   Thumb Code     0  startup_stm32f2xx.o(.text)
    HASH_RNG_IRQHandler                      0x0800a35f   Thumb Code     0  startup_stm32f2xx.o(.text)
    I2C1_ER_IRQHandler                       0x0800a35f   Thumb Code     0  startup_stm32f2xx.o(.text)
    I2C1_EV_IRQHandler                       0x0800a35f   Thumb Code     0  startup_stm32f2xx.o(.text)
    I2C2_ER_IRQHandler                       0x0800a35f   Thumb Code     0  startup_stm32f2xx.o(.text)
    I2C2_EV_IRQHandler                       0x0800a35f   Thumb Code     0  startup_stm32f2xx.o(.text)
    I2C3_ER_IRQHandler                       0x0800a35f   Thumb Code     0  startup_stm32f2xx.o(.text)
    I2C3_EV_IRQHandler                       0x0800a35f   Thumb Code     0  startup_stm32f2xx.o(.text)
    OTG_FS_IRQHandler                        0x0800a35f   Thumb Code     0  startup_stm32f2xx.o(.text)
    OTG_FS_WKUP_IRQHandler                   0x0800a35f   Thumb Code     0  startup_stm32f2xx.o(.text)
    OTG_HS_EP1_IN_IRQHandler                 0x0800a35f   Thumb Code     0  startup_stm32f2xx.o(.text)
    OTG_HS_EP1_OUT_IRQHandler                0x0800a35f   Thumb Code     0  startup_stm32f2xx.o(.text)
    OTG_HS_IRQHandler                        0x0800a35f   Thumb Code     0  startup_stm32f2xx.o(.text)
    OTG_HS_WKUP_IRQHandler                   0x0800a35f   Thumb Code     0  startup_stm32f2xx.o(.text)
    PVD_IRQHandler                           0x0800a35f   Thumb Code     0  startup_stm32f2xx.o(.text)
    RCC_IRQHandler                           0x0800a35f   Thumb Code     0  startup_stm32f2xx.o(.text)
    RTC_Alarm_IRQHandler                     0x0800a35f   Thumb Code     0  startup_stm32f2xx.o(.text)
    RTC_WKUP_IRQHandler                      0x0800a35f   Thumb Code     0  startup_stm32f2xx.o(.text)
    SDIO_IRQHandler                          0x0800a35f   Thumb Code     0  startup_stm32f2xx.o(.text)
    SPI1_IRQHandler                          0x0800a35f   Thumb Code     0  startup_stm32f2xx.o(.text)
    SPI2_IRQHandler                          0x0800a35f   Thumb Code     0  startup_stm32f2xx.o(.text)
    SPI3_IRQHandler                          0x0800a35f   Thumb Code     0  startup_stm32f2xx.o(.text)
    TAMP_STAMP_IRQHandler                    0x0800a35f   Thumb Code     0  startup_stm32f2xx.o(.text)
    TIM1_BRK_TIM9_IRQHandler                 0x0800a35f   Thumb Code     0  startup_stm32f2xx.o(.text)
    TIM1_CC_IRQHandler                       0x0800a35f   Thumb Code     0  startup_stm32f2xx.o(.text)
    TIM1_TRG_COM_TIM11_IRQHandler            0x0800a35f   Thumb Code     0  startup_stm32f2xx.o(.text)
    TIM1_UP_TIM10_IRQHandler                 0x0800a35f   Thumb Code     0  startup_stm32f2xx.o(.text)
    TIM2_IRQHandler                          0x0800a35f   Thumb Code     0  startup_stm32f2xx.o(.text)
    TIM3_IRQHandler                          0x0800a35f   Thumb Code     0  startup_stm32f2xx.o(.text)
    TIM4_IRQHandler                          0x0800a35f   Thumb Code     0  startup_stm32f2xx.o(.text)
    TIM5_IRQHandler                          0x0800a35f   Thumb Code     0  startup_stm32f2xx.o(.text)
    TIM6_DAC_IRQHandler                      0x0800a35f   Thumb Code     0  startup_stm32f2xx.o(.text)
    TIM7_IRQHandler                          0x0800a35f   Thumb Code     0  startup_stm32f2xx.o(.text)
    TIM8_BRK_TIM12_IRQHandler                0x0800a35f   Thumb Code     0  startup_stm32f2xx.o(.text)
    TIM8_CC_IRQHandler                       0x0800a35f   Thumb Code     0  startup_stm32f2xx.o(.text)
    TIM8_TRG_COM_TIM14_IRQHandler            0x0800a35f   Thumb Code     0  startup_stm32f2xx.o(.text)
    TIM8_UP_TIM13_IRQHandler                 0x0800a35f   Thumb Code     0  startup_stm32f2xx.o(.text)
    UART4_IRQHandler                         0x0800a35f   Thumb Code     0  startup_stm32f2xx.o(.text)
    UART5_IRQHandler                         0x0800a35f   Thumb Code     0  startup_stm32f2xx.o(.text)
    USART2_IRQHandler                        0x0800a35f   Thumb Code     0  startup_stm32f2xx.o(.text)
    USART3_IRQHandler                        0x0800a35f   Thumb Code     0  startup_stm32f2xx.o(.text)
    USART6_IRQHandler                        0x0800a35f   Thumb Code     0  startup_stm32f2xx.o(.text)
    WWDG_IRQHandler                          0x0800a35f   Thumb Code     0  startup_stm32f2xx.o(.text)
    SystemInit                               0x0800a4d3   Thumb Code    74  system_stm32f2xx.o(.text)
    SystemCoreClockUpdate                    0x0800a51d   Thumb Code   174  system_stm32f2xx.o(.text)
    rt_hw_interrupt_disable                  0x0800a5f9   Thumb Code     8  context_rvds.o(.text)
    rt_hw_interrupt_enable                   0x0800a601   Thumb Code     6  context_rvds.o(.text)
    rt_hw_context_switch                     0x0800a607   Thumb Code    32  context_rvds.o(.text)
    rt_hw_context_switch_interrupt           0x0800a607   Thumb Code     0  context_rvds.o(.text)
    PendSV_Handler                           0x0800a627   Thumb Code    60  context_rvds.o(.text)
    rt_hw_context_switch_to                  0x0800a663   Thumb Code    56  context_rvds.o(.text)
    rt_hw_interrupt_thread_switch            0x0800a69b   Thumb Code     2  context_rvds.o(.text)
    HardFault_Handler                        0x0800a69d   Thumb Code    48  context_rvds.o(.text)
    rt_hw_stack_init                         0x0800a6e5   Thumb Code    70  cpuport.o(.text)
    rt_hw_exception_install                  0x0800a72b   Thumb Code     6  cpuport.o(.text)
    rt_hw_hard_fault_exception               0x0800a90f   Thumb Code   198  cpuport.o(.text)
    rt_hw_cpu_shutdown                       0x0800a9d5   Thumb Code    22  cpuport.o(.text)
    NVIC_PriorityGroupConfig                 0x0800acb9   Thumb Code    10  misc.o(.text)
    NVIC_Init                                0x0800acc3   Thumb Code   106  misc.o(.text)
    NVIC_SetVectorTable                      0x0800ad2d   Thumb Code    14  misc.o(.text)
    NVIC_SystemLPConfig                      0x0800ad3b   Thumb Code    34  misc.o(.text)
    SysTick_CLKSourceConfig                  0x0800ad5d   Thumb Code    40  misc.o(.text)
    DMA_DeInit                               0x0800ad99   Thumb Code   324  stm32f2xx_dma.o(.text)
    DMA_Init                                 0x0800aedd   Thumb Code    82  stm32f2xx_dma.o(.text)
    DMA_StructInit                           0x0800af2f   Thumb Code    34  stm32f2xx_dma.o(.text)
    DMA_Cmd                                  0x0800af51   Thumb Code    22  stm32f2xx_dma.o(.text)
    DMA_PeriphIncOffsetSizeConfig            0x0800af67   Thumb Code    22  stm32f2xx_dma.o(.text)
    DMA_FlowControllerConfig                 0x0800af7d   Thumb Code    22  stm32f2xx_dma.o(.text)
    DMA_SetCurrDataCounter                   0x0800af93   Thumb Code     4  stm32f2xx_dma.o(.text)
    DMA_GetCurrDataCounter                   0x0800af97   Thumb Code     8  stm32f2xx_dma.o(.text)
    DMA_DoubleBufferModeConfig               0x0800af9f   Thumb Code    24  stm32f2xx_dma.o(.text)
    DMA_DoubleBufferModeCmd                  0x0800afb7   Thumb Code    22  stm32f2xx_dma.o(.text)
    DMA_MemoryTargetConfig                   0x0800afcd   Thumb Code    10  stm32f2xx_dma.o(.text)
    DMA_GetCurrentMemoryTarget               0x0800afd7   Thumb Code    20  stm32f2xx_dma.o(.text)
    DMA_GetCmdStatus                         0x0800afeb   Thumb Code    20  stm32f2xx_dma.o(.text)
    DMA_GetFIFOStatus                        0x0800afff   Thumb Code    12  stm32f2xx_dma.o(.text)
    DMA_GetFlagStatus                        0x0800b00b   Thumb Code    56  stm32f2xx_dma.o(.text)
    DMA_ClearFlag                            0x0800b043   Thumb Code    40  stm32f2xx_dma.o(.text)
    DMA_ITConfig                             0x0800b06b   Thumb Code    58  stm32f2xx_dma.o(.text)
    DMA_GetITStatus                          0x0800b0a5   Thumb Code    84  stm32f2xx_dma.o(.text)
    DMA_ClearITPendingBit                    0x0800b0f9   Thumb Code    40  stm32f2xx_dma.o(.text)
    GPIO_DeInit                              0x0800b141   Thumb Code   220  stm32f2xx_gpio.o(.text)
    GPIO_Init                                0x0800b21d   Thumb Code   144  stm32f2xx_gpio.o(.text)
    GPIO_StructInit                          0x0800b2ad   Thumb Code    18  stm32f2xx_gpio.o(.text)
    GPIO_PinLockConfig                       0x0800b2bf   Thumb Code    34  stm32f2xx_gpio.o(.text)
    GPIO_ReadInputDataBit                    0x0800b2e1   Thumb Code    18  stm32f2xx_gpio.o(.text)
    GPIO_ReadInputData                       0x0800b2f3   Thumb Code     8  stm32f2xx_gpio.o(.text)
    GPIO_ReadOutputDataBit                   0x0800b2fb   Thumb Code    18  stm32f2xx_gpio.o(.text)
    GPIO_ReadOutputData                      0x0800b30d   Thumb Code     8  stm32f2xx_gpio.o(.text)
    GPIO_SetBits                             0x0800b315   Thumb Code     4  stm32f2xx_gpio.o(.text)
    GPIO_ResetBits                           0x0800b319   Thumb Code     4  stm32f2xx_gpio.o(.text)
    GPIO_WriteBit                            0x0800b31d   Thumb Code    10  stm32f2xx_gpio.o(.text)
    GPIO_Write                               0x0800b327   Thumb Code     4  stm32f2xx_gpio.o(.text)
    GPIO_ToggleBits                          0x0800b32b   Thumb Code     8  stm32f2xx_gpio.o(.text)
    GPIO_PinAFConfig                         0x0800b333   Thumb Code    70  stm32f2xx_gpio.o(.text)
    PWR_DeInit                               0x0800b39d   Thumb Code    22  stm32f2xx_pwr.o(.text)
    PWR_BackupAccessCmd                      0x0800b3b3   Thumb Code     6  stm32f2xx_pwr.o(.text)
    PWR_PVDLevelConfig                       0x0800b3b9   Thumb Code    18  stm32f2xx_pwr.o(.text)
    PWR_PVDCmd                               0x0800b3cb   Thumb Code     6  stm32f2xx_pwr.o(.text)
    PWR_WakeUpPinCmd                         0x0800b3d1   Thumb Code     8  stm32f2xx_pwr.o(.text)
    PWR_BackupRegulatorCmd                   0x0800b3d9   Thumb Code     8  stm32f2xx_pwr.o(.text)
    PWR_FlashPowerDownCmd                    0x0800b3e1   Thumb Code     6  stm32f2xx_pwr.o(.text)
    PWR_EnterSTOPMode                        0x0800b3e7   Thumb Code    54  stm32f2xx_pwr.o(.text)
    PWR_EnterSTANDBYMode                     0x0800b41d   Thumb Code    42  stm32f2xx_pwr.o(.text)
    PWR_GetFlagStatus                        0x0800b447   Thumb Code    20  stm32f2xx_pwr.o(.text)
    PWR_ClearFlag                            0x0800b45b   Thumb Code    14  stm32f2xx_pwr.o(.text)
    RCC_DeInit                               0x0800b475   Thumb Code    60  stm32f2xx_rcc.o(.text)
    RCC_HSEConfig                            0x0800b4b1   Thumb Code    14  stm32f2xx_rcc.o(.text)
    RCC_GetFlagStatus                        0x0800b4bf   Thumb Code    60  stm32f2xx_rcc.o(.text)
    RCC_WaitForHSEStartUp                    0x0800b4fb   Thumb Code    56  stm32f2xx_rcc.o(.text)
    RCC_AdjustHSICalibrationValue            0x0800b533   Thumb Code    20  stm32f2xx_rcc.o(.text)
    RCC_HSICmd                               0x0800b547   Thumb Code     6  stm32f2xx_rcc.o(.text)
    RCC_LSEConfig                            0x0800b54d   Thumb Code    46  stm32f2xx_rcc.o(.text)
    RCC_LSICmd                               0x0800b57b   Thumb Code     6  stm32f2xx_rcc.o(.text)
    RCC_PLLConfig                            0x0800b581   Thumb Code    32  stm32f2xx_rcc.o(.text)
    RCC_PLLCmd                               0x0800b5a1   Thumb Code     6  stm32f2xx_rcc.o(.text)
    RCC_PLLI2SConfig                         0x0800b5a7   Thumb Code    14  stm32f2xx_rcc.o(.text)
    RCC_PLLI2SCmd                            0x0800b5b5   Thumb Code     6  stm32f2xx_rcc.o(.text)
    RCC_ClockSecuritySystemCmd               0x0800b5bb   Thumb Code     6  stm32f2xx_rcc.o(.text)
    RCC_MCO1Config                           0x0800b5c1   Thumb Code    28  stm32f2xx_rcc.o(.text)
    RCC_MCO2Config                           0x0800b5dd   Thumb Code    28  stm32f2xx_rcc.o(.text)
    RCC_SYSCLKConfig                         0x0800b5f9   Thumb Code    20  stm32f2xx_rcc.o(.text)
    RCC_GetSYSCLKSource                      0x0800b60d   Thumb Code    12  stm32f2xx_rcc.o(.text)
    RCC_HCLKConfig                           0x0800b619   Thumb Code    20  stm32f2xx_rcc.o(.text)
    RCC_PCLK1Config                          0x0800b62d   Thumb Code    20  stm32f2xx_rcc.o(.text)
    RCC_PCLK2Config                          0x0800b641   Thumb Code    22  stm32f2xx_rcc.o(.text)
    RCC_GetClocksFreq                        0x0800b657   Thumb Code   222  stm32f2xx_rcc.o(.text)
    RCC_RTCCLKConfig                         0x0800b735   Thumb Code    54  stm32f2xx_rcc.o(.text)
    RCC_RTCCLKCmd                            0x0800b76b   Thumb Code     8  stm32f2xx_rcc.o(.text)
    RCC_BackupResetCmd                       0x0800b773   Thumb Code     8  stm32f2xx_rcc.o(.text)
    RCC_I2SCLKConfig                         0x0800b77b   Thumb Code     6  stm32f2xx_rcc.o(.text)
    RCC_AHB1PeriphClockCmd                   0x0800b781   Thumb Code    34  stm32f2xx_rcc.o(.text)
    RCC_AHB2PeriphClockCmd                   0x0800b7a3   Thumb Code    34  stm32f2xx_rcc.o(.text)
    RCC_AHB3PeriphClockCmd                   0x0800b7c5   Thumb Code    34  stm32f2xx_rcc.o(.text)
    RCC_APB1PeriphClockCmd                   0x0800b7e7   Thumb Code    34  stm32f2xx_rcc.o(.text)
    RCC_APB2PeriphClockCmd                   0x0800b809   Thumb Code    34  stm32f2xx_rcc.o(.text)
    RCC_AHB1PeriphResetCmd                   0x0800b82b   Thumb Code    34  stm32f2xx_rcc.o(.text)
    RCC_AHB2PeriphResetCmd                   0x0800b84d   Thumb Code    72  stm32f2xx_rcc.o(.text)
    RCC_AHB3PeriphResetCmd                   0x0800b895   Thumb Code    34  stm32f2xx_rcc.o(.text)
    RCC_APB1PeriphResetCmd                   0x0800b8b7   Thumb Code    34  stm32f2xx_rcc.o(.text)
    RCC_APB2PeriphResetCmd                   0x0800b8d9   Thumb Code    34  stm32f2xx_rcc.o(.text)
    RCC_AHB1PeriphClockLPModeCmd             0x0800b8fb   Thumb Code    34  stm32f2xx_rcc.o(.text)
    RCC_AHB2PeriphClockLPModeCmd             0x0800b91d   Thumb Code    34  stm32f2xx_rcc.o(.text)
    RCC_AHB3PeriphClockLPModeCmd             0x0800b93f   Thumb Code    34  stm32f2xx_rcc.o(.text)
    RCC_APB1PeriphClockLPModeCmd             0x0800b961   Thumb Code    34  stm32f2xx_rcc.o(.text)
    RCC_APB2PeriphClockLPModeCmd             0x0800b983   Thumb Code    34  stm32f2xx_rcc.o(.text)
    RCC_ITConfig                             0x0800b9a5   Thumb Code    34  stm32f2xx_rcc.o(.text)
    RCC_ClearFlag                            0x0800b9c7   Thumb Code    18  stm32f2xx_rcc.o(.text)
    RCC_GetITStatus                          0x0800b9d9   Thumb Code    22  stm32f2xx_rcc.o(.text)
    RCC_ClearITPendingBit                    0x0800b9ef   Thumb Code     8  stm32f2xx_rcc.o(.text)
    RTC_WaitForSynchro                       0x0800b9fd   Thumb Code    92  stm32f2xx_rtc.o(.text)
    RTC_EnterInitMode                        0x0800ba59   Thumb Code    84  stm32f2xx_rtc.o(.text)
    RTC_DeInit                               0x0800baad   Thumb Code   182  stm32f2xx_rtc.o(.text)
    RTC_ExitInitMode                         0x0800bb63   Thumb Code    18  stm32f2xx_rtc.o(.text)
    RTC_Init                                 0x0800bb75   Thumb Code    94  stm32f2xx_rtc.o(.text)
    RTC_StructInit                           0x0800bbd3   Thumb Code    14  stm32f2xx_rtc.o(.text)
    RTC_WriteProtectionCmd                   0x0800bbe1   Thumb Code    22  stm32f2xx_rtc.o(.text)
    RTC_RefClockCmd                          0x0800bbf7   Thumb Code    76  stm32f2xx_rtc.o(.text)
    RTC_SetTime                              0x0800bc75   Thumb Code   184  stm32f2xx_rtc.o(.text)
    RTC_TimeStructInit                       0x0800bd2d   Thumb Code    12  stm32f2xx_rtc.o(.text)
    RTC_GetTime                              0x0800bd39   Thumb Code    74  stm32f2xx_rtc.o(.text)
    RTC_SetDate                              0x0800bd83   Thumb Code   190  stm32f2xx_rtc.o(.text)
    RTC_DateStructInit                       0x0800be41   Thumb Code    14  stm32f2xx_rtc.o(.text)
    RTC_GetDate                              0x0800be4f   Thumb Code    68  stm32f2xx_rtc.o(.text)
    RTC_SetAlarm                             0x0800be93   Thumb Code   234  stm32f2xx_rtc.o(.text)
    RTC_AlarmStructInit                      0x0800bf7d   Thumb Code    22  stm32f2xx_rtc.o(.text)
    RTC_GetAlarm                             0x0800bf93   Thumb Code   114  stm32f2xx_rtc.o(.text)
    RTC_AlarmCmd                             0x0800c005   Thumb Code   116  stm32f2xx_rtc.o(.text)
    RTC_WakeUpClockConfig                    0x0800c079   Thumb Code    46  stm32f2xx_rtc.o(.text)
    RTC_SetWakeUpCounter                     0x0800c0a7   Thumb Code    24  stm32f2xx_rtc.o(.text)
    RTC_GetWakeUpCounter                     0x0800c0bf   Thumb Code    10  stm32f2xx_rtc.o(.text)
    RTC_WakeUpCmd                            0x0800c0c9   Thumb Code   120  stm32f2xx_rtc.o(.text)
    RTC_DayLightSavingConfig                 0x0800c141   Thumb Code    54  stm32f2xx_rtc.o(.text)
    RTC_GetStoreOperation                    0x0800c177   Thumb Code    12  stm32f2xx_rtc.o(.text)
    RTC_OutputConfig                         0x0800c183   Thumb Code    54  stm32f2xx_rtc.o(.text)
    RTC_CoarseCalibConfig                    0x0800c1b9   Thumb Code    56  stm32f2xx_rtc.o(.text)
    RTC_CoarseCalibCmd                       0x0800c1f1   Thumb Code    82  stm32f2xx_rtc.o(.text)
    RTC_CalibOutputCmd                       0x0800c243   Thumb Code    50  stm32f2xx_rtc.o(.text)
    RTC_TimeStampCmd                         0x0800c275   Thumb Code    52  stm32f2xx_rtc.o(.text)
    RTC_GetTimeStamp                         0x0800c2a9   Thumb Code   144  stm32f2xx_rtc.o(.text)
    RTC_TamperTriggerConfig                  0x0800c339   Thumb Code    38  stm32f2xx_rtc.o(.text)
    RTC_TamperCmd                            0x0800c35f   Thumb Code    34  stm32f2xx_rtc.o(.text)
    RTC_WriteBackupRegister                  0x0800c381   Thumb Code    26  stm32f2xx_rtc.o(.text)
    RTC_ReadBackupRegister                   0x0800c39b   Thumb Code    28  stm32f2xx_rtc.o(.text)
    RTC_TamperPinSelection                   0x0800c3b7   Thumb Code    26  stm32f2xx_rtc.o(.text)
    RTC_TimeStampPinSelection                0x0800c3d1   Thumb Code    26  stm32f2xx_rtc.o(.text)
    RTC_OutputTypeConfig                     0x0800c3eb   Thumb Code    26  stm32f2xx_rtc.o(.text)
    RTC_ITConfig                             0x0800c405   Thumb Code    90  stm32f2xx_rtc.o(.text)
    RTC_GetFlagStatus                        0x0800c45f   Thumb Code    36  stm32f2xx_rtc.o(.text)
    RTC_ClearFlag                            0x0800c483   Thumb Code    28  stm32f2xx_rtc.o(.text)
    RTC_GetITStatus                          0x0800c49f   Thumb Code    58  stm32f2xx_rtc.o(.text)
    RTC_ClearITPendingBit                    0x0800c4d9   Thumb Code    32  stm32f2xx_rtc.o(.text)
    SDIO_DeInit                              0x0800c505   Thumb Code    22  stm32f2xx_sdio.o(.text)
    SDIO_Init                                0x0800c51b   Thumb Code    42  stm32f2xx_sdio.o(.text)
    SDIO_StructInit                          0x0800c545   Thumb Code    16  stm32f2xx_sdio.o(.text)
    SDIO_ClockCmd                            0x0800c555   Thumb Code     6  stm32f2xx_sdio.o(.text)
    SDIO_SetPowerState                       0x0800c55b   Thumb Code     8  stm32f2xx_sdio.o(.text)
    SDIO_GetPowerState                       0x0800c563   Thumb Code    12  stm32f2xx_sdio.o(.text)
    SDIO_SendCommand                         0x0800c56f   Thumb Code    42  stm32f2xx_sdio.o(.text)
    SDIO_CmdStructInit                       0x0800c599   Thumb Code    14  stm32f2xx_sdio.o(.text)
    SDIO_GetCommandResponse                  0x0800c5a7   Thumb Code    10  stm32f2xx_sdio.o(.text)
    SDIO_GetResponse                         0x0800c5b1   Thumb Code    22  stm32f2xx_sdio.o(.text)
    SDIO_DataConfig                          0x0800c5c7   Thumb Code    48  stm32f2xx_sdio.o(.text)
    SDIO_DataStructInit                      0x0800c5f7   Thumb Code    20  stm32f2xx_sdio.o(.text)
    SDIO_GetDataCounter                      0x0800c60b   Thumb Code     8  stm32f2xx_sdio.o(.text)
    SDIO_ReadData                            0x0800c613   Thumb Code     8  stm32f2xx_sdio.o(.text)
    SDIO_WriteData                           0x0800c61b   Thumb Code     8  stm32f2xx_sdio.o(.text)
    SDIO_GetFIFOCount                        0x0800c623   Thumb Code     8  stm32f2xx_sdio.o(.text)
    SDIO_StartSDIOReadWait                   0x0800c62b   Thumb Code     6  stm32f2xx_sdio.o(.text)
    SDIO_StopSDIOReadWait                    0x0800c631   Thumb Code     8  stm32f2xx_sdio.o(.text)
    SDIO_SetSDIOReadWaitMode                 0x0800c639   Thumb Code     8  stm32f2xx_sdio.o(.text)
    SDIO_SetSDIOOperation                    0x0800c641   Thumb Code     8  stm32f2xx_sdio.o(.text)
    SDIO_SendSDIOSuspendCmd                  0x0800c649   Thumb Code     6  stm32f2xx_sdio.o(.text)
    SDIO_CommandCompletionCmd                0x0800c64f   Thumb Code     8  stm32f2xx_sdio.o(.text)
    SDIO_CEATAITCmd                          0x0800c657   Thumb Code    12  stm32f2xx_sdio.o(.text)
    SDIO_SendCEATACmd                        0x0800c663   Thumb Code     8  stm32f2xx_sdio.o(.text)
    SDIO_DMACmd                              0x0800c66b   Thumb Code     8  stm32f2xx_sdio.o(.text)
    SDIO_ITConfig                            0x0800c673   Thumb Code    34  stm32f2xx_sdio.o(.text)
    SDIO_GetFlagStatus                       0x0800c695   Thumb Code    22  stm32f2xx_sdio.o(.text)
    SDIO_ClearFlag                           0x0800c6ab   Thumb Code     8  stm32f2xx_sdio.o(.text)
    SDIO_GetITStatus                         0x0800c6b3   Thumb Code    22  stm32f2xx_sdio.o(.text)
    SDIO_ClearITPendingBit                   0x0800c6c9   Thumb Code     8  stm32f2xx_sdio.o(.text)
    USART_DeInit                             0x0800c6e1   Thumb Code   156  stm32f2xx_usart.o(.text)
    USART_Init                               0x0800c77d   Thumb Code   204  stm32f2xx_usart.o(.text)
    USART_StructInit                         0x0800c849   Thumb Code    24  stm32f2xx_usart.o(.text)
    USART_ClockInit                          0x0800c861   Thumb Code    32  stm32f2xx_usart.o(.text)
    USART_ClockStructInit                    0x0800c881   Thumb Code    12  stm32f2xx_usart.o(.text)
    USART_Cmd                                0x0800c88d   Thumb Code    24  stm32f2xx_usart.o(.text)
    USART_SetPrescaler                       0x0800c8a5   Thumb Code    16  stm32f2xx_usart.o(.text)
    USART_OverSampling8Cmd                   0x0800c8b5   Thumb Code    22  stm32f2xx_usart.o(.text)
    USART_OneBitMethodCmd                    0x0800c8cb   Thumb Code    24  stm32f2xx_usart.o(.text)
    USART_SendData                           0x0800c8e3   Thumb Code     8  stm32f2xx_usart.o(.text)
    USART_ReceiveData                        0x0800c8eb   Thumb Code    10  stm32f2xx_usart.o(.text)
    USART_SetAddress                         0x0800c8f5   Thumb Code    18  stm32f2xx_usart.o(.text)
    USART_ReceiverWakeUpCmd                  0x0800c907   Thumb Code    24  stm32f2xx_usart.o(.text)
    USART_WakeUpConfig                       0x0800c91f   Thumb Code    18  stm32f2xx_usart.o(.text)
    USART_LINBreakDetectLengthConfig         0x0800c931   Thumb Code    18  stm32f2xx_usart.o(.text)
    USART_LINCmd                             0x0800c943   Thumb Code    24  stm32f2xx_usart.o(.text)
    USART_SendBreak                          0x0800c95b   Thumb Code    10  stm32f2xx_usart.o(.text)
    USART_HalfDuplexCmd                      0x0800c965   Thumb Code    24  stm32f2xx_usart.o(.text)
    USART_SetGuardTime                       0x0800c97d   Thumb Code    16  stm32f2xx_usart.o(.text)
    USART_SmartCardCmd                       0x0800c98d   Thumb Code    24  stm32f2xx_usart.o(.text)
    USART_SmartCardNACKCmd                   0x0800c9a5   Thumb Code    24  stm32f2xx_usart.o(.text)
    USART_IrDAConfig                         0x0800c9bd   Thumb Code    18  stm32f2xx_usart.o(.text)
    USART_IrDACmd                            0x0800c9cf   Thumb Code    24  stm32f2xx_usart.o(.text)
    USART_DMACmd                             0x0800c9e7   Thumb Code    18  stm32f2xx_usart.o(.text)
    USART_ITConfig                           0x0800c9f9   Thumb Code    74  stm32f2xx_usart.o(.text)
    USART_GetFlagStatus                      0x0800ca43   Thumb Code    26  stm32f2xx_usart.o(.text)
    USART_ClearFlag                          0x0800ca5d   Thumb Code    18  stm32f2xx_usart.o(.text)
    USART_GetITStatus                        0x0800ca6f   Thumb Code   110  stm32f2xx_usart.o(.text)
    USART_ClearITPendingBit                  0x0800cadd   Thumb Code    30  stm32f2xx_usart.o(.text)
    mktime                                   0x0800cafd   Thumb Code   150  mktime.o(.text)
    ctime                                    0x0800cba5   Thumb Code    14  ctime.o(.text)
    __aeabi_memcpy                           0x0800cbb3   Thumb Code    36  memcpya.o(.text)
    __aeabi_memcpy4                          0x0800cbb3   Thumb Code     0  memcpya.o(.text)
    __aeabi_memcpy8                          0x0800cbb3   Thumb Code     0  memcpya.o(.text)
    __aeabi_memset                           0x0800cbd7   Thumb Code    14  memseta.o(.text)
    __aeabi_memset4                          0x0800cbd7   Thumb Code     0  memseta.o(.text)
    __aeabi_memset8                          0x0800cbd7   Thumb Code     0  memseta.o(.text)
    __aeabi_memclr                           0x0800cbe5   Thumb Code     4  memseta.o(.text)
    __aeabi_memclr4                          0x0800cbe5   Thumb Code     0  memseta.o(.text)
    __aeabi_memclr8                          0x0800cbe5   Thumb Code     0  memseta.o(.text)
    _memset$wrapper                          0x0800cbe9   Thumb Code    18  memseta.o(.text)
    strncpy                                  0x0800cbfb   Thumb Code    24  strncpy.o(.text)
    strlen                                   0x0800cc13   Thumb Code    14  strlen.o(.text)
    strcmp                                   0x0800cc21   Thumb Code    28  strcmp.o(.text)
    strncmp                                  0x0800cc3d   Thumb Code    30  strncmp.o(.text)
    atoi                                     0x0800cc5b   Thumb Code    26  atoi.o(.text)
    localtime                                0x0800cc75   Thumb Code     6  localtime_w.o(.text)
    _localtime                               0x0800cc81   Thumb Code   134  localtime_i.o(.text)
    asctime                                  0x0800cd0d   Thumb Code   172  asctime.o(.text)
    strtol                                   0x0800cdc9   Thumb Code   112  strtol.o(.text)
    __scatterload                            0x0800ce39   Thumb Code    28  init.o(.text)
    __scatterload_rt2                        0x0800ce39   Thumb Code     0  init.o(.text)
    __rt_ctype_table                         0x0800ce5d   Thumb Code     4  ctype_o.o(.text)
    _strtoul                                 0x0800ce65   Thumb Code   158  _strtoul.o(.text)
    _chval                                   0x0800cf03   Thumb Code    28  _chval.o(.text)
    __decompress                             0x0800cf1f   Thumb Code     0  __dczerorl2.o(.text)
    __decompress1                            0x0800cf1f   Thumb Code    86  __dczerorl2.o(.text)
    __aeabi_errno_addr                       0x0800cf75   Thumb Code     4  errno.o(i.__aeabi_errno_addr)
    __rt_errno_addr                          0x0800cf75   Thumb Code     0  errno.o(i.__aeabi_errno_addr)
    __scatterload_copy                       0x0800cf7d   Thumb Code    14  handlers.o(i.__scatterload_copy)
    __scatterload_null                       0x0800cf8b   Thumb Code     2  handlers.o(i.__scatterload_null)
    __scatterload_zeroinit                   0x0800cf8d   Thumb Code    14  handlers.o(i.__scatterload_zeroinit)
    op_table                                 0x0800cfec   Data         196  finsh_ops.o(.constdata)
    __lowest_bit_bitmap                      0x0800d3e5   Data         256  kservice.o(.constdata)
    __ctype_table                            0x0800d835   Data         129  ctype_o.o(.constdata)
    __fsym_hello_name                        0x0800dc3d   Data           6  cmd.o(.rodata.name)
    __fsym_hello_desc                        0x0800dc43   Data          16  cmd.o(.rodata.name)
    __fsym_version_name                      0x0800dc53   Data           8  cmd.o(.rodata.name)
    __fsym_version_desc                      0x0800dc5b   Data          35  cmd.o(.rodata.name)
    __fsym_list_thread_name                  0x0800dc7e   Data          12  cmd.o(.rodata.name)
    __fsym_list_thread_desc                  0x0800dc8a   Data          12  cmd.o(.rodata.name)
    __fsym_list_sem_name                     0x0800dc96   Data           9  cmd.o(.rodata.name)
    __fsym_list_sem_desc                     0x0800dc9f   Data          25  cmd.o(.rodata.name)
    __fsym_list_event_name                   0x0800dcb8   Data          11  cmd.o(.rodata.name)
    __fsym_list_event_desc                   0x0800dcc3   Data          21  cmd.o(.rodata.name)
    __fsym_list_mutex_name                   0x0800dcd8   Data          11  cmd.o(.rodata.name)
    __fsym_list_mutex_desc                   0x0800dce3   Data          21  cmd.o(.rodata.name)
    __fsym_list_mailbox_name                 0x0800dcf8   Data          13  cmd.o(.rodata.name)
    __fsym_list_mailbox_desc                 0x0800dd05   Data          24  cmd.o(.rodata.name)
    __fsym_list_msgqueue_name                0x0800dd1d   Data          14  cmd.o(.rodata.name)
    __fsym_list_msgqueue_desc                0x0800dd2b   Data          29  cmd.o(.rodata.name)
    __fsym_list_mempool_name                 0x0800dd48   Data          13  cmd.o(.rodata.name)
    __fsym_list_mempool_desc                 0x0800dd55   Data          27  cmd.o(.rodata.name)
    __fsym_list_timer_name                   0x0800dd70   Data          11  cmd.o(.rodata.name)
    __fsym_list_timer_desc                   0x0800dd7b   Data          21  cmd.o(.rodata.name)
    __fsym_list_device_name                  0x0800dd90   Data          12  cmd.o(.rodata.name)
    __fsym_list_device_desc                  0x0800dd9c   Data          22  cmd.o(.rodata.name)
    __fsym_list_name                         0x0800ddb2   Data           5  cmd.o(.rodata.name)
    __fsym_list_desc                         0x0800ddb7   Data          26  cmd.o(.rodata.name)
    __vsym_dummy_name                        0x0800ddd1   Data           6  cmd.o(.rodata.name)
    __vsym_dummy_desc                        0x0800ddd7   Data          25  cmd.o(.rodata.name)
    __fsym_list_mem_name                     0x0800ddf0   Data           9  mem.o(.rodata.name)
    __fsym_list_mem_desc                     0x0800ddf9   Data          30  mem.o(.rodata.name)
    __fsym_set_date_name                     0x0800de17   Data           9  rtc.o(.rodata.name)
    __fsym_set_date_desc                     0x0800de20   Data          35  rtc.o(.rodata.name)
    __fsym_set_time_name                     0x0800de43   Data           9  rtc.o(.rodata.name)
    __fsym_set_time_desc                     0x0800de4c   Data          34  rtc.o(.rodata.name)
    __fsym_list_date_name                    0x0800de6e   Data          10  rtc.o(.rodata.name)
    __fsym_list_date_desc                    0x0800de78   Data          20  rtc.o(.rodata.name)
    FSymTab$$Base                            0x0800de8c   Number         0  cmd.o(FSymTab)
    __fsym_hello                             0x0800de8c   Data          12  cmd.o(FSymTab)
    __fsym_version                           0x0800de98   Data          12  cmd.o(FSymTab)
    __fsym_list_thread                       0x0800dea4   Data          12  cmd.o(FSymTab)
    __fsym_list_sem                          0x0800deb0   Data          12  cmd.o(FSymTab)
    __fsym_list_event                        0x0800debc   Data          12  cmd.o(FSymTab)
    __fsym_list_mutex                        0x0800dec8   Data          12  cmd.o(FSymTab)
    __fsym_list_mailbox                      0x0800ded4   Data          12  cmd.o(FSymTab)
    __fsym_list_msgqueue                     0x0800dee0   Data          12  cmd.o(FSymTab)
    __fsym_list_mempool                      0x0800deec   Data          12  cmd.o(FSymTab)
    __fsym_list_timer                        0x0800def8   Data          12  cmd.o(FSymTab)
    __fsym_list_device                       0x0800df04   Data          12  cmd.o(FSymTab)
    __fsym_list                              0x0800df10   Data          12  cmd.o(FSymTab)
    __fsym_list_mem                          0x0800df1c   Data          12  mem.o(FSymTab)
    __fsym_set_date                          0x0800df28   Data          12  rtc.o(FSymTab)
    __fsym_set_time                          0x0800df34   Data          12  rtc.o(FSymTab)
    __fsym_list_date                         0x0800df40   Data          12  rtc.o(FSymTab)
    FSymTab$$Limit                           0x0800df4c   Number         0  rtc.o(FSymTab)
    Region$$Table$$Base                      0x0800df4c   Number         0  anon$$obj.o(Region$$Table)
    Region$$Table$$Limit                     0x0800df6c   Number         0  anon$$obj.o(Region$$Table)
    VSymTab$$Base                            0x0800df6c   Number         0  cmd.o(VSymTab)
    __vsym_dummy                             0x0800df6c   Data          16  cmd.o(VSymTab)
    VSymTab$$Limit                           0x0800df7c   Number         0  cmd.o(VSymTab)
    finsh_compile_sp                         0x20000004   Data           4  finsh_compiler.o(.data)
    finsh_compile_pc                         0x20000008   Data           4  finsh_compiler.o(.data)
    global_errno                             0x2000000c   Data           1  finsh_error.o(.data)
    global_sysvar_list                       0x20000054   Data           4  finsh_var.o(.data)
    finsh_sp                                 0x20000058   Data           4  finsh_vm.o(.data)
    finsh_pc                                 0x2000005c   Data           4  finsh_vm.o(.data)
    global_syscall_list                      0x20000060   Data           4  finsh_vm.o(.data)
    shell                                    0x20000064   Data           4  shell.o(.data)
    _syscall_table_begin                     0x20000068   Data           4  symbol.o(.data)
    _syscall_table_end                       0x2000006c   Data           4  symbol.o(.data)
    _sysvar_table_begin                      0x20000070   Data           4  symbol.o(.data)
    _sysvar_table_end                        0x20000074   Data           4  symbol.o(.data)
    rt_interrupt_nest                        0x20000088   Data           1  irq.o(.data)
    rt_assert_hook                           0x20000094   Data           4  kservice.o(.data)
    rt_object_container                      0x200000c0   Data         144  object.o(.data)
    rt_object_trytake_hook                   0x20000158   Data           4  object.o(.data)
    rt_object_take_hook                      0x2000015c   Data           4  object.o(.data)
    rt_object_put_hook                       0x20000160   Data           4  object.o(.data)
    rt_current_thread                        0x20000168   Data           4  scheduler.o(.data)
    rt_current_priority                      0x2000016c   Data           1  scheduler.o(.data)
    rt_thread_ready_priority_group           0x20000170   Data           4  scheduler.o(.data)
    rt_thread_defunct                        0x20000174   Data           8  scheduler.o(.data)
    AsynchPrediv                             0x2000019c   Data           4  rtc.o(.data)
    SynchPrediv                              0x200001a0   Data           4  rtc.o(.data)
    RTC_TimeStructure                        0x200001a4   Data           4  rtc.o(.data)
    RTC_DateStructure                        0x200001a8   Data           4  rtc.o(.data)
    uart1                                    0x200001dc   Data          12  usart.o(.data)
    SystemCoreClock                          0x200001e8   Data           4  system_stm32f2xx.o(.data)
    AHBPrescTable                            0x200001ec   Data          16  system_stm32f2xx.o(.data)
    rt_interrupt_from_thread                 0x200001fc   Data           4  cpuport.o(.data)
    rt_interrupt_to_thread                   0x20000200   Data           4  cpuport.o(.data)
    rt_thread_switch_interrupt_flag          0x20000204   Data           4  cpuport.o(.data)
    finsh_heap                               0x20000220   Data         128  finsh_heap.o(.bss)
    global_node_table                        0x200002a0   Data         320  finsh_node.o(.bss)
    global_variable                          0x200003e0   Data         192  finsh_var.o(.bss)
    finsh_vm_stack                           0x200004a0   Data         256  finsh_vm.o(.bss)
    text_segment                             0x200005a0   Data         128  finsh_vm.o(.bss)
    rt_thread_priority_table                 0x200010c0   Data         256  scheduler.o(.bss)
    RTC_InitStructure                        0x200011c0   Data          12  rtc.o(.bss)
    RTC_AlarmStructure                       0x200011cc   Data          16  rtc.o(.bss)
    uart1_int_rx                             0x2000121c   Data          72  usart.o(.bss)
    uart1_device                             0x20001264   Data          64  usart.o(.bss)
    Image$$RW_IRAM1$$ZI$$Limit               0x200022f0   Number         0  anon$$obj.o ABSOLUTE
    __initial_sp                             0x200022f0   Data           0  startup_stm32f2xx.o(STACK)



==============================================================================

Memory Map of the image

  Image Entry point : 0x08000185

  Load Region LR_IROM1 (Base: 0x08000000, Size: 0x0000e19c, Max: 0x00040000, ABSOLUTE, COMPRESSED[0x0000e048])

    Execution Region ER_IROM1 (Base: 0x08000000, Size: 0x0000df7c, Max: 0x00040000, ABSOLUTE)

    Base Addr    Size         Type   Attr      Idx    E Section Name        Object

    0x08000000   0x00000184   Data   RO          829    RESET               startup_stm32f2xx.o
    0x08000184   0x00000000   Code   RO         1664  * .ARM.Collect$$$$00000000  mc_w.l(entry.o)
    0x08000184   0x00000004   Code   RO         1692    .ARM.Collect$$$$00000001  mc_w.l(entry2.o)
    0x08000188   0x00000004   Code   RO         1695    .ARM.Collect$$$$00000004  mc_w.l(entry5.o)
    0x0800018c   0x00000000   Code   RO         1697    .ARM.Collect$$$$00000008  mc_w.l(entry7b.o)
    0x0800018c   0x00000000   Code   RO         1699    .ARM.Collect$$$$0000000A  mc_w.l(entry8b.o)
    0x0800018c   0x00000008   Code   RO         1700    .ARM.Collect$$$$0000000B  mc_w.l(entry9a.o)
    0x08000194   0x00000000   Code   RO         1702    .ARM.Collect$$$$0000000D  mc_w.l(entry10a.o)
    0x08000194   0x00000000   Code   RO         1704    .ARM.Collect$$$$0000000F  mc_w.l(entry11a.o)
    0x08000194   0x00000004   Code   RO         1693    .ARM.Collect$$$$00002712  mc_w.l(entry2.o)
    0x08000198   0x00000034   Code   RO            4    .text               application.o
    0x080001cc   0x00000060   Code   RO          160    .text               startup.o
    0x0800022c   0x00000d8c   Code   RO          188    .text               cmd.o
    0x08000fb8   0x00001818   Code   RO          226    .text               finsh_compiler.o
    0x080027d0   0x0000002c   Code   RO          263    .text               finsh_error.o
    0x080027fc   0x00000210   Code   RO          279    .text               finsh_heap.o
    0x08002a0c   0x00000058   Code   RO          295    .text               finsh_init.o
    0x08002a64   0x00000184   Code   RO          313    .text               finsh_node.o
    0x08002be8   0x00000ad8   Code   RO          328    .text               finsh_ops.o
    0x080036c0   0x0000097c   Code   RO          346    .text               finsh_parser.o
    0x0800403c   0x00000680   Code   RO          361    .text               finsh_token.o
    0x080046bc   0x0000019c   Code   RO          376    .text               finsh_var.o
    0x08004858   0x000000e4   Code   RO          399    .text               finsh_vm.o
    0x0800493c   0x000009e4   Code   RO          426    .text               shell.o
    0x08005320   0x00000064   Code   RO          460    .text               clock.o
    0x08005384   0x00000324   Code   RO          474    .text               device.o
    0x080056a8   0x0000013c   Code   RO          488    .text               idle.o
    0x080057e4   0x00001654   Code   RO          508    .text               ipc.o
    0x08006e38   0x0000007c   Code   RO          525    .text               irq.o
    0x08006eb4   0x00000aac   Code   RO          540    .text               kservice.o
    0x08007960   0x00000874   Code   RO          560    .text               mem.o
    0x080081d4   0x00000404   Code   RO          580    .text               mempool.o
    0x080085d8   0x000002dc   Code   RO          598    .text               object.o
    0x080088b4   0x000002e8   Code   RO          617    .text               scheduler.o
    0x08008b9c   0x000005f0   Code   RO          638    .text               thread.o
    0x0800918c   0x0000045c   Code   RO          657    .text               timer.o
    0x080095e8   0x000002fc   Code   RO          679    .text               board.o
    0x080098e4   0x000003cc   Code   RO          707    .text               rtc.o
    0x08009cb0   0x00000580   Code   RO          747    .text               serial.o
    0x0800a230   0x00000012   Code   RO          775    .text               stm32f2xx_it.o
    0x0800a242   0x00000002   PAD
    0x0800a244   0x00000100   Code   RO          799    .text               usart.o
    0x0800a344   0x00000024   Code   RO          830    .text               startup_stm32f2xx.o
    0x0800a368   0x00000290   Code   RO          837    .text               system_stm32f2xx.o
    0x0800a5f8   0x000000ec   Code   RO          864    .text               context_rvds.o
    0x0800a6e4   0x000005d4   Code   RO          868    .text               cpuport.o
    0x0800acb8   0x000000e0   Code   RO          921    .text               misc.o
    0x0800ad98   0x000003a8   Code   RO         1185    .text               stm32f2xx_dma.o
    0x0800b140   0x0000025c   Code   RO         1281    .text               stm32f2xx_gpio.o
    0x0800b39c   0x000000d8   Code   RO         1425    .text               stm32f2xx_pwr.o
    0x0800b474   0x00000588   Code   RO         1449    .text               stm32f2xx_rcc.o
    0x0800b9fc   0x00000b08   Code   RO         1499    .text               stm32f2xx_rtc.o
    0x0800c504   0x000001dc   Code   RO         1523    .text               stm32f2xx_sdio.o
    0x0800c6e0   0x0000041a   Code   RO         1619    .text               stm32f2xx_usart.o
    0x0800cafa   0x00000002   PAD
    0x0800cafc   0x000000a8   Code   RO         1671    .text               mc_w.l(mktime.o)
    0x0800cba4   0x0000000e   Code   RO         1674    .text               mc_w.l(ctime.o)
    0x0800cbb2   0x00000024   Code   RO         1676    .text               mc_w.l(memcpya.o)
    0x0800cbd6   0x00000024   Code   RO         1678    .text               mc_w.l(memseta.o)
    0x0800cbfa   0x00000018   Code   RO         1680    .text               mc_w.l(strncpy.o)
    0x0800cc12   0x0000000e   Code   RO         1682    .text               mc_w.l(strlen.o)
    0x0800cc20   0x0000001c   Code   RO         1684    .text               mc_w.l(strcmp.o)
    0x0800cc3c   0x0000001e   Code   RO         1686    .text               mc_w.l(strncmp.o)
    0x0800cc5a   0x0000001a   Code   RO         1690    .text               mc_w.l(atoi.o)
    0x0800cc74   0x0000000c   Code   RO         1706    .text               mc_w.l(localtime_w.o)
    0x0800cc80   0x0000008c   Code   RO         1709    .text               mc_w.l(localtime_i.o)
    0x0800cd0c   0x000000bc   Code   RO         1712    .text               mc_w.l(asctime.o)
    0x0800cdc8   0x00000070   Code   RO         1723    .text               mc_w.l(strtol.o)
    0x0800ce38   0x00000024   Code   RO         1725    .text               mc_w.l(init.o)
    0x0800ce5c   0x00000008   Code   RO         1727    .text               mc_w.l(ctype_o.o)
    0x0800ce64   0x0000009e   Code   RO         1755    .text               mc_w.l(_strtoul.o)
    0x0800cf02   0x0000001c   Code   RO         1757    .text               mc_w.l(_chval.o)
    0x0800cf1e   0x00000056   Code   RO         1767    .text               mc_w.l(__dczerorl2.o)
    0x0800cf74   0x00000008   Code   RO         1716    i.__aeabi_errno_addr  mc_w.l(errno.o)
    0x0800cf7c   0x0000000e   Code   RO         1761    i.__scatterload_copy  mc_w.l(handlers.o)
    0x0800cf8a   0x00000002   Code   RO         1762    i.__scatterload_null  mc_w.l(handlers.o)
    0x0800cf8c   0x0000000e   Code   RO         1763    i.__scatterload_zeroinit  mc_w.l(handlers.o)
    0x0800cf9a   0x00000002   PAD
    0x0800cf9c   0x00000050   Data   RO          189    .constdata          cmd.o
    0x0800cfec   0x000000c4   Data   RO          329    .constdata          finsh_ops.o
    0x0800d0b0   0x00000040   Data   RO          362    .constdata          finsh_token.o
    0x0800d0f0   0x00000060   Data   RO          428    .constdata          shell.o
    0x0800d150   0x000000a8   Data   RO          475    .constdata          device.o
    0x0800d1f8   0x00000016   Data   RO          490    .constdata          idle.o
    0x0800d20e   0x000001d7   Data   RO          509    .constdata          ipc.o
    0x0800d3e5   0x00000122   Data   RO          542    .constdata          kservice.o
    0x0800d507   0x00000046   Data   RO          562    .constdata          mem.o
    0x0800d54d   0x0000003e   Data   RO          581    .constdata          mempool.o
    0x0800d58b   0x0000005e   Data   RO          599    .constdata          object.o
    0x0800d5e9   0x0000004e   Data   RO          619    .constdata          scheduler.o
    0x0800d637   0x000000aa   Data   RO          639    .constdata          thread.o
    0x0800d6e1   0x0000005c   Data   RO          658    .constdata          timer.o
    0x0800d73d   0x0000000f   Data   RO          709    .constdata          rtc.o
    0x0800d74c   0x00000085   Data   RO          748    .constdata          serial.o
    0x0800d7d1   0x00000013   Data   RO          869    .constdata          cpuport.o
    0x0800d7e4   0x0000000c   Data   RO         1672    .constdata          mc_w.l(mktime.o)
    0x0800d7f0   0x0000000c   Data   RO         1710    .constdata          mc_w.l(localtime_i.o)
    0x0800d7fc   0x00000039   Data   RO         1714    .constdata          mc_w.l(asctime.o)
    0x0800d835   0x00000081   Data   RO         1728    .constdata          mc_w.l(ctype_o.o)
    0x0800d8b6   0x00000002   PAD
    0x0800d8b8   0x00000004   Data   RO         1729    .constdata          mc_w.l(ctype_o.o)
    0x0800d8bc   0x0000015d   Data   RO          190    .conststring        cmd.o
    0x0800da19   0x00000003   PAD
    0x0800da1c   0x000000f3   Data   RO          264    .conststring        finsh_error.o
    0x0800db0f   0x00000001   PAD
    0x0800db10   0x0000003e   Data   RO          363    .conststring        finsh_token.o
    0x0800db4e   0x00000002   PAD
    0x0800db50   0x000000ed   Data   RO          563    .conststring        mem.o
    0x0800dc3d   0x000001b3   Data   RO          192    .rodata.name        cmd.o
    0x0800ddf0   0x00000027   Data   RO          565    .rodata.name        mem.o
    0x0800de17   0x00000075   Data   RO          711    .rodata.name        rtc.o
    0x0800de8c   0x00000090   Data   RO          193    FSymTab             cmd.o
    0x0800df1c   0x0000000c   Data   RO          566    FSymTab             mem.o
    0x0800df28   0x00000024   Data   RO          712    FSymTab             rtc.o
    0x0800df4c   0x00000020   Data   RO         1759    Region$$Table       anon$$obj.o
    0x0800df6c   0x00000010   Data   RO          194    VSymTab             cmd.o


    Execution Region RW_IRAM1 (Base: 0x20000000, Size: 0x000022f0, Max: 0x00018000, ABSOLUTE, COMPRESSED[0x000000cc])

    Base Addr    Size         Type   Attr      Idx    E Section Name        Object

    0x20000000   0x00000004   Data   RW          191    .data               cmd.o
    0x20000004   0x00000008   Data   RW          227    .data               finsh_compiler.o
    0x2000000c   0x00000040   Data   RW          265    .data               finsh_error.o
    0x2000004c   0x00000008   Data   RW          281    .data               finsh_heap.o
    0x20000054   0x00000004   Data   RW          378    .data               finsh_var.o
    0x20000058   0x0000000c   Data   RW          401    .data               finsh_vm.o
    0x20000064   0x00000004   Data   RW          429    .data               shell.o
    0x20000068   0x00000010   Data   RW          447    .data               symbol.o
    0x20000078   0x00000004   Data   RW          461    .data               clock.o
    0x2000007c   0x00000004   Data   RW          491    .data               idle.o
    0x20000080   0x00000009   Data   RW          526    .data               irq.o
    0x20000089   0x00000003   PAD
    0x2000008c   0x0000000c   Data   RW          543    .data               kservice.o
    0x20000098   0x00000020   Data   RW          564    .data               mem.o
    0x200000b8   0x00000008   Data   RW          582    .data               mempool.o
    0x200000c0   0x000000a4   Data   RW          600    .data               object.o
    0x20000164   0x0000001c   Data   RW          620    .data               scheduler.o
    0x20000180   0x0000000c   Data   RW          640    .data               thread.o
    0x2000018c   0x00000010   Data   RW          659    .data               timer.o
    0x2000019c   0x00000040   Data   RW          710    .data               rtc.o
    0x200001dc   0x0000000c   Data   RW          801    .data               usart.o
    0x200001e8   0x00000014   Data   RW          838    .data               system_stm32f2xx.o
    0x200001fc   0x00000010   Data   RW          870    .data               cpuport.o
    0x2000020c   0x00000010   Data   RW         1450    .data               stm32f2xx_rcc.o
    0x2000021c   0x00000004   Data   RW         1719    .data               mc_w.l(errno.o)
    0x20000220   0x00000080   Zero   RW          280    .bss                finsh_heap.o
    0x200002a0   0x00000140   Zero   RW          314    .bss                finsh_node.o
    0x200003e0   0x000000c0   Zero   RW          377    .bss                finsh_var.o
    0x200004a0   0x00000180   Zero   RW          400    .bss                finsh_vm.o
    0x20000620   0x00000880   Zero   RW          427    .bss                shell.o
    0x20000ea0   0x00000180   Zero   RW          489    .bss                idle.o
    0x20001020   0x00000080   Zero   RW          541    .bss                kservice.o
    0x200010a0   0x00000020   Zero   RW          561    .bss                mem.o
    0x200010c0   0x00000100   Zero   RW          618    .bss                scheduler.o
    0x200011c0   0x0000005c   Zero   RW          708    .bss                rtc.o
    0x2000121c   0x00000088   Zero   RW          800    .bss                usart.o
    0x200012a4   0x0000002c   Zero   RW         1707    .bss                mc_w.l(localtime_w.o)
    0x200012d0   0x0000001a   Zero   RW         1713    .bss                mc_w.l(asctime.o)
    0x200012ea   0x00000006   PAD
    0x200012f0   0x00001000   Zero   RW          827    STACK               startup_stm32f2xx.o


==============================================================================

Image component sizes


      Code (inc. data)   RO Data    RW Data    ZI Data      Debug   Object Name

        52         10          0          0          0     279979   application.o
       764         38          0          0          0      26719   board.o
       100          6          0          4          0       1484   clock.o
      3468       1302       1024          4          0      17526   cmd.o
       236         24          0          0          0        796   context_rvds.o
      1492        718         19         16          0       3971   cpuport.o
       804        132        168          0          0       4937   device.o
      6168        154          0          8          0      11146   finsh_compiler.o
        44         10        243         64          0       1745   finsh_error.o
       528         18          0          8        128       3519   finsh_heap.o
        88          6          0          0          0       1668   finsh_init.o
       388          4          0          0        320       3444   finsh_node.o
      2776         36        196          0          0       8840   finsh_ops.o
      2428         32          0          0          0       9877   finsh_parser.o
      1664         16        126          0          0       6348   finsh_token.o
       412         18          0          4        192       7605   finsh_var.o
       228         34          0         12        384       7262   finsh_vm.o
       316         74         22          4        384       3465   idle.o
      5716        422        471          0          0      20407   ipc.o
       124         14          0          9          0       1916   irq.o
      2732        230        290         12        128      12296   kservice.o
      2164        560        358         32         32       5483   mem.o
      1028        110         62          8          0       5550   mempool.o
       224         20          0          0          0       1945   misc.o
       732        150         94        164          0       6080   object.o
       972        172        168         64         92       5968   rtc.o
       744        150         78         28        256       5057   scheduler.o
      1408        264        133          0          0       5521   serial.o
      2532        276         96          4       2176       6127   shell.o
        96         16          0          0          0        676   startup.o
        36          8        388          0       4096        908   startup_stm32f2xx.o
       936         32          0          0          0       6473   stm32f2xx_dma.o
       604         36          0          0          0       4109   stm32f2xx_gpio.o
        18          0          0          0          0        933   stm32f2xx_it.o
       216         12          0          0          0       2320   stm32f2xx_pwr.o
      1416         48          0         16          0      11135   stm32f2xx_rcc.o
      2824         36          0          0          0      12197   stm32f2xx_rtc.o
       476         16          0          0          0       7300   stm32f2xx_sdio.o
      1050         26          0          0          0       7836   stm32f2xx_usart.o
         0          0          0         16          0       4401   symbol.o
       656         46          0         20          0       2151   system_stm32f2xx.o
      1520        218        170         12          0       8821   thread.o
      1116        100         92         16          0       7199   timer.o
       256         24          0         12        136       1431   usart.o

    ----------------------------------------------------------------------
     51556       5618       4236        540       8324     554571   Object Totals
         0          0         32          0          0          0   (incl. Generated)
         4          0          6          3          0          0   (incl. Padding)

    ----------------------------------------------------------------------

      Code (inc. data)   RO Data    RW Data    ZI Data      Debug   Library Member Name

        86          0          0          0          0          0   __dczerorl2.o
        28          0          0          0          0         68   _chval.o
       158          0          0          0          0         92   _strtoul.o
       188         16         57          0         26         88   asctime.o
        26          0          0          0          0         80   atoi.o
        14          0          0          0          0         80   ctime.o
         8          4        133          0          0         68   ctype_o.o
         0          0          0          0          0          0   entry.o
         0          0          0          0          0          0   entry10a.o
         0          0          0          0          0          0   entry11a.o
         8          4          0          0          0          0   entry2.o
         4          0          0          0          0          0   entry5.o
         0          0          0          0          0          0   entry7b.o
         0          0          0          0          0          0   entry8b.o
         8          4          0          0          0          0   entry9a.o
         8          4          0          4          0         68   errno.o
        30          0          0          0          0          0   handlers.o
        36          8          0          0          0         68   init.o
       140          6         12          0          0         76   localtime_i.o
        12          6          0          0         44         68   localtime_w.o
        36          0          0          0          0         68   memcpya.o
        36          0          0          0          0        108   memseta.o
       168         18         12          0          0         80   mktime.o
        28          0          0          0          0         76   strcmp.o
        14          0          0          0          0         68   strlen.o
        30          0          0          0          0         80   strncmp.o
        24          0          0          0          0         76   strncpy.o
       112          0          0          0          0         88   strtol.o

    ----------------------------------------------------------------------
      1204         70        216          4         76       1400   Library Totals
         2          0          2          0          6          0   (incl. Padding)

    ----------------------------------------------------------------------

      Code (inc. data)   RO Data    RW Data    ZI Data      Debug   Library Name

      1202         70        214          4         70       1400   mc_w.l

    ----------------------------------------------------------------------
      1204         70        216          4         76       1400   Library Totals

    ----------------------------------------------------------------------

==============================================================================


      Code (inc. data)   RO Data    RW Data    ZI Data      Debug   

     52760       5688       4452        544       8400     551055   Grand Totals
     52760       5688       4452        204       8400     551055   ELF Image Totals (compressed)
     52760       5688       4452        204          0          0   ROM Totals

==============================================================================

    Total RO  Size (Code + RO Data)                57212 (  55.87kB)
    Total RW  Size (RW Data + ZI Data)              8944 (   8.73kB)
    Total ROM Size (Code + RO Data + RW Data)      57416 (  56.07kB)

==============================================================================

